00:00 +0: loading C:/Users/Tayyub/StudioProjects/qudwa/test/widgets/ayah_card_test.dart
00:00 +0: AyahRow should display Arabic text
ΓòÉΓòÉΓòí EXCEPTION CAUGHT BY WIDGETS LIBRARY Γò₧ΓòÉΓòÉΓòÉΓòÉΓòÉΓòÉΓòÉΓòÉΓòÉΓòÉΓòÉΓòÉΓòÉΓòÉΓòÉΓòÉΓòÉΓòÉΓòÉΓòÉΓòÉΓòÉΓòÉΓòÉΓòÉΓòÉΓòÉΓòÉΓòÉΓòÉΓòÉΓòÉΓòÉΓòÉΓòÉΓòÉΓòÉΓòÉΓòÉΓòÉΓòÉΓòÉΓòÉΓòÉΓòÉΓòÉΓòÉΓòÉΓòÉΓòÉΓòÉΓòÉΓòÉΓòÉΓòÉΓòÉΓòÉΓòÉΓòÉ
The following ProviderException was thrown building AyahRow(dirty, dependencies:
[InheritedCupertinoTheme, _EffectiveTickerMode, _InheritedTheme,
_LocalizationsScope-[GlobalKey#6d9e5], _UncontrolledProviderScope], state: _AyahRowState#6f106):
Tried to use a provider that is in error state.

A provider threw the following exception:
UnimplementedError

The stack trace of the exception:
#0      sharedPreferencesProvider.<anonymous closure>
(package:qudwa/data/repositories/quran_repository.dart:110:42)
#1      Provider.create (package:riverpod/src/providers/provider.dart:59:36)
#2      $ProviderElement.create (package:riverpod/src/providers/provider.dart:343:32)
#3      ProviderElement.buildState (package:riverpod/src/core/element.dart:665:28)
#4      ProviderElement.mount (package:riverpod/src/core/element.dart:517:7)
#5      ProviderElement.flush (package:riverpod/src/core/element.dart:620:7)
#6      $ProviderBaseImpl._addListener (package:riverpod/src/core/provider/provider.dart:117:24)
#7      ProviderContainer.listen (package:riverpod/src/core/provider_container.dart:954:26)
#8      ProviderContainer.read (package:riverpod/src/core/provider_container.dart:911:17)
#9      Ref.read (package:riverpod/src/core/ref.dart:524:30)
#10     AppConfigViewModel._prefs (package:qudwa/viewmodels/settings_viewmodel.dart:159:39)
#11     AppConfigViewModel.build (package:qudwa/viewmodels/settings_viewmodel.dart:163:15)
#12     Notifier.runBuild (package:riverpod/src/providers/notifier/orphan.dart:70:21)
#13     $ClassProviderElement.create
(package:riverpod/src/core/provider/notifier_provider.dart:561:26)
#14     ProviderElement.buildState (package:riverpod/src/core/element.dart:665:28)
#15     ProviderElement.mount (package:riverpod/src/core/element.dart:517:7)
#16     ProviderElement.flush (package:riverpod/src/core/element.dart:620:7)
#17     $ProviderBaseImpl._addListener (package:riverpod/src/core/provider/provider.dart:117:24)
#18     _ProviderSelector._addListener (package:riverpod/src/core/modifiers/select.dart:137:26)
#19     ProviderElement.listen (package:riverpod/src/core/element.dart:901:28)
#20     Ref.listen (package:riverpod/src/core/ref.dart:681:21)
#21     AudioControlNotifier.build (package:qudwa/viewmodels/audio_viewmodel.dart:90:9)
#22     Notifier.runBuild (package:riverpod/src/providers/notifier/orphan.dart:70:21)
#23     $ClassProviderElement.create
(package:riverpod/src/core/provider/notifier_provider.dart:561:26)
#24     ProviderElement.buildState (package:riverpod/src/core/element.dart:665:28)
#25     ProviderElement.mount (package:riverpod/src/core/element.dart:517:7)
#26     ProviderElement.flush (package:riverpod/src/core/element.dart:620:7)
#27     $ProviderBaseImpl._addListener (package:riverpod/src/core/provider/provider.dart:117:24)
#28     _ProviderSelector._addListener (package:riverpod/src/core/modifiers/select.dart:137:26)
#29     ProviderContainer.listen (package:riverpod/src/core/provider_container.dart:954:26)
#30     ConsumerStatefulElement.watch.<anonymous closure>
(package:flutter_riverpod/src/core/consumer.dart:451:37)
#31     _LinkedHashMapMixin.putIfAbsent (dart:_compact_hash:675:23)
#32     ConsumerStatefulElement.watch (package:flutter_riverpod/src/core/consumer.dart:444:14)
#33     _AyahRowState.build (package:qudwa/features/quran/widgets/ayah_card.dart:109:36)
#34     StatefulElement.build (package:flutter/src/widgets/framework.dart:5934:27)
#35     ConsumerStatefulElement.build (package:flutter_riverpod/src/core/consumer.dart:421:20)
#36     ComponentElement.performRebuild (package:flutter/src/widgets/framework.dart:5820:15)
#37     StatefulElement.performRebuild (package:flutter/src/widgets/framework.dart:5985:11)
#38     Element.rebuild (package:flutter/src/widgets/framework.dart:5532:7)
#39     ComponentElement._firstBuild (package:flutter/src/widgets/framework.dart:5802:5)
#40     StatefulElement._firstBuild (package:flutter/src/widgets/framework.dart:5976:11)
#41     ComponentElement.mount (package:flutter/src/widgets/framework.dart:5796:5)
#42     Element.inflateWidget (package:flutter/src/widgets/framework.dart:4590:20)
#43     Element.updateChild (package:flutter/src/widgets/framework.dart:4059:18)
#44     ComponentElement.performRebuild (package:flutter/src/widgets/framework.dart:5844:16)
#45     Element.rebuild (package:flutter/src/widgets/framework.dart:5532:7)
#46     ComponentElement._firstBuild (package:flutter/src/widgets/framework.dart:5802:5)
#47     ComponentElement.mount (package:flutter/src/widgets/framework.dart:5796:5)
#48     Element.inflateWidget (package:flutter/src/widgets/framework.dart:4590:20)
#49     Element.updateChild (package:flutter/src/widgets/framework.dart:4059:18)
#50     ComponentElement.performRebuild (package:flutter/src/widgets/framework.dart:5844:16)
#51     StatefulElement.performRebuild (package:flutter/src/widgets/framework.dart:5985:11)
#52     Element.rebuild (package:flutter/src/widgets/framework.dart:5532:7)
#53     ComponentElement._firstBuild (package:flutter/src/widgets/framework.dart:5802:5)
#54     StatefulElement._firstBuild (package:flutter/src/widgets/framework.dart:5976:11)
#55     ComponentElement.mount (package:flutter/src/widgets/framework.dart:5796:5)
#56     Element.inflateWidget (package:flutter/src/widgets/framework.dart:4590:20)
#57     Element.updateChild (package:flutter/src/widgets/framework.dart:4059:18)
#58     ComponentElement.performRebuild (package:flutter/src/widgets/framework.dart:5844:16)
#59     StatefulElement.performRebuild (package:flutter/src/widgets/framework.dart:5985:11)
#60     Element.rebuild (package:flutter/src/widgets/framework.dart:5532:7)
#61     ComponentElement._firstBuild (package:flutter/src/widgets/framework.dart:5802:5)
#62     StatefulElement._firstBuild (package:flutter/src/widgets/framework.dart:5976:11)
#63     ComponentElement.mount (package:flutter/src/widgets/framework.dart:5796:5)
#64     Element.inflateWidget (package:flutter/src/widgets/framework.dart:4590:20)
#65     Element.updateChild (package:flutter/src/widgets/framework.dart:4059:18)
#66     ComponentElement.performRebuild (package:flutter/src/widgets/framework.dart:5844:16)
#67     Element.rebuild (package:flutter/src/widgets/framework.dart:5532:7)
#68     ComponentElement._firstBuild (package:flutter/src/widgets/framework.dart:5802:5)
#69     ComponentElement.mount (package:flutter/src/widgets/framework.dart:5796:5)
#70     Element.inflateWidget (package:flutter/src/widgets/framework.dart:4590:20)
#71     Element.updateChild (package:flutter/src/widgets/framework.dart:4059:18)
#72     ComponentElement.performRebuild (package:flutter/src/widgets/framework.dart:5844:16)
#73     Element.rebuild (package:flutter/src/widgets/framework.dart:5532:7)
#74     ComponentElement._firstBuild (package:flutter/src/widgets/framework.dart:5802:5)
#75     ComponentElement.mount (package:flutter/src/widgets/framework.dart:5796:5)
#76     Element.inflateWidget (package:flutter/src/widgets/framework.dart:4590:20)
#77     Element.updateChild (package:flutter/src/widgets/framework.dart:4059:18)
#78     ComponentElement.performRebuild (package:flutter/src/widgets/framework.dart:5844:16)
#79     Element.rebuild (package:flutter/src/widgets/framework.dart:5532:7)
#80     ComponentElement._firstBuild (package:flutter/src/widgets/framework.dart:5802:5)
#81     ComponentElement.mount (package:flutter/src/widgets/framework.dart:5796:5)
#82     Element.inflateWidget (package:flutter/src/widgets/framework.dart:4590:20)
#83     Element.updateChild (package:flutter/src/widgets/framework.dart:4059:18)
#84     ComponentElement.performRebuild (package:flutter/src/widgets/framework.dart:5844:16)
#85     Element.rebuild (package:flutter/src/widgets/framework.dart:5532:7)
#86     ComponentElement._firstBuild (package:flutter/src/widgets/framework.dart:5802:5)
#87     ComponentElement.mount (package:flutter/src/widgets/framework.dart:5796:5)
#88     Element.inflateWidget (package:flutter/src/widgets/framework.dart:4590:20)
#89     MultiChildRenderObjectElement.inflateWidget
(package:flutter/src/widgets/framework.dart:7269:36)
#90     MultiChildRenderObjectElement.mount (package:flutter/src/widgets/framework.dart:7285:32)
#91     Element.inflateWidget (package:flutter/src/widgets/framework.dart:4590:20)
#92     Element.updateChild (package:flutter/src/widgets/framework.dart:4059:18)
#93     ComponentElement.performRebuild (package:flutter/src/widgets/framework.dart:5844:16)
#94     Element.rebuild (package:flutter/src/widgets/framework.dart:5532:7)
#95     ComponentElement._firstBuild (package:flutter/src/widgets/framework.dart:5802:5)
#96     ComponentElement.mount (package:flutter/src/widgets/framework.dart:5796:5)
#97     Element.inflateWidget (package:flutter/src/widgets/framework.dart:4590:20)
#98     Element.updateChild (package:flutter/src/widgets/framework.dart:4059:18)
#99     ComponentElement.performRebuild (package:flutter/src/widgets/framework.dart:5844:16)
#100    StatefulElement.performRebuild (package:flutter/src/widgets/framework.dart:5985:11)
#101    Element.rebuild (package:flutter/src/widgets/framework.dart:5532:7)
#102    ComponentElement._firstBuild (package:flutter/src/widgets/framework.dart:5802:5)
#103    StatefulElement._firstBuild (package:flutter/src/widgets/framework.dart:5976:11)
#104    ComponentElement.mount (package:flutter/src/widgets/framework.dart:5796:5)
#105    Element.inflateWidget (package:flutter/src/widgets/framework.dart:4590:20)
#106    Element.updateChild (package:flutter/src/widgets/framework.dart:4059:18)
#107    ComponentElement.performRebuild (package:flutter/src/widgets/framework.dart:5844:16)
#108    StatefulElement.performRebuild (package:flutter/src/widgets/framework.dart:5985:11)
#109    Element.rebuild (package:flutter/src/widgets/framework.dart:5532:7)
#110    ComponentElement._firstBuild (package:flutter/src/widgets/framework.dart:5802:5)
#111    StatefulElement._firstBuild (package:flutter/src/widgets/framework.dart:5976:11)
#112    ComponentElement.mount (package:flutter/src/widgets/framework.dart:5796:5)
#113    Element.inflateWidget (package:flutter/src/widgets/framework.dart:4590:20)
#114    Element.updateChild (package:flutter/src/widgets/framework.dart:4059:18)
#115    ComponentElement.performRebuild (package:flutter/src/widgets/framework.dart:5844:16)
#116    Element.rebuild (package:flutter/src/widgets/framework.dart:5532:7)
#117    ComponentElement._firstBuild (package:flutter/src/widgets/framework.dart:5802:5)
#118    ComponentElement.mount (package:flutter/src/widgets/framework.dart:5796:5)
#119    Element.inflateWidget (package:flutter/src/widgets/framework.dart:4590:20)
#120    Element.updateChild (package:flutter/src/widgets/framework.dart:4059:18)
#121    ComponentElement.performRebuild (package:flutter/src/widgets/framework.dart:5844:16)
#122    StatefulElement.performRebuild (package:flutter/src/widgets/framework.dart:5985:11)
#123    Element.rebuild (package:flutter/src/widgets/framework.dart:5532:7)
#124    ComponentElement._firstBuild (package:flutter/src/widgets/framework.dart:5802:5)
#125    StatefulElement._firstBuild (package:flutter/src/widgets/framework.dart:5976:11)
#126    ComponentElement.mount (package:flutter/src/widgets/framework.dart:5796:5)
#127    Element.inflateWidget (package:flutter/src/widgets/framework.dart:4590:20)
#128    Element.updateChild (package:flutter/src/widgets/framework.dart:4059:18)
#129    SingleChildRenderObjectElement.mount (package:flutter/src/widgets/framework.dart:7118:14)
#130    Element.inflateWidget (package:flutter/src/widgets/framework.dart:4590:20)
#131    Element.updateChild (package:flutter/src/widgets/framework.dart:4059:18)
#132    ComponentElement.performRebuild (package:flutter/src/widgets/framework.dart:5844:16)
#133    Element.rebuild (package:flutter/src/widgets/framework.dart:5532:7)
#134    ComponentElement._firstBuild (package:flutter/src/widgets/framework.dart:5802:5)
#135    ComponentElement.mount (package:flutter/src/widgets/framework.dart:5796:5)
#136    Element.inflateWidget (package:flutter/src/widgets/framework.dart:4590:20)
#137    Element.updateChild (package:flutter/src/widgets/framework.dart:4059:18)
#138    SingleChildRenderObjectElement.mount (package:flutter/src/widgets/framework.dart:7118:14)
#139    Element.inflateWidget (package:flutter/src/widgets/framework.dart:4590:20)
#140    Element.updateChild (package:flutter/src/widgets/framework.dart:4059:18)
#141    ComponentElement.performRebuild (package:flutter/src/widgets/framework.dart:5844:16)
#142    StatefulElement.performRebuild (package:flutter/src/widgets/framework.dart:5985:11)
#143    Element.rebuild (package:flutter/src/widgets/framework.dart:5532:7)
#144    ComponentElement._firstBuild (package:flutter/src/widgets/framework.dart:5802:5)
#145    StatefulElement._firstBuild (package:flutter/src/widgets/framework.dart:5976:11)
#146    ComponentElement.mount (package:flutter/src/widgets/framework.dart:5796:5)
#147    Element.inflateWidget (package:flutter/src/widgets/framework.dart:4590:20)
#148    Element.updateChild (package:flutter/src/widgets/framework.dart:4059:18)
#149    ComponentElement.performRebuild (package:flutter/src/widgets/framework.dart:5844:16)
#150    StatefulElement.performRebuild (package:flutter/src/widgets/framework.dart:5985:11)
#151    Element.rebuild (package:flutter/src/widgets/framework.dart:5532:7)
#152    ComponentElement._firstBuild (package:flutter/src/widgets/framework.dart:5802:5)
#153    StatefulElement._firstBuild (package:flutter/src/widgets/framework.dart:5976:11)
#154    ComponentElement.mount (package:flutter/src/widgets/framework.dart:5796:5)
#155    Element.inflateWidget (package:flutter/src/widgets/framework.dart:4590:20)
#156    Element.updateChild (package:flutter/src/widgets/framework.dart:4059:18)
#157    ComponentElement.performRebuild (package:flutter/src/widgets/framework.dart:5844:16)
#158    Element.rebuild (package:flutter/src/widgets/framework.dart:5532:7)
#159    ComponentElement._firstBuild (package:flutter/src/widgets/framework.dart:5802:5)
#160    ComponentElement.mount (package:flutter/src/widgets/framework.dart:5796:5)
#161    Element.inflateWidget (package:flutter/src/widgets/framework.dart:4590:20)
#162    Element.updateChild (package:flutter/src/widgets/framework.dart:4059:18)
#163    ComponentElement.performRebuild (package:flutter/src/widgets/framework.dart:5844:16)
#164    Element.rebuild (package:flutter/src/widgets/framework.dart:5532:7)
#165    ComponentElement._firstBuild (package:flutter/src/widgets/framework.dart:5802:5)
#166    ComponentElement.mount (package:flutter/src/widgets/framework.dart:5796:5)
#167    Element.inflateWidget (package:flutter/src/widgets/framework.dart:4590:20)
#168    Element.updateChild (package:flutter/src/widgets/framework.dart:4059:18)
#169    ComponentElement.performRebuild (package:flutter/src/widgets/framework.dart:5844:16)
#170    Element.rebuild (package:flutter/src/widgets/framework.dart:5532:7)
#171    ComponentElement._firstBuild (package:flutter/src/widgets/framework.dart:5802:5)
#172    ComponentElement.mount (package:flutter/src/widgets/framework.dart:5796:5)
#173    Element.inflateWidget (package:flutter/src/widgets/framework.dart:4590:20)
#174    Element.updateChild (package:flutter/src/widgets/framework.dart:4059:18)
#175    ComponentElement.performRebuild (package:flutter/src/widgets/framework.dart:5844:16)
#176    StatefulElement.performRebuild (package:flutter/src/widgets/framework.dart:5985:11)
#177    Element.rebuild (package:flutter/src/widgets/framework.dart:5532:7)
#178    ComponentElement._firstBuild (package:flutter/src/widgets/framework.dart:5802:5)
#179    StatefulElement._firstBuild (package:flutter/src/widgets/framework.dart:5976:11)
#180    ComponentElement.mount (package:flutter/src/widgets/framework.dart:5796:5)
#181    Element.inflateWidget (package:flutter/src/widgets/framework.dart:4590:20)
#182    Element.updateChild (package:flutter/src/widgets/framework.dart:4059:18)
#183    ComponentElement.performRebuild (package:flutter/src/widgets/framework.dart:5844:16)
#184    Element.rebuild (package:flutter/src/widgets/framework.dart:5532:7)
#185    ComponentElement._firstBuild (package:flutter/src/widgets/framework.dart:5802:5)
#186    ComponentElement.mount (package:flutter/src/widgets/framework.dart:5796:5)
#187    Element.inflateWidget (package:flutter/src/widgets/framework.dart:4590:20)
#188    Element.updateChild (package:flutter/src/widgets/framework.dart:4059:18)
#189    ComponentElement.performRebuild (package:flutter/src/widgets/framework.dart:5844:16)
#190    StatefulElement.performRebuild (package:flutter/src/widgets/framework.dart:5985:11)
#191    Element.rebuild (package:flutter/src/widgets/framework.dart:5532:7)
#192    ComponentElement._firstBuild (package:flutter/src/widgets/framework.dart:5802:5)
#193    StatefulElement._firstBuild (package:flutter/src/widgets/framework.dart:5976:11)
#194    ComponentElement.mount (package:flutter/src/widgets/framework.dart:5796:5)
#195    Element.inflateWidget (package:flutter/src/widgets/framework.dart:4590:20)
#196    Element.updateChild (package:flutter/src/widgets/framework.dart:4059:18)
#197    SingleChildRenderObjectElement.mount (package:flutter/src/widgets/framework.dart:7118:14)
#198    Element.inflateWidget (package:flutter/src/widgets/framework.dart:4590:20)
#199    Element.updateChild (package:flutter/src/widgets/framework.dart:4059:18)
#200    ComponentElement.performRebuild (package:flutter/src/widgets/framework.dart:5844:16)
#201    Element.rebuild (package:flutter/src/widgets/framework.dart:5532:7)
#202    ComponentElement._firstBuild (package:flutter/src/widgets/framework.dart:5802:5)
#203    ComponentElement.mount (package:flutter/src/widgets/framework.dart:5796:5)
#204    Element.inflateWidget (package:flutter/src/widgets/framework.dart:4590:20)
#205    Element.updateChild (package:flutter/src/widgets/framework.dart:4059:18)
#206    SingleChildRenderObjectElement.mount (package:flutter/src/widgets/framework.dart:7118:14)
#207    Element.inflateWidget (package:flutter/src/widgets/framework.dart:4590:20)
#208    Element.updateChild (package:flutter/src/widgets/framework.dart:4059:18)
#209    SingleChildRenderObjectElement.mount (package:flutter/src/widgets/framework.dart:7118:14)
#210    Element.inflateWidget (package:flutter/src/widgets/framework.dart:4590:20)
#211    Element.updateChild (package:flutter/src/widgets/framework.dart:4059:18)
#212    ComponentElement.performRebuild (package:flutter/src/widgets/framework.dart:5844:16)
#213    StatefulElement.performRebuild (package:flutter/src/widgets/framework.dart:5985:11)
#214    Element.rebuild (package:flutter/src/widgets/framework.dart:5532:7)
#215    ComponentElement._firstBuild (package:flutter/src/widgets/framework.dart:5802:5)
#216    StatefulElement._firstBuild (package:flutter/src/widgets/framework.dart:5976:11)
#217    ComponentElement.mount (package:flutter/src/widgets/framework.dart:5796:5)
#218    Element.inflateWidget (package:flutter/src/widgets/framework.dart:4590:20)
#219    Element.updateChild (package:flutter/src/widgets/framework.dart:4059:18)
#220    SingleChildRenderObjectElement.mount (package:flutter/src/widgets/framework.dart:7118:14)
#221    Element.inflateWidget (package:flutter/src/widgets/framework.dart:4590:20)
#222    Element.updateChild (package:flutter/src/widgets/framework.dart:4059:18)
#223    ComponentElement.performRebuild (package:flutter/src/widgets/framework.dart:5844:16)
#224    StatefulElement.performRebuild (package:flutter/src/widgets/framework.dart:5985:11)
#225    Element.rebuild (package:flutter/src/widgets/framework.dart:5532:7)
#226    ComponentElement._firstBuild (package:flutter/src/widgets/framework.dart:5802:5)
#227    StatefulElement._firstBuild (package:flutter/src/widgets/framework.dart:5976:11)
#228    ComponentElement.mount (package:flutter/src/widgets/framework.dart:5796:5)
#229    Element.inflateWidget (package:flutter/src/widgets/framework.dart:4590:20)
#230    Element.updateChild (package:flutter/src/widgets/framework.dart:4059:18)
#231    SingleChildRenderObjectElement.mount (package:flutter/src/widgets/framework.dart:7118:14)
#232    Element.inflateWidget (package:flutter/src/widgets/framework.dart:4590:20)
#233    Element.updateChild (package:flutter/src/widgets/framework.dart:4059:18)
#234    SingleChildRenderObjectElement.mount (package:flutter/src/widgets/framework.dart:7118:14)
#235    Element.inflateWidget (package:flutter/src/widgets/framework.dart:4590:20)
#236    Element.updateChild (package:flutter/src/widgets/framework.dart:4059:18)
#237    ComponentElement.performRebuild (package:flutter/src/widgets/framework.dart:5844:16)
#238    StatefulElement.performRebuild (package:flutter/src/widgets/framework.dart:5985:11)
#239    Element.rebuild (package:flutter/src/widgets/framework.dart:5532:7)
#240    ComponentElement._firstBuild (package:flutter/src/widgets/framework.dart:5802:5)
#241    StatefulElement._firstBuild (package:flutter/src/widgets/framework.dart:5976:11)
#242    ComponentElement.mount (package:flutter/src/widgets/framework.dart:5796:5)
#243    Element.inflateWidget (package:flutter/src/widgets/framework.dart:4590:20)
#244    Element.updateChild (package:flutter/src/widgets/framework.dart:4059:18)
#245    SingleChildRenderObjectElement.mount (package:flutter/src/widgets/framework.dart:7118:14)
#246    Element.inflateWidget (package:flutter/src/widgets/framework.dart:4590:20)
#247    Element.updateChild (package:flutter/src/widgets/framework.dart:4059:18)
#248    ComponentElement.performRebuild (package:flutter/src/widgets/framework.dart:5844:16)
#249    StatefulElement.performRebuild (package:flutter/src/widgets/framework.dart:5985:11)
#250    Element.rebuild (package:flutter/src/widgets/framework.dart:5532:7)
#251    ComponentElement._firstBuild (package:flutter/src/widgets/framework.dart:5802:5)
#252    StatefulElement._firstBuild (package:flutter/src/widgets/framework.dart:5976:11)
#253    ComponentElement.mount (package:flutter/src/widgets/framework.dart:5796:5)
#254    Element.inflateWidget (package:flutter/src/widgets/framework.dart:4590:20)
#255    Element.updateChild (package:flutter/src/widgets/framework.dart:4059:18)
#256    SingleChildRenderObjectElement.mount (package:flutter/src/widgets/framework.dart:7118:14)
#257    Element.inflateWidget (package:flutter/src/widgets/framework.dart:4590:20)
#258    Element.updateChild (package:flutter/src/widgets/framework.dart:4059:18)
#259    SingleChildRenderObjectElement.mount (package:flutter/src/widgets/framework.dart:7118:14)
#260    Element.inflateWidget (package:flutter/src/widgets/framework.dart:4590:20)
#261    Element.updateChild (package:flutter/src/widgets/framework.dart:4059:18)
#262    ComponentElement.performRebuild (package:flutter/src/widgets/framework.dart:5844:16)
#263    StatefulElement.performRebuild (package:flutter/src/widgets/framework.dart:5985:11)
#264    Element.rebuild (package:flutter/src/widgets/framework.dart:5532:7)
#265    ComponentElement._firstBuild (package:flutter/src/widgets/framework.dart:5802:5)
#266    StatefulElement._firstBuild (package:flutter/src/widgets/framework.dart:5976:11)
#267    ComponentElement.mount (package:flutter/src/widgets/framework.dart:5796:5)
#268    Element.inflateWidget (package:flutter/src/widgets/framework.dart:4590:20)
#269    Element.updateChild (package:flutter/src/widgets/framework.dart:4059:18)
#270    SingleChildRenderObjectElement.mount (package:flutter/src/widgets/framework.dart:7118:14)
#271    Element.inflateWidget (package:flutter/src/widgets/framework.dart:4590:20)
#272    Element.updateChild (package:flutter/src/widgets/framework.dart:4059:18)
#273    SingleChildRenderObjectElement.mount (package:flutter/src/widgets/framework.dart:7118:14)
#274    Element.inflateWidget (package:flutter/src/widgets/framework.dart:4590:20)
#275    Element.updateChild (package:flutter/src/widgets/framework.dart:4059:18)
#276    SingleChildRenderObjectElement.mount (package:flutter/src/widgets/framework.dart:7118:14)
#277    Element.inflateWidget (package:flutter/src/widgets/framework.dart:4590:20)
#278    Element.updateChild (package:flutter/src/widgets/framework.dart:4059:18)
#279    ComponentElement.performRebuild (package:flutter/src/widgets/framework.dart:5844:16)
#280    StatefulElement.performRebuild (package:flutter/src/widgets/framework.dart:5985:11)
#281    Element.rebuild (package:flutter/src/widgets/framework.dart:5532:7)
#282    ComponentElement._firstBuild (package:flutter/src/widgets/framework.dart:5802:5)
#283    StatefulElement._firstBuild (package:flutter/src/widgets/framework.dart:5976:11)
#284    ComponentElement.mount (package:flutter/src/widgets/framework.dart:5796:5)
#285    Element.inflateWidget (package:flutter/src/widgets/framework.dart:4590:20)
#286    Element.updateChild (package:flutter/src/widgets/framework.dart:4059:18)
#287    SingleChildRenderObjectElement.mount (package:flutter/src/widgets/framework.dart:7118:14)
#288    Element.inflateWidget (package:flutter/src/widgets/framework.dart:4590:20)
#289    Element.updateChild (package:flutter/src/widgets/framework.dart:4059:18)
#290    ComponentElement.performRebuild (package:flutter/src/widgets/framework.dart:5844:16)
#291    StatefulElement.performRebuild (package:flutter/src/widgets/framework.dart:5985:11)
#292    Element.rebuild (package:flutter/src/widgets/framework.dart:5532:7)
#293    ComponentElement._firstBuild (package:flutter/src/widgets/framework.dart:5802:5)
#294    StatefulElement._firstBuild (package:flutter/src/widgets/framework.dart:5976:11)
#295    ComponentElement.mount (package:flutter/src/widgets/framework.dart:5796:5)
#296    Element.inflateWidget (package:flutter/src/widgets/framework.dart:4590:20)
#297    Element.updateChild (package:flutter/src/widgets/framework.dart:4059:18)
#298    ComponentElement.performRebuild (package:flutter/src/widgets/framework.dart:5844:16)
#299    Element.rebuild (package:flutter/src/widgets/framework.dart:5532:7)
#300    ComponentElement._firstBuild (package:flutter/src/widgets/framework.dart:5802:5)
#301    ComponentElement.mount (package:flutter/src/widgets/framework.dart:5796:5)
#302    Element.inflateWidget (package:flutter/src/widgets/framework.dart:4590:20)
#303    Element.updateChild (package:flutter/src/widgets/framework.dart:4059:18)
#304    ComponentElement.performRebuild (package:flutter/src/widgets/framework.dart:5844:16)
#305    StatefulElement.performRebuild (package:flutter/src/widgets/framework.dart:5985:11)
#306    Element.rebuild (package:flutter/src/widgets/framework.dart:5532:7)
#307    ComponentElement._firstBuild (package:flutter/src/widgets/framework.dart:5802:5)
#308    StatefulElement._firstBuild (package:flutter/src/widgets/framework.dart:5976:11)
#309    ComponentElement.mount (package:flutter/src/widgets/framework.dart:5796:5)
#310    Element.inflateWidget (package:flutter/src/widgets/framework.dart:4590:20)
#311    Element.updateChild (package:flutter/src/widgets/framework.dart:4059:18)
#312    ComponentElement.performRebuild (package:flutter/src/widgets/framework.dart:5844:16)
#313    StatefulElement.performRebuild (package:flutter/src/widgets/framework.dart:5985:11)
#314    Element.rebuild (package:flutter/src/widgets/framework.dart:5532:7)
#315    ComponentElement._firstBuild (package:flutter/src/widgets/framework.dart:5802:5)
#316    StatefulElement._firstBuild (package:flutter/src/widgets/framework.dart:5976:11)
#317    ComponentElement.mount (package:flutter/src/widgets/framework.dart:5796:5)
#318    Element.inflateWidget (package:flutter/src/widgets/framework.dart:4590:20)
#319    Element.updateChild (package:flutter/src/widgets/framework.dart:4059:18)
#320    ComponentElement.performRebuild (package:flutter/src/widgets/framework.dart:5844:16)
#321    StatefulElement.performRebuild (package:flutter/src/widgets/framework.dart:5985:11)
#322    Element.rebuild (package:flutter/src/widgets/framework.dart:5532:7)
#323    ComponentElement._firstBuild (package:flutter/src/widgets/framework.dart:5802:5)
#324    StatefulElement._firstBuild (package:flutter/src/widgets/framework.dart:5976:11)
#325    ComponentElement.mount (package:flutter/src/widgets/framework.dart:5796:5)
#326    Element.inflateWidget (package:flutter/src/widgets/framework.dart:4590:20)
#327    Element.updateChild (package:flutter/src/widgets/framework.dart:4059:18)
#328    SingleChildRenderObjectElement.mount (package:flutter/src/widgets/framework.dart:7118:14)
#329    Element.inflateWidget (package:flutter/src/widgets/framework.dart:4590:20)
#330    Element.updateChild (package:flutter/src/widgets/framework.dart:4059:18)
#331    ComponentElement.performRebuild (package:flutter/src/widgets/framework.dart:5844:16)
#332    Element.rebuild (package:flutter/src/widgets/framework.dart:5532:7)
#333    ComponentElement._firstBuild (package:flutter/src/widgets/framework.dart:5802:5)
#334    ComponentElement.mount (package:flutter/src/widgets/framework.dart:5796:5)
#335    Element.inflateWidget (package:flutter/src/widgets/framework.dart:4590:20)
#336    Element.updateChild (package:flutter/src/widgets/framework.dart:4059:18)
#337    SingleChildRenderObjectElement.mount (package:flutter/src/widgets/framework.dart:7118:14)
#338    Element.inflateWidget (package:flutter/src/widgets/framework.dart:4590:20)
#339    Element.updateChild (package:flutter/src/widgets/framework.dart:4059:18)
#340    ComponentElement.performRebuild (package:flutter/src/widgets/framework.dart:5844:16)
#341    StatefulElement.performRebuild (package:flutter/src/widgets/framework.dart:5985:11)
#342    Element.rebuild (package:flutter/src/widgets/framework.dart:5532:7)
#343    ComponentElement._firstBuild (package:flutter/src/widgets/framework.dart:5802:5)
#344    StatefulElement._firstBuild (package:flutter/src/widgets/framework.dart:5976:11)
#345    ComponentElement.mount (package:flutter/src/widgets/framework.dart:5796:5)
#346    Element.inflateWidget (package:flutter/src/widgets/framework.dart:4590:20)
#347    Element.updateChild (package:flutter/src/widgets/framework.dart:4059:18)
#348    ComponentElement.performRebuild (package:flutter/src/widgets/framework.dart:5844:16)
#349    Element.rebuild (package:flutter/src/widgets/framework.dart:5532:7)
#350    ComponentElement._firstBuild (package:flutter/src/widgets/framework.dart:5802:5)
#351    ComponentElement.mount (package:flutter/src/widgets/framework.dart:5796:5)
#352    Element.inflateWidget (package:flutter/src/widgets/framework.dart:4590:20)
#353    Element.updateChild (package:flutter/src/widgets/framework.dart:4059:18)
#354    ComponentElement.performRebuild (package:flutter/src/widgets/framework.dart:5844:16)
#355    Element.rebuild (package:flutter/src/widgets/framework.dart:5532:7)
#356    ComponentElement._firstBuild (package:flutter/src/widgets/framework.dart:5802:5)
#357    ComponentElement.mount (package:flutter/src/widgets/framework.dart:5796:5)
#358    Element.inflateWidget (package:flutter/src/widgets/framework.dart:4590:20)
#359    Element.updateChild (package:flutter/src/widgets/framework.dart:4059:18)
#360    ComponentElement.performRebuild (package:flutter/src/widgets/framework.dart:5844:16)
#361    StatefulElement.performRebuild (package:flutter/src/widgets/framework.dart:5985:11)
#362    Element.rebuild (package:flutter/src/widgets/framework.dart:5532:7)
#363    ComponentElement._firstBuild (package:flutter/src/widgets/framework.dart:5802:5)
#364    StatefulElement._firstBuild (package:flutter/src/widgets/framework.dart:5976:11)
#365    ComponentElement.mount (package:flutter/src/widgets/framework.dart:5796:5)
#366    Element.inflateWidget (package:flutter/src/widgets/framework.dart:4590:20)
#367    Element.updateChild (package:flutter/src/widgets/framework.dart:4059:18)
#368    ComponentElement.performRebuild (package:flutter/src/widgets/framework.dart:5844:16)
#369    Element.rebuild (package:flutter/src/widgets/framework.dart:5532:7)
#370    ComponentElement._firstBuild (package:flutter/src/widgets/framework.dart:5802:5)
#371    ComponentElement.mount (package:flutter/src/widgets/framework.dart:5796:5)
#372    Element.inflateWidget (package:flutter/src/widgets/framework.dart:4590:20)
#373    Element.updateChild (package:flutter/src/widgets/framework.dart:4059:18)
#374    ComponentElement.performRebuild (package:flutter/src/widgets/framework.dart:5844:16)
#375    Element.rebuild (package:flutter/src/widgets/framework.dart:5532:7)
#376    ComponentElement._firstBuild (package:flutter/src/widgets/framework.dart:5802:5)
#377    ComponentElement.mount (package:flutter/src/widgets/framework.dart:5796:5)
#378    Element.inflateWidget (package:flutter/src/widgets/framework.dart:4590:20)
#379    Element.updateChild (package:flutter/src/widgets/framework.dart:4059:18)
#380    SingleChildRenderObjectElement.mount (package:flutter/src/widgets/framework.dart:7118:14)
#381    Element.inflateWidget (package:flutter/src/widgets/framework.dart:4590:20)
#382    Element.updateChild (package:flutter/src/widgets/framework.dart:4059:18)
#383    ComponentElement.performRebuild (package:flutter/src/widgets/framework.dart:5844:16)
#384    Element.rebuild (package:flutter/src/widgets/framework.dart:5532:7)
#385    ComponentElement._firstBuild (package:flutter/src/widgets/framework.dart:5802:5)
#386    ComponentElement.mount (package:flutter/src/widgets/framework.dart:5796:5)
#387    Element.inflateWidget (package:flutter/src/widgets/framework.dart:4590:20)
#388    Element.updateChild (package:flutter/src/widgets/framework.dart:4059:18)
#389    ComponentElement.performRebuild (package:flutter/src/widgets/framework.dart:5844:16)
#390    Element.rebuild (package:flutter/src/widgets/framework.dart:5532:7)
#391    ComponentElement._firstBuild (package:flutter/src/widgets/framework.dart:5802:5)
#392    ComponentElement.mount (package:flutter/src/widgets/framework.dart:5796:5)
#393    Element.inflateWidget (package:flutter/src/widgets/framework.dart:4590:20)
#394    Element.updateChild (package:flutter/src/widgets/framework.dart:4059:18)
#395    ComponentElement.performRebuild (package:flutter/src/widgets/framework.dart:5844:16)
#396    StatefulElement.performRebuild (package:flutter/src/widgets/framework.dart:5985:11)
#397    Element.rebuild (package:flutter/src/widgets/framework.dart:5532:7)
#398    ComponentElement._firstBuild (package:flutter/src/widgets/framework.dart:5802:5)
#399    StatefulElement._firstBuild (package:flutter/src/widgets/framework.dart:5976:11)
#400    ComponentElement.mount (package:flutter/src/widgets/framework.dart:5796:5)
#401    Element.inflateWidget (package:flutter/src/widgets/framework.dart:4590:20)
#402    Element.updateChild (package:flutter/src/widgets/framework.dart:4059:18)
#403    ComponentElement.performRebuild (package:flutter/src/widgets/framework.dart:5844:16)
#404    StatefulElement.performRebuild (package:flutter/src/widgets/framework.dart:5985:11)
#405    Element.rebuild (package:flutter/src/widgets/framework.dart:5532:7)
#406    ComponentElement._firstBuild (package:flutter/src/widgets/framework.dart:5802:5)
#407    StatefulElement._firstBuild (package:flutter/src/widgets/framework.dart:5976:11)
#408    ComponentElement.mount (package:flutter/src/widgets/framework.dart:5796:5)
#409    Element.inflateWidget (package:flutter/src/widgets/framework.dart:4590:20)
#410    Element.updateChild (package:flutter/src/widgets/framework.dart:4059:18)
#411    ComponentElement.performRebuild (package:flutter/src/widgets/framework.dart:5844:16)
#412    StatefulElement.performRebuild (package:flutter/src/widgets/framework.dart:5985:11)
#413    Element.rebuild (package:flutter/src/widgets/framework.dart:5532:7)
#414    ComponentElement._firstBuild (package:flutter/src/widgets/framework.dart:5802:5)
#415    StatefulElement._firstBuild (package:flutter/src/widgets/framework.dart:5976:11)
#416    ComponentElement.mount (package:flutter/src/widgets/framework.dart:5796:5)
#417    Element.inflateWidget (package:flutter/src/widgets/framework.dart:4590:20)
#418    Element.updateChild (package:flutter/src/widgets/framework.dart:4059:18)
#419    SingleChildRenderObjectElement.mount (package:flutter/src/widgets/framework.dart:7118:14)
#420    Element.inflateWidget (package:flutter/src/widgets/framework.dart:4590:20)
#421    Element.updateChild (package:flutter/src/widgets/framework.dart:4059:18)
#422    ComponentElement.performRebuild (package:flutter/src/widgets/framework.dart:5844:16)
#423    Element.rebuild (package:flutter/src/widgets/framework.dart:5532:7)
#424    ComponentElement._firstBuild (package:flutter/src/widgets/framework.dart:5802:5)
#425    ComponentElement.mount (package:flutter/src/widgets/framework.dart:5796:5)
#426    Element.inflateWidget (package:flutter/src/widgets/framework.dart:4590:20)
#427    Element.updateChild (package:flutter/src/widgets/framework.dart:4059:18)
#428    ComponentElement.performRebuild (package:flutter/src/widgets/framework.dart:5844:16)
#429    Element.rebuild (package:flutter/src/widgets/framework.dart:5532:7)
#430    ComponentElement._firstBuild (package:flutter/src/widgets/framework.dart:5802:5)
#431    ComponentElement.mount (package:flutter/src/widgets/framework.dart:5796:5)
#432    Element.inflateWidget (package:flutter/src/widgets/framework.dart:4590:20)
#433    Element.updateChild (package:flutter/src/widgets/framework.dart:4059:18)
#434    ComponentElement.performRebuild (package:flutter/src/widgets/framework.dart:5844:16)
#435    Element.rebuild (package:flutter/src/widgets/framework.dart:5532:7)
#436    ComponentElement._firstBuild (package:flutter/src/widgets/framework.dart:5802:5)
#437    ComponentElement.mount (package:flutter/src/widgets/framework.dart:5796:5)
#438    Element.inflateWidget (package:flutter/src/widgets/framework.dart:4590:20)
#439    Element.updateChild (package:flutter/src/widgets/framework.dart:4059:18)
#440    ComponentElement.performRebuild (package:flutter/src/widgets/framework.dart:5844:16)
#441    StatefulElement.performRebuild (package:flutter/src/widgets/framework.dart:5985:11)
#442    Element.rebuild (package:flutter/src/widgets/framework.dart:5532:7)
#443    ComponentElement._firstBuild (package:flutter/src/widgets/framework.dart:5802:5)
#444    StatefulElement._firstBuild (package:flutter/src/widgets/framework.dart:5976:11)
#445    ComponentElement.mount (package:flutter/src/widgets/framework.dart:5796:5)
#446    Element.inflateWidget (package:flutter/src/widgets/framework.dart:4590:20)
#447    Element.updateChild (package:flutter/src/widgets/framework.dart:4059:18)
#448    ComponentElement.performRebuild (package:flutter/src/widgets/framework.dart:5844:16)
#449    StatefulElement.performRebuild (package:flutter/src/widgets/framework.dart:5985:11)
#450    Element.rebuild (package:flutter/src/widgets/framework.dart:5532:7)
#451    ComponentElement._firstBuild (package:flutter/src/widgets/framework.dart:5802:5)
#452    StatefulElement._firstBuild (package:flutter/src/widgets/framework.dart:5976:11)
#453    ComponentElement.mount (package:flutter/src/widgets/framework.dart:5796:5)
#454    Element.inflateWidget (package:flutter/src/widgets/framework.dart:4590:20)
#455    MultiChildRenderObjectElement.inflateWidget
(package:flutter/src/widgets/framework.dart:7269:36)
#456    MultiChildRenderObjectElement.mount (package:flutter/src/widgets/framework.dart:7285:32)
#457    Element.inflateWidget (package:flutter/src/widgets/framework.dart:4590:20)
#458    Element.updateChild (package:flutter/src/widgets/framework.dart:4059:18)
#459    ComponentElement.performRebuild (package:flutter/src/widgets/framework.dart:5844:16)
#460    StatefulElement.performRebuild (package:flutter/src/widgets/framework.dart:5985:11)
#461    Element.rebuild (package:flutter/src/widgets/framework.dart:5532:7)
#462    ComponentElement._firstBuild (package:flutter/src/widgets/framework.dart:5802:5)
#463    StatefulElement._firstBuild (package:flutter/src/widgets/framework.dart:5976:11)
#464    ComponentElement.mount (package:flutter/src/widgets/framework.dart:5796:5)
#465    Element.inflateWidget (package:flutter/src/widgets/framework.dart:4590:20)
#466    Element.updateChild (package:flutter/src/widgets/framework.dart:4059:18)
#467    ComponentElement.performRebuild (package:flutter/src/widgets/framework.dart:5844:16)
#468    Element.rebuild (package:flutter/src/widgets/framework.dart:5532:7)
#469    ComponentElement._firstBuild (package:flutter/src/widgets/framework.dart:5802:5)
#470    ComponentElement.mount (package:flutter/src/widgets/framework.dart:5796:5)
#471    Element.inflateWidget (package:flutter/src/widgets/framework.dart:4590:20)
#472    Element.updateChild (package:flutter/src/widgets/framework.dart:4059:18)
#473    ComponentElement.performRebuild (package:flutter/src/widgets/framework.dart:5844:16)
#474    Element.rebuild (package:flutter/src/widgets/framework.dart:5532:7)
#475    ComponentElement._firstBuild (package:flutter/src/widgets/framework.dart:5802:5)
#476    ComponentElement.mount (package:flutter/src/widgets/framework.dart:5796:5)
#477    Element.inflateWidget (package:flutter/src/widgets/framework.dart:4590:20)
#478    Element.updateChild (package:flutter/src/widgets/framework.dart:4059:18)
#479    ComponentElement.performRebuild (package:flutter/src/widgets/framework.dart:5844:16)
#480    StatefulElement.performRebuild (package:flutter/src/widgets/framework.dart:5985:11)
#481    Element.rebuild (package:flutter/src/widgets/framework.dart:5532:7)
#482    ComponentElement._firstBuild (package:flutter/src/widgets/framework.dart:5802:5)
#483    StatefulElement._firstBuild (package:flutter/src/widgets/framework.dart:5976:11)
#484    ComponentElement.mount (package:flutter/src/widgets/framework.dart:5796:5)
#485    Element.inflateWidget (package:flutter/src/widgets/framework.dart:4590:20)
#486    Element.updateChild (package:flutter/src/widgets/framework.dart:4059:18)
#487    ComponentElement.performRebuild (package:flutter/src/widgets/framework.dart:5844:16)
#488    Element.rebuild (package:flutter/src/widgets/framework.dart:5532:7)
#489    ComponentElement._firstBuild (package:flutter/src/widgets/framework.dart:5802:5)
#490    ComponentElement.mount (package:flutter/src/widgets/framework.dart:5796:5)
#491    Element.inflateWidget (package:flutter/src/widgets/framework.dart:4590:20)
#492    Element.updateChild (package:flutter/src/widgets/framework.dart:4059:18)
#493    ComponentElement.performRebuild (package:flutter/src/widgets/framework.dart:5844:16)
#494    StatefulElement.performRebuild (package:flutter/src/widgets/framework.dart:5985:11)
#495    Element.rebuild (package:flutter/src/widgets/framework.dart:5532:7)
#496    ComponentElement._firstBuild (package:flutter/src/widgets/framework.dart:5802:5)
#497    StatefulElement._firstBuild (package:flutter/src/widgets/framework.dart:5976:11)
#498    ComponentElement.mount (package:flutter/src/widgets/framework.dart:5796:5)
#499    Element.inflateWidget (package:flutter/src/widgets/framework.dart:4590:20)
#500    Element.updateChild (package:flutter/src/widgets/framework.dart:4059:18)
#501    ComponentElement.performRebuild (package:flutter/src/widgets/framework.dart:5844:16)
#502    StatefulElement.performRebuild (package:flutter/src/widgets/framework.dart:5985:11)
#503    Element.rebuild (package:flutter/src/widgets/framework.dart:5532:7)
#504    ComponentElement._firstBuild (package:flutter/src/widgets/framework.dart:5802:5)
#505    StatefulElement._firstBuild (package:flutter/src/widgets/framework.dart:5976:11)
#506    ComponentElement.mount (package:flutter/src/widgets/framework.dart:5796:5)
#507    Element.inflateWidget (package:flutter/src/widgets/framework.dart:4590:20)
#508    Element.updateChild (package:flutter/src/widgets/framework.dart:4059:18)
#509    SingleChildRenderObjectElement.mount (package:flutter/src/widgets/framework.dart:7118:14)
#510    Element.inflateWidget (package:flutter/src/widgets/framework.dart:4590:20)
#511    Element.updateChild (package:flutter/src/widgets/framework.dart:4059:18)
#512    SingleChildRenderObjectElement.mount (package:flutter/src/widgets/framework.dart:7118:14)
#513    Element.inflateWidget (package:flutter/src/widgets/framework.dart:4590:20)
#514    Element.updateChild (package:flutter/src/widgets/framework.dart:4059:18)
#515    ComponentElement.performRebuild (package:flutter/src/widgets/framework.dart:5844:16)
#516    Element.rebuild (package:flutter/src/widgets/framework.dart:5532:7)
#517    ComponentElement._firstBuild (package:flutter/src/widgets/framework.dart:5802:5)
#518    ComponentElement.mount (package:flutter/src/widgets/framework.dart:5796:5)
#519    Element.inflateWidget (package:flutter/src/widgets/framework.dart:4590:20)
#520    Element.updateChild (package:flutter/src/widgets/framework.dart:4059:18)
#521    ComponentElement.performRebuild (package:flutter/src/widgets/framework.dart:5844:16)
#522    Element.rebuild (package:flutter/src/widgets/framework.dart:5532:7)
#523    ComponentElement._firstBuild (package:flutter/src/widgets/framework.dart:5802:5)
#524    ComponentElement.mount (package:flutter/src/widgets/framework.dart:5796:5)
#525    Element.inflateWidget (package:flutter/src/widgets/framework.dart:4590:20)
#526    Element.updateChild (package:flutter/src/widgets/framework.dart:4059:18)
#527    ComponentElement.performRebuild (package:flutter/src/widgets/framework.dart:5844:16)
#528    StatefulElement.performRebuild (package:flutter/src/widgets/framework.dart:5985:11)
#529    Element.rebuild (package:flutter/src/widgets/framework.dart:5532:7)
#530    ComponentElement._firstBuild (package:flutter/src/widgets/framework.dart:5802:5)
#531    StatefulElement._firstBuild (package:flutter/src/widgets/framework.dart:5976:11)
#532    ComponentElement.mount (package:flutter/src/widgets/framework.dart:5796:5)
#533    Element.inflateWidget (package:flutter/src/widgets/framework.dart:4590:20)
#534    Element.updateChild (package:flutter/src/widgets/framework.dart:4059:18)
#535    ComponentElement.performRebuild (package:flutter/src/widgets/framework.dart:5844:16)
#536    Element.rebuild (package:flutter/src/widgets/framework.dart:5532:7)
#537    ComponentElement._firstBuild (package:flutter/src/widgets/framework.dart:5802:5)
#538    ComponentElement.mount (package:flutter/src/widgets/framework.dart:5796:5)
#539    Element.inflateWidget (package:flutter/src/widgets/framework.dart:4590:20)
#540    Element.updateChild (package:flutter/src/widgets/framework.dart:4059:18)
#541    SingleChildRenderObjectElement.mount (package:flutter/src/widgets/framework.dart:7118:14)
#542    Element.inflateWidget (package:flutter/src/widgets/framework.dart:4590:20)
#543    Element.updateChild (package:flutter/src/widgets/framework.dart:4059:18)
#544    ComponentElement.performRebuild (package:flutter/src/widgets/framework.dart:5844:16)
#545    StatefulElement.performRebuild (package:flutter/src/widgets/framework.dart:5985:11)
#546    Element.rebuild (package:flutter/src/widgets/framework.dart:5532:7)
#547    ComponentElement._firstBuild (package:flutter/src/widgets/framework.dart:5802:5)
#548    StatefulElement._firstBuild (package:flutter/src/widgets/framework.dart:5976:11)
#549    ComponentElement.mount (package:flutter/src/widgets/framework.dart:5796:5)
#550    Element.inflateWidget (package:flutter/src/widgets/framework.dart:4590:20)
#551    Element.updateChild (package:flutter/src/widgets/framework.dart:4059:18)
#552    ComponentElement.performRebuild (package:flutter/src/widgets/framework.dart:5844:16)
#553    Element.rebuild (package:flutter/src/widgets/framework.dart:5532:7)
#554    ComponentElement._firstBuild (package:flutter/src/widgets/framework.dart:5802:5)
#555    ComponentElement.mount (package:flutter/src/widgets/framework.dart:5796:5)
#556    Element.inflateWidget (package:flutter/src/widgets/framework.dart:4590:20)
#557    Element.updateChild (package:flutter/src/widgets/framework.dart:4059:18)
#558    ComponentElement.performRebuild (package:flutter/src/widgets/framework.dart:5844:16)
#559    Element.rebuild (package:flutter/src/widgets/framework.dart:5532:7)
#560    ComponentElement._firstBuild (package:flutter/src/widgets/framework.dart:5802:5)
#561    ComponentElement.mount (package:flutter/src/widgets/framework.dart:5796:5)
#562    Element.inflateWidget (package:flutter/src/widgets/framework.dart:4590:20)
#563    Element.updateChild (package:flutter/src/widgets/framework.dart:4059:18)
#564    ComponentElement.performRebuild (package:flutter/src/widgets/framework.dart:5844:16)
#565    StatefulElement.performRebuild (package:flutter/src/widgets/framework.dart:5985:11)
#566    Element.rebuild (package:flutter/src/widgets/framework.dart:5532:7)
#567    ComponentElement._firstBuild (package:flutter/src/widgets/framework.dart:5802:5)
#568    StatefulElement._firstBuild (package:flutter/src/widgets/framework.dart:5976:11)
#569    ComponentElement.mount (package:flutter/src/widgets/framework.dart:5796:5)
#570    Element.inflateWidget (package:flutter/src/widgets/framework.dart:4590:20)
#571    Element.updateChild (package:flutter/src/widgets/framework.dart:4059:18)
#572    ComponentElement.performRebuild (package:flutter/src/widgets/framework.dart:5844:16)
#573    Element.rebuild (package:flutter/src/widgets/framework.dart:5532:7)
#574    ComponentElement._firstBuild (package:flutter/src/widgets/framework.dart:5802:5)
#575    ComponentElement.mount (package:flutter/src/widgets/framework.dart:5796:5)
#576    Element.inflateWidget (package:flutter/src/widgets/framework.dart:4590:20)
#577    Element.updateChild (package:flutter/src/widgets/framework.dart:4059:18)
#578    ComponentElement.performRebuild (package:flutter/src/widgets/framework.dart:5844:16)
#579    Element.rebuild (package:flutter/src/widgets/framework.dart:5532:7)
#580    ComponentElement._firstBuild (package:flutter/src/widgets/framework.dart:5802:5)
#581    ComponentElement.mount (package:flutter/src/widgets/framework.dart:5796:5)
#582    Element.inflateWidget (package:flutter/src/widgets/framework.dart:4590:20)
#583    Element.updateChild (package:flutter/src/widgets/framework.dart:4059:18)
#584    ComponentElement.performRebuild (package:flutter/src/widgets/framework.dart:5844:16)
#585    Element.rebuild (package:flutter/src/widgets/framework.dart:5532:7)
#586    ComponentElement._firstBuild (package:flutter/src/widgets/framework.dart:5802:5)
#587    ComponentElement.mount (package:flutter/src/widgets/framework.dart:5796:5)
#588    Element.inflateWidget (package:flutter/src/widgets/framework.dart:4590:20)
#589    Element.updateChild (package:flutter/src/widgets/framework.dart:4059:18)
#590    ComponentElement.performRebuild (package:flutter/src/widgets/framework.dart:5844:16)
#591    Element.rebuild (package:flutter/src/widgets/framework.dart:5532:7)
#592    ComponentElement._firstBuild (package:flutter/src/widgets/framework.dart:5802:5)
#593    ComponentElement.mount (package:flutter/src/widgets/framework.dart:5796:5)
#594    Element.inflateWidget (package:flutter/src/widgets/framework.dart:4590:20)
#595    Element.updateChild (package:flutter/src/widgets/framework.dart:4059:18)
#596    ComponentElement.performRebuild (package:flutter/src/widgets/framework.dart:5844:16)
#597    Element.rebuild (package:flutter/src/widgets/framework.dart:5532:7)
#598    ComponentElement._firstBuild (package:flutter/src/widgets/framework.dart:5802:5)
#599    ComponentElement.mount (package:flutter/src/widgets/framework.dart:5796:5)
#600    Element.inflateWidget (package:flutter/src/widgets/framework.dart:4590:20)
#601    Element.updateChild (package:flutter/src/widgets/framework.dart:4059:18)
#602    ComponentElement.performRebuild (package:flutter/src/widgets/framework.dart:5844:16)
#603    Element.rebuild (package:flutter/src/widgets/framework.dart:5532:7)
#604    ComponentElement._firstBuild (package:flutter/src/widgets/framework.dart:5802:5)
#605    ComponentElement.mount (package:flutter/src/widgets/framework.dart:5796:5)
#606    Element.inflateWidget (package:flutter/src/widgets/framework.dart:4590:20)
#607    Element.updateChild (package:flutter/src/widgets/framework.dart:4059:18)
#608    ComponentElement.performRebuild (package:flutter/src/widgets/framework.dart:5844:16)
#609    Element.rebuild (package:flutter/src/widgets/framework.dart:5532:7)
#610    ComponentElement._firstBuild (package:flutter/src/widgets/framework.dart:5802:5)
#611    ComponentElement.mount (package:flutter/src/widgets/framework.dart:5796:5)
#612    Element.inflateWidget (package:flutter/src/widgets/framework.dart:4590:20)
#613    Element.updateChild (package:flutter/src/widgets/framework.dart:4059:18)
#614    ComponentElement.performRebuild (package:flutter/src/widgets/framework.dart:5844:16)
#615    StatefulElement.performRebuild (package:flutter/src/widgets/framework.dart:5985:11)
#616    Element.rebuild (package:flutter/src/widgets/framework.dart:5532:7)
#617    ComponentElement._firstBuild (package:flutter/src/widgets/framework.dart:5802:5)
#618    StatefulElement._firstBuild (package:flutter/src/widgets/framework.dart:5976:11)
#619    ComponentElement.mount (package:flutter/src/widgets/framework.dart:5796:5)
#620    Element.inflateWidget (package:flutter/src/widgets/framework.dart:4590:20)
#621    Element.updateChild (package:flutter/src/widgets/framework.dart:4059:18)
#622    ComponentElement.performRebuild (package:flutter/src/widgets/framework.dart:5844:16)
#623    Element.rebuild (package:flutter/src/widgets/framework.dart:5532:7)
#624    ComponentElement._firstBuild (package:flutter/src/widgets/framework.dart:5802:5)
#625    ComponentElement.mount (package:flutter/src/widgets/framework.dart:5796:5)
#626    Element.inflateWidget (package:flutter/src/widgets/framework.dart:4590:20)
#627    Element.updateChild (package:flutter/src/widgets/framework.dart:4059:18)
#628    ComponentElement.performRebuild (package:flutter/src/widgets/framework.dart:5844:16)
#629    Element.rebuild (package:flutter/src/widgets/framework.dart:5532:7)
#630    ComponentElement._firstBuild (package:flutter/src/widgets/framework.dart:5802:5)
#631    ComponentElement.mount (package:flutter/src/widgets/framework.dart:5796:5)
#632    Element.inflateWidget (package:flutter/src/widgets/framework.dart:4590:20)
#633    Element.updateChild (package:flutter/src/widgets/framework.dart:4059:18)
#634    ComponentElement.performRebuild (package:flutter/src/widgets/framework.dart:5844:16)
#635    StatefulElement.performRebuild (package:flutter/src/widgets/framework.dart:5985:11)
#636    Element.rebuild (package:flutter/src/widgets/framework.dart:5532:7)
#637    ComponentElement._firstBuild (package:flutter/src/widgets/framework.dart:5802:5)
#638    StatefulElement._firstBuild (package:flutter/src/widgets/framework.dart:5976:11)
#639    ComponentElement.mount (package:flutter/src/widgets/framework.dart:5796:5)
#640    Element.inflateWidget (package:flutter/src/widgets/framework.dart:4590:20)
#641    Element.updateChild (package:flutter/src/widgets/framework.dart:4059:18)
#642    SingleChildRenderObjectElement.mount (package:flutter/src/widgets/framework.dart:7118:14)
#643    Element.inflateWidget (package:flutter/src/widgets/framework.dart:4590:20)
#644    Element.updateChild (package:flutter/src/widgets/framework.dart:4059:18)
#645    ComponentElement.performRebuild (package:flutter/src/widgets/framework.dart:5844:16)
#646    StatefulElement.performRebuild (package:flutter/src/widgets/framework.dart:5985:11)
#647    Element.rebuild (package:flutter/src/widgets/framework.dart:5532:7)
#648    ComponentElement._firstBuild (package:flutter/src/widgets/framework.dart:5802:5)
#649    StatefulElement._firstBuild (package:flutter/src/widgets/framework.dart:5976:11)
#650    ComponentElement.mount (package:flutter/src/widgets/framework.dart:5796:5)
#651    Element.inflateWidget (package:flutter/src/widgets/framework.dart:4590:20)
#652    Element.updateChild (package:flutter/src/widgets/framework.dart:4059:18)
#653    ComponentElement.performRebuild (package:flutter/src/widgets/framework.dart:5844:16)
#654    Element.rebuild (package:flutter/src/widgets/framework.dart:5532:7)
#655    ComponentElement._firstBuild (package:flutter/src/widgets/framework.dart:5802:5)
#656    ComponentElement.mount (package:flutter/src/widgets/framework.dart:5796:5)
#657    Element.inflateWidget (package:flutter/src/widgets/framework.dart:4590:20)
#658    Element.updateChild (package:flutter/src/widgets/framework.dart:4059:18)
#659    ComponentElement.performRebuild (package:flutter/src/widgets/framework.dart:5844:16)
#660    Element.rebuild (package:flutter/src/widgets/framework.dart:5532:7)
#661    ComponentElement._firstBuild (package:flutter/src/widgets/framework.dart:5802:5)
#662    ComponentElement.mount (package:flutter/src/widgets/framework.dart:5796:5)
#663    Element.inflateWidget (package:flutter/src/widgets/framework.dart:4590:20)
#664    Element.updateChild (package:flutter/src/widgets/framework.dart:4059:18)
#665    ComponentElement.performRebuild (package:flutter/src/widgets/framework.dart:5844:16)
#666    Element.rebuild (package:flutter/src/widgets/framework.dart:5532:7)
#667    ComponentElement._firstBuild (package:flutter/src/widgets/framework.dart:5802:5)
#668    ComponentElement.mount (package:flutter/src/widgets/framework.dart:5796:5)
#669    Element.inflateWidget (package:flutter/src/widgets/framework.dart:4590:20)
#670    Element.updateChild (package:flutter/src/widgets/framework.dart:4059:18)
#671    ComponentElement.performRebuild (package:flutter/src/widgets/framework.dart:5844:16)
#672    Element.rebuild (package:flutter/src/widgets/framework.dart:5532:7)
#673    ComponentElement._firstBuild (package:flutter/src/widgets/framework.dart:5802:5)
#674    ComponentElement.mount (package:flutter/src/widgets/framework.dart:5796:5)
#675    Element.inflateWidget (package:flutter/src/widgets/framework.dart:4590:20)
#676    Element.updateChild (package:flutter/src/widgets/framework.dart:4059:18)
#677    SingleChildRenderObjectElement.mount (package:flutter/src/widgets/framework.dart:7118:14)
#678    Element.inflateWidget (package:flutter/src/widgets/framework.dart:4590:20)
#679    Element.updateChild (package:flutter/src/widgets/framework.dart:4059:18)
#680    ComponentElement.performRebuild (package:flutter/src/widgets/framework.dart:5844:16)
#681    StatefulElement.performRebuild (package:flutter/src/widgets/framework.dart:5985:11)
#682    Element.rebuild (package:flutter/src/widgets/framework.dart:5532:7)
#683    ComponentElement._firstBuild (package:flutter/src/widgets/framework.dart:5802:5)
#684    StatefulElement._firstBuild (package:flutter/src/widgets/framework.dart:5976:11)
#685    ComponentElement.mount (package:flutter/src/widgets/framework.dart:5796:5)
#686    Element.inflateWidget (package:flutter/src/widgets/framework.dart:4590:20)
#687    Element.updateChild (package:flutter/src/widgets/framework.dart:4059:18)
#688    ComponentElement.performRebuild (package:flutter/src/widgets/framework.dart:5844:16)
#689    StatefulElement.performRebuild (package:flutter/src/widgets/framework.dart:5985:11)
#690    Element.rebuild (package:flutter/src/widgets/framework.dart:5532:7)
#691    ComponentElement._firstBuild (package:flutter/src/widgets/framework.dart:5802:5)
#692    StatefulElement._firstBuild (package:flutter/src/widgets/framework.dart:5976:11)
#693    ComponentElement.mount (package:flutter/src/widgets/framework.dart:5796:5)
#694    Element.inflateWidget (package:flutter/src/widgets/framework.dart:4590:20)
#695    Element.updateChild (package:flutter/src/widgets/framework.dart:4059:18)
#696    SingleChildRenderObjectElement.mount (package:flutter/src/widgets/framework.dart:7118:14)
#697    Element.inflateWidget (package:flutter/src/widgets/framework.dart:4590:20)
#698    Element.updateChild (package:flutter/src/widgets/framework.dart:4059:18)
#699    ComponentElement.performRebuild (package:flutter/src/widgets/framework.dart:5844:16)
#700    Element.rebuild (package:flutter/src/widgets/framework.dart:5532:7)
#701    ComponentElement._firstBuild (package:flutter/src/widgets/framework.dart:5802:5)
#702    ComponentElement.mount (package:flutter/src/widgets/framework.dart:5796:5)
#703    Element.inflateWidget (package:flutter/src/widgets/framework.dart:4590:20)
#704    Element.updateChild (package:flutter/src/widgets/framework.dart:4059:18)
#705    ComponentElement.performRebuild (package:flutter/src/widgets/framework.dart:5844:16)
#706    StatefulElement.performRebuild (package:flutter/src/widgets/framework.dart:5985:11)
#707    Element.rebuild (package:flutter/src/widgets/framework.dart:5532:7)
#708    ComponentElement._firstBuild (package:flutter/src/widgets/framework.dart:5802:5)
#709    StatefulElement._firstBuild (package:flutter/src/widgets/framework.dart:5976:11)
#710    ComponentElement.mount (package:flutter/src/widgets/framework.dart:5796:5)
#711    Element.inflateWidget (package:flutter/src/widgets/framework.dart:4590:20)
#712    Element.updateChild (package:flutter/src/widgets/framework.dart:4059:18)
#713    ComponentElement.performRebuild (package:flutter/src/widgets/framework.dart:5844:16)
#714    StatefulElement.performRebuild (package:flutter/src/widgets/framework.dart:5985:11)
#715    Element.rebuild (package:flutter/src/widgets/framework.dart:5532:7)
#716    ComponentElement._firstBuild (package:flutter/src/widgets/framework.dart:5802:5)
#717    StatefulElement._firstBuild (package:flutter/src/widgets/framework.dart:5976:11)
#718    ComponentElement.mount (package:flutter/src/widgets/framework.dart:5796:5)
#719    Element.inflateWidget (package:flutter/src/widgets/framework.dart:4590:20)
#720    Element.updateChild (package:flutter/src/widgets/framework.dart:4059:18)
#721    ComponentElement.performRebuild (package:flutter/src/widgets/framework.dart:5844:16)
#722    Element.rebuild (package:flutter/src/widgets/framework.dart:5532:7)
#723    ComponentElement._firstBuild (package:flutter/src/widgets/framework.dart:5802:5)
#724    ComponentElement.mount (package:flutter/src/widgets/framework.dart:5796:5)
#725    Element.inflateWidget (package:flutter/src/widgets/framework.dart:4590:20)
#726    Element.updateChild (package:flutter/src/widgets/framework.dart:4059:18)
#727    ComponentElement.performRebuild (package:flutter/src/widgets/framework.dart:5844:16)
#728    StatefulElement.performRebuild (package:flutter/src/widgets/framework.dart:5985:11)
#729    Element.rebuild (package:flutter/src/widgets/framework.dart:5532:7)
#730    ComponentElement._firstBuild (package:flutter/src/widgets/framework.dart:5802:5)
#731    StatefulElement._firstBuild (package:flutter/src/widgets/framework.dart:5976:11)
#732    ComponentElement.mount (package:flutter/src/widgets/framework.dart:5796:5)
#733    Element.inflateWidget (package:flutter/src/widgets/framework.dart:4590:20)
#734    Element.updateChild (package:flutter/src/widgets/framework.dart:4059:18)
#735    SingleChildRenderObjectElement.mount (package:flutter/src/widgets/framework.dart:7118:14)
#736    Element.inflateWidget (package:flutter/src/widgets/framework.dart:4590:20)
#737    Element.updateChild (package:flutter/src/widgets/framework.dart:4059:18)
#738    ComponentElement.performRebuild (package:flutter/src/widgets/framework.dart:5844:16)
#739    Element.rebuild (package:flutter/src/widgets/framework.dart:5532:7)
#740    ComponentElement._firstBuild (package:flutter/src/widgets/framework.dart:5802:5)
#741    ComponentElement.mount (package:flutter/src/widgets/framework.dart:5796:5)
#742    Element.inflateWidget (package:flutter/src/widgets/framework.dart:4590:20)
#743    Element.updateChild (package:flutter/src/widgets/framework.dart:4059:18)
#744    ComponentElement.performRebuild (package:flutter/src/widgets/framework.dart:5844:16)
#745    StatefulElement.performRebuild (package:flutter/src/widgets/framework.dart:5985:11)
#746    Element.rebuild (package:flutter/src/widgets/framework.dart:5532:7)
#747    ComponentElement._firstBuild (package:flutter/src/widgets/framework.dart:5802:5)
#748    StatefulElement._firstBuild (package:flutter/src/widgets/framework.dart:5976:11)
#749    ComponentElement.mount (package:flutter/src/widgets/framework.dart:5796:5)
#750    Element.inflateWidget (package:flutter/src/widgets/framework.dart:4590:20)
#751    Element.updateChild (package:flutter/src/widgets/framework.dart:4059:18)
#752    ComponentElement.performRebuild (package:flutter/src/widgets/framework.dart:5844:16)
#753    StatefulElement.performRebuild (package:flutter/src/widgets/framework.dart:5985:11)
#754    Element.rebuild (package:flutter/src/widgets/framework.dart:5532:7)
#755    ComponentElement._firstBuild (package:flutter/src/widgets/framework.dart:5802:5)
#756    StatefulElement._firstBuild (package:flutter/src/widgets/framework.dart:5976:11)
#757    ComponentElement.mount (package:flutter/src/widgets/framework.dart:5796:5)
#758    Element.inflateWidget (package:flutter/src/widgets/framework.dart:4590:20)
#759    Element.updateChild (package:flutter/src/widgets/framework.dart:4059:18)
#760    ComponentElement.performRebuild (package:flutter/src/widgets/framework.dart:5844:16)
#761    Element.rebuild (package:flutter/src/widgets/framework.dart:5532:7)
#762    ComponentElement._firstBuild (package:flutter/src/widgets/framework.dart:5802:5)
#763    ComponentElement.mount (package:flutter/src/widgets/framework.dart:5796:5)
#764    Element.inflateWidget (package:flutter/src/widgets/framework.dart:4590:20)
#765    Element.updateChild (package:flutter/src/widgets/framework.dart:4059:18)
#766    ComponentElement.performRebuild (package:flutter/src/widgets/framework.dart:5844:16)
#767    StatefulElement.performRebuild (package:flutter/src/widgets/framework.dart:5985:11)
#768    Element.rebuild (package:flutter/src/widgets/framework.dart:5532:7)
#769    ComponentElement._firstBuild (package:flutter/src/widgets/framework.dart:5802:5)
#770    StatefulElement._firstBuild (package:flutter/src/widgets/framework.dart:5976:11)
#771    ComponentElement.mount (package:flutter/src/widgets/framework.dart:5796:5)
#772    Element.inflateWidget (package:flutter/src/widgets/framework.dart:4590:20)
#773    Element.updateChild (package:flutter/src/widgets/framework.dart:4059:18)
#774    SingleChildRenderObjectElement.mount (package:flutter/src/widgets/framework.dart:7118:14)
#775    Element.inflateWidget (package:flutter/src/widgets/framework.dart:4590:20)
#776    Element.updateChild (package:flutter/src/widgets/framework.dart:4059:18)
#777    ComponentElement.performRebuild (package:flutter/src/widgets/framework.dart:5844:16)
#778    Element.rebuild (package:flutter/src/widgets/framework.dart:5532:7)
#779    ComponentElement._firstBuild (package:flutter/src/widgets/framework.dart:5802:5)
#780    ComponentElement.mount (package:flutter/src/widgets/framework.dart:5796:5)
#781    Element.inflateWidget (package:flutter/src/widgets/framework.dart:4590:20)
#782    Element.updateChild (package:flutter/src/widgets/framework.dart:4059:18)
#783    ComponentElement.performRebuild (package:flutter/src/widgets/framework.dart:5844:16)
#784    StatefulElement.performRebuild (package:flutter/src/widgets/framework.dart:5985:11)
#785    Element.rebuild (package:flutter/src/widgets/framework.dart:5532:7)
#786    ComponentElement._firstBuild (package:flutter/src/widgets/framework.dart:5802:5)
#787    StatefulElement._firstBuild (package:flutter/src/widgets/framework.dart:5976:11)
#788    ComponentElement.mount (package:flutter/src/widgets/framework.dart:5796:5)
#789    Element.inflateWidget (package:flutter/src/widgets/framework.dart:4590:20)
#790    Element.updateChild (package:flutter/src/widgets/framework.dart:4059:18)
#791    ComponentElement.performRebuild (package:flutter/src/widgets/framework.dart:5844:16)
#792    StatefulElement.performRebuild (package:flutter/src/widgets/framework.dart:5985:11)
#793    Element.rebuild (package:flutter/src/widgets/framework.dart:5532:7)
#794    ComponentElement._firstBuild (package:flutter/src/widgets/framework.dart:5802:5)
#795    StatefulElement._firstBuild (package:flutter/src/widgets/framework.dart:5976:11)
#796    ComponentElement.mount (package:flutter/src/widgets/framework.dart:5796:5)
#797    Element.inflateWidget (package:flutter/src/widgets/framework.dart:4590:20)
#798    Element.updateChild (package:flutter/src/widgets/framework.dart:4059:18)
#799    ComponentElement.performRebuild (package:flutter/src/widgets/framework.dart:5844:16)
#800    Element.rebuild (package:flutter/src/widgets/framework.dart:5532:7)
#801    ComponentElement._firstBuild (package:flutter/src/widgets/framework.dart:5802:5)
#802    ComponentElement.mount (package:flutter/src/widgets/framework.dart:5796:5)
#803    Element.inflateWidget (package:flutter/src/widgets/framework.dart:4590:20)
#804    Element.updateChild (package:flutter/src/widgets/framework.dart:4059:18)
#805    SingleChildRenderObjectElement.mount (package:flutter/src/widgets/framework.dart:7118:14)
#806    Element.inflateWidget (package:flutter/src/widgets/framework.dart:4590:20)
#807    Element.updateChild (package:flutter/src/widgets/framework.dart:4059:18)
#808    ComponentElement.performRebuild (package:flutter/src/widgets/framework.dart:5844:16)
#809    Element.rebuild (package:flutter/src/widgets/framework.dart:5532:7)
#810    ComponentElement._firstBuild (package:flutter/src/widgets/framework.dart:5802:5)
#811    ComponentElement.mount (package:flutter/src/widgets/framework.dart:5796:5)
#812    Element.inflateWidget (package:flutter/src/widgets/framework.dart:4590:20)
#813    Element.updateChild (package:flutter/src/widgets/framework.dart:4059:18)
#814    ComponentElement.performRebuild (package:flutter/src/widgets/framework.dart:5844:16)
#815    StatefulElement.performRebuild (package:flutter/src/widgets/framework.dart:5985:11)
#816    Element.rebuild (package:flutter/src/widgets/framework.dart:5532:7)
#817    ComponentElement._firstBuild (package:flutter/src/widgets/framework.dart:5802:5)
#818    StatefulElement._firstBuild (package:flutter/src/widgets/framework.dart:5976:11)
#819    ComponentElement.mount (package:flutter/src/widgets/framework.dart:5796:5)
#820    Element.inflateWidget (package:flutter/src/widgets/framework.dart:4590:20)
#821    Element.updateChild (package:flutter/src/widgets/framework.dart:4059:18)
#822    ComponentElement.performRebuild (package:flutter/src/widgets/framework.dart:5844:16)
#823    StatefulElement.performRebuild (package:flutter/src/widgets/framework.dart:5985:11)
#824    Element.rebuild (package:flutter/src/widgets/framework.dart:5532:7)
#825    ComponentElement._firstBuild (package:flutter/src/widgets/framework.dart:5802:5)
#826    StatefulElement._firstBuild (package:flutter/src/widgets/framework.dart:5976:11)
#827    ComponentElement.mount (package:flutter/src/widgets/framework.dart:5796:5)
#828    Element.inflateWidget (package:flutter/src/widgets/framework.dart:4590:20)
#829    Element.updateChild (package:flutter/src/widgets/framework.dart:4059:18)
#830    ComponentElement.performRebuild (package:flutter/src/widgets/framework.dart:5844:16)
#831    Element.rebuild (package:flutter/src/widgets/framework.dart:5532:7)
#832    ComponentElement._firstBuild (package:flutter/src/widgets/framework.dart:5802:5)
#833    ComponentElement.mount (package:flutter/src/widgets/framework.dart:5796:5)
#834    Element.inflateWidget (package:flutter/src/widgets/framework.dart:4590:20)
#835    Element.updateChild (package:flutter/src/widgets/framework.dart:4059:18)
#836    ComponentElement.performRebuild (package:flutter/src/widgets/framework.dart:5844:16)
#837    Element.rebuild (package:flutter/src/widgets/framework.dart:5532:7)
#838    ComponentElement._firstBuild (package:flutter/src/widgets/framework.dart:5802:5)
#839    ComponentElement.mount (package:flutter/src/widgets/framework.dart:5796:5)
#840    Element.inflateWidget (package:flutter/src/widgets/framework.dart:4590:20)
#841    Element.updateChild (package:flutter/src/widgets/framework.dart:4059:18)
#842    ComponentElement.performRebuild (package:flutter/src/widgets/framework.dart:5844:16)
#843    StatefulElement.performRebuild (package:flutter/src/widgets/framework.dart:5985:11)
#844    Element.rebuild (package:flutter/src/widgets/framework.dart:5532:7)
#845    ComponentElement._firstBuild (package:flutter/src/widgets/framework.dart:5802:5)
#846    StatefulElement._firstBuild (package:flutter/src/widgets/framework.dart:5976:11)
#847    ComponentElement.mount (package:flutter/src/widgets/framework.dart:5796:5)
#848    Element.inflateWidget (package:flutter/src/widgets/framework.dart:4590:20)
#849    Element.updateChild (package:flutter/src/widgets/framework.dart:4059:18)
#850    ComponentElement.performRebuild (package:flutter/src/widgets/framework.dart:5844:16)
#851    Element.rebuild (package:flutter/src/widgets/framework.dart:5532:7)
#852    ComponentElement._firstBuild (package:flutter/src/widgets/framework.dart:5802:5)
#853    ComponentElement.mount (package:flutter/src/widgets/framework.dart:5796:5)
#854    Element.inflateWidget (package:flutter/src/widgets/framework.dart:4590:20)
#855    Element.updateChild (package:flutter/src/widgets/framework.dart:4059:18)
#856    ComponentElement.performRebuild (package:flutter/src/widgets/framework.dart:5844:16)
#857    StatefulElement.performRebuild (package:flutter/src/widgets/framework.dart:5985:11)
#858    Element.rebuild (package:flutter/src/widgets/framework.dart:5532:7)
#859    ComponentElement._firstBuild (package:flutter/src/widgets/framework.dart:5802:5)
#860    StatefulElement._firstBuild (package:flutter/src/widgets/framework.dart:5976:11)
#861    ComponentElement.mount (package:flutter/src/widgets/framework.dart:5796:5)
#862    Element.inflateWidget (package:flutter/src/widgets/framework.dart:4590:20)
#863    Element.updateChild (package:flutter/src/widgets/framework.dart:4059:18)
#864    ComponentElement.performRebuild (package:flutter/src/widgets/framework.dart:5844:16)
#865    Element.rebuild (package:flutter/src/widgets/framework.dart:5532:7)
#866    ComponentElement._firstBuild (package:flutter/src/widgets/framework.dart:5802:5)
#867    ComponentElement.mount (package:flutter/src/widgets/framework.dart:5796:5)
#868    Element.inflateWidget (package:flutter/src/widgets/framework.dart:4590:20)
#869    Element.updateChild (package:flutter/src/widgets/framework.dart:4059:18)
#870    ComponentElement.performRebuild (package:flutter/src/widgets/framework.dart:5844:16)
#871    StatefulElement.performRebuild (package:flutter/src/widgets/framework.dart:5985:11)
#872    Element.rebuild (package:flutter/src/widgets/framework.dart:5532:7)
#873    ComponentElement._firstBuild (package:flutter/src/widgets/framework.dart:5802:5)
#874    StatefulElement._firstBuild (package:flutter/src/widgets/framework.dart:5976:11)
#875    ComponentElement.mount (package:flutter/src/widgets/framework.dart:5796:5)
#876    Element.inflateWidget (package:flutter/src/widgets/framework.dart:4590:20)
#877    Element.updateChild (package:flutter/src/widgets/framework.dart:4059:18)
#878    ComponentElement.performRebuild (package:flutter/src/widgets/framework.dart:5844:16)
#879    StatefulElement.performRebuild (package:flutter/src/widgets/framework.dart:5985:11)
#880    Element.rebuild (package:flutter/src/widgets/framework.dart:5532:7)
#881    ComponentElement._firstBuild (package:flutter/src/widgets/framework.dart:5802:5)
#882    StatefulElement._firstBuild (package:flutter/src/widgets/framework.dart:5976:11)
#883    ComponentElement.mount (package:flutter/src/widgets/framework.dart:5796:5)
#884    Element.inflateWidget (package:flutter/src/widgets/framework.dart:4590:20)
#885    Element.updateChild (package:flutter/src/widgets/framework.dart:4059:18)
#886    SingleChildRenderObjectElement.mount (package:flutter/src/widgets/framework.dart:7118:14)
#887    Element.inflateWidget (package:flutter/src/widgets/framework.dart:4590:20)
#888    Element.updateChild (package:flutter/src/widgets/framework.dart:4059:18)
#889    ComponentElement.performRebuild (package:flutter/src/widgets/framework.dart:5844:16)
#890    Element.rebuild (package:flutter/src/widgets/framework.dart:5532:7)
#891    ComponentElement._firstBuild (package:flutter/src/widgets/framework.dart:5802:5)
#892    ComponentElement.mount (package:flutter/src/widgets/framework.dart:5796:5)
#893    Element.inflateWidget (package:flutter/src/widgets/framework.dart:4590:20)
#894    Element.updateChild (package:flutter/src/widgets/framework.dart:4059:18)
#895    ComponentElement.performRebuild (package:flutter/src/widgets/framework.dart:5844:16)
#896    StatefulElement.performRebuild (package:flutter/src/widgets/framework.dart:5985:11)
#897    Element.rebuild (package:flutter/src/widgets/framework.dart:5532:7)
#898    ComponentElement._firstBuild (package:flutter/src/widgets/framework.dart:5802:5)
#899    StatefulElement._firstBuild (package:flutter/src/widgets/framework.dart:5976:11)
#900    ComponentElement.mount (package:flutter/src/widgets/framework.dart:5796:5)
#901    Element.inflateWidget (package:flutter/src/widgets/framework.dart:4590:20)
#902    Element.updateChild (package:flutter/src/widgets/framework.dart:4059:18)
#903    ComponentElement.performRebuild (package:flutter/src/widgets/framework.dart:5844:16)
#904    Element.rebuild (package:flutter/src/widgets/framework.dart:5532:7)
#905    ComponentElement._firstBuild (package:flutter/src/widgets/framework.dart:5802:5)
#906    ComponentElement.mount (package:flutter/src/widgets/framework.dart:5796:5)
#907    Element.inflateWidget (package:flutter/src/widgets/framework.dart:4590:20)
#908    Element.updateChild (package:flutter/src/widgets/framework.dart:4059:18)
#909    ComponentElement.performRebuild (package:flutter/src/widgets/framework.dart:5844:16)
#910    Element.rebuild (package:flutter/src/widgets/framework.dart:5532:7)
#911    ComponentElement._firstBuild (package:flutter/src/widgets/framework.dart:5802:5)
#912    ComponentElement.mount (package:flutter/src/widgets/framework.dart:5796:5)
#913    Element.inflateWidget (package:flutter/src/widgets/framework.dart:4590:20)
#914    Element.updateChild (package:flutter/src/widgets/framework.dart:4059:18)
#915    ComponentElement.performRebuild (package:flutter/src/widgets/framework.dart:5844:16)
#916    StatefulElement.performRebuild (package:flutter/src/widgets/framework.dart:5985:11)
#917    Element.rebuild (package:flutter/src/widgets/framework.dart:5532:7)
#918    ComponentElement._firstBuild (package:flutter/src/widgets/framework.dart:5802:5)
#919    StatefulElement._firstBuild (package:flutter/src/widgets/framework.dart:5976:11)
#920    ComponentElement.mount (package:flutter/src/widgets/framework.dart:5796:5)
#921    Element.inflateWidget (package:flutter/src/widgets/framework.dart:4590:20)
#922    Element.updateChild (package:flutter/src/widgets/framework.dart:4053:20)
#923    ComponentElement.performRebuild (package:flutter/src/widgets/framework.dart:5844:16)
#924    Element.rebuild (package:flutter/src/widgets/framework.dart:5532:7)
#925    ProxyElement.update (package:flutter/src/widgets/framework.dart:6152:5)
#926    _InheritedNotifierElement.update
(package:flutter/src/widgets/inherited_notifier.dart:108:11)
#927    Element.updateChild (package:flutter/src/widgets/framework.dart:4037:15)
#928    ComponentElement.performRebuild (package:flutter/src/widgets/framework.dart:5844:16)
#929    StatefulElement.performRebuild (package:flutter/src/widgets/framework.dart:5985:11)
#930    Element.rebuild (package:flutter/src/widgets/framework.dart:5532:7)
#931    StatefulElement.update (package:flutter/src/widgets/framework.dart:6010:5)
#932    Element.updateChild (package:flutter/src/widgets/framework.dart:4037:15)
#933    ComponentElement.performRebuild (package:flutter/src/widgets/framework.dart:5844:16)
#934    Element.rebuild (package:flutter/src/widgets/framework.dart:5532:7)
#935    ProxyElement.update (package:flutter/src/widgets/framework.dart:6152:5)
#936    _InheritedNotifierElement.update
(package:flutter/src/widgets/inherited_notifier.dart:108:11)
#937    Element.updateChild (package:flutter/src/widgets/framework.dart:4037:15)
#938    ComponentElement.performRebuild (package:flutter/src/widgets/framework.dart:5844:16)
#939    StatefulElement.performRebuild (package:flutter/src/widgets/framework.dart:5985:11)
#940    Element.rebuild (package:flutter/src/widgets/framework.dart:5532:7)
#941    StatefulElement.update (package:flutter/src/widgets/framework.dart:6010:5)
#942    Element.updateChild (package:flutter/src/widgets/framework.dart:4037:15)
#943    ComponentElement.performRebuild (package:flutter/src/widgets/framework.dart:5844:16)
#944    StatefulElement.performRebuild (package:flutter/src/widgets/framework.dart:5985:11)
#945    Element.rebuild (package:flutter/src/widgets/framework.dart:5532:7)
#946    StatefulElement.update (package:flutter/src/widgets/framework.dart:6010:5)
#947    Element.updateChild (package:flutter/src/widgets/framework.dart:4037:15)
#948    ComponentElement.performRebuild (package:flutter/src/widgets/framework.dart:5844:16)
#949    Element.rebuild (package:flutter/src/widgets/framework.dart:5532:7)
#950    ProxyElement.update (package:flutter/src/widgets/framework.dart:6152:5)
#951    Element.updateChild (package:flutter/src/widgets/framework.dart:4037:15)
#952    ComponentElement.performRebuild (package:flutter/src/widgets/framework.dart:5844:16)
#953    StatefulElement.performRebuild (package:flutter/src/widgets/framework.dart:5985:11)
#954    Element.rebuild (package:flutter/src/widgets/framework.dart:5532:7)
#955    StatefulElement.update (package:flutter/src/widgets/framework.dart:6010:5)
#956    Element.updateChild (package:flutter/src/widgets/framework.dart:4037:15)
#957    ComponentElement.performRebuild (package:flutter/src/widgets/framework.dart:5844:16)
#958    Element.rebuild (package:flutter/src/widgets/framework.dart:5532:7)
#959    ProxyElement.update (package:flutter/src/widgets/framework.dart:6152:5)
#960    Element.updateChild (package:flutter/src/widgets/framework.dart:4037:15)
#961    ComponentElement.performRebuild (package:flutter/src/widgets/framework.dart:5844:16)
#962    Element.rebuild (package:flutter/src/widgets/framework.dart:5532:7)
#963    ProxyElement.update (package:flutter/src/widgets/framework.dart:6152:5)
#964    Element.updateChild (package:flutter/src/widgets/framework.dart:4037:15)
#965    _RawViewElement._updateChild (package:flutter/src/widgets/view.dart:481:16)
#966    _RawViewElement.update (package:flutter/src/widgets/view.dart:568:5)
#967    Element.updateChild (package:flutter/src/widgets/framework.dart:4037:15)
#968    ComponentElement.performRebuild (package:flutter/src/widgets/framework.dart:5844:16)
#969    Element.rebuild (package:flutter/src/widgets/framework.dart:5532:7)
#970    StatelessElement.update (package:flutter/src/widgets/framework.dart:5898:5)
#971    Element.updateChild (package:flutter/src/widgets/framework.dart:4037:15)
#972    ComponentElement.performRebuild (package:flutter/src/widgets/framework.dart:5844:16)
#973    StatefulElement.performRebuild (package:flutter/src/widgets/framework.dart:5985:11)
#974    Element.rebuild (package:flutter/src/widgets/framework.dart:5532:7)
#975    StatefulElement.update (package:flutter/src/widgets/framework.dart:6010:5)
#976    Element.updateChild (package:flutter/src/widgets/framework.dart:4037:15)
#977    RootElement._rebuild (package:flutter/src/widgets/binding.dart:1782:16)
#978    RootElement.update (package:flutter/src/widgets/binding.dart:1760:5)
#979    RootElement.performRebuild (package:flutter/src/widgets/binding.dart:1774:7)
#980    Element.rebuild (package:flutter/src/widgets/framework.dart:5532:7)
#981    BuildScope._tryRebuild (package:flutter/src/widgets/framework.dart:2750:15)
#982    BuildScope._flushDirtyElements (package:flutter/src/widgets/framework.dart:2807:11)
#983    BuildOwner.buildScope (package:flutter/src/widgets/framework.dart:3111:18)
#984    AutomatedTestWidgetsFlutterBinding.drawFrame (package:flutter_test/src/binding.dart:1506:19)
#985    RendererBinding._handlePersistentFrameCallback
(package:flutter/src/rendering/binding.dart:495:5)
#986    SchedulerBinding._invokeFrameCallback (package:flutter/src/scheduler/binding.dart:1434:15)
#987    SchedulerBinding.handleDrawFrame (package:flutter/src/scheduler/binding.dart:1347:9)
#988    AutomatedTestWidgetsFlutterBinding.pump.<anonymous closure>
(package:flutter_test/src/binding.dart:1335:9)
#989    _rootRun (dart:async/zone.dart:1525:13)
#990    _CustomZone.run (dart:async/zone.dart:1422:19)
#991    TestAsyncUtils.guard (package:flutter_test/src/test_async_utils.dart:74:41)
#992    AutomatedTestWidgetsFlutterBinding.pump (package:flutter_test/src/binding.dart:1324:27)
#993    WidgetTester.pumpWidget.<anonymous closure>
(package:flutter_test/src/widget_tester.dart:598:22)
#994    _rootRun (dart:async/zone.dart:1525:13)
#995    _CustomZone.run (dart:async/zone.dart:1422:19)
#996    TestAsyncUtils.guard (package:flutter_test/src/test_async_utils.dart:74:41)
#997    WidgetTester.pumpWidget (package:flutter_test/src/widget_tester.dart:595:27)
#998    main.<anonymous closure>
(file:///C:/Users/Tayyub/StudioProjects/qudwa/test/widgets/ayah_card_test.dart:50:18)
#999    testWidgets.<anonymous closure>.<anonymous closure>
(package:flutter_test/src/widget_tester.dart:192:29)
<asynchronous suspension>
#1000   TestWidgetsFlutterBinding._runTestBody (package:flutter_test/src/binding.dart:1059:5)
<asynchronous suspension>
#1001   StackZoneSpecification._registerCallback.<anonymous closure>
(package:stack_trace/src/stack_zone_specification.dart:114:42)
<asynchronous suspension>


And rethrown at:
#0      throwProviderException (package:riverpod/src/common/stack_trace.dart:10:3)
#1      $ResultError.valueOrProviderException (package:riverpod/src/common/result.dart:108:7)
#2      ProviderContainer.read (package:riverpod/src/core/provider_container.dart:914:29)
#3      Ref.read (package:riverpod/src/core/ref.dart:524:30)
#4      AppConfigViewModel._prefs (package:qudwa/viewmodels/settings_viewmodel.dart:159:39)
#5      AppConfigViewModel.build (package:qudwa/viewmodels/settings_viewmodel.dart:163:15)
#6      Notifier.runBuild (package:riverpod/src/providers/notifier/orphan.dart:70:21)
#7      $ClassProviderElement.create
(package:riverpod/src/core/provider/notifier_provider.dart:561:26)
#8      ProviderElement.buildState (package:riverpod/src/core/element.dart:665:28)
#9      ProviderElement.mount (package:riverpod/src/core/element.dart:517:7)
#10     ProviderElement.flush (package:riverpod/src/core/element.dart:620:7)
#11     $ProviderBaseImpl._addListener (package:riverpod/src/core/provider/provider.dart:117:24)
#12     _ProviderSelector._addListener (package:riverpod/src/core/modifiers/select.dart:137:26)
#13     ProviderElement.listen (package:riverpod/src/core/element.dart:901:28)
#14     Ref.listen (package:riverpod/src/core/ref.dart:681:21)
#15     AudioControlNotifier.build (package:qudwa/viewmodels/audio_viewmodel.dart:90:9)
#16     Notifier.runBuild (package:riverpod/src/providers/notifier/orphan.dart:70:21)
#17     $ClassProviderElement.create
(package:riverpod/src/core/provider/notifier_provider.dart:561:26)
#18     ProviderElement.buildState (package:riverpod/src/core/element.dart:665:28)
#19     ProviderElement.mount (package:riverpod/src/core/element.dart:517:7)
#20     ProviderElement.flush (package:riverpod/src/core/element.dart:620:7)
#21     $ProviderBaseImpl._addListener (package:riverpod/src/core/provider/provider.dart:117:24)
#22     _ProviderSelector._addListener (package:riverpod/src/core/modifiers/select.dart:137:26)
#23     ProviderContainer.listen (package:riverpod/src/core/provider_container.dart:954:26)
#24     ConsumerStatefulElement.watch.<anonymous closure>
(package:flutter_riverpod/src/core/consumer.dart:451:37)
#25     _LinkedHashMapMixin.putIfAbsent (dart:_compact_hash:675:23)
#26     ConsumerStatefulElement.watch (package:flutter_riverpod/src/core/consumer.dart:444:14)
#27     _AyahRowState.build (package:qudwa/features/quran/widgets/ayah_card.dart:109:36)
#28     StatefulElement.build (package:flutter/src/widgets/framework.dart:5934:27)
#29     ConsumerStatefulElement.build (package:flutter_riverpod/src/core/consumer.dart:421:20)
#30     ComponentElement.performRebuild (package:flutter/src/widgets/framework.dart:5820:15)
#31     StatefulElement.performRebuild (package:flutter/src/widgets/framework.dart:5985:11)
#32     Element.rebuild (package:flutter/src/widgets/framework.dart:5532:7)
#33     ComponentElement._firstBuild (package:flutter/src/widgets/framework.dart:5802:5)
#34     StatefulElement._firstBuild (package:flutter/src/widgets/framework.dart:5976:11)
#35     ComponentElement.mount (package:flutter/src/widgets/framework.dart:5796:5)
#36     Element.inflateWidget (package:flutter/src/widgets/framework.dart:4590:20)
#37     Element.updateChild (package:flutter/src/widgets/framework.dart:4059:18)
#38     ComponentElement.performRebuild (package:flutter/src/widgets/framework.dart:5844:16)
#39     Element.rebuild (package:flutter/src/widgets/framework.dart:5532:7)
#40     ComponentElement._firstBuild (package:flutter/src/widgets/framework.dart:5802:5)
#41     ComponentElement.mount (package:flutter/src/widgets/framework.dart:5796:5)
#42     Element.inflateWidget (package:flutter/src/widgets/framework.dart:4590:20)
#43     Element.updateChild (package:flutter/src/widgets/framework.dart:4059:18)
#44     ComponentElement.performRebuild (package:flutter/src/widgets/framework.dart:5844:16)
#45     StatefulElement.performRebuild (package:flutter/src/widgets/framework.dart:5985:11)
#46     Element.rebuild (package:flutter/src/widgets/framework.dart:5532:7)
#47     ComponentElement._firstBuild (package:flutter/src/widgets/framework.dart:5802:5)
#48     StatefulElement._firstBuild (package:flutter/src/widgets/framework.dart:5976:11)
#49     ComponentElement.mount (package:flutter/src/widgets/framework.dart:5796:5)
#50     Element.inflateWidget (package:flutter/src/widgets/framework.dart:4590:20)
#51     Element.updateChild (package:flutter/src/widgets/framework.dart:4059:18)
#52     ComponentElement.performRebuild (package:flutter/src/widgets/framework.dart:5844:16)
#53     StatefulElement.performRebuild (package:flutter/src/widgets/framework.dart:5985:11)
#54     Element.rebuild (package:flutter/src/widgets/framework.dart:5532:7)
#55     ComponentElement._firstBuild (package:flutter/src/widgets/framework.dart:5802:5)
#56     StatefulElement._firstBuild (package:flutter/src/widgets/framework.dart:5976:11)
#57     ComponentElement.mount (package:flutter/src/widgets/framework.dart:5796:5)
#58     Element.inflateWidget (package:flutter/src/widgets/framework.dart:4590:20)
#59     Element.updateChild (package:flutter/src/widgets/framework.dart:4059:18)
#60     ComponentElement.performRebuild (package:flutter/src/widgets/framework.dart:5844:16)
#61     Element.rebuild (package:flutter/src/widgets/framework.dart:5532:7)
#62     ComponentElement._firstBuild (package:flutter/src/widgets/framework.dart:5802:5)
#63     ComponentElement.mount (package:flutter/src/widgets/framework.dart:5796:5)
#64     Element.inflateWidget (package:flutter/src/widgets/framework.dart:4590:20)
#65     Element.updateChild (package:flutter/src/widgets/framework.dart:4059:18)
#66     ComponentElement.performRebuild (package:flutter/src/widgets/framework.dart:5844:16)
#67     Element.rebuild (package:flutter/src/widgets/framework.dart:5532:7)
#68     ComponentElement._firstBuild (package:flutter/src/widgets/framework.dart:5802:5)
#69     ComponentElement.mount (package:flutter/src/widgets/framework.dart:5796:5)
#70     Element.inflateWidget (package:flutter/src/widgets/framework.dart:4590:20)
#71     Element.updateChild (package:flutter/src/widgets/framework.dart:4059:18)
#72     ComponentElement.performRebuild (package:flutter/src/widgets/framework.dart:5844:16)
#73     Element.rebuild (package:flutter/src/widgets/framework.dart:5532:7)
#74     ComponentElement._firstBuild (package:flutter/src/widgets/framework.dart:5802:5)
#75     ComponentElement.mount (package:flutter/src/widgets/framework.dart:5796:5)
#76     Element.inflateWidget (package:flutter/src/widgets/framework.dart:4590:20)
#77     Element.updateChild (package:flutter/src/widgets/framework.dart:4059:18)
#78     ComponentElement.performRebuild (package:flutter/src/widgets/framework.dart:5844:16)
#79     Element.rebuild (package:flutter/src/widgets/framework.dart:5532:7)
#80     ComponentElement._firstBuild (package:flutter/src/widgets/framework.dart:5802:5)
#81     ComponentElement.mount (package:flutter/src/widgets/framework.dart:5796:5)
#82     Element.inflateWidget (package:flutter/src/widgets/framework.dart:4590:20)
#83     MultiChildRenderObjectElement.inflateWidget
(package:flutter/src/widgets/framework.dart:7269:36)
#84     MultiChildRenderObjectElement.mount (package:flutter/src/widgets/framework.dart:7285:32)
#85     Element.inflateWidget (package:flutter/src/widgets/framework.dart:4590:20)
#86     Element.updateChild (package:flutter/src/widgets/framework.dart:4059:18)
#87     ComponentElement.performRebuild (package:flutter/src/widgets/framework.dart:5844:16)
#88     Element.rebuild (package:flutter/src/widgets/framework.dart:5532:7)
#89     ComponentElement._firstBuild (package:flutter/src/widgets/framework.dart:5802:5)
#90     ComponentElement.mount (package:flutter/src/widgets/framework.dart:5796:5)
#91     Element.inflateWidget (package:flutter/src/widgets/framework.dart:4590:20)
#92     Element.updateChild (package:flutter/src/widgets/framework.dart:4059:18)
#93     ComponentElement.performRebuild (package:flutter/src/widgets/framework.dart:5844:16)
#94     StatefulElement.performRebuild (package:flutter/src/widgets/framework.dart:5985:11)
#95     Element.rebuild (package:flutter/src/widgets/framework.dart:5532:7)
#96     ComponentElement._firstBuild (package:flutter/src/widgets/framework.dart:5802:5)
#97     StatefulElement._firstBuild (package:flutter/src/widgets/framework.dart:5976:11)
#98     ComponentElement.mount (package:flutter/src/widgets/framework.dart:5796:5)
#99     Element.inflateWidget (package:flutter/src/widgets/framework.dart:4590:20)
#100    Element.updateChild (package:flutter/src/widgets/framework.dart:4059:18)
#101    ComponentElement.performRebuild (package:flutter/src/widgets/framework.dart:5844:16)
#102    StatefulElement.performRebuild (package:flutter/src/widgets/framework.dart:5985:11)
#103    Element.rebuild (package:flutter/src/widgets/framework.dart:5532:7)
#104    ComponentElement._firstBuild (package:flutter/src/widgets/framework.dart:5802:5)
#105    StatefulElement._firstBuild (package:flutter/src/widgets/framework.dart:5976:11)
#106    ComponentElement.mount (package:flutter/src/widgets/framework.dart:5796:5)
#107    Element.inflateWidget (package:flutter/src/widgets/framework.dart:4590:20)
#108    Element.updateChild (package:flutter/src/widgets/framework.dart:4059:18)
#109    ComponentElement.performRebuild (package:flutter/src/widgets/framework.dart:5844:16)
#110    Element.rebuild (package:flutter/src/widgets/framework.dart:5532:7)
#111    ComponentElement._firstBuild (package:flutter/src/widgets/framework.dart:5802:5)
#112    ComponentElement.mount (package:flutter/src/widgets/framework.dart:5796:5)
#113    Element.inflateWidget (package:flutter/src/widgets/framework.dart:4590:20)
#114    Element.updateChild (package:flutter/src/widgets/framework.dart:4059:18)
#115    ComponentElement.performRebuild (package:flutter/src/widgets/framework.dart:5844:16)
#116    StatefulElement.performRebuild (package:flutter/src/widgets/framework.dart:5985:11)
#117    Element.rebuild (package:flutter/src/widgets/framework.dart:5532:7)
#118    ComponentElement._firstBuild (package:flutter/src/widgets/framework.dart:5802:5)
#119    StatefulElement._firstBuild (package:flutter/src/widgets/framework.dart:5976:11)
#120    ComponentElement.mount (package:flutter/src/widgets/framework.dart:5796:5)
#121    Element.inflateWidget (package:flutter/src/widgets/framework.dart:4590:20)
#122    Element.updateChild (package:flutter/src/widgets/framework.dart:4059:18)
#123    SingleChildRenderObjectElement.mount (package:flutter/src/widgets/framework.dart:7118:14)
#124    Element.inflateWidget (package:flutter/src/widgets/framework.dart:4590:20)
#125    Element.updateChild (package:flutter/src/widgets/framework.dart:4059:18)
#126    ComponentElement.performRebuild (package:flutter/src/widgets/framework.dart:5844:16)
#127    Element.rebuild (package:flutter/src/widgets/framework.dart:5532:7)
#128    ComponentElement._firstBuild (package:flutter/src/widgets/framework.dart:5802:5)
#129    ComponentElement.mount (package:flutter/src/widgets/framework.dart:5796:5)
#130    Element.inflateWidget (package:flutter/src/widgets/framework.dart:4590:20)
#131    Element.updateChild (package:flutter/src/widgets/framework.dart:4059:18)
#132    SingleChildRenderObjectElement.mount (package:flutter/src/widgets/framework.dart:7118:14)
#133    Element.inflateWidget (package:flutter/src/widgets/framework.dart:4590:20)
#134    Element.updateChild (package:flutter/src/widgets/framework.dart:4059:18)
#135    ComponentElement.performRebuild (package:flutter/src/widgets/framework.dart:5844:16)
#136    StatefulElement.performRebuild (package:flutter/src/widgets/framework.dart:5985:11)
#137    Element.rebuild (package:flutter/src/widgets/framework.dart:5532:7)
#138    ComponentElement._firstBuild (package:flutter/src/widgets/framework.dart:5802:5)
#139    StatefulElement._firstBuild (package:flutter/src/widgets/framework.dart:5976:11)
#140    ComponentElement.mount (package:flutter/src/widgets/framework.dart:5796:5)
#141    Element.inflateWidget (package:flutter/src/widgets/framework.dart:4590:20)
#142    Element.updateChild (package:flutter/src/widgets/framework.dart:4059:18)
#143    ComponentElement.performRebuild (package:flutter/src/widgets/framework.dart:5844:16)
#144    StatefulElement.performRebuild (package:flutter/src/widgets/framework.dart:5985:11)
#145    Element.rebuild (package:flutter/src/widgets/framework.dart:5532:7)
#146    ComponentElement._firstBuild (package:flutter/src/widgets/framework.dart:5802:5)
#147    StatefulElement._firstBuild (package:flutter/src/widgets/framework.dart:5976:11)
#148    ComponentElement.mount (package:flutter/src/widgets/framework.dart:5796:5)
#149    Element.inflateWidget (package:flutter/src/widgets/framework.dart:4590:20)
#150    Element.updateChild (package:flutter/src/widgets/framework.dart:4059:18)
#151    ComponentElement.performRebuild (package:flutter/src/widgets/framework.dart:5844:16)
#152    Element.rebuild (package:flutter/src/widgets/framework.dart:5532:7)
#153    ComponentElement._firstBuild (package:flutter/src/widgets/framework.dart:5802:5)
#154    ComponentElement.mount (package:flutter/src/widgets/framework.dart:5796:5)
#155    Element.inflateWidget (package:flutter/src/widgets/framework.dart:4590:20)
#156    Element.updateChild (package:flutter/src/widgets/framework.dart:4059:18)
#157    ComponentElement.performRebuild (package:flutter/src/widgets/framework.dart:5844:16)
#158    Element.rebuild (package:flutter/src/widgets/framework.dart:5532:7)
#159    ComponentElement._firstBuild (package:flutter/src/widgets/framework.dart:5802:5)
#160    ComponentElement.mount (package:flutter/src/widgets/framework.dart:5796:5)
#161    Element.inflateWidget (package:flutter/src/widgets/framework.dart:4590:20)
#162    Element.updateChild (package:flutter/src/widgets/framework.dart:4059:18)
#163    ComponentElement.performRebuild (package:flutter/src/widgets/framework.dart:5844:16)
#164    Element.rebuild (package:flutter/src/widgets/framework.dart:5532:7)
#165    ComponentElement._firstBuild (package:flutter/src/widgets/framework.dart:5802:5)
#166    ComponentElement.mount (package:flutter/src/widgets/framework.dart:5796:5)
#167    Element.inflateWidget (package:flutter/src/widgets/framework.dart:4590:20)
#168    Element.updateChild (package:flutter/src/widgets/framework.dart:4059:18)
#169    ComponentElement.performRebuild (package:flutter/src/widgets/framework.dart:5844:16)
#170    StatefulElement.performRebuild (package:flutter/src/widgets/framework.dart:5985:11)
#171    Element.rebuild (package:flutter/src/widgets/framework.dart:5532:7)
#172    ComponentElement._firstBuild (package:flutter/src/widgets/framework.dart:5802:5)
#173    StatefulElement._firstBuild (package:flutter/src/widgets/framework.dart:5976:11)
#174    ComponentElement.mount (package:flutter/src/widgets/framework.dart:5796:5)
#175    Element.inflateWidget (package:flutter/src/widgets/framework.dart:4590:20)
#176    Element.updateChild (package:flutter/src/widgets/framework.dart:4059:18)
#177    ComponentElement.performRebuild (package:flutter/src/widgets/framework.dart:5844:16)
#178    Element.rebuild (package:flutter/src/widgets/framework.dart:5532:7)
#179    ComponentElement._firstBuild (package:flutter/src/widgets/framework.dart:5802:5)
#180    ComponentElement.mount (package:flutter/src/widgets/framework.dart:5796:5)
#181    Element.inflateWidget (package:flutter/src/widgets/framework.dart:4590:20)
#182    Element.updateChild (package:flutter/src/widgets/framework.dart:4059:18)
#183    ComponentElement.performRebuild (package:flutter/src/widgets/framework.dart:5844:16)
#184    StatefulElement.performRebuild (package:flutter/src/widgets/framework.dart:5985:11)
#185    Element.rebuild (package:flutter/src/widgets/framework.dart:5532:7)
#186    ComponentElement._firstBuild (package:flutter/src/widgets/framework.dart:5802:5)
#187    StatefulElement._firstBuild (package:flutter/src/widgets/framework.dart:5976:11)
#188    ComponentElement.mount (package:flutter/src/widgets/framework.dart:5796:5)
#189    Element.inflateWidget (package:flutter/src/widgets/framework.dart:4590:20)
#190    Element.updateChild (package:flutter/src/widgets/framework.dart:4059:18)
#191    SingleChildRenderObjectElement.mount (package:flutter/src/widgets/framework.dart:7118:14)
#192    Element.inflateWidget (package:flutter/src/widgets/framework.dart:4590:20)
#193    Element.updateChild (package:flutter/src/widgets/framework.dart:4059:18)
#194    ComponentElement.performRebuild (package:flutter/src/widgets/framework.dart:5844:16)
#195    Element.rebuild (package:flutter/src/widgets/framework.dart:5532:7)
#196    ComponentElement._firstBuild (package:flutter/src/widgets/framework.dart:5802:5)
#197    ComponentElement.mount (package:flutter/src/widgets/framework.dart:5796:5)
#198    Element.inflateWidget (package:flutter/src/widgets/framework.dart:4590:20)
#199    Element.updateChild (package:flutter/src/widgets/framework.dart:4059:18)
#200    SingleChildRenderObjectElement.mount (package:flutter/src/widgets/framework.dart:7118:14)
#201    Element.inflateWidget (package:flutter/src/widgets/framework.dart:4590:20)
#202    Element.updateChild (package:flutter/src/widgets/framework.dart:4059:18)
#203    SingleChildRenderObjectElement.mount (package:flutter/src/widgets/framework.dart:7118:14)
#204    Element.inflateWidget (package:flutter/src/widgets/framework.dart:4590:20)
#205    Element.updateChild (package:flutter/src/widgets/framework.dart:4059:18)
#206    ComponentElement.performRebuild (package:flutter/src/widgets/framework.dart:5844:16)
#207    StatefulElement.performRebuild (package:flutter/src/widgets/framework.dart:5985:11)
#208    Element.rebuild (package:flutter/src/widgets/framework.dart:5532:7)
#209    ComponentElement._firstBuild (package:flutter/src/widgets/framework.dart:5802:5)
#210    StatefulElement._firstBuild (package:flutter/src/widgets/framework.dart:5976:11)
#211    ComponentElement.mount (package:flutter/src/widgets/framework.dart:5796:5)
#212    Element.inflateWidget (package:flutter/src/widgets/framework.dart:4590:20)
#213    Element.updateChild (package:flutter/src/widgets/framework.dart:4059:18)
#214    SingleChildRenderObjectElement.mount (package:flutter/src/widgets/framework.dart:7118:14)
#215    Element.inflateWidget (package:flutter/src/widgets/framework.dart:4590:20)
#216    Element.updateChild (package:flutter/src/widgets/framework.dart:4059:18)
#217    ComponentElement.performRebuild (package:flutter/src/widgets/framework.dart:5844:16)
#218    StatefulElement.performRebuild (package:flutter/src/widgets/framework.dart:5985:11)
#219    Element.rebuild (package:flutter/src/widgets/framework.dart:5532:7)
#220    ComponentElement._firstBuild (package:flutter/src/widgets/framework.dart:5802:5)
#221    StatefulElement._firstBuild (package:flutter/src/widgets/framework.dart:5976:11)
#222    ComponentElement.mount (package:flutter/src/widgets/framework.dart:5796:5)
#223    Element.inflateWidget (package:flutter/src/widgets/framework.dart:4590:20)
#224    Element.updateChild (package:flutter/src/widgets/framework.dart:4059:18)
#225    SingleChildRenderObjectElement.mount (package:flutter/src/widgets/framework.dart:7118:14)
#226    Element.inflateWidget (package:flutter/src/widgets/framework.dart:4590:20)
#227    Element.updateChild (package:flutter/src/widgets/framework.dart:4059:18)
#228    SingleChildRenderObjectElement.mount (package:flutter/src/widgets/framework.dart:7118:14)
#229    Element.inflateWidget (package:flutter/src/widgets/framework.dart:4590:20)
#230    Element.updateChild (package:flutter/src/widgets/framework.dart:4059:18)
#231    ComponentElement.performRebuild (package:flutter/src/widgets/framework.dart:5844:16)
#232    StatefulElement.performRebuild (package:flutter/src/widgets/framework.dart:5985:11)
#233    Element.rebuild (package:flutter/src/widgets/framework.dart:5532:7)
#234    ComponentElement._firstBuild (package:flutter/src/widgets/framework.dart:5802:5)
#235    StatefulElement._firstBuild (package:flutter/src/widgets/framework.dart:5976:11)
#236    ComponentElement.mount (package:flutter/src/widgets/framework.dart:5796:5)
#237    Element.inflateWidget (package:flutter/src/widgets/framework.dart:4590:20)
#238    Element.updateChild (package:flutter/src/widgets/framework.dart:4059:18)
#239    SingleChildRenderObjectElement.mount (package:flutter/src/widgets/framework.dart:7118:14)
#240    Element.inflateWidget (package:flutter/src/widgets/framework.dart:4590:20)
#241    Element.updateChild (package:flutter/src/widgets/framework.dart:4059:18)
#242    ComponentElement.performRebuild (package:flutter/src/widgets/framework.dart:5844:16)
#243    StatefulElement.performRebuild (package:flutter/src/widgets/framework.dart:5985:11)
#244    Element.rebuild (package:flutter/src/widgets/framework.dart:5532:7)
#245    ComponentElement._firstBuild (package:flutter/src/widgets/framework.dart:5802:5)
#246    StatefulElement._firstBuild (package:flutter/src/widgets/framework.dart:5976:11)
#247    ComponentElement.mount (package:flutter/src/widgets/framework.dart:5796:5)
#248    Element.inflateWidget (package:flutter/src/widgets/framework.dart:4590:20)
#249    Element.updateChild (package:flutter/src/widgets/framework.dart:4059:18)
#250    SingleChildRenderObjectElement.mount (package:flutter/src/widgets/framework.dart:7118:14)
#251    Element.inflateWidget (package:flutter/src/widgets/framework.dart:4590:20)
#252    Element.updateChild (package:flutter/src/widgets/framework.dart:4059:18)
#253    SingleChildRenderObjectElement.mount (package:flutter/src/widgets/framework.dart:7118:14)
#254    Element.inflateWidget (package:flutter/src/widgets/framework.dart:4590:20)
#255    Element.updateChild (package:flutter/src/widgets/framework.dart:4059:18)
#256    ComponentElement.performRebuild (package:flutter/src/widgets/framework.dart:5844:16)
#257    StatefulElement.performRebuild (package:flutter/src/widgets/framework.dart:5985:11)
#258    Element.rebuild (package:flutter/src/widgets/framework.dart:5532:7)
#259    ComponentElement._firstBuild (package:flutter/src/widgets/framework.dart:5802:5)
#260    StatefulElement._firstBuild (package:flutter/src/widgets/framework.dart:5976:11)
#261    ComponentElement.mount (package:flutter/src/widgets/framework.dart:5796:5)
#262    Element.inflateWidget (package:flutter/src/widgets/framework.dart:4590:20)
#263    Element.updateChild (package:flutter/src/widgets/framework.dart:4059:18)
#264    SingleChildRenderObjectElement.mount (package:flutter/src/widgets/framework.dart:7118:14)
#265    Element.inflateWidget (package:flutter/src/widgets/framework.dart:4590:20)
#266    Element.updateChild (package:flutter/src/widgets/framework.dart:4059:18)
#267    SingleChildRenderObjectElement.mount (package:flutter/src/widgets/framework.dart:7118:14)
#268    Element.inflateWidget (package:flutter/src/widgets/framework.dart:4590:20)
#269    Element.updateChild (package:flutter/src/widgets/framework.dart:4059:18)
#270    SingleChildRenderObjectElement.mount (package:flutter/src/widgets/framework.dart:7118:14)
#271    Element.inflateWidget (package:flutter/src/widgets/framework.dart:4590:20)
#272    Element.updateChild (package:flutter/src/widgets/framework.dart:4059:18)
#273    ComponentElement.performRebuild (package:flutter/src/widgets/framework.dart:5844:16)
#274    StatefulElement.performRebuild (package:flutter/src/widgets/framework.dart:5985:11)
#275    Element.rebuild (package:flutter/src/widgets/framework.dart:5532:7)
#276    ComponentElement._firstBuild (package:flutter/src/widgets/framework.dart:5802:5)
#277    StatefulElement._firstBuild (package:flutter/src/widgets/framework.dart:5976:11)
#278    ComponentElement.mount (package:flutter/src/widgets/framework.dart:5796:5)
#279    Element.inflateWidget (package:flutter/src/widgets/framework.dart:4590:20)
#280    Element.updateChild (package:flutter/src/widgets/framework.dart:4059:18)
#281    SingleChildRenderObjectElement.mount (package:flutter/src/widgets/framework.dart:7118:14)
#282    Element.inflateWidget (package:flutter/src/widgets/framework.dart:4590:20)
#283    Element.updateChild (package:flutter/src/widgets/framework.dart:4059:18)
#284    ComponentElement.performRebuild (package:flutter/src/widgets/framework.dart:5844:16)
#285    StatefulElement.performRebuild (package:flutter/src/widgets/framework.dart:5985:11)
#286    Element.rebuild (package:flutter/src/widgets/framework.dart:5532:7)
#287    ComponentElement._firstBuild (package:flutter/src/widgets/framework.dart:5802:5)
#288    StatefulElement._firstBuild (package:flutter/src/widgets/framework.dart:5976:11)
#289    ComponentElement.mount (package:flutter/src/widgets/framework.dart:5796:5)
#290    Element.inflateWidget (package:flutter/src/widgets/framework.dart:4590:20)
#291    Element.updateChild (package:flutter/src/widgets/framework.dart:4059:18)
#292    ComponentElement.performRebuild (package:flutter/src/widgets/framework.dart:5844:16)
#293    Element.rebuild (package:flutter/src/widgets/framework.dart:5532:7)
#294    ComponentElement._firstBuild (package:flutter/src/widgets/framework.dart:5802:5)
#295    ComponentElement.mount (package:flutter/src/widgets/framework.dart:5796:5)
#296    Element.inflateWidget (package:flutter/src/widgets/framework.dart:4590:20)
#297    Element.updateChild (package:flutter/src/widgets/framework.dart:4059:18)
#298    ComponentElement.performRebuild (package:flutter/src/widgets/framework.dart:5844:16)
#299    StatefulElement.performRebuild (package:flutter/src/widgets/framework.dart:5985:11)
#300    Element.rebuild (package:flutter/src/widgets/framework.dart:5532:7)
#301    ComponentElement._firstBuild (package:flutter/src/widgets/framework.dart:5802:5)
#302    StatefulElement._firstBuild (package:flutter/src/widgets/framework.dart:5976:11)
#303    ComponentElement.mount (package:flutter/src/widgets/framework.dart:5796:5)
#304    Element.inflateWidget (package:flutter/src/widgets/framework.dart:4590:20)
#305    Element.updateChild (package:flutter/src/widgets/framework.dart:4059:18)
#306    ComponentElement.performRebuild (package:flutter/src/widgets/framework.dart:5844:16)
#307    StatefulElement.performRebuild (package:flutter/src/widgets/framework.dart:5985:11)
#308    Element.rebuild (package:flutter/src/widgets/framework.dart:5532:7)
#309    ComponentElement._firstBuild (package:flutter/src/widgets/framework.dart:5802:5)
#310    StatefulElement._firstBuild (package:flutter/src/widgets/framework.dart:5976:11)
#311    ComponentElement.mount (package:flutter/src/widgets/framework.dart:5796:5)
#312    Element.inflateWidget (package:flutter/src/widgets/framework.dart:4590:20)
#313    Element.updateChild (package:flutter/src/widgets/framework.dart:4059:18)
#314    ComponentElement.performRebuild (package:flutter/src/widgets/framework.dart:5844:16)
#315    StatefulElement.performRebuild (package:flutter/src/widgets/framework.dart:5985:11)
#316    Element.rebuild (package:flutter/src/widgets/framework.dart:5532:7)
#317    ComponentElement._firstBuild (package:flutter/src/widgets/framework.dart:5802:5)
#318    StatefulElement._firstBuild (package:flutter/src/widgets/framework.dart:5976:11)
#319    ComponentElement.mount (package:flutter/src/widgets/framework.dart:5796:5)
#320    Element.inflateWidget (package:flutter/src/widgets/framework.dart:4590:20)
#321    Element.updateChild (package:flutter/src/widgets/framework.dart:4059:18)
#322    SingleChildRenderObjectElement.mount (package:flutter/src/widgets/framework.dart:7118:14)
#323    Element.inflateWidget (package:flutter/src/widgets/framework.dart:4590:20)
#324    Element.updateChild (package:flutter/src/widgets/framework.dart:4059:18)
#325    ComponentElement.performRebuild (package:flutter/src/widgets/framework.dart:5844:16)
#326    Element.rebuild (package:flutter/src/widgets/framework.dart:5532:7)
#327    ComponentElement._firstBuild (package:flutter/src/widgets/framework.dart:5802:5)
#328    ComponentElement.mount (package:flutter/src/widgets/framework.dart:5796:5)
#329    Element.inflateWidget (package:flutter/src/widgets/framework.dart:4590:20)
#330    Element.updateChild (package:flutter/src/widgets/framework.dart:4059:18)
#331    SingleChildRenderObjectElement.mount (package:flutter/src/widgets/framework.dart:7118:14)
#332    Element.inflateWidget (package:flutter/src/widgets/framework.dart:4590:20)
#333    Element.updateChild (package:flutter/src/widgets/framework.dart:4059:18)
#334    ComponentElement.performRebuild (package:flutter/src/widgets/framework.dart:5844:16)
#335    StatefulElement.performRebuild (package:flutter/src/widgets/framework.dart:5985:11)
#336    Element.rebuild (package:flutter/src/widgets/framework.dart:5532:7)
#337    ComponentElement._firstBuild (package:flutter/src/widgets/framework.dart:5802:5)
#338    StatefulElement._firstBuild (package:flutter/src/widgets/framework.dart:5976:11)
#339    ComponentElement.mount (package:flutter/src/widgets/framework.dart:5796:5)
#340    Element.inflateWidget (package:flutter/src/widgets/framework.dart:4590:20)
#341    Element.updateChild (package:flutter/src/widgets/framework.dart:4059:18)
#342    ComponentElement.performRebuild (package:flutter/src/widgets/framework.dart:5844:16)
#343    Element.rebuild (package:flutter/src/widgets/framework.dart:5532:7)
#344    ComponentElement._firstBuild (package:flutter/src/widgets/framework.dart:5802:5)
#345    ComponentElement.mount (package:flutter/src/widgets/framework.dart:5796:5)
#346    Element.inflateWidget (package:flutter/src/widgets/framework.dart:4590:20)
#347    Element.updateChild (package:flutter/src/widgets/framework.dart:4059:18)
#348    ComponentElement.performRebuild (package:flutter/src/widgets/framework.dart:5844:16)
#349    Element.rebuild (package:flutter/src/widgets/framework.dart:5532:7)
#350    ComponentElement._firstBuild (package:flutter/src/widgets/framework.dart:5802:5)
#351    ComponentElement.mount (package:flutter/src/widgets/framework.dart:5796:5)
#352    Element.inflateWidget (package:flutter/src/widgets/framework.dart:4590:20)
#353    Element.updateChild (package:flutter/src/widgets/framework.dart:4059:18)
#354    ComponentElement.performRebuild (package:flutter/src/widgets/framework.dart:5844:16)
#355    StatefulElement.performRebuild (package:flutter/src/widgets/framework.dart:5985:11)
#356    Element.rebuild (package:flutter/src/widgets/framework.dart:5532:7)
#357    ComponentElement._firstBuild (package:flutter/src/widgets/framework.dart:5802:5)
#358    StatefulElement._firstBuild (package:flutter/src/widgets/framework.dart:5976:11)
#359    ComponentElement.mount (package:flutter/src/widgets/framework.dart:5796:5)
#360    Element.inflateWidget (package:flutter/src/widgets/framework.dart:4590:20)
#361    Element.updateChild (package:flutter/src/widgets/framework.dart:4059:18)
#362    ComponentElement.performRebuild (package:flutter/src/widgets/framework.dart:5844:16)
#363    Element.rebuild (package:flutter/src/widgets/framework.dart:5532:7)
#364    ComponentElement._firstBuild (package:flutter/src/widgets/framework.dart:5802:5)
#365    ComponentElement.mount (package:flutter/src/widgets/framework.dart:5796:5)
#366    Element.inflateWidget (package:flutter/src/widgets/framework.dart:4590:20)
#367    Element.updateChild (package:flutter/src/widgets/framework.dart:4059:18)
#368    ComponentElement.performRebuild (package:flutter/src/widgets/framework.dart:5844:16)
#369    Element.rebuild (package:flutter/src/widgets/framework.dart:5532:7)
#370    ComponentElement._firstBuild (package:flutter/src/widgets/framework.dart:5802:5)
#371    ComponentElement.mount (package:flutter/src/widgets/framework.dart:5796:5)
#372    Element.inflateWidget (package:flutter/src/widgets/framework.dart:4590:20)
#373    Element.updateChild (package:flutter/src/widgets/framework.dart:4059:18)
#374    SingleChildRenderObjectElement.mount (package:flutter/src/widgets/framework.dart:7118:14)
#375    Element.inflateWidget (package:flutter/src/widgets/framework.dart:4590:20)
#376    Element.updateChild (package:flutter/src/widgets/framework.dart:4059:18)
#377    ComponentElement.performRebuild (package:flutter/src/widgets/framework.dart:5844:16)
#378    Element.rebuild (package:flutter/src/widgets/framework.dart:5532:7)
#379    ComponentElement._firstBuild (package:flutter/src/widgets/framework.dart:5802:5)
#380    ComponentElement.mount (package:flutter/src/widgets/framework.dart:5796:5)
#381    Element.inflateWidget (package:flutter/src/widgets/framework.dart:4590:20)
#382    Element.updateChild (package:flutter/src/widgets/framework.dart:4059:18)
#383    ComponentElement.performRebuild (package:flutter/src/widgets/framework.dart:5844:16)
#384    Element.rebuild (package:flutter/src/widgets/framework.dart:5532:7)
#385    ComponentElement._firstBuild (package:flutter/src/widgets/framework.dart:5802:5)
#386    ComponentElement.mount (package:flutter/src/widgets/framework.dart:5796:5)
#387    Element.inflateWidget (package:flutter/src/widgets/framework.dart:4590:20)
#388    Element.updateChild (package:flutter/src/widgets/framework.dart:4059:18)
#389    ComponentElement.performRebuild (package:flutter/src/widgets/framework.dart:5844:16)
#390    StatefulElement.performRebuild (package:flutter/src/widgets/framework.dart:5985:11)
#391    Element.rebuild (package:flutter/src/widgets/framework.dart:5532:7)
#392    ComponentElement._firstBuild (package:flutter/src/widgets/framework.dart:5802:5)
#393    StatefulElement._firstBuild (package:flutter/src/widgets/framework.dart:5976:11)
#394    ComponentElement.mount (package:flutter/src/widgets/framework.dart:5796:5)
#395    Element.inflateWidget (package:flutter/src/widgets/framework.dart:4590:20)
#396    Element.updateChild (package:flutter/src/widgets/framework.dart:4059:18)
#397    ComponentElement.performRebuild (package:flutter/src/widgets/framework.dart:5844:16)
#398    StatefulElement.performRebuild (package:flutter/src/widgets/framework.dart:5985:11)
#399    Element.rebuild (package:flutter/src/widgets/framework.dart:5532:7)
#400    ComponentElement._firstBuild (package:flutter/src/widgets/framework.dart:5802:5)
#401    StatefulElement._firstBuild (package:flutter/src/widgets/framework.dart:5976:11)
#402    ComponentElement.mount (package:flutter/src/widgets/framework.dart:5796:5)
#403    Element.inflateWidget (package:flutter/src/widgets/framework.dart:4590:20)
#404    Element.updateChild (package:flutter/src/widgets/framework.dart:4059:18)
#405    ComponentElement.performRebuild (package:flutter/src/widgets/framework.dart:5844:16)
#406    StatefulElement.performRebuild (package:flutter/src/widgets/framework.dart:5985:11)
#407    Element.rebuild (package:flutter/src/widgets/framework.dart:5532:7)
#408    ComponentElement._firstBuild (package:flutter/src/widgets/framework.dart:5802:5)
#409    StatefulElement._firstBuild (package:flutter/src/widgets/framework.dart:5976:11)
#410    ComponentElement.mount (package:flutter/src/widgets/framework.dart:5796:5)
#411    Element.inflateWidget (package:flutter/src/widgets/framework.dart:4590:20)
#412    Element.updateChild (package:flutter/src/widgets/framework.dart:4059:18)
#413    SingleChildRenderObjectElement.mount (package:flutter/src/widgets/framework.dart:7118:14)
#414    Element.inflateWidget (package:flutter/src/widgets/framework.dart:4590:20)
#415    Element.updateChild (package:flutter/src/widgets/framework.dart:4059:18)
#416    ComponentElement.performRebuild (package:flutter/src/widgets/framework.dart:5844:16)
#417    Element.rebuild (package:flutter/src/widgets/framework.dart:5532:7)
#418    ComponentElement._firstBuild (package:flutter/src/widgets/framework.dart:5802:5)
#419    ComponentElement.mount (package:flutter/src/widgets/framework.dart:5796:5)
#420    Element.inflateWidget (package:flutter/src/widgets/framework.dart:4590:20)
#421    Element.updateChild (package:flutter/src/widgets/framework.dart:4059:18)
#422    ComponentElement.performRebuild (package:flutter/src/widgets/framework.dart:5844:16)
#423    Element.rebuild (package:flutter/src/widgets/framework.dart:5532:7)
#424    ComponentElement._firstBuild (package:flutter/src/widgets/framework.dart:5802:5)
#425    ComponentElement.mount (package:flutter/src/widgets/framework.dart:5796:5)
#426    Element.inflateWidget (package:flutter/src/widgets/framework.dart:4590:20)
#427    Element.updateChild (package:flutter/src/widgets/framework.dart:4059:18)
#428    ComponentElement.performRebuild (package:flutter/src/widgets/framework.dart:5844:16)
#429    Element.rebuild (package:flutter/src/widgets/framework.dart:5532:7)
#430    ComponentElement._firstBuild (package:flutter/src/widgets/framework.dart:5802:5)
#431    ComponentElement.mount (package:flutter/src/widgets/framework.dart:5796:5)
#432    Element.inflateWidget (package:flutter/src/widgets/framework.dart:4590:20)
#433    Element.updateChild (package:flutter/src/widgets/framework.dart:4059:18)
#434    ComponentElement.performRebuild (package:flutter/src/widgets/framework.dart:5844:16)
#435    StatefulElement.performRebuild (package:flutter/src/widgets/framework.dart:5985:11)
#436    Element.rebuild (package:flutter/src/widgets/framework.dart:5532:7)
#437    ComponentElement._firstBuild (package:flutter/src/widgets/framework.dart:5802:5)
#438    StatefulElement._firstBuild (package:flutter/src/widgets/framework.dart:5976:11)
#439    ComponentElement.mount (package:flutter/src/widgets/framework.dart:5796:5)
#440    Element.inflateWidget (package:flutter/src/widgets/framework.dart:4590:20)
#441    Element.updateChild (package:flutter/src/widgets/framework.dart:4059:18)
#442    ComponentElement.performRebuild (package:flutter/src/widgets/framework.dart:5844:16)
#443    StatefulElement.performRebuild (package:flutter/src/widgets/framework.dart:5985:11)
#444    Element.rebuild (package:flutter/src/widgets/framework.dart:5532:7)
#445    ComponentElement._firstBuild (package:flutter/src/widgets/framework.dart:5802:5)
#446    StatefulElement._firstBuild (package:flutter/src/widgets/framework.dart:5976:11)
#447    ComponentElement.mount (package:flutter/src/widgets/framework.dart:5796:5)
#448    Element.inflateWidget (package:flutter/src/widgets/framework.dart:4590:20)
#449    MultiChildRenderObjectElement.inflateWidget
(package:flutter/src/widgets/framework.dart:7269:36)
#450    MultiChildRenderObjectElement.mount (package:flutter/src/widgets/framework.dart:7285:32)
#451    Element.inflateWidget (package:flutter/src/widgets/framework.dart:4590:20)
#452    Element.updateChild (package:flutter/src/widgets/framework.dart:4059:18)
#453    ComponentElement.performRebuild (package:flutter/src/widgets/framework.dart:5844:16)
#454    StatefulElement.performRebuild (package:flutter/src/widgets/framework.dart:5985:11)
#455    Element.rebuild (package:flutter/src/widgets/framework.dart:5532:7)
#456    ComponentElement._firstBuild (package:flutter/src/widgets/framework.dart:5802:5)
#457    StatefulElement._firstBuild (package:flutter/src/widgets/framework.dart:5976:11)
#458    ComponentElement.mount (package:flutter/src/widgets/framework.dart:5796:5)
#459    Element.inflateWidget (package:flutter/src/widgets/framework.dart:4590:20)
#460    Element.updateChild (package:flutter/src/widgets/framework.dart:4059:18)
#461    ComponentElement.performRebuild (package:flutter/src/widgets/framework.dart:5844:16)
#462    Element.rebuild (package:flutter/src/widgets/framework.dart:5532:7)
#463    ComponentElement._firstBuild (package:flutter/src/widgets/framework.dart:5802:5)
#464    ComponentElement.mount (package:flutter/src/widgets/framework.dart:5796:5)
#465    Element.inflateWidget (package:flutter/src/widgets/framework.dart:4590:20)
#466    Element.updateChild (package:flutter/src/widgets/framework.dart:4059:18)
#467    ComponentElement.performRebuild (package:flutter/src/widgets/framework.dart:5844:16)
#468    Element.rebuild (package:flutter/src/widgets/framework.dart:5532:7)
#469    ComponentElement._firstBuild (package:flutter/src/widgets/framework.dart:5802:5)
#470    ComponentElement.mount (package:flutter/src/widgets/framework.dart:5796:5)
#471    Element.inflateWidget (package:flutter/src/widgets/framework.dart:4590:20)
#472    Element.updateChild (package:flutter/src/widgets/framework.dart:4059:18)
#473    ComponentElement.performRebuild (package:flutter/src/widgets/framework.dart:5844:16)
#474    StatefulElement.performRebuild (package:flutter/src/widgets/framework.dart:5985:11)
#475    Element.rebuild (package:flutter/src/widgets/framework.dart:5532:7)
#476    ComponentElement._firstBuild (package:flutter/src/widgets/framework.dart:5802:5)
#477    StatefulElement._firstBuild (package:flutter/src/widgets/framework.dart:5976:11)
#478    ComponentElement.mount (package:flutter/src/widgets/framework.dart:5796:5)
#479    Element.inflateWidget (package:flutter/src/widgets/framework.dart:4590:20)
#480    Element.updateChild (package:flutter/src/widgets/framework.dart:4059:18)
#481    ComponentElement.performRebuild (package:flutter/src/widgets/framework.dart:5844:16)
#482    Element.rebuild (package:flutter/src/widgets/framework.dart:5532:7)
#483    ComponentElement._firstBuild (package:flutter/src/widgets/framework.dart:5802:5)
#484    ComponentElement.mount (package:flutter/src/widgets/framework.dart:5796:5)
#485    Element.inflateWidget (package:flutter/src/widgets/framework.dart:4590:20)
#486    Element.updateChild (package:flutter/src/widgets/framework.dart:4059:18)
#487    ComponentElement.performRebuild (package:flutter/src/widgets/framework.dart:5844:16)
#488    StatefulElement.performRebuild (package:flutter/src/widgets/framework.dart:5985:11)
#489    Element.rebuild (package:flutter/src/widgets/framework.dart:5532:7)
#490    ComponentElement._firstBuild (package:flutter/src/widgets/framework.dart:5802:5)
#491    StatefulElement._firstBuild (package:flutter/src/widgets/framework.dart:5976:11)
#492    ComponentElement.mount (package:flutter/src/widgets/framework.dart:5796:5)
#493    Element.inflateWidget (package:flutter/src/widgets/framework.dart:4590:20)
#494    Element.updateChild (package:flutter/src/widgets/framework.dart:4059:18)
#495    ComponentElement.performRebuild (package:flutter/src/widgets/framework.dart:5844:16)
#496    StatefulElement.performRebuild (package:flutter/src/widgets/framework.dart:5985:11)
#497    Element.rebuild (package:flutter/src/widgets/framework.dart:5532:7)
#498    ComponentElement._firstBuild (package:flutter/src/widgets/framework.dart:5802:5)
#499    StatefulElement._firstBuild (package:flutter/src/widgets/framework.dart:5976:11)
#500    ComponentElement.mount (package:flutter/src/widgets/framework.dart:5796:5)
#501    Element.inflateWidget (package:flutter/src/widgets/framework.dart:4590:20)
#502    Element.updateChild (package:flutter/src/widgets/framework.dart:4059:18)
#503    SingleChildRenderObjectElement.mount (package:flutter/src/widgets/framework.dart:7118:14)
#504    Element.inflateWidget (package:flutter/src/widgets/framework.dart:4590:20)
#505    Element.updateChild (package:flutter/src/widgets/framework.dart:4059:18)
#506    SingleChildRenderObjectElement.mount (package:flutter/src/widgets/framework.dart:7118:14)
#507    Element.inflateWidget (package:flutter/src/widgets/framework.dart:4590:20)
#508    Element.updateChild (package:flutter/src/widgets/framework.dart:4059:18)
#509    ComponentElement.performRebuild (package:flutter/src/widgets/framework.dart:5844:16)
#510    Element.rebuild (package:flutter/src/widgets/framework.dart:5532:7)
#511    ComponentElement._firstBuild (package:flutter/src/widgets/framework.dart:5802:5)
#512    ComponentElement.mount (package:flutter/src/widgets/framework.dart:5796:5)
#513    Element.inflateWidget (package:flutter/src/widgets/framework.dart:4590:20)
#514    Element.updateChild (package:flutter/src/widgets/framework.dart:4059:18)
#515    ComponentElement.performRebuild (package:flutter/src/widgets/framework.dart:5844:16)
#516    Element.rebuild (package:flutter/src/widgets/framework.dart:5532:7)
#517    ComponentElement._firstBuild (package:flutter/src/widgets/framework.dart:5802:5)
#518    ComponentElement.mount (package:flutter/src/widgets/framework.dart:5796:5)
#519    Element.inflateWidget (package:flutter/src/widgets/framework.dart:4590:20)
#520    Element.updateChild (package:flutter/src/widgets/framework.dart:4059:18)
#521    ComponentElement.performRebuild (package:flutter/src/widgets/framework.dart:5844:16)
#522    StatefulElement.performRebuild (package:flutter/src/widgets/framework.dart:5985:11)
#523    Element.rebuild (package:flutter/src/widgets/framework.dart:5532:7)
#524    ComponentElement._firstBuild (package:flutter/src/widgets/framework.dart:5802:5)
#525    StatefulElement._firstBuild (package:flutter/src/widgets/framework.dart:5976:11)
#526    ComponentElement.mount (package:flutter/src/widgets/framework.dart:5796:5)
#527    Element.inflateWidget (package:flutter/src/widgets/framework.dart:4590:20)
#528    Element.updateChild (package:flutter/src/widgets/framework.dart:4059:18)
#529    ComponentElement.performRebuild (package:flutter/src/widgets/framework.dart:5844:16)
#530    Element.rebuild (package:flutter/src/widgets/framework.dart:5532:7)
#531    ComponentElement._firstBuild (package:flutter/src/widgets/framework.dart:5802:5)
#532    ComponentElement.mount (package:flutter/src/widgets/framework.dart:5796:5)
#533    Element.inflateWidget (package:flutter/src/widgets/framework.dart:4590:20)
#534    Element.updateChild (package:flutter/src/widgets/framework.dart:4059:18)
#535    SingleChildRenderObjectElement.mount (package:flutter/src/widgets/framework.dart:7118:14)
#536    Element.inflateWidget (package:flutter/src/widgets/framework.dart:4590:20)
#537    Element.updateChild (package:flutter/src/widgets/framework.dart:4059:18)
#538    ComponentElement.performRebuild (package:flutter/src/widgets/framework.dart:5844:16)
#539    StatefulElement.performRebuild (package:flutter/src/widgets/framework.dart:5985:11)
#540    Element.rebuild (package:flutter/src/widgets/framework.dart:5532:7)
#541    ComponentElement._firstBuild (package:flutter/src/widgets/framework.dart:5802:5)
#542    StatefulElement._firstBuild (package:flutter/src/widgets/framework.dart:5976:11)
#543    ComponentElement.mount (package:flutter/src/widgets/framework.dart:5796:5)
#544    Element.inflateWidget (package:flutter/src/widgets/framework.dart:4590:20)
#545    Element.updateChild (package:flutter/src/widgets/framework.dart:4059:18)
#546    ComponentElement.performRebuild (package:flutter/src/widgets/framework.dart:5844:16)
#547    Element.rebuild (package:flutter/src/widgets/framework.dart:5532:7)
#548    ComponentElement._firstBuild (package:flutter/src/widgets/framework.dart:5802:5)
#549    ComponentElement.mount (package:flutter/src/widgets/framework.dart:5796:5)
#550    Element.inflateWidget (package:flutter/src/widgets/framework.dart:4590:20)
#551    Element.updateChild (package:flutter/src/widgets/framework.dart:4059:18)
#552    ComponentElement.performRebuild (package:flutter/src/widgets/framework.dart:5844:16)
#553    Element.rebuild (package:flutter/src/widgets/framework.dart:5532:7)
#554    ComponentElement._firstBuild (package:flutter/src/widgets/framework.dart:5802:5)
#555    ComponentElement.mount (package:flutter/src/widgets/framework.dart:5796:5)
#556    Element.inflateWidget (package:flutter/src/widgets/framework.dart:4590:20)
#557    Element.updateChild (package:flutter/src/widgets/framework.dart:4059:18)
#558    ComponentElement.performRebuild (package:flutter/src/widgets/framework.dart:5844:16)
#559    StatefulElement.performRebuild (package:flutter/src/widgets/framework.dart:5985:11)
#560    Element.rebuild (package:flutter/src/widgets/framework.dart:5532:7)
#561    ComponentElement._firstBuild (package:flutter/src/widgets/framework.dart:5802:5)
#562    StatefulElement._firstBuild (package:flutter/src/widgets/framework.dart:5976:11)
#563    ComponentElement.mount (package:flutter/src/widgets/framework.dart:5796:5)
#564    Element.inflateWidget (package:flutter/src/widgets/framework.dart:4590:20)
#565    Element.updateChild (package:flutter/src/widgets/framework.dart:4059:18)
#566    ComponentElement.performRebuild (package:flutter/src/widgets/framework.dart:5844:16)
#567    Element.rebuild (package:flutter/src/widgets/framework.dart:5532:7)
#568    ComponentElement._firstBuild (package:flutter/src/widgets/framework.dart:5802:5)
#569    ComponentElement.mount (package:flutter/src/widgets/framework.dart:5796:5)
#570    Element.inflateWidget (package:flutter/src/widgets/framework.dart:4590:20)
#571    Element.updateChild (package:flutter/src/widgets/framework.dart:4059:18)
#572    ComponentElement.performRebuild (package:flutter/src/widgets/framework.dart:5844:16)
#573    Element.rebuild (package:flutter/src/widgets/framework.dart:5532:7)
#574    ComponentElement._firstBuild (package:flutter/src/widgets/framework.dart:5802:5)
#575    ComponentElement.mount (package:flutter/src/widgets/framework.dart:5796:5)
#576    Element.inflateWidget (package:flutter/src/widgets/framework.dart:4590:20)
#577    Element.updateChild (package:flutter/src/widgets/framework.dart:4059:18)
#578    ComponentElement.performRebuild (package:flutter/src/widgets/framework.dart:5844:16)
#579    Element.rebuild (package:flutter/src/widgets/framework.dart:5532:7)
#580    ComponentElement._firstBuild (package:flutter/src/widgets/framework.dart:5802:5)
#581    ComponentElement.mount (package:flutter/src/widgets/framework.dart:5796:5)
#582    Element.inflateWidget (package:flutter/src/widgets/framework.dart:4590:20)
#583    Element.updateChild (package:flutter/src/widgets/framework.dart:4059:18)
#584    ComponentElement.performRebuild (package:flutter/src/widgets/framework.dart:5844:16)
#585    Element.rebuild (package:flutter/src/widgets/framework.dart:5532:7)
#586    ComponentElement._firstBuild (package:flutter/src/widgets/framework.dart:5802:5)
#587    ComponentElement.mount (package:flutter/src/widgets/framework.dart:5796:5)
#588    Element.inflateWidget (package:flutter/src/widgets/framework.dart:4590:20)
#589    Element.updateChild (package:flutter/src/widgets/framework.dart:4059:18)
#590    ComponentElement.performRebuild (package:flutter/src/widgets/framework.dart:5844:16)
#591    Element.rebuild (package:flutter/src/widgets/framework.dart:5532:7)
#592    ComponentElement._firstBuild (package:flutter/src/widgets/framework.dart:5802:5)
#593    ComponentElement.mount (package:flutter/src/widgets/framework.dart:5796:5)
#594    Element.inflateWidget (package:flutter/src/widgets/framework.dart:4590:20)
#595    Element.updateChild (package:flutter/src/widgets/framework.dart:4059:18)
#596    ComponentElement.performRebuild (package:flutter/src/widgets/framework.dart:5844:16)
#597    Element.rebuild (package:flutter/src/widgets/framework.dart:5532:7)
#598    ComponentElement._firstBuild (package:flutter/src/widgets/framework.dart:5802:5)
#599    ComponentElement.mount (package:flutter/src/widgets/framework.dart:5796:5)
#600    Element.inflateWidget (package:flutter/src/widgets/framework.dart:4590:20)
#601    Element.updateChild (package:flutter/src/widgets/framework.dart:4059:18)
#602    ComponentElement.performRebuild (package:flutter/src/widgets/framework.dart:5844:16)
#603    Element.rebuild (package:flutter/src/widgets/framework.dart:5532:7)
#604    ComponentElement._firstBuild (package:flutter/src/widgets/framework.dart:5802:5)
#605    ComponentElement.mount (package:flutter/src/widgets/framework.dart:5796:5)
#606    Element.inflateWidget (package:flutter/src/widgets/framework.dart:4590:20)
#607    Element.updateChild (package:flutter/src/widgets/framework.dart:4059:18)
#608    ComponentElement.performRebuild (package:flutter/src/widgets/framework.dart:5844:16)
#609    StatefulElement.performRebuild (package:flutter/src/widgets/framework.dart:5985:11)
#610    Element.rebuild (package:flutter/src/widgets/framework.dart:5532:7)
#611    ComponentElement._firstBuild (package:flutter/src/widgets/framework.dart:5802:5)
#612    StatefulElement._firstBuild (package:flutter/src/widgets/framework.dart:5976:11)
#613    ComponentElement.mount (package:flutter/src/widgets/framework.dart:5796:5)
#614    Element.inflateWidget (package:flutter/src/widgets/framework.dart:4590:20)
#615    Element.updateChild (package:flutter/src/widgets/framework.dart:4059:18)
#616    ComponentElement.performRebuild (package:flutter/src/widgets/framework.dart:5844:16)
#617    Element.rebuild (package:flutter/src/widgets/framework.dart:5532:7)
#618    ComponentElement._firstBuild (package:flutter/src/widgets/framework.dart:5802:5)
#619    ComponentElement.mount (package:flutter/src/widgets/framework.dart:5796:5)
#620    Element.inflateWidget (package:flutter/src/widgets/framework.dart:4590:20)
#621    Element.updateChild (package:flutter/src/widgets/framework.dart:4059:18)
#622    ComponentElement.performRebuild (package:flutter/src/widgets/framework.dart:5844:16)
#623    Element.rebuild (package:flutter/src/widgets/framework.dart:5532:7)
#624    ComponentElement._firstBuild (package:flutter/src/widgets/framework.dart:5802:5)
#625    ComponentElement.mount (package:flutter/src/widgets/framework.dart:5796:5)
#626    Element.inflateWidget (package:flutter/src/widgets/framework.dart:4590:20)
#627    Element.updateChild (package:flutter/src/widgets/framework.dart:4059:18)
#628    ComponentElement.performRebuild (package:flutter/src/widgets/framework.dart:5844:16)
#629    StatefulElement.performRebuild (package:flutter/src/widgets/framework.dart:5985:11)
#630    Element.rebuild (package:flutter/src/widgets/framework.dart:5532:7)
#631    ComponentElement._firstBuild (package:flutter/src/widgets/framework.dart:5802:5)
#632    StatefulElement._firstBuild (package:flutter/src/widgets/framework.dart:5976:11)
#633    ComponentElement.mount (package:flutter/src/widgets/framework.dart:5796:5)
#634    Element.inflateWidget (package:flutter/src/widgets/framework.dart:4590:20)
#635    Element.updateChild (package:flutter/src/widgets/framework.dart:4059:18)
#636    SingleChildRenderObjectElement.mount (package:flutter/src/widgets/framework.dart:7118:14)
#637    Element.inflateWidget (package:flutter/src/widgets/framework.dart:4590:20)
#638    Element.updateChild (package:flutter/src/widgets/framework.dart:4059:18)
#639    ComponentElement.performRebuild (package:flutter/src/widgets/framework.dart:5844:16)
#640    StatefulElement.performRebuild (package:flutter/src/widgets/framework.dart:5985:11)
#641    Element.rebuild (package:flutter/src/widgets/framework.dart:5532:7)
#642    ComponentElement._firstBuild (package:flutter/src/widgets/framework.dart:5802:5)
#643    StatefulElement._firstBuild (package:flutter/src/widgets/framework.dart:5976:11)
#644    ComponentElement.mount (package:flutter/src/widgets/framework.dart:5796:5)
#645    Element.inflateWidget (package:flutter/src/widgets/framework.dart:4590:20)
#646    Element.updateChild (package:flutter/src/widgets/framework.dart:4059:18)
#647    ComponentElement.performRebuild (package:flutter/src/widgets/framework.dart:5844:16)
#648    Element.rebuild (package:flutter/src/widgets/framework.dart:5532:7)
#649    ComponentElement._firstBuild (package:flutter/src/widgets/framework.dart:5802:5)
#650    ComponentElement.mount (package:flutter/src/widgets/framework.dart:5796:5)
#651    Element.inflateWidget (package:flutter/src/widgets/framework.dart:4590:20)
#652    Element.updateChild (package:flutter/src/widgets/framework.dart:4059:18)
#653    ComponentElement.performRebuild (package:flutter/src/widgets/framework.dart:5844:16)
#654    Element.rebuild (package:flutter/src/widgets/framework.dart:5532:7)
#655    ComponentElement._firstBuild (package:flutter/src/widgets/framework.dart:5802:5)
#656    ComponentElement.mount (package:flutter/src/widgets/framework.dart:5796:5)
#657    Element.inflateWidget (package:flutter/src/widgets/framework.dart:4590:20)
#658    Element.updateChild (package:flutter/src/widgets/framework.dart:4059:18)
#659    ComponentElement.performRebuild (package:flutter/src/widgets/framework.dart:5844:16)
#660    Element.rebuild (package:flutter/src/widgets/framework.dart:5532:7)
#661    ComponentElement._firstBuild (package:flutter/src/widgets/framework.dart:5802:5)
#662    ComponentElement.mount (package:flutter/src/widgets/framework.dart:5796:5)
#663    Element.inflateWidget (package:flutter/src/widgets/framework.dart:4590:20)
#664    Element.updateChild (package:flutter/src/widgets/framework.dart:4059:18)
#665    ComponentElement.performRebuild (package:flutter/src/widgets/framework.dart:5844:16)
#666    Element.rebuild (package:flutter/src/widgets/framework.dart:5532:7)
#667    ComponentElement._firstBuild (package:flutter/src/widgets/framework.dart:5802:5)
#668    ComponentElement.mount (package:flutter/src/widgets/framework.dart:5796:5)
#669    Element.inflateWidget (package:flutter/src/widgets/framework.dart:4590:20)
#670    Element.updateChild (package:flutter/src/widgets/framework.dart:4059:18)
#671    SingleChildRenderObjectElement.mount (package:flutter/src/widgets/framework.dart:7118:14)
#672    Element.inflateWidget (package:flutter/src/widgets/framework.dart:4590:20)
#673    Element.updateChild (package:flutter/src/widgets/framework.dart:4059:18)
#674    ComponentElement.performRebuild (package:flutter/src/widgets/framework.dart:5844:16)
#675    StatefulElement.performRebuild (package:flutter/src/widgets/framework.dart:5985:11)
#676    Element.rebuild (package:flutter/src/widgets/framework.dart:5532:7)
#677    ComponentElement._firstBuild (package:flutter/src/widgets/framework.dart:5802:5)
#678    StatefulElement._firstBuild (package:flutter/src/widgets/framework.dart:5976:11)
#679    ComponentElement.mount (package:flutter/src/widgets/framework.dart:5796:5)
#680    Element.inflateWidget (package:flutter/src/widgets/framework.dart:4590:20)
#681    Element.updateChild (package:flutter/src/widgets/framework.dart:4059:18)
#682    ComponentElement.performRebuild (package:flutter/src/widgets/framework.dart:5844:16)
#683    StatefulElement.performRebuild (package:flutter/src/widgets/framework.dart:5985:11)
#684    Element.rebuild (package:flutter/src/widgets/framework.dart:5532:7)
#685    ComponentElement._firstBuild (package:flutter/src/widgets/framework.dart:5802:5)
#686    StatefulElement._firstBuild (package:flutter/src/widgets/framework.dart:5976:11)
#687    ComponentElement.mount (package:flutter/src/widgets/framework.dart:5796:5)
#688    Element.inflateWidget (package:flutter/src/widgets/framework.dart:4590:20)
#689    Element.updateChild (package:flutter/src/widgets/framework.dart:4059:18)
#690    SingleChildRenderObjectElement.mount (package:flutter/src/widgets/framework.dart:7118:14)
#691    Element.inflateWidget (package:flutter/src/widgets/framework.dart:4590:20)
#692    Element.updateChild (package:flutter/src/widgets/framework.dart:4059:18)
#693    ComponentElement.performRebuild (package:flutter/src/widgets/framework.dart:5844:16)
#694    Element.rebuild (package:flutter/src/widgets/framework.dart:5532:7)
#695    ComponentElement._firstBuild (package:flutter/src/widgets/framework.dart:5802:5)
#696    ComponentElement.mount (package:flutter/src/widgets/framework.dart:5796:5)
#697    Element.inflateWidget (package:flutter/src/widgets/framework.dart:4590:20)
#698    Element.updateChild (package:flutter/src/widgets/framework.dart:4059:18)
#699    ComponentElement.performRebuild (package:flutter/src/widgets/framework.dart:5844:16)
#700    StatefulElement.performRebuild (package:flutter/src/widgets/framework.dart:5985:11)
#701    Element.rebuild (package:flutter/src/widgets/framework.dart:5532:7)
#702    ComponentElement._firstBuild (package:flutter/src/widgets/framework.dart:5802:5)
#703    StatefulElement._firstBuild (package:flutter/src/widgets/framework.dart:5976:11)
#704    ComponentElement.mount (package:flutter/src/widgets/framework.dart:5796:5)
#705    Element.inflateWidget (package:flutter/src/widgets/framework.dart:4590:20)
#706    Element.updateChild (package:flutter/src/widgets/framework.dart:4059:18)
#707    ComponentElement.performRebuild (package:flutter/src/widgets/framework.dart:5844:16)
#708    StatefulElement.performRebuild (package:flutter/src/widgets/framework.dart:5985:11)
#709    Element.rebuild (package:flutter/src/widgets/framework.dart:5532:7)
#710    ComponentElement._firstBuild (package:flutter/src/widgets/framework.dart:5802:5)
#711    StatefulElement._firstBuild (package:flutter/src/widgets/framework.dart:5976:11)
#712    ComponentElement.mount (package:flutter/src/widgets/framework.dart:5796:5)
#713    Element.inflateWidget (package:flutter/src/widgets/framework.dart:4590:20)
#714    Element.updateChild (package:flutter/src/widgets/framework.dart:4059:18)
#715    ComponentElement.performRebuild (package:flutter/src/widgets/framework.dart:5844:16)
#716    Element.rebuild (package:flutter/src/widgets/framework.dart:5532:7)
#717    ComponentElement._firstBuild (package:flutter/src/widgets/framework.dart:5802:5)
#718    ComponentElement.mount (package:flutter/src/widgets/framework.dart:5796:5)
#719    Element.inflateWidget (package:flutter/src/widgets/framework.dart:4590:20)
#720    Element.updateChild (package:flutter/src/widgets/framework.dart:4059:18)
#721    ComponentElement.performRebuild (package:flutter/src/widgets/framework.dart:5844:16)
#722    StatefulElement.performRebuild (package:flutter/src/widgets/framework.dart:5985:11)
#723    Element.rebuild (package:flutter/src/widgets/framework.dart:5532:7)
#724    ComponentElement._firstBuild (package:flutter/src/widgets/framework.dart:5802:5)
#725    StatefulElement._firstBuild (package:flutter/src/widgets/framework.dart:5976:11)
#726    ComponentElement.mount (package:flutter/src/widgets/framework.dart:5796:5)
#727    Element.inflateWidget (package:flutter/src/widgets/framework.dart:4590:20)
#728    Element.updateChild (package:flutter/src/widgets/framework.dart:4059:18)
#729    SingleChildRenderObjectElement.mount (package:flutter/src/widgets/framework.dart:7118:14)
#730    Element.inflateWidget (package:flutter/src/widgets/framework.dart:4590:20)
#731    Element.updateChild (package:flutter/src/widgets/framework.dart:4059:18)
#732    ComponentElement.performRebuild (package:flutter/src/widgets/framework.dart:5844:16)
#733    Element.rebuild (package:flutter/src/widgets/framework.dart:5532:7)
#734    ComponentElement._firstBuild (package:flutter/src/widgets/framework.dart:5802:5)
#735    ComponentElement.mount (package:flutter/src/widgets/framework.dart:5796:5)
#736    Element.inflateWidget (package:flutter/src/widgets/framework.dart:4590:20)
#737    Element.updateChild (package:flutter/src/widgets/framework.dart:4059:18)
#738    ComponentElement.performRebuild (package:flutter/src/widgets/framework.dart:5844:16)
#739    StatefulElement.performRebuild (package:flutter/src/widgets/framework.dart:5985:11)
#740    Element.rebuild (package:flutter/src/widgets/framework.dart:5532:7)
#741    ComponentElement._firstBuild (package:flutter/src/widgets/framework.dart:5802:5)
#742    StatefulElement._firstBuild (package:flutter/src/widgets/framework.dart:5976:11)
#743    ComponentElement.mount (package:flutter/src/widgets/framework.dart:5796:5)
#744    Element.inflateWidget (package:flutter/src/widgets/framework.dart:4590:20)
#745    Element.updateChild (package:flutter/src/widgets/framework.dart:4059:18)
#746    ComponentElement.performRebuild (package:flutter/src/widgets/framework.dart:5844:16)
#747    StatefulElement.performRebuild (package:flutter/src/widgets/framework.dart:5985:11)
#748    Element.rebuild (package:flutter/src/widgets/framework.dart:5532:7)
#749    ComponentElement._firstBuild (package:flutter/src/widgets/framework.dart:5802:5)
#750    StatefulElement._firstBuild (package:flutter/src/widgets/framework.dart:5976:11)
#751    ComponentElement.mount (package:flutter/src/widgets/framework.dart:5796:5)
#752    Element.inflateWidget (package:flutter/src/widgets/framework.dart:4590:20)
#753    Element.updateChild (package:flutter/src/widgets/framework.dart:4059:18)
#754    ComponentElement.performRebuild (package:flutter/src/widgets/framework.dart:5844:16)
#755    Element.rebuild (package:flutter/src/widgets/framework.dart:5532:7)
#756    ComponentElement._firstBuild (package:flutter/src/widgets/framework.dart:5802:5)
#757    ComponentElement.mount (package:flutter/src/widgets/framework.dart:5796:5)
#758    Element.inflateWidget (package:flutter/src/widgets/framework.dart:4590:20)
#759    Element.updateChild (package:flutter/src/widgets/framework.dart:4059:18)
#760    ComponentElement.performRebuild (package:flutter/src/widgets/framework.dart:5844:16)
#761    StatefulElement.performRebuild (package:flutter/src/widgets/framework.dart:5985:11)
#762    Element.rebuild (package:flutter/src/widgets/framework.dart:5532:7)
#763    ComponentElement._firstBuild (package:flutter/src/widgets/framework.dart:5802:5)
#764    StatefulElement._firstBuild (package:flutter/src/widgets/framework.dart:5976:11)
#765    ComponentElement.mount (package:flutter/src/widgets/framework.dart:5796:5)
#766    Element.inflateWidget (package:flutter/src/widgets/framework.dart:4590:20)
#767    Element.updateChild (package:flutter/src/widgets/framework.dart:4059:18)
#768    SingleChildRenderObjectElement.mount (package:flutter/src/widgets/framework.dart:7118:14)
#769    Element.inflateWidget (package:flutter/src/widgets/framework.dart:4590:20)
#770    Element.updateChild (package:flutter/src/widgets/framework.dart:4059:18)
#771    ComponentElement.performRebuild (package:flutter/src/widgets/framework.dart:5844:16)
#772    Element.rebuild (package:flutter/src/widgets/framework.dart:5532:7)
#773    ComponentElement._firstBuild (package:flutter/src/widgets/framework.dart:5802:5)
#774    ComponentElement.mount (package:flutter/src/widgets/framework.dart:5796:5)
#775    Element.inflateWidget (package:flutter/src/widgets/framework.dart:4590:20)
#776    Element.updateChild (package:flutter/src/widgets/framework.dart:4059:18)
#777    ComponentElement.performRebuild (package:flutter/src/widgets/framework.dart:5844:16)
#778    StatefulElement.performRebuild (package:flutter/src/widgets/framework.dart:5985:11)
#779    Element.rebuild (package:flutter/src/widgets/framework.dart:5532:7)
#780    ComponentElement._firstBuild (package:flutter/src/widgets/framework.dart:5802:5)
#781    StatefulElement._firstBuild (package:flutter/src/widgets/framework.dart:5976:11)
#782    ComponentElement.mount (package:flutter/src/widgets/framework.dart:5796:5)
#783    Element.inflateWidget (package:flutter/src/widgets/framework.dart:4590:20)
#784    Element.updateChild (package:flutter/src/widgets/framework.dart:4059:18)
#785    ComponentElement.performRebuild (package:flutter/src/widgets/framework.dart:5844:16)
#786    StatefulElement.performRebuild (package:flutter/src/widgets/framework.dart:5985:11)
#787    Element.rebuild (package:flutter/src/widgets/framework.dart:5532:7)
#788    ComponentElement._firstBuild (package:flutter/src/widgets/framework.dart:5802:5)
#789    StatefulElement._firstBuild (package:flutter/src/widgets/framework.dart:5976:11)
#790    ComponentElement.mount (package:flutter/src/widgets/framework.dart:5796:5)
#791    Element.inflateWidget (package:flutter/src/widgets/framework.dart:4590:20)
#792    Element.updateChild (package:flutter/src/widgets/framework.dart:4059:18)
#793    ComponentElement.performRebuild (package:flutter/src/widgets/framework.dart:5844:16)
#794    Element.rebuild (package:flutter/src/widgets/framework.dart:5532:7)
#795    ComponentElement._firstBuild (package:flutter/src/widgets/framework.dart:5802:5)
#796    ComponentElement.mount (package:flutter/src/widgets/framework.dart:5796:5)
#797    Element.inflateWidget (package:flutter/src/widgets/framework.dart:4590:20)
#798    Element.updateChild (package:flutter/src/widgets/framework.dart:4059:18)
#799    SingleChildRenderObjectElement.mount (package:flutter/src/widgets/framework.dart:7118:14)
#800    Element.inflateWidget (package:flutter/src/widgets/framework.dart:4590:20)
#801    Element.updateChild (package:flutter/src/widgets/framework.dart:4059:18)
#802    ComponentElement.performRebuild (package:flutter/src/widgets/framework.dart:5844:16)
#803    Element.rebuild (package:flutter/src/widgets/framework.dart:5532:7)
#804    ComponentElement._firstBuild (package:flutter/src/widgets/framework.dart:5802:5)
#805    ComponentElement.mount (package:flutter/src/widgets/framework.dart:5796:5)
#806    Element.inflateWidget (package:flutter/src/widgets/framework.dart:4590:20)
#807    Element.updateChild (package:flutter/src/widgets/framework.dart:4059:18)
#808    ComponentElement.performRebuild (package:flutter/src/widgets/framework.dart:5844:16)
#809    StatefulElement.performRebuild (package:flutter/src/widgets/framework.dart:5985:11)
#810    Element.rebuild (package:flutter/src/widgets/framework.dart:5532:7)
#811    ComponentElement._firstBuild (package:flutter/src/widgets/framework.dart:5802:5)
#812    StatefulElement._firstBuild (package:flutter/src/widgets/framework.dart:5976:11)
#813    ComponentElement.mount (package:flutter/src/widgets/framework.dart:5796:5)
#814    Element.inflateWidget (package:flutter/src/widgets/framework.dart:4590:20)
#815    Element.updateChild (package:flutter/src/widgets/framework.dart:4059:18)
#816    ComponentElement.performRebuild (package:flutter/src/widgets/framework.dart:5844:16)
#817    StatefulElement.performRebuild (package:flutter/src/widgets/framework.dart:5985:11)
#818    Element.rebuild (package:flutter/src/widgets/framework.dart:5532:7)
#819    ComponentElement._firstBuild (package:flutter/src/widgets/framework.dart:5802:5)
#820    StatefulElement._firstBuild (package:flutter/src/widgets/framework.dart:5976:11)
#821    ComponentElement.mount (package:flutter/src/widgets/framework.dart:5796:5)
#822    Element.inflateWidget (package:flutter/src/widgets/framework.dart:4590:20)
#823    Element.updateChild (package:flutter/src/widgets/framework.dart:4059:18)
#824    ComponentElement.performRebuild (package:flutter/src/widgets/framework.dart:5844:16)
#825    Element.rebuild (package:flutter/src/widgets/framework.dart:5532:7)
#826    ComponentElement._firstBuild (package:flutter/src/widgets/framework.dart:5802:5)
#827    ComponentElement.mount (package:flutter/src/widgets/framework.dart:5796:5)
#828    Element.inflateWidget (package:flutter/src/widgets/framework.dart:4590:20)
#829    Element.updateChild (package:flutter/src/widgets/framework.dart:4059:18)
#830    ComponentElement.performRebuild (package:flutter/src/widgets/framework.dart:5844:16)
#831    Element.rebuild (package:flutter/src/widgets/framework.dart:5532:7)
#832    ComponentElement._firstBuild (package:flutter/src/widgets/framework.dart:5802:5)
#833    ComponentElement.mount (package:flutter/src/widgets/framework.dart:5796:5)
#834    Element.inflateWidget (package:flutter/src/widgets/framework.dart:4590:20)
#835    Element.updateChild (package:flutter/src/widgets/framework.dart:4059:18)
#836    ComponentElement.performRebuild (package:flutter/src/widgets/framework.dart:5844:16)
#837    StatefulElement.performRebuild (package:flutter/src/widgets/framework.dart:5985:11)
#838    Element.rebuild (package:flutter/src/widgets/framework.dart:5532:7)
#839    ComponentElement._firstBuild (package:flutter/src/widgets/framework.dart:5802:5)
#840    StatefulElement._firstBuild (package:flutter/src/widgets/framework.dart:5976:11)
#841    ComponentElement.mount (package:flutter/src/widgets/framework.dart:5796:5)
#842    Element.inflateWidget (package:flutter/src/widgets/framework.dart:4590:20)
#843    Element.updateChild (package:flutter/src/widgets/framework.dart:4059:18)
#844    ComponentElement.performRebuild (package:flutter/src/widgets/framework.dart:5844:16)
#845    Element.rebuild (package:flutter/src/widgets/framework.dart:5532:7)
#846    ComponentElement._firstBuild (package:flutter/src/widgets/framework.dart:5802:5)
#847    ComponentElement.mount (package:flutter/src/widgets/framework.dart:5796:5)
#848    Element.inflateWidget (package:flutter/src/widgets/framework.dart:4590:20)
#849    Element.updateChild (package:flutter/src/widgets/framework.dart:4059:18)
#850    ComponentElement.performRebuild (package:flutter/src/widgets/framework.dart:5844:16)
#851    StatefulElement.performRebuild (package:flutter/src/widgets/framework.dart:5985:11)
#852    Element.rebuild (package:flutter/src/widgets/framework.dart:5532:7)
#853    ComponentElement._firstBuild (package:flutter/src/widgets/framework.dart:5802:5)
#854    StatefulElement._firstBuild (package:flutter/src/widgets/framework.dart:5976:11)
#855    ComponentElement.mount (package:flutter/src/widgets/framework.dart:5796:5)
#856    Element.inflateWidget (package:flutter/src/widgets/framework.dart:4590:20)
#857    Element.updateChild (package:flutter/src/widgets/framework.dart:4059:18)
#858    ComponentElement.performRebuild (package:flutter/src/widgets/framework.dart:5844:16)
#859    Element.rebuild (package:flutter/src/widgets/framework.dart:5532:7)
#860    ComponentElement._firstBuild (package:flutter/src/widgets/framework.dart:5802:5)
#861    ComponentElement.mount (package:flutter/src/widgets/framework.dart:5796:5)
#862    Element.inflateWidget (package:flutter/src/widgets/framework.dart:4590:20)
#863    Element.updateChild (package:flutter/src/widgets/framework.dart:4059:18)
#864    ComponentElement.performRebuild (package:flutter/src/widgets/framework.dart:5844:16)
#865    StatefulElement.performRebuild (package:flutter/src/widgets/framework.dart:5985:11)
#866    Element.rebuild (package:flutter/src/widgets/framework.dart:5532:7)
#867    ComponentElement._firstBuild (package:flutter/src/widgets/framework.dart:5802:5)
#868    StatefulElement._firstBuild (package:flutter/src/widgets/framework.dart:5976:11)
#869    ComponentElement.mount (package:flutter/src/widgets/framework.dart:5796:5)
#870    Element.inflateWidget (package:flutter/src/widgets/framework.dart:4590:20)
#871    Element.updateChild (package:flutter/src/widgets/framework.dart:4059:18)
#872    ComponentElement.performRebuild (package:flutter/src/widgets/framework.dart:5844:16)
#873    StatefulElement.performRebuild (package:flutter/src/widgets/framework.dart:5985:11)
#874    Element.rebuild (package:flutter/src/widgets/framework.dart:5532:7)
#875    ComponentElement._firstBuild (package:flutter/src/widgets/framework.dart:5802:5)
#876    StatefulElement._firstBuild (package:flutter/src/widgets/framework.dart:5976:11)
#877    ComponentElement.mount (package:flutter/src/widgets/framework.dart:5796:5)
#878    Element.inflateWidget (package:flutter/src/widgets/framework.dart:4590:20)
#879    Element.updateChild (package:flutter/src/widgets/framework.dart:4059:18)
#880    SingleChildRenderObjectElement.mount (package:flutter/src/widgets/framework.dart:7118:14)
#881    Element.inflateWidget (package:flutter/src/widgets/framework.dart:4590:20)
#882    Element.updateChild (package:flutter/src/widgets/framework.dart:4059:18)
#883    ComponentElement.performRebuild (package:flutter/src/widgets/framework.dart:5844:16)
#884    Element.rebuild (package:flutter/src/widgets/framework.dart:5532:7)
#885    ComponentElement._firstBuild (package:flutter/src/widgets/framework.dart:5802:5)
#886    ComponentElement.mount (package:flutter/src/widgets/framework.dart:5796:5)
#887    Element.inflateWidget (package:flutter/src/widgets/framework.dart:4590:20)
#888    Element.updateChild (package:flutter/src/widgets/framework.dart:4059:18)
#889    ComponentElement.performRebuild (package:flutter/src/widgets/framework.dart:5844:16)
#890    StatefulElement.performRebuild (package:flutter/src/widgets/framework.dart:5985:11)
#891    Element.rebuild (package:flutter/src/widgets/framework.dart:5532:7)
#892    ComponentElement._firstBuild (package:flutter/src/widgets/framework.dart:5802:5)
#893    StatefulElement._firstBuild (package:flutter/src/widgets/framework.dart:5976:11)
#894    ComponentElement.mount (package:flutter/src/widgets/framework.dart:5796:5)
#895    Element.inflateWidget (package:flutter/src/widgets/framework.dart:4590:20)
#896    Element.updateChild (package:flutter/src/widgets/framework.dart:4059:18)
#897    ComponentElement.performRebuild (package:flutter/src/widgets/framework.dart:5844:16)
#898    Element.rebuild (package:flutter/src/widgets/framework.dart:5532:7)
#899    ComponentElement._firstBuild (package:flutter/src/widgets/framework.dart:5802:5)
#900    ComponentElement.mount (package:flutter/src/widgets/framework.dart:5796:5)
#901    Element.inflateWidget (package:flutter/src/widgets/framework.dart:4590:20)
#902    Element.updateChild (package:flutter/src/widgets/framework.dart:4059:18)
#903    ComponentElement.performRebuild (package:flutter/src/widgets/framework.dart:5844:16)
#904    Element.rebuild (package:flutter/src/widgets/framework.dart:5532:7)
#905    ComponentElement._firstBuild (package:flutter/src/widgets/framework.dart:5802:5)
#906    ComponentElement.mount (package:flutter/src/widgets/framework.dart:5796:5)
#907    Element.inflateWidget (package:flutter/src/widgets/framework.dart:4590:20)
#908    Element.updateChild (package:flutter/src/widgets/framework.dart:4059:18)
#909    ComponentElement.performRebuild (package:flutter/src/widgets/framework.dart:5844:16)
#910    StatefulElement.performRebuild (package:flutter/src/widgets/framework.dart:5985:11)
#911    Element.rebuild (package:flutter/src/widgets/framework.dart:5532:7)
#912    ComponentElement._firstBuild (package:flutter/src/widgets/framework.dart:5802:5)
#913    StatefulElement._firstBuild (package:flutter/src/widgets/framework.dart:5976:11)
#914    ComponentElement.mount (package:flutter/src/widgets/framework.dart:5796:5)
#915    Element.inflateWidget (package:flutter/src/widgets/framework.dart:4590:20)
#916    Element.updateChild (package:flutter/src/widgets/framework.dart:4053:20)
#917    ComponentElement.performRebuild (package:flutter/src/widgets/framework.dart:5844:16)
#918    Element.rebuild (package:flutter/src/widgets/framework.dart:5532:7)
#919    ProxyElement.update (package:flutter/src/widgets/framework.dart:6152:5)
#920    _InheritedNotifierElement.update
(package:flutter/src/widgets/inherited_notifier.dart:108:11)
#921    Element.updateChild (package:flutter/src/widgets/framework.dart:4037:15)
#922    ComponentElement.performRebuild (package:flutter/src/widgets/framework.dart:5844:16)
#923    StatefulElement.performRebuild (package:flutter/src/widgets/framework.dart:5985:11)
#924    Element.rebuild (package:flutter/src/widgets/framework.dart:5532:7)
#925    StatefulElement.update (package:flutter/src/widgets/framework.dart:6010:5)
#926    Element.updateChild (package:flutter/src/widgets/framework.dart:4037:15)
#927    ComponentElement.performRebuild (package:flutter/src/widgets/framework.dart:5844:16)
#928    Element.rebuild (package:flutter/src/widgets/framework.dart:5532:7)
#929    ProxyElement.update (package:flutter/src/widgets/framework.dart:6152:5)
#930    _InheritedNotifierElement.update
(package:flutter/src/widgets/inherited_notifier.dart:108:11)
#931    Element.updateChild (package:flutter/src/widgets/framework.dart:4037:15)
#932    ComponentElement.performRebuild (package:flutter/src/widgets/framework.dart:5844:16)
#933    StatefulElement.performRebuild (package:flutter/src/widgets/framework.dart:5985:11)
#934    Element.rebuild (package:flutter/src/widgets/framework.dart:5532:7)
#935    StatefulElement.update (package:flutter/src/widgets/framework.dart:6010:5)
#936    Element.updateChild (package:flutter/src/widgets/framework.dart:4037:15)
#937    ComponentElement.performRebuild (package:flutter/src/widgets/framework.dart:5844:16)
#938    StatefulElement.performRebuild (package:flutter/src/widgets/framework.dart:5985:11)
#939    Element.rebuild (package:flutter/src/widgets/framework.dart:5532:7)
#940    StatefulElement.update (package:flutter/src/widgets/framework.dart:6010:5)
#941    Element.updateChild (package:flutter/src/widgets/framework.dart:4037:15)
#942    ComponentElement.performRebuild (package:flutter/src/widgets/framework.dart:5844:16)
#943    Element.rebuild (package:flutter/src/widgets/framework.dart:5532:7)
#944    ProxyElement.update (package:flutter/src/widgets/framework.dart:6152:5)
#945    Element.updateChild (package:flutter/src/widgets/framework.dart:4037:15)
#946    ComponentElement.performRebuild (package:flutter/src/widgets/framework.dart:5844:16)
#947    StatefulElement.performRebuild (package:flutter/src/widgets/framework.dart:5985:11)
#948    Element.rebuild (package:flutter/src/widgets/framework.dart:5532:7)
#949    StatefulElement.update (package:flutter/src/widgets/framework.dart:6010:5)
#950    Element.updateChild (package:flutter/src/widgets/framework.dart:4037:15)
#951    ComponentElement.performRebuild (package:flutter/src/widgets/framework.dart:5844:16)
#952    Element.rebuild (package:flutter/src/widgets/framework.dart:5532:7)
#953    ProxyElement.update (package:flutter/src/widgets/framework.dart:6152:5)
#954    Element.updateChild (package:flutter/src/widgets/framework.dart:4037:15)
#955    ComponentElement.performRebuild (package:flutter/src/widgets/framework.dart:5844:16)
#956    Element.rebuild (package:flutter/src/widgets/framework.dart:5532:7)
#957    ProxyElement.update (package:flutter/src/widgets/framework.dart:6152:5)
#958    Element.updateChild (package:flutter/src/widgets/framework.dart:4037:15)
#959    _RawViewElement._updateChild (package:flutter/src/widgets/view.dart:481:16)
#960    _RawViewElement.update (package:flutter/src/widgets/view.dart:568:5)
#961    Element.updateChild (package:flutter/src/widgets/framework.dart:4037:15)
#962    ComponentElement.performRebuild (package:flutter/src/widgets/framework.dart:5844:16)
#963    Element.rebuild (package:flutter/src/widgets/framework.dart:5532:7)
#964    StatelessElement.update (package:flutter/src/widgets/framework.dart:5898:5)
#965    Element.updateChild (package:flutter/src/widgets/framework.dart:4037:15)
#966    ComponentElement.performRebuild (package:flutter/src/widgets/framework.dart:5844:16)
#967    StatefulElement.performRebuild (package:flutter/src/widgets/framework.dart:5985:11)
#968    Element.rebuild (package:flutter/src/widgets/framework.dart:5532:7)
#969    StatefulElement.update (package:flutter/src/widgets/framework.dart:6010:5)
#970    Element.updateChild (package:flutter/src/widgets/framework.dart:4037:15)
#971    RootElement._rebuild (package:flutter/src/widgets/binding.dart:1782:16)
#972    RootElement.update (package:flutter/src/widgets/binding.dart:1760:5)
#973    RootElement.performRebuild (package:flutter/src/widgets/binding.dart:1774:7)
#974    Element.rebuild (package:flutter/src/widgets/framework.dart:5532:7)
#975    BuildScope._tryRebuild (package:flutter/src/widgets/framework.dart:2750:15)
#976    BuildScope._flushDirtyElements (package:flutter/src/widgets/framework.dart:2807:11)
#977    BuildOwner.buildScope (package:flutter/src/widgets/framework.dart:3111:18)
#978    AutomatedTestWidgetsFlutterBinding.drawFrame (package:flutter_test/src/binding.dart:1506:19)
#979    RendererBinding._handlePersistentFrameCallback
(package:flutter/src/rendering/binding.dart:495:5)
#980    SchedulerBinding._invokeFrameCallback (package:flutter/src/scheduler/binding.dart:1434:15)
#981    SchedulerBinding.handleDrawFrame (package:flutter/src/scheduler/binding.dart:1347:9)
#982    AutomatedTestWidgetsFlutterBinding.pump.<anonymous closure>
(package:flutter_test/src/binding.dart:1335:9)
#983    _rootRun (dart:async/zone.dart:1525:13)
#984    _CustomZone.run (dart:async/zone.dart:1422:19)
#985    TestAsyncUtils.guard (package:flutter_test/src/test_async_utils.dart:74:41)
#986    AutomatedTestWidgetsFlutterBinding.pump (package:flutter_test/src/binding.dart:1324:27)
#987    WidgetTester.pumpWidget.<anonymous closure>
(package:flutter_test/src/widget_tester.dart:598:22)
#988    _rootRun (dart:async/zone.dart:1525:13)
#989    _CustomZone.run (dart:async/zone.dart:1422:19)
#990    TestAsyncUtils.guard (package:flutter_test/src/test_async_utils.dart:74:41)
#991    WidgetTester.pumpWidget (package:flutter_test/src/widget_tester.dart:595:27)
#992    main.<anonymous closure>
(file:///C:/Users/Tayyub/StudioProjects/qudwa/test/widgets/ayah_card_test.dart:50:18)
#993    testWidgets.<anonymous closure>.<anonymous closure>
(package:flutter_test/src/widget_tester.dart:192:29)
<asynchronous suspension>
#994    TestWidgetsFlutterBinding._runTestBody (package:flutter_test/src/binding.dart:1059:5)
<asynchronous suspension>
#995    StackZoneSpecification._registerCallback.<anonymous closure>
(package:stack_trace/src/stack_zone_specification.dart:114:42)
<asynchronous suspension>


And rethrown at:
#0      throwProviderException (package:riverpod/src/common/stack_trace.dart:10:3)
#1      $ResultError.valueOrProviderException (package:riverpod/src/common/result.dart:108:7)
#2      ProviderContainer.read (package:riverpod/src/core/provider_container.dart:914:29)
#3      Ref.read (package:riverpod/src/core/ref.dart:524:30)
#4      AudioControlNotifier.build (package:qudwa/viewmodels/audio_viewmodel.dart:98:30)
#5      Notifier.runBuild (package:riverpod/src/providers/notifier/orphan.dart:70:21)
#6      $ClassProviderElement.create
(package:riverpod/src/core/provider/notifier_provider.dart:561:26)
#7      ProviderElement.buildState (package:riverpod/src/core/element.dart:665:28)
#8      ProviderElement.mount (package:riverpod/src/core/element.dart:517:7)
#9      ProviderElement.flush (package:riverpod/src/core/element.dart:620:7)
#10     $ProviderBaseImpl._addListener (package:riverpod/src/core/provider/provider.dart:117:24)
#11     _ProviderSelector._addListener (package:riverpod/src/core/modifiers/select.dart:137:26)
#12     ProviderContainer.listen (package:riverpod/src/core/provider_container.dart:954:26)
#13     ConsumerStatefulElement.watch.<anonymous closure>
(package:flutter_riverpod/src/core/consumer.dart:451:37)
#14     _LinkedHashMapMixin.putIfAbsent (dart:_compact_hash:675:23)
#15     ConsumerStatefulElement.watch (package:flutter_riverpod/src/core/consumer.dart:444:14)
#16     _AyahRowState.build (package:qudwa/features/quran/widgets/ayah_card.dart:109:36)
#17     StatefulElement.build (package:flutter/src/widgets/framework.dart:5934:27)
#18     ConsumerStatefulElement.build (package:flutter_riverpod/src/core/consumer.dart:421:20)
#19     ComponentElement.performRebuild (package:flutter/src/widgets/framework.dart:5820:15)
#20     StatefulElement.performRebuild (package:flutter/src/widgets/framework.dart:5985:11)
#21     Element.rebuild (package:flutter/src/widgets/framework.dart:5532:7)
#22     ComponentElement._firstBuild (package:flutter/src/widgets/framework.dart:5802:5)
#23     StatefulElement._firstBuild (package:flutter/src/widgets/framework.dart:5976:11)
#24     ComponentElement.mount (package:flutter/src/widgets/framework.dart:5796:5)
#25     Element.inflateWidget (package:flutter/src/widgets/framework.dart:4590:20)
#26     Element.updateChild (package:flutter/src/widgets/framework.dart:4059:18)
#27     ComponentElement.performRebuild (package:flutter/src/widgets/framework.dart:5844:16)
#28     Element.rebuild (package:flutter/src/widgets/framework.dart:5532:7)
#29     ComponentElement._firstBuild (package:flutter/src/widgets/framework.dart:5802:5)
#30     ComponentElement.mount (package:flutter/src/widgets/framework.dart:5796:5)
#31     Element.inflateWidget (package:flutter/src/widgets/framework.dart:4590:20)
#32     Element.updateChild (package:flutter/src/widgets/framework.dart:4059:18)
#33     ComponentElement.performRebuild (package:flutter/src/widgets/framework.dart:5844:16)
#34     StatefulElement.performRebuild (package:flutter/src/widgets/framework.dart:5985:11)
#35     Element.rebuild (package:flutter/src/widgets/framework.dart:5532:7)
#36     ComponentElement._firstBuild (package:flutter/src/widgets/framework.dart:5802:5)
#37     StatefulElement._firstBuild (package:flutter/src/widgets/framework.dart:5976:11)
#38     ComponentElement.mount (package:flutter/src/widgets/framework.dart:5796:5)
#39     Element.inflateWidget (package:flutter/src/widgets/framework.dart:4590:20)
#40     Element.updateChild (package:flutter/src/widgets/framework.dart:4059:18)
#41     ComponentElement.performRebuild (package:flutter/src/widgets/framework.dart:5844:16)
#42     StatefulElement.performRebuild (package:flutter/src/widgets/framework.dart:5985:11)
#43     Element.rebuild (package:flutter/src/widgets/framework.dart:5532:7)
#44     ComponentElement._firstBuild (package:flutter/src/widgets/framework.dart:5802:5)
#45     StatefulElement._firstBuild (package:flutter/src/widgets/framework.dart:5976:11)
#46     ComponentElement.mount (package:flutter/src/widgets/framework.dart:5796:5)
#47     Element.inflateWidget (package:flutter/src/widgets/framework.dart:4590:20)
#48     Element.updateChild (package:flutter/src/widgets/framework.dart:4059:18)
#49     ComponentElement.performRebuild (package:flutter/src/widgets/framework.dart:5844:16)
#50     Element.rebuild (package:flutter/src/widgets/framework.dart:5532:7)
#51     ComponentElement._firstBuild (package:flutter/src/widgets/framework.dart:5802:5)
#52     ComponentElement.mount (package:flutter/src/widgets/framework.dart:5796:5)
#53     Element.inflateWidget (package:flutter/src/widgets/framework.dart:4590:20)
#54     Element.updateChild (package:flutter/src/widgets/framework.dart:4059:18)
#55     ComponentElement.performRebuild (package:flutter/src/widgets/framework.dart:5844:16)
#56     Element.rebuild (package:flutter/src/widgets/framework.dart:5532:7)
#57     ComponentElement._firstBuild (package:flutter/src/widgets/framework.dart:5802:5)
#58     ComponentElement.mount (package:flutter/src/widgets/framework.dart:5796:5)
#59     Element.inflateWidget (package:flutter/src/widgets/framework.dart:4590:20)
#60     Element.updateChild (package:flutter/src/widgets/framework.dart:4059:18)
#61     ComponentElement.performRebuild (package:flutter/src/widgets/framework.dart:5844:16)
#62     Element.rebuild (package:flutter/src/widgets/framework.dart:5532:7)
#63     ComponentElement._firstBuild (package:flutter/src/widgets/framework.dart:5802:5)
#64     ComponentElement.mount (package:flutter/src/widgets/framework.dart:5796:5)
#65     Element.inflateWidget (package:flutter/src/widgets/framework.dart:4590:20)
#66     Element.updateChild (package:flutter/src/widgets/framework.dart:4059:18)
#67     ComponentElement.performRebuild (package:flutter/src/widgets/framework.dart:5844:16)
#68     Element.rebuild (package:flutter/src/widgets/framework.dart:5532:7)
#69     ComponentElement._firstBuild (package:flutter/src/widgets/framework.dart:5802:5)
#70     ComponentElement.mount (package:flutter/src/widgets/framework.dart:5796:5)
#71     Element.inflateWidget (package:flutter/src/widgets/framework.dart:4590:20)
#72     MultiChildRenderObjectElement.inflateWidget
(package:flutter/src/widgets/framework.dart:7269:36)
#73     MultiChildRenderObjectElement.mount (package:flutter/src/widgets/framework.dart:7285:32)
#74     Element.inflateWidget (package:flutter/src/widgets/framework.dart:4590:20)
#75     Element.updateChild (package:flutter/src/widgets/framework.dart:4059:18)
#76     ComponentElement.performRebuild (package:flutter/src/widgets/framework.dart:5844:16)
#77     Element.rebuild (package:flutter/src/widgets/framework.dart:5532:7)
#78     ComponentElement._firstBuild (package:flutter/src/widgets/framework.dart:5802:5)
#79     ComponentElement.mount (package:flutter/src/widgets/framework.dart:5796:5)
#80     Element.inflateWidget (package:flutter/src/widgets/framework.dart:4590:20)
#81     Element.updateChild (package:flutter/src/widgets/framework.dart:4059:18)
#82     ComponentElement.performRebuild (package:flutter/src/widgets/framework.dart:5844:16)
#83     StatefulElement.performRebuild (package:flutter/src/widgets/framework.dart:5985:11)
#84     Element.rebuild (package:flutter/src/widgets/framework.dart:5532:7)
#85     ComponentElement._firstBuild (package:flutter/src/widgets/framework.dart:5802:5)
#86     StatefulElement._firstBuild (package:flutter/src/widgets/framework.dart:5976:11)
#87     ComponentElement.mount (package:flutter/src/widgets/framework.dart:5796:5)
#88     Element.inflateWidget (package:flutter/src/widgets/framework.dart:4590:20)
#89     Element.updateChild (package:flutter/src/widgets/framework.dart:4059:18)
#90     ComponentElement.performRebuild (package:flutter/src/widgets/framework.dart:5844:16)
#91     StatefulElement.performRebuild (package:flutter/src/widgets/framework.dart:5985:11)
#92     Element.rebuild (package:flutter/src/widgets/framework.dart:5532:7)
#93     ComponentElement._firstBuild (package:flutter/src/widgets/framework.dart:5802:5)
#94     StatefulElement._firstBuild (package:flutter/src/widgets/framework.dart:5976:11)
#95     ComponentElement.mount (package:flutter/src/widgets/framework.dart:5796:5)
#96     Element.inflateWidget (package:flutter/src/widgets/framework.dart:4590:20)
#97     Element.updateChild (package:flutter/src/widgets/framework.dart:4059:18)
#98     ComponentElement.performRebuild (package:flutter/src/widgets/framework.dart:5844:16)
#99     Element.rebuild (package:flutter/src/widgets/framework.dart:5532:7)
#100    ComponentElement._firstBuild (package:flutter/src/widgets/framework.dart:5802:5)
#101    ComponentElement.mount (package:flutter/src/widgets/framework.dart:5796:5)
#102    Element.inflateWidget (package:flutter/src/widgets/framework.dart:4590:20)
#103    Element.updateChild (package:flutter/src/widgets/framework.dart:4059:18)
#104    ComponentElement.performRebuild (package:flutter/src/widgets/framework.dart:5844:16)
#105    StatefulElement.performRebuild (package:flutter/src/widgets/framework.dart:5985:11)
#106    Element.rebuild (package:flutter/src/widgets/framework.dart:5532:7)
#107    ComponentElement._firstBuild (package:flutter/src/widgets/framework.dart:5802:5)
#108    StatefulElement._firstBuild (package:flutter/src/widgets/framework.dart:5976:11)
#109    ComponentElement.mount (package:flutter/src/widgets/framework.dart:5796:5)
#110    Element.inflateWidget (package:flutter/src/widgets/framework.dart:4590:20)
#111    Element.updateChild (package:flutter/src/widgets/framework.dart:4059:18)
#112    SingleChildRenderObjectElement.mount (package:flutter/src/widgets/framework.dart:7118:14)
#113    Element.inflateWidget (package:flutter/src/widgets/framework.dart:4590:20)
#114    Element.updateChild (package:flutter/src/widgets/framework.dart:4059:18)
#115    ComponentElement.performRebuild (package:flutter/src/widgets/framework.dart:5844:16)
#116    Element.rebuild (package:flutter/src/widgets/framework.dart:5532:7)
#117    ComponentElement._firstBuild (package:flutter/src/widgets/framework.dart:5802:5)
#118    ComponentElement.mount (package:flutter/src/widgets/framework.dart:5796:5)
#119    Element.inflateWidget (package:flutter/src/widgets/framework.dart:4590:20)
#120    Element.updateChild (package:flutter/src/widgets/framework.dart:4059:18)
#121    SingleChildRenderObjectElement.mount (package:flutter/src/widgets/framework.dart:7118:14)
#122    Element.inflateWidget (package:flutter/src/widgets/framework.dart:4590:20)
#123    Element.updateChild (package:flutter/src/widgets/framework.dart:4059:18)
#124    ComponentElement.performRebuild (package:flutter/src/widgets/framework.dart:5844:16)
#125    StatefulElement.performRebuild (package:flutter/src/widgets/framework.dart:5985:11)
#126    Element.rebuild (package:flutter/src/widgets/framework.dart:5532:7)
#127    ComponentElement._firstBuild (package:flutter/src/widgets/framework.dart:5802:5)
#128    StatefulElement._firstBuild (package:flutter/src/widgets/framework.dart:5976:11)
#129    ComponentElement.mount (package:flutter/src/widgets/framework.dart:5796:5)
#130    Element.inflateWidget (package:flutter/src/widgets/framework.dart:4590:20)
#131    Element.updateChild (package:flutter/src/widgets/framework.dart:4059:18)
#132    ComponentElement.performRebuild (package:flutter/src/widgets/framework.dart:5844:16)
#133    StatefulElement.performRebuild (package:flutter/src/widgets/framework.dart:5985:11)
#134    Element.rebuild (package:flutter/src/widgets/framework.dart:5532:7)
#135    ComponentElement._firstBuild (package:flutter/src/widgets/framework.dart:5802:5)
#136    StatefulElement._firstBuild (package:flutter/src/widgets/framework.dart:5976:11)
#137    ComponentElement.mount (package:flutter/src/widgets/framework.dart:5796:5)
#138    Element.inflateWidget (package:flutter/src/widgets/framework.dart:4590:20)
#139    Element.updateChild (package:flutter/src/widgets/framework.dart:4059:18)
#140    ComponentElement.performRebuild (package:flutter/src/widgets/framework.dart:5844:16)
#141    Element.rebuild (package:flutter/src/widgets/framework.dart:5532:7)
#142    ComponentElement._firstBuild (package:flutter/src/widgets/framework.dart:5802:5)
#143    ComponentElement.mount (package:flutter/src/widgets/framework.dart:5796:5)
#144    Element.inflateWidget (package:flutter/src/widgets/framework.dart:4590:20)
#145    Element.updateChild (package:flutter/src/widgets/framework.dart:4059:18)
#146    ComponentElement.performRebuild (package:flutter/src/widgets/framework.dart:5844:16)
#147    Element.rebuild (package:flutter/src/widgets/framework.dart:5532:7)
#148    ComponentElement._firstBuild (package:flutter/src/widgets/framework.dart:5802:5)
#149    ComponentElement.mount (package:flutter/src/widgets/framework.dart:5796:5)
#150    Element.inflateWidget (package:flutter/src/widgets/framework.dart:4590:20)
#151    Element.updateChild (package:flutter/src/widgets/framework.dart:4059:18)
#152    ComponentElement.performRebuild (package:flutter/src/widgets/framework.dart:5844:16)
#153    Element.rebuild (package:flutter/src/widgets/framework.dart:5532:7)
#154    ComponentElement._firstBuild (package:flutter/src/widgets/framework.dart:5802:5)
#155    ComponentElement.mount (package:flutter/src/widgets/framework.dart:5796:5)
#156    Element.inflateWidget (package:flutter/src/widgets/framework.dart:4590:20)
#157    Element.updateChild (package:flutter/src/widgets/framework.dart:4059:18)
#158    ComponentElement.performRebuild (package:flutter/src/widgets/framework.dart:5844:16)
#159    StatefulElement.performRebuild (package:flutter/src/widgets/framework.dart:5985:11)
#160    Element.rebuild (package:flutter/src/widgets/framework.dart:5532:7)
#161    ComponentElement._firstBuild (package:flutter/src/widgets/framework.dart:5802:5)
#162    StatefulElement._firstBuild (package:flutter/src/widgets/framework.dart:5976:11)
#163    ComponentElement.mount (package:flutter/src/widgets/framework.dart:5796:5)
#164    Element.inflateWidget (package:flutter/src/widgets/framework.dart:4590:20)
#165    Element.updateChild (package:flutter/src/widgets/framework.dart:4059:18)
#166    ComponentElement.performRebuild (package:flutter/src/widgets/framework.dart:5844:16)
#167    Element.rebuild (package:flutter/src/widgets/framework.dart:5532:7)
#168    ComponentElement._firstBuild (package:flutter/src/widgets/framework.dart:5802:5)
#169    ComponentElement.mount (package:flutter/src/widgets/framework.dart:5796:5)
#170    Element.inflateWidget (package:flutter/src/widgets/framework.dart:4590:20)
#171    Element.updateChild (package:flutter/src/widgets/framework.dart:4059:18)
#172    ComponentElement.performRebuild (package:flutter/src/widgets/framework.dart:5844:16)
#173    StatefulElement.performRebuild (package:flutter/src/widgets/framework.dart:5985:11)
#174    Element.rebuild (package:flutter/src/widgets/framework.dart:5532:7)
#175    ComponentElement._firstBuild (package:flutter/src/widgets/framework.dart:5802:5)
#176    StatefulElement._firstBuild (package:flutter/src/widgets/framework.dart:5976:11)
#177    ComponentElement.mount (package:flutter/src/widgets/framework.dart:5796:5)
#178    Element.inflateWidget (package:flutter/src/widgets/framework.dart:4590:20)
#179    Element.updateChild (package:flutter/src/widgets/framework.dart:4059:18)
#180    SingleChildRenderObjectElement.mount (package:flutter/src/widgets/framework.dart:7118:14)
#181    Element.inflateWidget (package:flutter/src/widgets/framework.dart:4590:20)
#182    Element.updateChild (package:flutter/src/widgets/framework.dart:4059:18)
#183    ComponentElement.performRebuild (package:flutter/src/widgets/framework.dart:5844:16)
#184    Element.rebuild (package:flutter/src/widgets/framework.dart:5532:7)
#185    ComponentElement._firstBuild (package:flutter/src/widgets/framework.dart:5802:5)
#186    ComponentElement.mount (package:flutter/src/widgets/framework.dart:5796:5)
#187    Element.inflateWidget (package:flutter/src/widgets/framework.dart:4590:20)
#188    Element.updateChild (package:flutter/src/widgets/framework.dart:4059:18)
#189    SingleChildRenderObjectElement.mount (package:flutter/src/widgets/framework.dart:7118:14)
#190    Element.inflateWidget (package:flutter/src/widgets/framework.dart:4590:20)
#191    Element.updateChild (package:flutter/src/widgets/framework.dart:4059:18)
#192    SingleChildRenderObjectElement.mount (package:flutter/src/widgets/framework.dart:7118:14)
#193    Element.inflateWidget (package:flutter/src/widgets/framework.dart:4590:20)
#194    Element.updateChild (package:flutter/src/widgets/framework.dart:4059:18)
#195    ComponentElement.performRebuild (package:flutter/src/widgets/framework.dart:5844:16)
#196    StatefulElement.performRebuild (package:flutter/src/widgets/framework.dart:5985:11)
#197    Element.rebuild (package:flutter/src/widgets/framework.dart:5532:7)
#198    ComponentElement._firstBuild (package:flutter/src/widgets/framework.dart:5802:5)
#199    StatefulElement._firstBuild (package:flutter/src/widgets/framework.dart:5976:11)
#200    ComponentElement.mount (package:flutter/src/widgets/framework.dart:5796:5)
#201    Element.inflateWidget (package:flutter/src/widgets/framework.dart:4590:20)
#202    Element.updateChild (package:flutter/src/widgets/framework.dart:4059:18)
#203    SingleChildRenderObjectElement.mount (package:flutter/src/widgets/framework.dart:7118:14)
#204    Element.inflateWidget (package:flutter/src/widgets/framework.dart:4590:20)
#205    Element.updateChild (package:flutter/src/widgets/framework.dart:4059:18)
#206    ComponentElement.performRebuild (package:flutter/src/widgets/framework.dart:5844:16)
#207    StatefulElement.performRebuild (package:flutter/src/widgets/framework.dart:5985:11)
#208    Element.rebuild (package:flutter/src/widgets/framework.dart:5532:7)
#209    ComponentElement._firstBuild (package:flutter/src/widgets/framework.dart:5802:5)
#210    StatefulElement._firstBuild (package:flutter/src/widgets/framework.dart:5976:11)
#211    ComponentElement.mount (package:flutter/src/widgets/framework.dart:5796:5)
#212    Element.inflateWidget (package:flutter/src/widgets/framework.dart:4590:20)
#213    Element.updateChild (package:flutter/src/widgets/framework.dart:4059:18)
#214    SingleChildRenderObjectElement.mount (package:flutter/src/widgets/framework.dart:7118:14)
#215    Element.inflateWidget (package:flutter/src/widgets/framework.dart:4590:20)
#216    Element.updateChild (package:flutter/src/widgets/framework.dart:4059:18)
#217    SingleChildRenderObjectElement.mount (package:flutter/src/widgets/framework.dart:7118:14)
#218    Element.inflateWidget (package:flutter/src/widgets/framework.dart:4590:20)
#219    Element.updateChild (package:flutter/src/widgets/framework.dart:4059:18)
#220    ComponentElement.performRebuild (package:flutter/src/widgets/framework.dart:5844:16)
#221    StatefulElement.performRebuild (package:flutter/src/widgets/framework.dart:5985:11)
#222    Element.rebuild (package:flutter/src/widgets/framework.dart:5532:7)
#223    ComponentElement._firstBuild (package:flutter/src/widgets/framework.dart:5802:5)
#224    StatefulElement._firstBuild (package:flutter/src/widgets/framework.dart:5976:11)
#225    ComponentElement.mount (package:flutter/src/widgets/framework.dart:5796:5)
#226    Element.inflateWidget (package:flutter/src/widgets/framework.dart:4590:20)
#227    Element.updateChild (package:flutter/src/widgets/framework.dart:4059:18)
#228    SingleChildRenderObjectElement.mount (package:flutter/src/widgets/framework.dart:7118:14)
#229    Element.inflateWidget (package:flutter/src/widgets/framework.dart:4590:20)
#230    Element.updateChild (package:flutter/src/widgets/framework.dart:4059:18)
#231    ComponentElement.performRebuild (package:flutter/src/widgets/framework.dart:5844:16)
#232    StatefulElement.performRebuild (package:flutter/src/widgets/framework.dart:5985:11)
#233    Element.rebuild (package:flutter/src/widgets/framework.dart:5532:7)
#234    ComponentElement._firstBuild (package:flutter/src/widgets/framework.dart:5802:5)
#235    StatefulElement._firstBuild (package:flutter/src/widgets/framework.dart:5976:11)
#236    ComponentElement.mount (package:flutter/src/widgets/framework.dart:5796:5)
#237    Element.inflateWidget (package:flutter/src/widgets/framework.dart:4590:20)
#238    Element.updateChild (package:flutter/src/widgets/framework.dart:4059:18)
#239    SingleChildRenderObjectElement.mount (package:flutter/src/widgets/framework.dart:7118:14)
#240    Element.inflateWidget (package:flutter/src/widgets/framework.dart:4590:20)
#241    Element.updateChild (package:flutter/src/widgets/framework.dart:4059:18)
#242    SingleChildRenderObjectElement.mount (package:flutter/src/widgets/framework.dart:7118:14)
#243    Element.inflateWidget (package:flutter/src/widgets/framework.dart:4590:20)
#244    Element.updateChild (package:flutter/src/widgets/framework.dart:4059:18)
#245    ComponentElement.performRebuild (package:flutter/src/widgets/framework.dart:5844:16)
#246    StatefulElement.performRebuild (package:flutter/src/widgets/framework.dart:5985:11)
#247    Element.rebuild (package:flutter/src/widgets/framework.dart:5532:7)
#248    ComponentElement._firstBuild (package:flutter/src/widgets/framework.dart:5802:5)
#249    StatefulElement._firstBuild (package:flutter/src/widgets/framework.dart:5976:11)
#250    ComponentElement.mount (package:flutter/src/widgets/framework.dart:5796:5)
#251    Element.inflateWidget (package:flutter/src/widgets/framework.dart:4590:20)
#252    Element.updateChild (package:flutter/src/widgets/framework.dart:4059:18)
#253    SingleChildRenderObjectElement.mount (package:flutter/src/widgets/framework.dart:7118:14)
#254    Element.inflateWidget (package:flutter/src/widgets/framework.dart:4590:20)
#255    Element.updateChild (package:flutter/src/widgets/framework.dart:4059:18)
#256    SingleChildRenderObjectElement.mount (package:flutter/src/widgets/framework.dart:7118:14)
#257    Element.inflateWidget (package:flutter/src/widgets/framework.dart:4590:20)
#258    Element.updateChild (package:flutter/src/widgets/framework.dart:4059:18)
#259    SingleChildRenderObjectElement.mount (package:flutter/src/widgets/framework.dart:7118:14)
#260    Element.inflateWidget (package:flutter/src/widgets/framework.dart:4590:20)
#261    Element.updateChild (package:flutter/src/widgets/framework.dart:4059:18)
#262    ComponentElement.performRebuild (package:flutter/src/widgets/framework.dart:5844:16)
#263    StatefulElement.performRebuild (package:flutter/src/widgets/framework.dart:5985:11)
#264    Element.rebuild (package:flutter/src/widgets/framework.dart:5532:7)
#265    ComponentElement._firstBuild (package:flutter/src/widgets/framework.dart:5802:5)
#266    StatefulElement._firstBuild (package:flutter/src/widgets/framework.dart:5976:11)
#267    ComponentElement.mount (package:flutter/src/widgets/framework.dart:5796:5)
#268    Element.inflateWidget (package:flutter/src/widgets/framework.dart:4590:20)
#269    Element.updateChild (package:flutter/src/widgets/framework.dart:4059:18)
#270    SingleChildRenderObjectElement.mount (package:flutter/src/widgets/framework.dart:7118:14)
#271    Element.inflateWidget (package:flutter/src/widgets/framework.dart:4590:20)
#272    Element.updateChild (package:flutter/src/widgets/framework.dart:4059:18)
#273    ComponentElement.performRebuild (package:flutter/src/widgets/framework.dart:5844:16)
#274    StatefulElement.performRebuild (package:flutter/src/widgets/framework.dart:5985:11)
#275    Element.rebuild (package:flutter/src/widgets/framework.dart:5532:7)
#276    ComponentElement._firstBuild (package:flutter/src/widgets/framework.dart:5802:5)
#277    StatefulElement._firstBuild (package:flutter/src/widgets/framework.dart:5976:11)
#278    ComponentElement.mount (package:flutter/src/widgets/framework.dart:5796:5)
#279    Element.inflateWidget (package:flutter/src/widgets/framework.dart:4590:20)
#280    Element.updateChild (package:flutter/src/widgets/framework.dart:4059:18)
#281    ComponentElement.performRebuild (package:flutter/src/widgets/framework.dart:5844:16)
#282    Element.rebuild (package:flutter/src/widgets/framework.dart:5532:7)
#283    ComponentElement._firstBuild (package:flutter/src/widgets/framework.dart:5802:5)
#284    ComponentElement.mount (package:flutter/src/widgets/framework.dart:5796:5)
#285    Element.inflateWidget (package:flutter/src/widgets/framework.dart:4590:20)
#286    Element.updateChild (package:flutter/src/widgets/framework.dart:4059:18)
#287    ComponentElement.performRebuild (package:flutter/src/widgets/framework.dart:5844:16)
#288    StatefulElement.performRebuild (package:flutter/src/widgets/framework.dart:5985:11)
#289    Element.rebuild (package:flutter/src/widgets/framework.dart:5532:7)
#290    ComponentElement._firstBuild (package:flutter/src/widgets/framework.dart:5802:5)
#291    StatefulElement._firstBuild (package:flutter/src/widgets/framework.dart:5976:11)
#292    ComponentElement.mount (package:flutter/src/widgets/framework.dart:5796:5)
#293    Element.inflateWidget (package:flutter/src/widgets/framework.dart:4590:20)
#294    Element.updateChild (package:flutter/src/widgets/framework.dart:4059:18)
#295    ComponentElement.performRebuild (package:flutter/src/widgets/framework.dart:5844:16)
#296    StatefulElement.performRebuild (package:flutter/src/widgets/framework.dart:5985:11)
#297    Element.rebuild (package:flutter/src/widgets/framework.dart:5532:7)
#298    ComponentElement._firstBuild (package:flutter/src/widgets/framework.dart:5802:5)
#299    StatefulElement._firstBuild (package:flutter/src/widgets/framework.dart:5976:11)
#300    ComponentElement.mount (package:flutter/src/widgets/framework.dart:5796:5)
#301    Element.inflateWidget (package:flutter/src/widgets/framework.dart:4590:20)
#302    Element.updateChild (package:flutter/src/widgets/framework.dart:4059:18)
#303    ComponentElement.performRebuild (package:flutter/src/widgets/framework.dart:5844:16)
#304    StatefulElement.performRebuild (package:flutter/src/widgets/framework.dart:5985:11)
#305    Element.rebuild (package:flutter/src/widgets/framework.dart:5532:7)
#306    ComponentElement._firstBuild (package:flutter/src/widgets/framework.dart:5802:5)
#307    StatefulElement._firstBuild (package:flutter/src/widgets/framework.dart:5976:11)
#308    ComponentElement.mount (package:flutter/src/widgets/framework.dart:5796:5)
#309    Element.inflateWidget (package:flutter/src/widgets/framework.dart:4590:20)
#310    Element.updateChild (package:flutter/src/widgets/framework.dart:4059:18)
#311    SingleChildRenderObjectElement.mount (package:flutter/src/widgets/framework.dart:7118:14)
#312    Element.inflateWidget (package:flutter/src/widgets/framework.dart:4590:20)
#313    Element.updateChild (package:flutter/src/widgets/framework.dart:4059:18)
#314    ComponentElement.performRebuild (package:flutter/src/widgets/framework.dart:5844:16)
#315    Element.rebuild (package:flutter/src/widgets/framework.dart:5532:7)
#316    ComponentElement._firstBuild (package:flutter/src/widgets/framework.dart:5802:5)
#317    ComponentElement.mount (package:flutter/src/widgets/framework.dart:5796:5)
#318    Element.inflateWidget (package:flutter/src/widgets/framework.dart:4590:20)
#319    Element.updateChild (package:flutter/src/widgets/framework.dart:4059:18)
#320    SingleChildRenderObjectElement.mount (package:flutter/src/widgets/framework.dart:7118:14)
#321    Element.inflateWidget (package:flutter/src/widgets/framework.dart:4590:20)
#322    Element.updateChild (package:flutter/src/widgets/framework.dart:4059:18)
#323    ComponentElement.performRebuild (package:flutter/src/widgets/framework.dart:5844:16)
#324    StatefulElement.performRebuild (package:flutter/src/widgets/framework.dart:5985:11)
#325    Element.rebuild (package:flutter/src/widgets/framework.dart:5532:7)
#326    ComponentElement._firstBuild (package:flutter/src/widgets/framework.dart:5802:5)
#327    StatefulElement._firstBuild (package:flutter/src/widgets/framework.dart:5976:11)
#328    ComponentElement.mount (package:flutter/src/widgets/framework.dart:5796:5)
#329    Element.inflateWidget (package:flutter/src/widgets/framework.dart:4590:20)
#330    Element.updateChild (package:flutter/src/widgets/framework.dart:4059:18)
#331    ComponentElement.performRebuild (package:flutter/src/widgets/framework.dart:5844:16)
#332    Element.rebuild (package:flutter/src/widgets/framework.dart:5532:7)
#333    ComponentElement._firstBuild (package:flutter/src/widgets/framework.dart:5802:5)
#334    ComponentElement.mount (package:flutter/src/widgets/framework.dart:5796:5)
#335    Element.inflateWidget (package:flutter/src/widgets/framework.dart:4590:20)
#336    Element.updateChild (package:flutter/src/widgets/framework.dart:4059:18)
#337    ComponentElement.performRebuild (package:flutter/src/widgets/framework.dart:5844:16)
#338    Element.rebuild (package:flutter/src/widgets/framework.dart:5532:7)
#339    ComponentElement._firstBuild (package:flutter/src/widgets/framework.dart:5802:5)
#340    ComponentElement.mount (package:flutter/src/widgets/framework.dart:5796:5)
#341    Element.inflateWidget (package:flutter/src/widgets/framework.dart:4590:20)
#342    Element.updateChild (package:flutter/src/widgets/framework.dart:4059:18)
#343    ComponentElement.performRebuild (package:flutter/src/widgets/framework.dart:5844:16)
#344    StatefulElement.performRebuild (package:flutter/src/widgets/framework.dart:5985:11)
#345    Element.rebuild (package:flutter/src/widgets/framework.dart:5532:7)
#346    ComponentElement._firstBuild (package:flutter/src/widgets/framework.dart:5802:5)
#347    StatefulElement._firstBuild (package:flutter/src/widgets/framework.dart:5976:11)
#348    ComponentElement.mount (package:flutter/src/widgets/framework.dart:5796:5)
#349    Element.inflateWidget (package:flutter/src/widgets/framework.dart:4590:20)
#350    Element.updateChild (package:flutter/src/widgets/framework.dart:4059:18)
#351    ComponentElement.performRebuild (package:flutter/src/widgets/framework.dart:5844:16)
#352    Element.rebuild (package:flutter/src/widgets/framework.dart:5532:7)
#353    ComponentElement._firstBuild (package:flutter/src/widgets/framework.dart:5802:5)
#354    ComponentElement.mount (package:flutter/src/widgets/framework.dart:5796:5)
#355    Element.inflateWidget (package:flutter/src/widgets/framework.dart:4590:20)
#356    Element.updateChild (package:flutter/src/widgets/framework.dart:4059:18)
#357    ComponentElement.performRebuild (package:flutter/src/widgets/framework.dart:5844:16)
#358    Element.rebuild (package:flutter/src/widgets/framework.dart:5532:7)
#359    ComponentElement._firstBuild (package:flutter/src/widgets/framework.dart:5802:5)
#360    ComponentElement.mount (package:flutter/src/widgets/framework.dart:5796:5)
#361    Element.inflateWidget (package:flutter/src/widgets/framework.dart:4590:20)
#362    Element.updateChild (package:flutter/src/widgets/framework.dart:4059:18)
#363    SingleChildRenderObjectElement.mount (package:flutter/src/widgets/framework.dart:7118:14)
#364    Element.inflateWidget (package:flutter/src/widgets/framework.dart:4590:20)
#365    Element.updateChild (package:flutter/src/widgets/framework.dart:4059:18)
#366    ComponentElement.performRebuild (package:flutter/src/widgets/framework.dart:5844:16)
#367    Element.rebuild (package:flutter/src/widgets/framework.dart:5532:7)
#368    ComponentElement._firstBuild (package:flutter/src/widgets/framework.dart:5802:5)
#369    ComponentElement.mount (package:flutter/src/widgets/framework.dart:5796:5)
#370    Element.inflateWidget (package:flutter/src/widgets/framework.dart:4590:20)
#371    Element.updateChild (package:flutter/src/widgets/framework.dart:4059:18)
#372    ComponentElement.performRebuild (package:flutter/src/widgets/framework.dart:5844:16)
#373    Element.rebuild (package:flutter/src/widgets/framework.dart:5532:7)
#374    ComponentElement._firstBuild (package:flutter/src/widgets/framework.dart:5802:5)
#375    ComponentElement.mount (package:flutter/src/widgets/framework.dart:5796:5)
#376    Element.inflateWidget (package:flutter/src/widgets/framework.dart:4590:20)
#377    Element.updateChild (package:flutter/src/widgets/framework.dart:4059:18)
#378    ComponentElement.performRebuild (package:flutter/src/widgets/framework.dart:5844:16)
#379    StatefulElement.performRebuild (package:flutter/src/widgets/framework.dart:5985:11)
#380    Element.rebuild (package:flutter/src/widgets/framework.dart:5532:7)
#381    ComponentElement._firstBuild (package:flutter/src/widgets/framework.dart:5802:5)
#382    StatefulElement._firstBuild (package:flutter/src/widgets/framework.dart:5976:11)
#383    ComponentElement.mount (package:flutter/src/widgets/framework.dart:5796:5)
#384    Element.inflateWidget (package:flutter/src/widgets/framework.dart:4590:20)
#385    Element.updateChild (package:flutter/src/widgets/framework.dart:4059:18)
#386    ComponentElement.performRebuild (package:flutter/src/widgets/framework.dart:5844:16)
#387    StatefulElement.performRebuild (package:flutter/src/widgets/framework.dart:5985:11)
#388    Element.rebuild (package:flutter/src/widgets/framework.dart:5532:7)
#389    ComponentElement._firstBuild (package:flutter/src/widgets/framework.dart:5802:5)
#390    StatefulElement._firstBuild (package:flutter/src/widgets/framework.dart:5976:11)
#391    ComponentElement.mount (package:flutter/src/widgets/framework.dart:5796:5)
#392    Element.inflateWidget (package:flutter/src/widgets/framework.dart:4590:20)
#393    Element.updateChild (package:flutter/src/widgets/framework.dart:4059:18)
#394    ComponentElement.performRebuild (package:flutter/src/widgets/framework.dart:5844:16)
#395    StatefulElement.performRebuild (package:flutter/src/widgets/framework.dart:5985:11)
#396    Element.rebuild (package:flutter/src/widgets/framework.dart:5532:7)
#397    ComponentElement._firstBuild (package:flutter/src/widgets/framework.dart:5802:5)
#398    StatefulElement._firstBuild (package:flutter/src/widgets/framework.dart:5976:11)
#399    ComponentElement.mount (package:flutter/src/widgets/framework.dart:5796:5)
#400    Element.inflateWidget (package:flutter/src/widgets/framework.dart:4590:20)
#401    Element.updateChild (package:flutter/src/widgets/framework.dart:4059:18)
#402    SingleChildRenderObjectElement.mount (package:flutter/src/widgets/framework.dart:7118:14)
#403    Element.inflateWidget (package:flutter/src/widgets/framework.dart:4590:20)
#404    Element.updateChild (package:flutter/src/widgets/framework.dart:4059:18)
#405    ComponentElement.performRebuild (package:flutter/src/widgets/framework.dart:5844:16)
#406    Element.rebuild (package:flutter/src/widgets/framework.dart:5532:7)
#407    ComponentElement._firstBuild (package:flutter/src/widgets/framework.dart:5802:5)
#408    ComponentElement.mount (package:flutter/src/widgets/framework.dart:5796:5)
#409    Element.inflateWidget (package:flutter/src/widgets/framework.dart:4590:20)
#410    Element.updateChild (package:flutter/src/widgets/framework.dart:4059:18)
#411    ComponentElement.performRebuild (package:flutter/src/widgets/framework.dart:5844:16)
#412    Element.rebuild (package:flutter/src/widgets/framework.dart:5532:7)
#413    ComponentElement._firstBuild (package:flutter/src/widgets/framework.dart:5802:5)
#414    ComponentElement.mount (package:flutter/src/widgets/framework.dart:5796:5)
#415    Element.inflateWidget (package:flutter/src/widgets/framework.dart:4590:20)
#416    Element.updateChild (package:flutter/src/widgets/framework.dart:4059:18)
#417    ComponentElement.performRebuild (package:flutter/src/widgets/framework.dart:5844:16)
#418    Element.rebuild (package:flutter/src/widgets/framework.dart:5532:7)
#419    ComponentElement._firstBuild (package:flutter/src/widgets/framework.dart:5802:5)
#420    ComponentElement.mount (package:flutter/src/widgets/framework.dart:5796:5)
#421    Element.inflateWidget (package:flutter/src/widgets/framework.dart:4590:20)
#422    Element.updateChild (package:flutter/src/widgets/framework.dart:4059:18)
#423    ComponentElement.performRebuild (package:flutter/src/widgets/framework.dart:5844:16)
#424    StatefulElement.performRebuild (package:flutter/src/widgets/framework.dart:5985:11)
#425    Element.rebuild (package:flutter/src/widgets/framework.dart:5532:7)
#426    ComponentElement._firstBuild (package:flutter/src/widgets/framework.dart:5802:5)
#427    StatefulElement._firstBuild (package:flutter/src/widgets/framework.dart:5976:11)
#428    ComponentElement.mount (package:flutter/src/widgets/framework.dart:5796:5)
#429    Element.inflateWidget (package:flutter/src/widgets/framework.dart:4590:20)
#430    Element.updateChild (package:flutter/src/widgets/framework.dart:4059:18)
#431    ComponentElement.performRebuild (package:flutter/src/widgets/framework.dart:5844:16)
#432    StatefulElement.performRebuild (package:flutter/src/widgets/framework.dart:5985:11)
#433    Element.rebuild (package:flutter/src/widgets/framework.dart:5532:7)
#434    ComponentElement._firstBuild (package:flutter/src/widgets/framework.dart:5802:5)
#435    StatefulElement._firstBuild (package:flutter/src/widgets/framework.dart:5976:11)
#436    ComponentElement.mount (package:flutter/src/widgets/framework.dart:5796:5)
#437    Element.inflateWidget (package:flutter/src/widgets/framework.dart:4590:20)
#438    MultiChildRenderObjectElement.inflateWidget
(package:flutter/src/widgets/framework.dart:7269:36)
#439    MultiChildRenderObjectElement.mount (package:flutter/src/widgets/framework.dart:7285:32)
#440    Element.inflateWidget (package:flutter/src/widgets/framework.dart:4590:20)
#441    Element.updateChild (package:flutter/src/widgets/framework.dart:4059:18)
#442    ComponentElement.performRebuild (package:flutter/src/widgets/framework.dart:5844:16)
#443    StatefulElement.performRebuild (package:flutter/src/widgets/framework.dart:5985:11)
#444    Element.rebuild (package:flutter/src/widgets/framework.dart:5532:7)
#445    ComponentElement._firstBuild (package:flutter/src/widgets/framework.dart:5802:5)
#446    StatefulElement._firstBuild (package:flutter/src/widgets/framework.dart:5976:11)
#447    ComponentElement.mount (package:flutter/src/widgets/framework.dart:5796:5)
#448    Element.inflateWidget (package:flutter/src/widgets/framework.dart:4590:20)
#449    Element.updateChild (package:flutter/src/widgets/framework.dart:4059:18)
#450    ComponentElement.performRebuild (package:flutter/src/widgets/framework.dart:5844:16)
#451    Element.rebuild (package:flutter/src/widgets/framework.dart:5532:7)
#452    ComponentElement._firstBuild (package:flutter/src/widgets/framework.dart:5802:5)
#453    ComponentElement.mount (package:flutter/src/widgets/framework.dart:5796:5)
#454    Element.inflateWidget (package:flutter/src/widgets/framework.dart:4590:20)
#455    Element.updateChild (package:flutter/src/widgets/framework.dart:4059:18)
#456    ComponentElement.performRebuild (package:flutter/src/widgets/framework.dart:5844:16)
#457    Element.rebuild (package:flutter/src/widgets/framework.dart:5532:7)
#458    ComponentElement._firstBuild (package:flutter/src/widgets/framework.dart:5802:5)
#459    ComponentElement.mount (package:flutter/src/widgets/framework.dart:5796:5)
#460    Element.inflateWidget (package:flutter/src/widgets/framework.dart:4590:20)
#461    Element.updateChild (package:flutter/src/widgets/framework.dart:4059:18)
#462    ComponentElement.performRebuild (package:flutter/src/widgets/framework.dart:5844:16)
#463    StatefulElement.performRebuild (package:flutter/src/widgets/framework.dart:5985:11)
#464    Element.rebuild (package:flutter/src/widgets/framework.dart:5532:7)
#465    ComponentElement._firstBuild (package:flutter/src/widgets/framework.dart:5802:5)
#466    StatefulElement._firstBuild (package:flutter/src/widgets/framework.dart:5976:11)
#467    ComponentElement.mount (package:flutter/src/widgets/framework.dart:5796:5)
#468    Element.inflateWidget (package:flutter/src/widgets/framework.dart:4590:20)
#469    Element.updateChild (package:flutter/src/widgets/framework.dart:4059:18)
#470    ComponentElement.performRebuild (package:flutter/src/widgets/framework.dart:5844:16)
#471    Element.rebuild (package:flutter/src/widgets/framework.dart:5532:7)
#472    ComponentElement._firstBuild (package:flutter/src/widgets/framework.dart:5802:5)
#473    ComponentElement.mount (package:flutter/src/widgets/framework.dart:5796:5)
#474    Element.inflateWidget (package:flutter/src/widgets/framework.dart:4590:20)
#475    Element.updateChild (package:flutter/src/widgets/framework.dart:4059:18)
#476    ComponentElement.performRebuild (package:flutter/src/widgets/framework.dart:5844:16)
#477    StatefulElement.performRebuild (package:flutter/src/widgets/framework.dart:5985:11)
#478    Element.rebuild (package:flutter/src/widgets/framework.dart:5532:7)
#479    ComponentElement._firstBuild (package:flutter/src/widgets/framework.dart:5802:5)
#480    StatefulElement._firstBuild (package:flutter/src/widgets/framework.dart:5976:11)
#481    ComponentElement.mount (package:flutter/src/widgets/framework.dart:5796:5)
#482    Element.inflateWidget (package:flutter/src/widgets/framework.dart:4590:20)
#483    Element.updateChild (package:flutter/src/widgets/framework.dart:4059:18)
#484    ComponentElement.performRebuild (package:flutter/src/widgets/framework.dart:5844:16)
#485    StatefulElement.performRebuild (package:flutter/src/widgets/framework.dart:5985:11)
#486    Element.rebuild (package:flutter/src/widgets/framework.dart:5532:7)
#487    ComponentElement._firstBuild (package:flutter/src/widgets/framework.dart:5802:5)
#488    StatefulElement._firstBuild (package:flutter/src/widgets/framework.dart:5976:11)
#489    ComponentElement.mount (package:flutter/src/widgets/framework.dart:5796:5)
#490    Element.inflateWidget (package:flutter/src/widgets/framework.dart:4590:20)
#491    Element.updateChild (package:flutter/src/widgets/framework.dart:4059:18)
#492    SingleChildRenderObjectElement.mount (package:flutter/src/widgets/framework.dart:7118:14)
#493    Element.inflateWidget (package:flutter/src/widgets/framework.dart:4590:20)
#494    Element.updateChild (package:flutter/src/widgets/framework.dart:4059:18)
#495    SingleChildRenderObjectElement.mount (package:flutter/src/widgets/framework.dart:7118:14)
#496    Element.inflateWidget (package:flutter/src/widgets/framework.dart:4590:20)
#497    Element.updateChild (package:flutter/src/widgets/framework.dart:4059:18)
#498    ComponentElement.performRebuild (package:flutter/src/widgets/framework.dart:5844:16)
#499    Element.rebuild (package:flutter/src/widgets/framework.dart:5532:7)
#500    ComponentElement._firstBuild (package:flutter/src/widgets/framework.dart:5802:5)
#501    ComponentElement.mount (package:flutter/src/widgets/framework.dart:5796:5)
#502    Element.inflateWidget (package:flutter/src/widgets/framework.dart:4590:20)
#503    Element.updateChild (package:flutter/src/widgets/framework.dart:4059:18)
#504    ComponentElement.performRebuild (package:flutter/src/widgets/framework.dart:5844:16)
#505    Element.rebuild (package:flutter/src/widgets/framework.dart:5532:7)
#506    ComponentElement._firstBuild (package:flutter/src/widgets/framework.dart:5802:5)
#507    ComponentElement.mount (package:flutter/src/widgets/framework.dart:5796:5)
#508    Element.inflateWidget (package:flutter/src/widgets/framework.dart:4590:20)
#509    Element.updateChild (package:flutter/src/widgets/framework.dart:4059:18)
#510    ComponentElement.performRebuild (package:flutter/src/widgets/framework.dart:5844:16)
#511    StatefulElement.performRebuild (package:flutter/src/widgets/framework.dart:5985:11)
#512    Element.rebuild (package:flutter/src/widgets/framework.dart:5532:7)
#513    ComponentElement._firstBuild (package:flutter/src/widgets/framework.dart:5802:5)
#514    StatefulElement._firstBuild (package:flutter/src/widgets/framework.dart:5976:11)
#515    ComponentElement.mount (package:flutter/src/widgets/framework.dart:5796:5)
#516    Element.inflateWidget (package:flutter/src/widgets/framework.dart:4590:20)
#517    Element.updateChild (package:flutter/src/widgets/framework.dart:4059:18)
#518    ComponentElement.performRebuild (package:flutter/src/widgets/framework.dart:5844:16)
#519    Element.rebuild (package:flutter/src/widgets/framework.dart:5532:7)
#520    ComponentElement._firstBuild (package:flutter/src/widgets/framework.dart:5802:5)
#521    ComponentElement.mount (package:flutter/src/widgets/framework.dart:5796:5)
#522    Element.inflateWidget (package:flutter/src/widgets/framework.dart:4590:20)
#523    Element.updateChild (package:flutter/src/widgets/framework.dart:4059:18)
#524    SingleChildRenderObjectElement.mount (package:flutter/src/widgets/framework.dart:7118:14)
#525    Element.inflateWidget (package:flutter/src/widgets/framework.dart:4590:20)
#526    Element.updateChild (package:flutter/src/widgets/framework.dart:4059:18)
#527    ComponentElement.performRebuild (package:flutter/src/widgets/framework.dart:5844:16)
#528    StatefulElement.performRebuild (package:flutter/src/widgets/framework.dart:5985:11)
#529    Element.rebuild (package:flutter/src/widgets/framework.dart:5532:7)
#530    ComponentElement._firstBuild (package:flutter/src/widgets/framework.dart:5802:5)
#531    StatefulElement._firstBuild (package:flutter/src/widgets/framework.dart:5976:11)
#532    ComponentElement.mount (package:flutter/src/widgets/framework.dart:5796:5)
#533    Element.inflateWidget (package:flutter/src/widgets/framework.dart:4590:20)
#534    Element.updateChild (package:flutter/src/widgets/framework.dart:4059:18)
#535    ComponentElement.performRebuild (package:flutter/src/widgets/framework.dart:5844:16)
#536    Element.rebuild (package:flutter/src/widgets/framework.dart:5532:7)
#537    ComponentElement._firstBuild (package:flutter/src/widgets/framework.dart:5802:5)
#538    ComponentElement.mount (package:flutter/src/widgets/framework.dart:5796:5)
#539    Element.inflateWidget (package:flutter/src/widgets/framework.dart:4590:20)
#540    Element.updateChild (package:flutter/src/widgets/framework.dart:4059:18)
#541    ComponentElement.performRebuild (package:flutter/src/widgets/framework.dart:5844:16)
#542    Element.rebuild (package:flutter/src/widgets/framework.dart:5532:7)
#543    ComponentElement._firstBuild (package:flutter/src/widgets/framework.dart:5802:5)
#544    ComponentElement.mount (package:flutter/src/widgets/framework.dart:5796:5)
#545    Element.inflateWidget (package:flutter/src/widgets/framework.dart:4590:20)
#546    Element.updateChild (package:flutter/src/widgets/framework.dart:4059:18)
#547    ComponentElement.performRebuild (package:flutter/src/widgets/framework.dart:5844:16)
#548    StatefulElement.performRebuild (package:flutter/src/widgets/framework.dart:5985:11)
#549    Element.rebuild (package:flutter/src/widgets/framework.dart:5532:7)
#550    ComponentElement._firstBuild (package:flutter/src/widgets/framework.dart:5802:5)
#551    StatefulElement._firstBuild (package:flutter/src/widgets/framework.dart:5976:11)
#552    ComponentElement.mount (package:flutter/src/widgets/framework.dart:5796:5)
#553    Element.inflateWidget (package:flutter/src/widgets/framework.dart:4590:20)
#554    Element.updateChild (package:flutter/src/widgets/framework.dart:4059:18)
#555    ComponentElement.performRebuild (package:flutter/src/widgets/framework.dart:5844:16)
#556    Element.rebuild (package:flutter/src/widgets/framework.dart:5532:7)
#557    ComponentElement._firstBuild (package:flutter/src/widgets/framework.dart:5802:5)
#558    ComponentElement.mount (package:flutter/src/widgets/framework.dart:5796:5)
#559    Element.inflateWidget (package:flutter/src/widgets/framework.dart:4590:20)
#560    Element.updateChild (package:flutter/src/widgets/framework.dart:4059:18)
#561    ComponentElement.performRebuild (package:flutter/src/widgets/framework.dart:5844:16)
#562    Element.rebuild (package:flutter/src/widgets/framework.dart:5532:7)
#563    ComponentElement._firstBuild (package:flutter/src/widgets/framework.dart:5802:5)
#564    ComponentElement.mount (package:flutter/src/widgets/framework.dart:5796:5)
#565    Element.inflateWidget (package:flutter/src/widgets/framework.dart:4590:20)
#566    Element.updateChild (package:flutter/src/widgets/framework.dart:4059:18)
#567    ComponentElement.performRebuild (package:flutter/src/widgets/framework.dart:5844:16)
#568    Element.rebuild (package:flutter/src/widgets/framework.dart:5532:7)
#569    ComponentElement._firstBuild (package:flutter/src/widgets/framework.dart:5802:5)
#570    ComponentElement.mount (package:flutter/src/widgets/framework.dart:5796:5)
#571    Element.inflateWidget (package:flutter/src/widgets/framework.dart:4590:20)
#572    Element.updateChild (package:flutter/src/widgets/framework.dart:4059:18)
#573    ComponentElement.performRebuild (package:flutter/src/widgets/framework.dart:5844:16)
#574    Element.rebuild (package:flutter/src/widgets/framework.dart:5532:7)
#575    ComponentElement._firstBuild (package:flutter/src/widgets/framework.dart:5802:5)
#576    ComponentElement.mount (package:flutter/src/widgets/framework.dart:5796:5)
#577    Element.inflateWidget (package:flutter/src/widgets/framework.dart:4590:20)
#578    Element.updateChild (package:flutter/src/widgets/framework.dart:4059:18)
#579    ComponentElement.performRebuild (package:flutter/src/widgets/framework.dart:5844:16)
#580    Element.rebuild (package:flutter/src/widgets/framework.dart:5532:7)
#581    ComponentElement._firstBuild (package:flutter/src/widgets/framework.dart:5802:5)
#582    ComponentElement.mount (package:flutter/src/widgets/framework.dart:5796:5)
#583    Element.inflateWidget (package:flutter/src/widgets/framework.dart:4590:20)
#584    Element.updateChild (package:flutter/src/widgets/framework.dart:4059:18)
#585    ComponentElement.performRebuild (package:flutter/src/widgets/framework.dart:5844:16)
#586    Element.rebuild (package:flutter/src/widgets/framework.dart:5532:7)
#587    ComponentElement._firstBuild (package:flutter/src/widgets/framework.dart:5802:5)
#588    ComponentElement.mount (package:flutter/src/widgets/framework.dart:5796:5)
#589    Element.inflateWidget (package:flutter/src/widgets/framework.dart:4590:20)
#590    Element.updateChild (package:flutter/src/widgets/framework.dart:4059:18)
#591    ComponentElement.performRebuild (package:flutter/src/widgets/framework.dart:5844:16)
#592    Element.rebuild (package:flutter/src/widgets/framework.dart:5532:7)
#593    ComponentElement._firstBuild (package:flutter/src/widgets/framework.dart:5802:5)
#594    ComponentElement.mount (package:flutter/src/widgets/framework.dart:5796:5)
#595    Element.inflateWidget (package:flutter/src/widgets/framework.dart:4590:20)
#596    Element.updateChild (package:flutter/src/widgets/framework.dart:4059:18)
#597    ComponentElement.performRebuild (package:flutter/src/widgets/framework.dart:5844:16)
#598    StatefulElement.performRebuild (package:flutter/src/widgets/framework.dart:5985:11)
#599    Element.rebuild (package:flutter/src/widgets/framework.dart:5532:7)
#600    ComponentElement._firstBuild (package:flutter/src/widgets/framework.dart:5802:5)
#601    StatefulElement._firstBuild (package:flutter/src/widgets/framework.dart:5976:11)
#602    ComponentElement.mount (package:flutter/src/widgets/framework.dart:5796:5)
#603    Element.inflateWidget (package:flutter/src/widgets/framework.dart:4590:20)
#604    Element.updateChild (package:flutter/src/widgets/framework.dart:4059:18)
#605    ComponentElement.performRebuild (package:flutter/src/widgets/framework.dart:5844:16)
#606    Element.rebuild (package:flutter/src/widgets/framework.dart:5532:7)
#607    ComponentElement._firstBuild (package:flutter/src/widgets/framework.dart:5802:5)
#608    ComponentElement.mount (package:flutter/src/widgets/framework.dart:5796:5)
#609    Element.inflateWidget (package:flutter/src/widgets/framework.dart:4590:20)
#610    Element.updateChild (package:flutter/src/widgets/framework.dart:4059:18)
#611    ComponentElement.performRebuild (package:flutter/src/widgets/framework.dart:5844:16)
#612    Element.rebuild (package:flutter/src/widgets/framework.dart:5532:7)
#613    ComponentElement._firstBuild (package:flutter/src/widgets/framework.dart:5802:5)
#614    ComponentElement.mount (package:flutter/src/widgets/framework.dart:5796:5)
#615    Element.inflateWidget (package:flutter/src/widgets/framework.dart:4590:20)
#616    Element.updateChild (package:flutter/src/widgets/framework.dart:4059:18)
#617    ComponentElement.performRebuild (package:flutter/src/widgets/framework.dart:5844:16)
#618    StatefulElement.performRebuild (package:flutter/src/widgets/framework.dart:5985:11)
#619    Element.rebuild (package:flutter/src/widgets/framework.dart:5532:7)
#620    ComponentElement._firstBuild (package:flutter/src/widgets/framework.dart:5802:5)
#621    StatefulElement._firstBuild (package:flutter/src/widgets/framework.dart:5976:11)
#622    ComponentElement.mount (package:flutter/src/widgets/framework.dart:5796:5)
#623    Element.inflateWidget (package:flutter/src/widgets/framework.dart:4590:20)
#624    Element.updateChild (package:flutter/src/widgets/framework.dart:4059:18)
#625    SingleChildRenderObjectElement.mount (package:flutter/src/widgets/framework.dart:7118:14)
#626    Element.inflateWidget (package:flutter/src/widgets/framework.dart:4590:20)
#627    Element.updateChild (package:flutter/src/widgets/framework.dart:4059:18)
#628    ComponentElement.performRebuild (package:flutter/src/widgets/framework.dart:5844:16)
#629    StatefulElement.performRebuild (package:flutter/src/widgets/framework.dart:5985:11)
#630    Element.rebuild (package:flutter/src/widgets/framework.dart:5532:7)
#631    ComponentElement._firstBuild (package:flutter/src/widgets/framework.dart:5802:5)
#632    StatefulElement._firstBuild (package:flutter/src/widgets/framework.dart:5976:11)
#633    ComponentElement.mount (package:flutter/src/widgets/framework.dart:5796:5)
#634    Element.inflateWidget (package:flutter/src/widgets/framework.dart:4590:20)
#635    Element.updateChild (package:flutter/src/widgets/framework.dart:4059:18)
#636    ComponentElement.performRebuild (package:flutter/src/widgets/framework.dart:5844:16)
#637    Element.rebuild (package:flutter/src/widgets/framework.dart:5532:7)
#638    ComponentElement._firstBuild (package:flutter/src/widgets/framework.dart:5802:5)
#639    ComponentElement.mount (package:flutter/src/widgets/framework.dart:5796:5)
#640    Element.inflateWidget (package:flutter/src/widgets/framework.dart:4590:20)
#641    Element.updateChild (package:flutter/src/widgets/framework.dart:4059:18)
#642    ComponentElement.performRebuild (package:flutter/src/widgets/framework.dart:5844:16)
#643    Element.rebuild (package:flutter/src/widgets/framework.dart:5532:7)
#644    ComponentElement._firstBuild (package:flutter/src/widgets/framework.dart:5802:5)
#645    ComponentElement.mount (package:flutter/src/widgets/framework.dart:5796:5)
#646    Element.inflateWidget (package:flutter/src/widgets/framework.dart:4590:20)
#647    Element.updateChild (package:flutter/src/widgets/framework.dart:4059:18)
#648    ComponentElement.performRebuild (package:flutter/src/widgets/framework.dart:5844:16)
#649    Element.rebuild (package:flutter/src/widgets/framework.dart:5532:7)
#650    ComponentElement._firstBuild (package:flutter/src/widgets/framework.dart:5802:5)
#651    ComponentElement.mount (package:flutter/src/widgets/framework.dart:5796:5)
#652    Element.inflateWidget (package:flutter/src/widgets/framework.dart:4590:20)
#653    Element.updateChild (package:flutter/src/widgets/framework.dart:4059:18)
#654    ComponentElement.performRebuild (package:flutter/src/widgets/framework.dart:5844:16)
#655    Element.rebuild (package:flutter/src/widgets/framework.dart:5532:7)
#656    ComponentElement._firstBuild (package:flutter/src/widgets/framework.dart:5802:5)
#657    ComponentElement.mount (package:flutter/src/widgets/framework.dart:5796:5)
#658    Element.inflateWidget (package:flutter/src/widgets/framework.dart:4590:20)
#659    Element.updateChild (package:flutter/src/widgets/framework.dart:4059:18)
#660    SingleChildRenderObjectElement.mount (package:flutter/src/widgets/framework.dart:7118:14)
#661    Element.inflateWidget (package:flutter/src/widgets/framework.dart:4590:20)
#662    Element.updateChild (package:flutter/src/widgets/framework.dart:4059:18)
#663    ComponentElement.performRebuild (package:flutter/src/widgets/framework.dart:5844:16)
#664    StatefulElement.performRebuild (package:flutter/src/widgets/framework.dart:5985:11)
#665    Element.rebuild (package:flutter/src/widgets/framework.dart:5532:7)
#666    ComponentElement._firstBuild (package:flutter/src/widgets/framework.dart:5802:5)
#667    StatefulElement._firstBuild (package:flutter/src/widgets/framework.dart:5976:11)
#668    ComponentElement.mount (package:flutter/src/widgets/framework.dart:5796:5)
#669    Element.inflateWidget (package:flutter/src/widgets/framework.dart:4590:20)
#670    Element.updateChild (package:flutter/src/widgets/framework.dart:4059:18)
#671    ComponentElement.performRebuild (package:flutter/src/widgets/framework.dart:5844:16)
#672    StatefulElement.performRebuild (package:flutter/src/widgets/framework.dart:5985:11)
#673    Element.rebuild (package:flutter/src/widgets/framework.dart:5532:7)
#674    ComponentElement._firstBuild (package:flutter/src/widgets/framework.dart:5802:5)
#675    StatefulElement._firstBuild (package:flutter/src/widgets/framework.dart:5976:11)
#676    ComponentElement.mount (package:flutter/src/widgets/framework.dart:5796:5)
#677    Element.inflateWidget (package:flutter/src/widgets/framework.dart:4590:20)
#678    Element.updateChild (package:flutter/src/widgets/framework.dart:4059:18)
#679    SingleChildRenderObjectElement.mount (package:flutter/src/widgets/framework.dart:7118:14)
#680    Element.inflateWidget (package:flutter/src/widgets/framework.dart:4590:20)
#681    Element.updateChild (package:flutter/src/widgets/framework.dart:4059:18)
#682    ComponentElement.performRebuild (package:flutter/src/widgets/framework.dart:5844:16)
#683    Element.rebuild (package:flutter/src/widgets/framework.dart:5532:7)
#684    ComponentElement._firstBuild (package:flutter/src/widgets/framework.dart:5802:5)
#685    ComponentElement.mount (package:flutter/src/widgets/framework.dart:5796:5)
#686    Element.inflateWidget (package:flutter/src/widgets/framework.dart:4590:20)
#687    Element.updateChild (package:flutter/src/widgets/framework.dart:4059:18)
#688    ComponentElement.performRebuild (package:flutter/src/widgets/framework.dart:5844:16)
#689    StatefulElement.performRebuild (package:flutter/src/widgets/framework.dart:5985:11)
#690    Element.rebuild (package:flutter/src/widgets/framework.dart:5532:7)
#691    ComponentElement._firstBuild (package:flutter/src/widgets/framework.dart:5802:5)
#692    StatefulElement._firstBuild (package:flutter/src/widgets/framework.dart:5976:11)
#693    ComponentElement.mount (package:flutter/src/widgets/framework.dart:5796:5)
#694    Element.inflateWidget (package:flutter/src/widgets/framework.dart:4590:20)
#695    Element.updateChild (package:flutter/src/widgets/framework.dart:4059:18)
#696    ComponentElement.performRebuild (package:flutter/src/widgets/framework.dart:5844:16)
#697    StatefulElement.performRebuild (package:flutter/src/widgets/framework.dart:5985:11)
#698    Element.rebuild (package:flutter/src/widgets/framework.dart:5532:7)
#699    ComponentElement._firstBuild (package:flutter/src/widgets/framework.dart:5802:5)
#700    StatefulElement._firstBuild (package:flutter/src/widgets/framework.dart:5976:11)
#701    ComponentElement.mount (package:flutter/src/widgets/framework.dart:5796:5)
#702    Element.inflateWidget (package:flutter/src/widgets/framework.dart:4590:20)
#703    Element.updateChild (package:flutter/src/widgets/framework.dart:4059:18)
#704    ComponentElement.performRebuild (package:flutter/src/widgets/framework.dart:5844:16)
#705    Element.rebuild (package:flutter/src/widgets/framework.dart:5532:7)
#706    ComponentElement._firstBuild (package:flutter/src/widgets/framework.dart:5802:5)
#707    ComponentElement.mount (package:flutter/src/widgets/framework.dart:5796:5)
#708    Element.inflateWidget (package:flutter/src/widgets/framework.dart:4590:20)
#709    Element.updateChild (package:flutter/src/widgets/framework.dart:4059:18)
#710    ComponentElement.performRebuild (package:flutter/src/widgets/framework.dart:5844:16)
#711    StatefulElement.performRebuild (package:flutter/src/widgets/framework.dart:5985:11)
#712    Element.rebuild (package:flutter/src/widgets/framework.dart:5532:7)
#713    ComponentElement._firstBuild (package:flutter/src/widgets/framework.dart:5802:5)
#714    StatefulElement._firstBuild (package:flutter/src/widgets/framework.dart:5976:11)
#715    ComponentElement.mount (package:flutter/src/widgets/framework.dart:5796:5)
#716    Element.inflateWidget (package:flutter/src/widgets/framework.dart:4590:20)
#717    Element.updateChild (package:flutter/src/widgets/framework.dart:4059:18)
#718    SingleChildRenderObjectElement.mount (package:flutter/src/widgets/framework.dart:7118:14)
#719    Element.inflateWidget (package:flutter/src/widgets/framework.dart:4590:20)
#720    Element.updateChild (package:flutter/src/widgets/framework.dart:4059:18)
#721    ComponentElement.performRebuild (package:flutter/src/widgets/framework.dart:5844:16)
#722    Element.rebuild (package:flutter/src/widgets/framework.dart:5532:7)
#723    ComponentElement._firstBuild (package:flutter/src/widgets/framework.dart:5802:5)
#724    ComponentElement.mount (package:flutter/src/widgets/framework.dart:5796:5)
#725    Element.inflateWidget (package:flutter/src/widgets/framework.dart:4590:20)
#726    Element.updateChild (package:flutter/src/widgets/framework.dart:4059:18)
#727    ComponentElement.performRebuild (package:flutter/src/widgets/framework.dart:5844:16)
#728    StatefulElement.performRebuild (package:flutter/src/widgets/framework.dart:5985:11)
#729    Element.rebuild (package:flutter/src/widgets/framework.dart:5532:7)
#730    ComponentElement._firstBuild (package:flutter/src/widgets/framework.dart:5802:5)
#731    StatefulElement._firstBuild (package:flutter/src/widgets/framework.dart:5976:11)
#732    ComponentElement.mount (package:flutter/src/widgets/framework.dart:5796:5)
#733    Element.inflateWidget (package:flutter/src/widgets/framework.dart:4590:20)
#734    Element.updateChild (package:flutter/src/widgets/framework.dart:4059:18)
#735    ComponentElement.performRebuild (package:flutter/src/widgets/framework.dart:5844:16)
#736    StatefulElement.performRebuild (package:flutter/src/widgets/framework.dart:5985:11)
#737    Element.rebuild (package:flutter/src/widgets/framework.dart:5532:7)
#738    ComponentElement._firstBuild (package:flutter/src/widgets/framework.dart:5802:5)
#739    StatefulElement._firstBuild (package:flutter/src/widgets/framework.dart:5976:11)
#740    ComponentElement.mount (package:flutter/src/widgets/framework.dart:5796:5)
#741    Element.inflateWidget (package:flutter/src/widgets/framework.dart:4590:20)
#742    Element.updateChild (package:flutter/src/widgets/framework.dart:4059:18)
#743    ComponentElement.performRebuild (package:flutter/src/widgets/framework.dart:5844:16)
#744    Element.rebuild (package:flutter/src/widgets/framework.dart:5532:7)
#745    ComponentElement._firstBuild (package:flutter/src/widgets/framework.dart:5802:5)
#746    ComponentElement.mount (package:flutter/src/widgets/framework.dart:5796:5)
#747    Element.inflateWidget (package:flutter/src/widgets/framework.dart:4590:20)
#748    Element.updateChild (package:flutter/src/widgets/framework.dart:4059:18)
#749    ComponentElement.performRebuild (package:flutter/src/widgets/framework.dart:5844:16)
#750    StatefulElement.performRebuild (package:flutter/src/widgets/framework.dart:5985:11)
#751    Element.rebuild (package:flutter/src/widgets/framework.dart:5532:7)
#752    ComponentElement._firstBuild (package:flutter/src/widgets/framework.dart:5802:5)
#753    StatefulElement._firstBuild (package:flutter/src/widgets/framework.dart:5976:11)
#754    ComponentElement.mount (package:flutter/src/widgets/framework.dart:5796:5)
#755    Element.inflateWidget (package:flutter/src/widgets/framework.dart:4590:20)
#756    Element.updateChild (package:flutter/src/widgets/framework.dart:4059:18)
#757    SingleChildRenderObjectElement.mount (package:flutter/src/widgets/framework.dart:7118:14)
#758    Element.inflateWidget (package:flutter/src/widgets/framework.dart:4590:20)
#759    Element.updateChild (package:flutter/src/widgets/framework.dart:4059:18)
#760    ComponentElement.performRebuild (package:flutter/src/widgets/framework.dart:5844:16)
#761    Element.rebuild (package:flutter/src/widgets/framework.dart:5532:7)
#762    ComponentElement._firstBuild (package:flutter/src/widgets/framework.dart:5802:5)
#763    ComponentElement.mount (package:flutter/src/widgets/framework.dart:5796:5)
#764    Element.inflateWidget (package:flutter/src/widgets/framework.dart:4590:20)
#765    Element.updateChild (package:flutter/src/widgets/framework.dart:4059:18)
#766    ComponentElement.performRebuild (package:flutter/src/widgets/framework.dart:5844:16)
#767    StatefulElement.performRebuild (package:flutter/src/widgets/framework.dart:5985:11)
#768    Element.rebuild (package:flutter/src/widgets/framework.dart:5532:7)
#769    ComponentElement._firstBuild (package:flutter/src/widgets/framework.dart:5802:5)
#770    StatefulElement._firstBuild (package:flutter/src/widgets/framework.dart:5976:11)
#771    ComponentElement.mount (package:flutter/src/widgets/framework.dart:5796:5)
#772    Element.inflateWidget (package:flutter/src/widgets/framework.dart:4590:20)
#773    Element.updateChild (package:flutter/src/widgets/framework.dart:4059:18)
#774    ComponentElement.performRebuild (package:flutter/src/widgets/framework.dart:5844:16)
#775    StatefulElement.performRebuild (package:flutter/src/widgets/framework.dart:5985:11)
#776    Element.rebuild (package:flutter/src/widgets/framework.dart:5532:7)
#777    ComponentElement._firstBuild (package:flutter/src/widgets/framework.dart:5802:5)
#778    StatefulElement._firstBuild (package:flutter/src/widgets/framework.dart:5976:11)
#779    ComponentElement.mount (package:flutter/src/widgets/framework.dart:5796:5)
#780    Element.inflateWidget (package:flutter/src/widgets/framework.dart:4590:20)
#781    Element.updateChild (package:flutter/src/widgets/framework.dart:4059:18)
#782    ComponentElement.performRebuild (package:flutter/src/widgets/framework.dart:5844:16)
#783    Element.rebuild (package:flutter/src/widgets/framework.dart:5532:7)
#784    ComponentElement._firstBuild (package:flutter/src/widgets/framework.dart:5802:5)
#785    ComponentElement.mount (package:flutter/src/widgets/framework.dart:5796:5)
#786    Element.inflateWidget (package:flutter/src/widgets/framework.dart:4590:20)
#787    Element.updateChild (package:flutter/src/widgets/framework.dart:4059:18)
#788    SingleChildRenderObjectElement.mount (package:flutter/src/widgets/framework.dart:7118:14)
#789    Element.inflateWidget (package:flutter/src/widgets/framework.dart:4590:20)
#790    Element.updateChild (package:flutter/src/widgets/framework.dart:4059:18)
#791    ComponentElement.performRebuild (package:flutter/src/widgets/framework.dart:5844:16)
#792    Element.rebuild (package:flutter/src/widgets/framework.dart:5532:7)
#793    ComponentElement._firstBuild (package:flutter/src/widgets/framework.dart:5802:5)
#794    ComponentElement.mount (package:flutter/src/widgets/framework.dart:5796:5)
#795    Element.inflateWidget (package:flutter/src/widgets/framework.dart:4590:20)
#796    Element.updateChild (package:flutter/src/widgets/framework.dart:4059:18)
#797    ComponentElement.performRebuild (package:flutter/src/widgets/framework.dart:5844:16)
#798    StatefulElement.performRebuild (package:flutter/src/widgets/framework.dart:5985:11)
#799    Element.rebuild (package:flutter/src/widgets/framework.dart:5532:7)
#800    ComponentElement._firstBuild (package:flutter/src/widgets/framework.dart:5802:5)
#801    StatefulElement._firstBuild (package:flutter/src/widgets/framework.dart:5976:11)
#802    ComponentElement.mount (package:flutter/src/widgets/framework.dart:5796:5)
#803    Element.inflateWidget (package:flutter/src/widgets/framework.dart:4590:20)
#804    Element.updateChild (package:flutter/src/widgets/framework.dart:4059:18)
#805    ComponentElement.performRebuild (package:flutter/src/widgets/framework.dart:5844:16)
#806    StatefulElement.performRebuild (package:flutter/src/widgets/framework.dart:5985:11)
#807    Element.rebuild (package:flutter/src/widgets/framework.dart:5532:7)
#808    ComponentElement._firstBuild (package:flutter/src/widgets/framework.dart:5802:5)
#809    StatefulElement._firstBuild (package:flutter/src/widgets/framework.dart:5976:11)
#810    ComponentElement.mount (package:flutter/src/widgets/framework.dart:5796:5)
#811    Element.inflateWidget (package:flutter/src/widgets/framework.dart:4590:20)
#812    Element.updateChild (package:flutter/src/widgets/framework.dart:4059:18)
#813    ComponentElement.performRebuild (package:flutter/src/widgets/framework.dart:5844:16)
#814    Element.rebuild (package:flutter/src/widgets/framework.dart:5532:7)
#815    ComponentElement._firstBuild (package:flutter/src/widgets/framework.dart:5802:5)
#816    ComponentElement.mount (package:flutter/src/widgets/framework.dart:5796:5)
#817    Element.inflateWidget (package:flutter/src/widgets/framework.dart:4590:20)
#818    Element.updateChild (package:flutter/src/widgets/framework.dart:4059:18)
#819    ComponentElement.performRebuild (package:flutter/src/widgets/framework.dart:5844:16)
#820    Element.rebuild (package:flutter/src/widgets/framework.dart:5532:7)
#821    ComponentElement._firstBuild (package:flutter/src/widgets/framework.dart:5802:5)
#822    ComponentElement.mount (package:flutter/src/widgets/framework.dart:5796:5)
#823    Element.inflateWidget (package:flutter/src/widgets/framework.dart:4590:20)
#824    Element.updateChild (package:flutter/src/widgets/framework.dart:4059:18)
#825    ComponentElement.performRebuild (package:flutter/src/widgets/framework.dart:5844:16)
#826    StatefulElement.performRebuild (package:flutter/src/widgets/framework.dart:5985:11)
#827    Element.rebuild (package:flutter/src/widgets/framework.dart:5532:7)
#828    ComponentElement._firstBuild (package:flutter/src/widgets/framework.dart:5802:5)
#829    StatefulElement._firstBuild (package:flutter/src/widgets/framework.dart:5976:11)
#830    ComponentElement.mount (package:flutter/src/widgets/framework.dart:5796:5)
#831    Element.inflateWidget (package:flutter/src/widgets/framework.dart:4590:20)
#832    Element.updateChild (package:flutter/src/widgets/framework.dart:4059:18)
#833    ComponentElement.performRebuild (package:flutter/src/widgets/framework.dart:5844:16)
#834    Element.rebuild (package:flutter/src/widgets/framework.dart:5532:7)
#835    ComponentElement._firstBuild (package:flutter/src/widgets/framework.dart:5802:5)
#836    ComponentElement.mount (package:flutter/src/widgets/framework.dart:5796:5)
#837    Element.inflateWidget (package:flutter/src/widgets/framework.dart:4590:20)
#838    Element.updateChild (package:flutter/src/widgets/framework.dart:4059:18)
#839    ComponentElement.performRebuild (package:flutter/src/widgets/framework.dart:5844:16)
#840    StatefulElement.performRebuild (package:flutter/src/widgets/framework.dart:5985:11)
#841    Element.rebuild (package:flutter/src/widgets/framework.dart:5532:7)
#842    ComponentElement._firstBuild (package:flutter/src/widgets/framework.dart:5802:5)
#843    StatefulElement._firstBuild (package:flutter/src/widgets/framework.dart:5976:11)
#844    ComponentElement.mount (package:flutter/src/widgets/framework.dart:5796:5)
#845    Element.inflateWidget (package:flutter/src/widgets/framework.dart:4590:20)
#846    Element.updateChild (package:flutter/src/widgets/framework.dart:4059:18)
#847    ComponentElement.performRebuild (package:flutter/src/widgets/framework.dart:5844:16)
#848    Element.rebuild (package:flutter/src/widgets/framework.dart:5532:7)
#849    ComponentElement._firstBuild (package:flutter/src/widgets/framework.dart:5802:5)
#850    ComponentElement.mount (package:flutter/src/widgets/framework.dart:5796:5)
#851    Element.inflateWidget (package:flutter/src/widgets/framework.dart:4590:20)
#852    Element.updateChild (package:flutter/src/widgets/framework.dart:4059:18)
#853    ComponentElement.performRebuild (package:flutter/src/widgets/framework.dart:5844:16)
#854    StatefulElement.performRebuild (package:flutter/src/widgets/framework.dart:5985:11)
#855    Element.rebuild (package:flutter/src/widgets/framework.dart:5532:7)
#856    ComponentElement._firstBuild (package:flutter/src/widgets/framework.dart:5802:5)
#857    StatefulElement._firstBuild (package:flutter/src/widgets/framework.dart:5976:11)
#858    ComponentElement.mount (package:flutter/src/widgets/framework.dart:5796:5)
#859    Element.inflateWidget (package:flutter/src/widgets/framework.dart:4590:20)
#860    Element.updateChild (package:flutter/src/widgets/framework.dart:4059:18)
#861    ComponentElement.performRebuild (package:flutter/src/widgets/framework.dart:5844:16)
#862    StatefulElement.performRebuild (package:flutter/src/widgets/framework.dart:5985:11)
#863    Element.rebuild (package:flutter/src/widgets/framework.dart:5532:7)
#864    ComponentElement._firstBuild (package:flutter/src/widgets/framework.dart:5802:5)
#865    StatefulElement._firstBuild (package:flutter/src/widgets/framework.dart:5976:11)
#866    ComponentElement.mount (package:flutter/src/widgets/framework.dart:5796:5)
#867    Element.inflateWidget (package:flutter/src/widgets/framework.dart:4590:20)
#868    Element.updateChild (package:flutter/src/widgets/framework.dart:4059:18)
#869    SingleChildRenderObjectElement.mount (package:flutter/src/widgets/framework.dart:7118:14)
#870    Element.inflateWidget (package:flutter/src/widgets/framework.dart:4590:20)
#871    Element.updateChild (package:flutter/src/widgets/framework.dart:4059:18)
#872    ComponentElement.performRebuild (package:flutter/src/widgets/framework.dart:5844:16)
#873    Element.rebuild (package:flutter/src/widgets/framework.dart:5532:7)
#874    ComponentElement._firstBuild (package:flutter/src/widgets/framework.dart:5802:5)
#875    ComponentElement.mount (package:flutter/src/widgets/framework.dart:5796:5)
#876    Element.inflateWidget (package:flutter/src/widgets/framework.dart:4590:20)
#877    Element.updateChild (package:flutter/src/widgets/framework.dart:4059:18)
#878    ComponentElement.performRebuild (package:flutter/src/widgets/framework.dart:5844:16)
#879    StatefulElement.performRebuild (package:flutter/src/widgets/framework.dart:5985:11)
#880    Element.rebuild (package:flutter/src/widgets/framework.dart:5532:7)
#881    ComponentElement._firstBuild (package:flutter/src/widgets/framework.dart:5802:5)
#882    StatefulElement._firstBuild (package:flutter/src/widgets/framework.dart:5976:11)
#883    ComponentElement.mount (package:flutter/src/widgets/framework.dart:5796:5)
#884    Element.inflateWidget (package:flutter/src/widgets/framework.dart:4590:20)
#885    Element.updateChild (package:flutter/src/widgets/framework.dart:4059:18)
#886    ComponentElement.performRebuild (package:flutter/src/widgets/framework.dart:5844:16)
#887    Element.rebuild (package:flutter/src/widgets/framework.dart:5532:7)
#888    ComponentElement._firstBuild (package:flutter/src/widgets/framework.dart:5802:5)
#889    ComponentElement.mount (package:flutter/src/widgets/framework.dart:5796:5)
#890    Element.inflateWidget (package:flutter/src/widgets/framework.dart:4590:20)
#891    Element.updateChild (package:flutter/src/widgets/framework.dart:4059:18)
#892    ComponentElement.performRebuild (package:flutter/src/widgets/framework.dart:5844:16)
#893    Element.rebuild (package:flutter/src/widgets/framework.dart:5532:7)
#894    ComponentElement._firstBuild (package:flutter/src/widgets/framework.dart:5802:5)
#895    ComponentElement.mount (package:flutter/src/widgets/framework.dart:5796:5)
#896    Element.inflateWidget (package:flutter/src/widgets/framework.dart:4590:20)
#897    Element.updateChild (package:flutter/src/widgets/framework.dart:4059:18)
#898    ComponentElement.performRebuild (package:flutter/src/widgets/framework.dart:5844:16)
#899    StatefulElement.performRebuild (package:flutter/src/widgets/framework.dart:5985:11)
#900    Element.rebuild (package:flutter/src/widgets/framework.dart:5532:7)
#901    ComponentElement._firstBuild (package:flutter/src/widgets/framework.dart:5802:5)
#902    StatefulElement._firstBuild (package:flutter/src/widgets/framework.dart:5976:11)
#903    ComponentElement.mount (package:flutter/src/widgets/framework.dart:5796:5)
#904    Element.inflateWidget (package:flutter/src/widgets/framework.dart:4590:20)
#905    Element.updateChild (package:flutter/src/widgets/framework.dart:4053:20)
#906    ComponentElement.performRebuild (package:flutter/src/widgets/framework.dart:5844:16)
#907    Element.rebuild (package:flutter/src/widgets/framework.dart:5532:7)
#908    ProxyElement.update (package:flutter/src/widgets/framework.dart:6152:5)
#909    _InheritedNotifierElement.update
(package:flutter/src/widgets/inherited_notifier.dart:108:11)
#910    Element.updateChild (package:flutter/src/widgets/framework.dart:4037:15)
#911    ComponentElement.performRebuild (package:flutter/src/widgets/framework.dart:5844:16)
#912    StatefulElement.performRebuild (package:flutter/src/widgets/framework.dart:5985:11)
#913    Element.rebuild (package:flutter/src/widgets/framework.dart:5532:7)
#914    StatefulElement.update (package:flutter/src/widgets/framework.dart:6010:5)
#915    Element.updateChild (package:flutter/src/widgets/framework.dart:4037:15)
#916    ComponentElement.performRebuild (package:flutter/src/widgets/framework.dart:5844:16)
#917    Element.rebuild (package:flutter/src/widgets/framework.dart:5532:7)
#918    ProxyElement.update (package:flutter/src/widgets/framework.dart:6152:5)
#919    _InheritedNotifierElement.update
(package:flutter/src/widgets/inherited_notifier.dart:108:11)
#920    Element.updateChild (package:flutter/src/widgets/framework.dart:4037:15)
#921    ComponentElement.performRebuild (package:flutter/src/widgets/framework.dart:5844:16)
#922    StatefulElement.performRebuild (package:flutter/src/widgets/framework.dart:5985:11)
#923    Element.rebuild (package:flutter/src/widgets/framework.dart:5532:7)
#924    StatefulElement.update (package:flutter/src/widgets/framework.dart:6010:5)
#925    Element.updateChild (package:flutter/src/widgets/framework.dart:4037:15)
#926    ComponentElement.performRebuild (package:flutter/src/widgets/framework.dart:5844:16)
#927    StatefulElement.performRebuild (package:flutter/src/widgets/framework.dart:5985:11)
#928    Element.rebuild (package:flutter/src/widgets/framework.dart:5532:7)
#929    StatefulElement.update (package:flutter/src/widgets/framework.dart:6010:5)
#930    Element.updateChild (package:flutter/src/widgets/framework.dart:4037:15)
#931    ComponentElement.performRebuild (package:flutter/src/widgets/framework.dart:5844:16)
#932    Element.rebuild (package:flutter/src/widgets/framework.dart:5532:7)
#933    ProxyElement.update (package:flutter/src/widgets/framework.dart:6152:5)
#934    Element.updateChild (package:flutter/src/widgets/framework.dart:4037:15)
#935    ComponentElement.performRebuild (package:flutter/src/widgets/framework.dart:5844:16)
#936    StatefulElement.performRebuild (package:flutter/src/widgets/framework.dart:5985:11)
#937    Element.rebuild (package:flutter/src/widgets/framework.dart:5532:7)
#938    StatefulElement.update (package:flutter/src/widgets/framework.dart:6010:5)
#939    Element.updateChild (package:flutter/src/widgets/framework.dart:4037:15)
#940    ComponentElement.performRebuild (package:flutter/src/widgets/framework.dart:5844:16)
#941    Element.rebuild (package:flutter/src/widgets/framework.dart:5532:7)
#942    ProxyElement.update (package:flutter/src/widgets/framework.dart:6152:5)
#943    Element.updateChild (package:flutter/src/widgets/framework.dart:4037:15)
#944    ComponentElement.performRebuild (package:flutter/src/widgets/framework.dart:5844:16)
#945    Element.rebuild (package:flutter/src/widgets/framework.dart:5532:7)
#946    ProxyElement.update (package:flutter/src/widgets/framework.dart:6152:5)
#947    Element.updateChild (package:flutter/src/widgets/framework.dart:4037:15)
#948    _RawViewElement._updateChild (package:flutter/src/widgets/view.dart:481:16)
#949    _RawViewElement.update (package:flutter/src/widgets/view.dart:568:5)
#950    Element.updateChild (package:flutter/src/widgets/framework.dart:4037:15)
#951    ComponentElement.performRebuild (package:flutter/src/widgets/framework.dart:5844:16)
#952    Element.rebuild (package:flutter/src/widgets/framework.dart:5532:7)
#953    StatelessElement.update (package:flutter/src/widgets/framework.dart:5898:5)
#954    Element.updateChild (package:flutter/src/widgets/framework.dart:4037:15)
#955    ComponentElement.performRebuild (package:flutter/src/widgets/framework.dart:5844:16)
#956    StatefulElement.performRebuild (package:flutter/src/widgets/framework.dart:5985:11)
#957    Element.rebuild (package:flutter/src/widgets/framework.dart:5532:7)
#958    StatefulElement.update (package:flutter/src/widgets/framework.dart:6010:5)
#959    Element.updateChild (package:flutter/src/widgets/framework.dart:4037:15)
#960    RootElement._rebuild (package:flutter/src/widgets/binding.dart:1782:16)
#961    RootElement.update (package:flutter/src/widgets/binding.dart:1760:5)
#962    RootElement.performRebuild (package:flutter/src/widgets/binding.dart:1774:7)
#963    Element.rebuild (package:flutter/src/widgets/framework.dart:5532:7)
#964    BuildScope._tryRebuild (package:flutter/src/widgets/framework.dart:2750:15)
#965    BuildScope._flushDirtyElements (package:flutter/src/widgets/framework.dart:2807:11)
#966    BuildOwner.buildScope (package:flutter/src/widgets/framework.dart:3111:18)
#967    AutomatedTestWidgetsFlutterBinding.drawFrame (package:flutter_test/src/binding.dart:1506:19)
#968    RendererBinding._handlePersistentFrameCallback
(package:flutter/src/rendering/binding.dart:495:5)
#969    SchedulerBinding._invokeFrameCallback (package:flutter/src/scheduler/binding.dart:1434:15)
#970    SchedulerBinding.handleDrawFrame (package:flutter/src/scheduler/binding.dart:1347:9)
#971    AutomatedTestWidgetsFlutterBinding.pump.<anonymous closure>
(package:flutter_test/src/binding.dart:1335:9)
#972    _rootRun (dart:async/zone.dart:1525:13)
#973    _CustomZone.run (dart:async/zone.dart:1422:19)
#974    TestAsyncUtils.guard (package:flutter_test/src/test_async_utils.dart:74:41)
#975    AutomatedTestWidgetsFlutterBinding.pump (package:flutter_test/src/binding.dart:1324:27)
#976    WidgetTester.pumpWidget.<anonymous closure>
(package:flutter_test/src/widget_tester.dart:598:22)
#977    _rootRun (dart:async/zone.dart:1525:13)
#978    _CustomZone.run (dart:async/zone.dart:1422:19)
#979    TestAsyncUtils.guard (package:flutter_test/src/test_async_utils.dart:74:41)
#980    WidgetTester.pumpWidget (package:flutter_test/src/widget_tester.dart:595:27)
#981    main.<anonymous closure>
(file:///C:/Users/Tayyub/StudioProjects/qudwa/test/widgets/ayah_card_test.dart:50:18)
#982    testWidgets.<anonymous closure>.<anonymous closure>
(package:flutter_test/src/widget_tester.dart:192:29)
<asynchronous suspension>
#983    TestWidgetsFlutterBinding._runTestBody (package:flutter_test/src/binding.dart:1059:5)
<asynchronous suspension>
#984    StackZoneSpecification._registerCallback.<anonymous closure>
(package:stack_trace/src/stack_zone_specification.dart:114:42)
<asynchronous suspension>

The relevant error-causing widget was:
  AyahRow AyahRow:file:///C:/Users/Tayyub/StudioProjects/qudwa/test/widgets/ayah_card_test.dart:54:20

When the exception was thrown, this was the stack:
#0      throwProviderException (package:riverpod/src/common/stack_trace.dart:10:3)
#1      $ResultError.valueOrProviderException (package:riverpod/src/common/result.dart:108:7)
#2      ConsumerStatefulElement.watch (package:flutter_riverpod/src/core/consumer.dart:459:14)
#3      _AyahRowState.build (package:qudwa/features/quran/widgets/ayah_card.dart:109:36)
#4      StatefulElement.build (package:flutter/src/widgets/framework.dart:5934:27)
#5      ConsumerStatefulElement.build (package:flutter_riverpod/src/core/consumer.dart:421:20)
#6      ComponentElement.performRebuild (package:flutter/src/widgets/framework.dart:5820:15)
#7      StatefulElement.performRebuild (package:flutter/src/widgets/framework.dart:5985:11)
#8      Element.rebuild (package:flutter/src/widgets/framework.dart:5532:7)
#9      ComponentElement._firstBuild (package:flutter/src/widgets/framework.dart:5802:5)
#10     StatefulElement._firstBuild (package:flutter/src/widgets/framework.dart:5976:11)
#11     ComponentElement.mount (package:flutter/src/widgets/framework.dart:5796:5)
...     Normal element mounting (47 frames)
#58     Element.inflateWidget (package:flutter/src/widgets/framework.dart:4590:20)
#59     MultiChildRenderObjectElement.inflateWidget (package:flutter/src/widgets/framework.dart:7269:36)
#60     MultiChildRenderObjectElement.mount (package:flutter/src/widgets/framework.dart:7285:32)
...     Normal element mounting (364 frames)
#424    Element.inflateWidget (package:flutter/src/widgets/framework.dart:4590:20)
#425    MultiChildRenderObjectElement.inflateWidget (package:flutter/src/widgets/framework.dart:7269:36)
#426    MultiChildRenderObjectElement.mount (package:flutter/src/widgets/framework.dart:7285:32)
...     Normal element mounting (465 frames)
#891    Element.inflateWidget (package:flutter/src/widgets/framework.dart:4590:20)
#892    Element.updateChild (package:flutter/src/widgets/framework.dart:4053:20)
#893    ComponentElement.performRebuild (package:flutter/src/widgets/framework.dart:5844:16)
#894    Element.rebuild (package:flutter/src/widgets/framework.dart:5532:7)
#895    ProxyElement.update (package:flutter/src/widgets/framework.dart:6152:5)
#896    _InheritedNotifierElement.update (package:flutter/src/widgets/inherited_notifier.dart:108:11)
#897    Element.updateChild (package:flutter/src/widgets/framework.dart:4037:15)
#898    ComponentElement.performRebuild (package:flutter/src/widgets/framework.dart:5844:16)
#899    StatefulElement.performRebuild (package:flutter/src/widgets/framework.dart:5985:11)
#900    Element.rebuild (package:flutter/src/widgets/framework.dart:5532:7)
#901    StatefulElement.update (package:flutter/src/widgets/framework.dart:6010:5)
#902    Element.updateChild (package:flutter/src/widgets/framework.dart:4037:15)
#903    ComponentElement.performRebuild (package:flutter/src/widgets/framework.dart:5844:16)
#904    Element.rebuild (package:flutter/src/widgets/framework.dart:5532:7)
#905    ProxyElement.update (package:flutter/src/widgets/framework.dart:6152:5)
#906    _InheritedNotifierElement.update (package:flutter/src/widgets/inherited_notifier.dart:108:11)
#907    Element.updateChild (package:flutter/src/widgets/framework.dart:4037:15)
#908    ComponentElement.performRebuild (package:flutter/src/widgets/framework.dart:5844:16)
#909    StatefulElement.performRebuild (package:flutter/src/widgets/framework.dart:5985:11)
#910    Element.rebuild (package:flutter/src/widgets/framework.dart:5532:7)
#911    StatefulElement.update (package:flutter/src/widgets/framework.dart:6010:5)
#912    Element.updateChild (package:flutter/src/widgets/framework.dart:4037:15)
#913    ComponentElement.performRebuild (package:flutter/src/widgets/framework.dart:5844:16)
#914    StatefulElement.performRebuild (package:flutter/src/widgets/framework.dart:5985:11)
#915    Element.rebuild (package:flutter/src/widgets/framework.dart:5532:7)
#916    StatefulElement.update (package:flutter/src/widgets/framework.dart:6010:5)
#917    Element.updateChild (package:flutter/src/widgets/framework.dart:4037:15)
#918    ComponentElement.performRebuild (package:flutter/src/widgets/framework.dart:5844:16)
#919    Element.rebuild (package:flutter/src/widgets/framework.dart:5532:7)
#920    ProxyElement.update (package:flutter/src/widgets/framework.dart:6152:5)
#921    Element.updateChild (package:flutter/src/widgets/framework.dart:4037:15)
#922    ComponentElement.performRebuild (package:flutter/src/widgets/framework.dart:5844:16)
#923    StatefulElement.performRebuild (package:flutter/src/widgets/framework.dart:5985:11)
#924    Element.rebuild (package:flutter/src/widgets/framework.dart:5532:7)
#925    StatefulElement.update (package:flutter/src/widgets/framework.dart:6010:5)
#926    Element.updateChild (package:flutter/src/widgets/framework.dart:4037:15)
#927    ComponentElement.performRebuild (package:flutter/src/widgets/framework.dart:5844:16)
#928    Element.rebuild (package:flutter/src/widgets/framework.dart:5532:7)
#929    ProxyElement.update (package:flutter/src/widgets/framework.dart:6152:5)
#930    Element.updateChild (package:flutter/src/widgets/framework.dart:4037:15)
#931    ComponentElement.performRebuild (package:flutter/src/widgets/framework.dart:5844:16)
#932    Element.rebuild (package:flutter/src/widgets/framework.dart:5532:7)
#933    ProxyElement.update (package:flutter/src/widgets/framework.dart:6152:5)
#934    Element.updateChild (package:flutter/src/widgets/framework.dart:4037:15)
#935    _RawViewElement._updateChild (package:flutter/src/widgets/view.dart:481:16)
#936    _RawViewElement.update (package:flutter/src/widgets/view.dart:568:5)
#937    Element.updateChild (package:flutter/src/widgets/framework.dart:4037:15)
#938    ComponentElement.performRebuild (package:flutter/src/widgets/framework.dart:5844:16)
#939    Element.rebuild (package:flutter/src/widgets/framework.dart:5532:7)
#940    StatelessElement.update (package:flutter/src/widgets/framework.dart:5898:5)
#941    Element.updateChild (package:flutter/src/widgets/framework.dart:4037:15)
#942    ComponentElement.performRebuild (package:flutter/src/widgets/framework.dart:5844:16)
#943    StatefulElement.performRebuild (package:flutter/src/widgets/framework.dart:5985:11)
#944    Element.rebuild (package:flutter/src/widgets/framework.dart:5532:7)
#945    StatefulElement.update (package:flutter/src/widgets/framework.dart:6010:5)
#946    Element.updateChild (package:flutter/src/widgets/framework.dart:4037:15)
#947    RootElement._rebuild (package:flutter/src/widgets/binding.dart:1782:16)
#948    RootElement.update (package:flutter/src/widgets/binding.dart:1760:5)
#949    RootElement.performRebuild (package:flutter/src/widgets/binding.dart:1774:7)
#950    Element.rebuild (package:flutter/src/widgets/framework.dart:5532:7)
#951    BuildScope._tryRebuild (package:flutter/src/widgets/framework.dart:2750:15)
#952    BuildScope._flushDirtyElements (package:flutter/src/widgets/framework.dart:2807:11)
#953    BuildOwner.buildScope (package:flutter/src/widgets/framework.dart:3111:18)
#954    AutomatedTestWidgetsFlutterBinding.drawFrame (package:flutter_test/src/binding.dart:1506:19)
#955    RendererBinding._handlePersistentFrameCallback (package:flutter/src/rendering/binding.dart:495:5)
#956    SchedulerBinding._invokeFrameCallback (package:flutter/src/scheduler/binding.dart:1434:15)
#957    SchedulerBinding.handleDrawFrame (package:flutter/src/scheduler/binding.dart:1347:9)
#958    AutomatedTestWidgetsFlutterBinding.pump.<anonymous closure> (package:flutter_test/src/binding.dart:1335:9)
#961    TestAsyncUtils.guard (package:flutter_test/src/test_async_utils.dart:74:41)
#962    AutomatedTestWidgetsFlutterBinding.pump (package:flutter_test/src/binding.dart:1324:27)
#963    WidgetTester.pumpWidget.<anonymous closure> (package:flutter_test/src/widget_tester.dart:598:22)
#966    TestAsyncUtils.guard (package:flutter_test/src/test_async_utils.dart:74:41)
#967    WidgetTester.pumpWidget (package:flutter_test/src/widget_tester.dart:595:27)
#968    main.<anonymous closure> (file:///C:/Users/Tayyub/StudioProjects/qudwa/test/widgets/ayah_card_test.dart:50:18)
#969    testWidgets.<anonymous closure>.<anonymous closure> (package:flutter_test/src/widget_tester.dart:192:29)
<asynchronous suspension>
#970    TestWidgetsFlutterBinding._runTestBody (package:flutter_test/src/binding.dart:1059:5)
<asynchronous suspension>
<asynchronous suspension>
(elided 5 frames from dart:async and package:stack_trace)

ΓòÉΓòÉΓòÉΓòÉΓòÉΓòÉΓòÉΓòÉΓòÉΓòÉΓòÉΓòÉΓòÉΓòÉΓòÉΓòÉΓòÉΓòÉΓòÉΓòÉΓòÉΓòÉΓòÉΓòÉΓòÉΓòÉΓòÉΓòÉΓòÉΓòÉΓòÉΓòÉΓòÉΓòÉΓòÉΓòÉΓòÉΓòÉΓòÉΓòÉΓòÉΓòÉΓòÉΓòÉΓòÉΓòÉΓòÉΓòÉΓòÉΓòÉΓòÉΓòÉΓòÉΓòÉΓòÉΓòÉΓòÉΓòÉΓòÉΓòÉΓòÉΓòÉΓòÉΓòÉΓòÉΓòÉΓòÉΓòÉΓòÉΓòÉΓòÉΓòÉΓòÉΓòÉΓòÉΓòÉΓòÉΓòÉΓòÉΓòÉΓòÉΓòÉΓòÉΓòÉΓòÉΓòÉΓòÉΓòÉΓòÉΓòÉΓòÉΓòÉΓòÉΓòÉΓòÉΓòÉΓòÉΓòÉΓòÉΓòÉ
ΓòÉΓòÉΓòí EXCEPTION CAUGHT BY FLUTTER TEST FRAMEWORK Γò₧ΓòÉΓòÉΓòÉΓòÉΓòÉΓòÉΓòÉΓòÉΓòÉΓòÉΓòÉΓòÉΓòÉΓòÉΓòÉΓòÉΓòÉΓòÉΓòÉΓòÉΓòÉΓòÉΓòÉΓòÉΓòÉΓòÉΓòÉΓòÉΓòÉΓòÉΓòÉΓòÉΓòÉΓòÉΓòÉΓòÉΓòÉΓòÉΓòÉΓòÉΓòÉΓòÉΓòÉΓòÉΓòÉΓòÉΓòÉΓòÉΓòÉΓòÉΓòÉΓòÉ
The following ProviderException was thrown running a test:
Tried to use a provider that is in error state.

A provider threw the following exception:
UnimplementedError

The stack trace of the exception:
#0      sharedPreferencesProvider.<anonymous closure>
(package:qudwa/data/repositories/quran_repository.dart:110:42)
#1      Provider.create (package:riverpod/src/providers/provider.dart:59:36)
#2      $ProviderElement.create (package:riverpod/src/providers/provider.dart:343:32)
#3      ProviderElement.buildState (package:riverpod/src/core/element.dart:665:28)
#4      ProviderElement.mount (package:riverpod/src/core/element.dart:517:7)
#5      ProviderElement.flush (package:riverpod/src/core/element.dart:620:7)
#6      $ProviderBaseImpl._addListener (package:riverpod/src/core/provider/provider.dart:117:24)
#7      ProviderContainer.listen (package:riverpod/src/core/provider_container.dart:954:26)
#8      ProviderContainer.read (package:riverpod/src/core/provider_container.dart:911:17)
#9      Ref.read (package:riverpod/src/core/ref.dart:524:30)
#10     AppConfigViewModel._prefs (package:qudwa/viewmodels/settings_viewmodel.dart:159:39)
#11     AppConfigViewModel.build (package:qudwa/viewmodels/settings_viewmodel.dart:163:15)
#12     Notifier.runBuild (package:riverpod/src/providers/notifier/orphan.dart:70:21)
#13     $ClassProviderElement.create
(package:riverpod/src/core/provider/notifier_provider.dart:561:26)
#14     ProviderElement.buildState (package:riverpod/src/core/element.dart:665:28)
#15     ProviderElement.mount (package:riverpod/src/core/element.dart:517:7)
#16     ProviderElement.flush (package:riverpod/src/core/element.dart:620:7)
#17     $ProviderBaseImpl._addListener (package:riverpod/src/core/provider/provider.dart:117:24)
#18     _ProviderSelector._addListener (package:riverpod/src/core/modifiers/select.dart:137:26)
#19     ProviderElement.listen (package:riverpod/src/core/element.dart:901:28)
#20     Ref.listen (package:riverpod/src/core/ref.dart:681:21)
#21     AudioControlNotifier.build (package:qudwa/viewmodels/audio_viewmodel.dart:90:9)
#22     Notifier.runBuild (package:riverpod/src/providers/notifier/orphan.dart:70:21)
#23     $ClassProviderElement.create
(package:riverpod/src/core/provider/notifier_provider.dart:561:26)
#24     ProviderElement.buildState (package:riverpod/src/core/element.dart:665:28)
#25     ProviderElement.mount (package:riverpod/src/core/element.dart:517:7)
#26     ProviderElement.flush (package:riverpod/src/core/element.dart:620:7)
#27     $ProviderBaseImpl._addListener (package:riverpod/src/core/provider/provider.dart:117:24)
#28     _ProviderSelector._addListener (package:riverpod/src/core/modifiers/select.dart:137:26)
#29     ProviderContainer.listen (package:riverpod/src/core/provider_container.dart:954:26)
#30     ConsumerStatefulElement.watch.<anonymous closure>
(package:flutter_riverpod/src/core/consumer.dart:451:37)
#31     _LinkedHashMapMixin.putIfAbsent (dart:_compact_hash:675:23)
#32     ConsumerStatefulElement.watch (package:flutter_riverpod/src/core/consumer.dart:444:14)
#33     _AyahRowState.build (package:qudwa/features/quran/widgets/ayah_card.dart:109:36)
#34     StatefulElement.build (package:flutter/src/widgets/framework.dart:5934:27)
#35     ConsumerStatefulElement.build (package:flutter_riverpod/src/core/consumer.dart:421:20)
#36     ComponentElement.performRebuild (package:flutter/src/widgets/framework.dart:5820:15)
#37     StatefulElement.performRebuild (package:flutter/src/widgets/framework.dart:5985:11)
#38     Element.rebuild (package:flutter/src/widgets/framework.dart:5532:7)
#39     ComponentElement._firstBuild (package:flutter/src/widgets/framework.dart:5802:5)
#40     StatefulElement._firstBuild (package:flutter/src/widgets/framework.dart:5976:11)
#41     ComponentElement.mount (package:flutter/src/widgets/framework.dart:5796:5)
#42     Element.inflateWidget (package:flutter/src/widgets/framework.dart:4590:20)
#43     Element.updateChild (package:flutter/src/widgets/framework.dart:4059:18)
#44     ComponentElement.performRebuild (package:flutter/src/widgets/framework.dart:5844:16)
#45     Element.rebuild (package:flutter/src/widgets/framework.dart:5532:7)
#46     ComponentElement._firstBuild (package:flutter/src/widgets/framework.dart:5802:5)
#47     ComponentElement.mount (package:flutter/src/widgets/framework.dart:5796:5)
#48     Element.inflateWidget (package:flutter/src/widgets/framework.dart:4590:20)
#49     Element.updateChild (package:flutter/src/widgets/framework.dart:4059:18)
#50     ComponentElement.performRebuild (package:flutter/src/widgets/framework.dart:5844:16)
#51     StatefulElement.performRebuild (package:flutter/src/widgets/framework.dart:5985:11)
#52     Element.rebuild (package:flutter/src/widgets/framework.dart:5532:7)
#53     ComponentElement._firstBuild (package:flutter/src/widgets/framework.dart:5802:5)
#54     StatefulElement._firstBuild (package:flutter/src/widgets/framework.dart:5976:11)
#55     ComponentElement.mount (package:flutter/src/widgets/framework.dart:5796:5)
#56     Element.inflateWidget (package:flutter/src/widgets/framework.dart:4590:20)
#57     Element.updateChild (package:flutter/src/widgets/framework.dart:4059:18)
#58     ComponentElement.performRebuild (package:flutter/src/widgets/framework.dart:5844:16)
#59     StatefulElement.performRebuild (package:flutter/src/widgets/framework.dart:5985:11)
#60     Element.rebuild (package:flutter/src/widgets/framework.dart:5532:7)
#61     ComponentElement._firstBuild (package:flutter/src/widgets/framework.dart:5802:5)
#62     StatefulElement._firstBuild (package:flutter/src/widgets/framework.dart:5976:11)
#63     ComponentElement.mount (package:flutter/src/widgets/framework.dart:5796:5)
#64     Element.inflateWidget (package:flutter/src/widgets/framework.dart:4590:20)
#65     Element.updateChild (package:flutter/src/widgets/framework.dart:4059:18)
#66     ComponentElement.performRebuild (package:flutter/src/widgets/framework.dart:5844:16)
#67     Element.rebuild (package:flutter/src/widgets/framework.dart:5532:7)
#68     ComponentElement._firstBuild (package:flutter/src/widgets/framework.dart:5802:5)
#69     ComponentElement.mount (package:flutter/src/widgets/framework.dart:5796:5)
#70     Element.inflateWidget (package:flutter/src/widgets/framework.dart:4590:20)
#71     Element.updateChild (package:flutter/src/widgets/framework.dart:4059:18)
#72     ComponentElement.performRebuild (package:flutter/src/widgets/framework.dart:5844:16)
#73     Element.rebuild (package:flutter/src/widgets/framework.dart:5532:7)
#74     ComponentElement._firstBuild (package:flutter/src/widgets/framework.dart:5802:5)
#75     ComponentElement.mount (package:flutter/src/widgets/framework.dart:5796:5)
#76     Element.inflateWidget (package:flutter/src/widgets/framework.dart:4590:20)
#77     Element.updateChild (package:flutter/src/widgets/framework.dart:4059:18)
#78     ComponentElement.performRebuild (package:flutter/src/widgets/framework.dart:5844:16)
#79     Element.rebuild (package:flutter/src/widgets/framework.dart:5532:7)
#80     ComponentElement._firstBuild (package:flutter/src/widgets/framework.dart:5802:5)
#81     ComponentElement.mount (package:flutter/src/widgets/framework.dart:5796:5)
#82     Element.inflateWidget (package:flutter/src/widgets/framework.dart:4590:20)
#83     Element.updateChild (package:flutter/src/widgets/framework.dart:4059:18)
#84     ComponentElement.performRebuild (package:flutter/src/widgets/framework.dart:5844:16)
#85     Element.rebuild (package:flutter/src/widgets/framework.dart:5532:7)
#86     ComponentElement._firstBuild (package:flutter/src/widgets/framework.dart:5802:5)
#87     ComponentElement.mount (package:flutter/src/widgets/framework.dart:5796:5)
#88     Element.inflateWidget (package:flutter/src/widgets/framework.dart:4590:20)
#89     MultiChildRenderObjectElement.inflateWidget
(package:flutter/src/widgets/framework.dart:7269:36)
#90     MultiChildRenderObjectElement.mount (package:flutter/src/widgets/framework.dart:7285:32)
#91     Element.inflateWidget (package:flutter/src/widgets/framework.dart:4590:20)
#92     Element.updateChild (package:flutter/src/widgets/framework.dart:4059:18)
#93     ComponentElement.performRebuild (package:flutter/src/widgets/framework.dart:5844:16)
#94     Element.rebuild (package:flutter/src/widgets/framework.dart:5532:7)
#95     ComponentElement._firstBuild (package:flutter/src/widgets/framework.dart:5802:5)
#96     ComponentElement.mount (package:flutter/src/widgets/framework.dart:5796:5)
#97     Element.inflateWidget (package:flutter/src/widgets/framework.dart:4590:20)
#98     Element.updateChild (package:flutter/src/widgets/framework.dart:4059:18)
#99     ComponentElement.performRebuild (package:flutter/src/widgets/framework.dart:5844:16)
#100    StatefulElement.performRebuild (package:flutter/src/widgets/framework.dart:5985:11)
#101    Element.rebuild (package:flutter/src/widgets/framework.dart:5532:7)
#102    ComponentElement._firstBuild (package:flutter/src/widgets/framework.dart:5802:5)
#103    StatefulElement._firstBuild (package:flutter/src/widgets/framework.dart:5976:11)
#104    ComponentElement.mount (package:flutter/src/widgets/framework.dart:5796:5)
#105    Element.inflateWidget (package:flutter/src/widgets/framework.dart:4590:20)
#106    Element.updateChild (package:flutter/src/widgets/framework.dart:4059:18)
#107    ComponentElement.performRebuild (package:flutter/src/widgets/framework.dart:5844:16)
#108    StatefulElement.performRebuild (package:flutter/src/widgets/framework.dart:5985:11)
#109    Element.rebuild (package:flutter/src/widgets/framework.dart:5532:7)
#110    ComponentElement._firstBuild (package:flutter/src/widgets/framework.dart:5802:5)
#111    StatefulElement._firstBuild (package:flutter/src/widgets/framework.dart:5976:11)
#112    ComponentElement.mount (package:flutter/src/widgets/framework.dart:5796:5)
#113    Element.inflateWidget (package:flutter/src/widgets/framework.dart:4590:20)
#114    Element.updateChild (package:flutter/src/widgets/framework.dart:4059:18)
#115    ComponentElement.performRebuild (package:flutter/src/widgets/framework.dart:5844:16)
#116    Element.rebuild (package:flutter/src/widgets/framework.dart:5532:7)
#117    ComponentElement._firstBuild (package:flutter/src/widgets/framework.dart:5802:5)
#118    ComponentElement.mount (package:flutter/src/widgets/framework.dart:5796:5)
#119    Element.inflateWidget (package:flutter/src/widgets/framework.dart:4590:20)
#120    Element.updateChild (package:flutter/src/widgets/framework.dart:4059:18)
#121    ComponentElement.performRebuild (package:flutter/src/widgets/framework.dart:5844:16)
#122    StatefulElement.performRebuild (package:flutter/src/widgets/framework.dart:5985:11)
#123    Element.rebuild (package:flutter/src/widgets/framework.dart:5532:7)
#124    ComponentElement._firstBuild (package:flutter/src/widgets/framework.dart:5802:5)
#125    StatefulElement._firstBuild (package:flutter/src/widgets/framework.dart:5976:11)
#126    ComponentElement.mount (package:flutter/src/widgets/framework.dart:5796:5)
#127    Element.inflateWidget (package:flutter/src/widgets/framework.dart:4590:20)
#128    Element.updateChild (package:flutter/src/widgets/framework.dart:4059:18)
#129    SingleChildRenderObjectElement.mount (package:flutter/src/widgets/framework.dart:7118:14)
#130    Element.inflateWidget (package:flutter/src/widgets/framework.dart:4590:20)
#131    Element.updateChild (package:flutter/src/widgets/framework.dart:4059:18)
#132    ComponentElement.performRebuild (package:flutter/src/widgets/framework.dart:5844:16)
#133    Element.rebuild (package:flutter/src/widgets/framework.dart:5532:7)
#134    ComponentElement._firstBuild (package:flutter/src/widgets/framework.dart:5802:5)
#135    ComponentElement.mount (package:flutter/src/widgets/framework.dart:5796:5)
#136    Element.inflateWidget (package:flutter/src/widgets/framework.dart:4590:20)
#137    Element.updateChild (package:flutter/src/widgets/framework.dart:4059:18)
#138    SingleChildRenderObjectElement.mount (package:flutter/src/widgets/framework.dart:7118:14)
#139    Element.inflateWidget (package:flutter/src/widgets/framework.dart:4590:20)
#140    Element.updateChild (package:flutter/src/widgets/framework.dart:4059:18)
#141    ComponentElement.performRebuild (package:flutter/src/widgets/framework.dart:5844:16)
#142    StatefulElement.performRebuild (package:flutter/src/widgets/framework.dart:5985:11)
#143    Element.rebuild (package:flutter/src/widgets/framework.dart:5532:7)
#144    ComponentElement._firstBuild (package:flutter/src/widgets/framework.dart:5802:5)
#145    StatefulElement._firstBuild (package:flutter/src/widgets/framework.dart:5976:11)
#146    ComponentElement.mount (package:flutter/src/widgets/framework.dart:5796:5)
#147    Element.inflateWidget (package:flutter/src/widgets/framework.dart:4590:20)
#148    Element.updateChild (package:flutter/src/widgets/framework.dart:4059:18)
#149    ComponentElement.performRebuild (package:flutter/src/widgets/framework.dart:5844:16)
#150    StatefulElement.performRebuild (package:flutter/src/widgets/framework.dart:5985:11)
#151    Element.rebuild (package:flutter/src/widgets/framework.dart:5532:7)
#152    ComponentElement._firstBuild (package:flutter/src/widgets/framework.dart:5802:5)
#153    StatefulElement._firstBuild (package:flutter/src/widgets/framework.dart:5976:11)
#154    ComponentElement.mount (package:flutter/src/widgets/framework.dart:5796:5)
#155    Element.inflateWidget (package:flutter/src/widgets/framework.dart:4590:20)
#156    Element.updateChild (package:flutter/src/widgets/framework.dart:4059:18)
#157    ComponentElement.performRebuild (package:flutter/src/widgets/framework.dart:5844:16)
#158    Element.rebuild (package:flutter/src/widgets/framework.dart:5532:7)
#159    ComponentElement._firstBuild (package:flutter/src/widgets/framework.dart:5802:5)
#160    ComponentElement.mount (package:flutter/src/widgets/framework.dart:5796:5)
#161    Element.inflateWidget (package:flutter/src/widgets/framework.dart:4590:20)
#162    Element.updateChild (package:flutter/src/widgets/framework.dart:4059:18)
#163    ComponentElement.performRebuild (package:flutter/src/widgets/framework.dart:5844:16)
#164    Element.rebuild (package:flutter/src/widgets/framework.dart:5532:7)
#165    ComponentElement._firstBuild (package:flutter/src/widgets/framework.dart:5802:5)
#166    ComponentElement.mount (package:flutter/src/widgets/framework.dart:5796:5)
#167    Element.inflateWidget (package:flutter/src/widgets/framework.dart:4590:20)
#168    Element.updateChild (package:flutter/src/widgets/framework.dart:4059:18)
#169    ComponentElement.performRebuild (package:flutter/src/widgets/framework.dart:5844:16)
#170    Element.rebuild (package:flutter/src/widgets/framework.dart:5532:7)
#171    ComponentElement._firstBuild (package:flutter/src/widgets/framework.dart:5802:5)
#172    ComponentElement.mount (package:flutter/src/widgets/framework.dart:5796:5)
#173    Element.inflateWidget (package:flutter/src/widgets/framework.dart:4590:20)
#174    Element.updateChild (package:flutter/src/widgets/framework.dart:4059:18)
#175    ComponentElement.performRebuild (package:flutter/src/widgets/framework.dart:5844:16)
#176    StatefulElement.performRebuild (package:flutter/src/widgets/framework.dart:5985:11)
#177    Element.rebuild (package:flutter/src/widgets/framework.dart:5532:7)
#178    ComponentElement._firstBuild (package:flutter/src/widgets/framework.dart:5802:5)
#179    StatefulElement._firstBuild (package:flutter/src/widgets/framework.dart:5976:11)
#180    ComponentElement.mount (package:flutter/src/widgets/framework.dart:5796:5)
#181    Element.inflateWidget (package:flutter/src/widgets/framework.dart:4590:20)
#182    Element.updateChild (package:flutter/src/widgets/framework.dart:4059:18)
#183    ComponentElement.performRebuild (package:flutter/src/widgets/framework.dart:5844:16)
#184    Element.rebuild (package:flutter/src/widgets/framework.dart:5532:7)
#185    ComponentElement._firstBuild (package:flutter/src/widgets/framework.dart:5802:5)
#186    ComponentElement.mount (package:flutter/src/widgets/framework.dart:5796:5)
#187    Element.inflateWidget (package:flutter/src/widgets/framework.dart:4590:20)
#188    Element.updateChild (package:flutter/src/widgets/framework.dart:4059:18)
#189    ComponentElement.performRebuild (package:flutter/src/widgets/framework.dart:5844:16)
#190    StatefulElement.performRebuild (package:flutter/src/widgets/framework.dart:5985:11)
#191    Element.rebuild (package:flutter/src/widgets/framework.dart:5532:7)
#192    ComponentElement._firstBuild (package:flutter/src/widgets/framework.dart:5802:5)
#193    StatefulElement._firstBuild (package:flutter/src/widgets/framework.dart:5976:11)
#194    ComponentElement.mount (package:flutter/src/widgets/framework.dart:5796:5)
#195    Element.inflateWidget (package:flutter/src/widgets/framework.dart:4590:20)
#196    Element.updateChild (package:flutter/src/widgets/framework.dart:4059:18)
#197    SingleChildRenderObjectElement.mount (package:flutter/src/widgets/framework.dart:7118:14)
#198    Element.inflateWidget (package:flutter/src/widgets/framework.dart:4590:20)
#199    Element.updateChild (package:flutter/src/widgets/framework.dart:4059:18)
#200    ComponentElement.performRebuild (package:flutter/src/widgets/framework.dart:5844:16)
#201    Element.rebuild (package:flutter/src/widgets/framework.dart:5532:7)
#202    ComponentElement._firstBuild (package:flutter/src/widgets/framework.dart:5802:5)
#203    ComponentElement.mount (package:flutter/src/widgets/framework.dart:5796:5)
#204    Element.inflateWidget (package:flutter/src/widgets/framework.dart:4590:20)
#205    Element.updateChild (package:flutter/src/widgets/framework.dart:4059:18)
#206    SingleChildRenderObjectElement.mount (package:flutter/src/widgets/framework.dart:7118:14)
#207    Element.inflateWidget (package:flutter/src/widgets/framework.dart:4590:20)
#208    Element.updateChild (package:flutter/src/widgets/framework.dart:4059:18)
#209    SingleChildRenderObjectElement.mount (package:flutter/src/widgets/framework.dart:7118:14)
#210    Element.inflateWidget (package:flutter/src/widgets/framework.dart:4590:20)
#211    Element.updateChild (package:flutter/src/widgets/framework.dart:4059:18)
#212    ComponentElement.performRebuild (package:flutter/src/widgets/framework.dart:5844:16)
#213    StatefulElement.performRebuild (package:flutter/src/widgets/framework.dart:5985:11)
#214    Element.rebuild (package:flutter/src/widgets/framework.dart:5532:7)
#215    ComponentElement._firstBuild (package:flutter/src/widgets/framework.dart:5802:5)
#216    StatefulElement._firstBuild (package:flutter/src/widgets/framework.dart:5976:11)
#217    ComponentElement.mount (package:flutter/src/widgets/framework.dart:5796:5)
#218    Element.inflateWidget (package:flutter/src/widgets/framework.dart:4590:20)
#219    Element.updateChild (package:flutter/src/widgets/framework.dart:4059:18)
#220    SingleChildRenderObjectElement.mount (package:flutter/src/widgets/framework.dart:7118:14)
#221    Element.inflateWidget (package:flutter/src/widgets/framework.dart:4590:20)
#222    Element.updateChild (package:flutter/src/widgets/framework.dart:4059:18)
#223    ComponentElement.performRebuild (package:flutter/src/widgets/framework.dart:5844:16)
#224    StatefulElement.performRebuild (package:flutter/src/widgets/framework.dart:5985:11)
#225    Element.rebuild (package:flutter/src/widgets/framework.dart:5532:7)
#226    ComponentElement._firstBuild (package:flutter/src/widgets/framework.dart:5802:5)
#227    StatefulElement._firstBuild (package:flutter/src/widgets/framework.dart:5976:11)
#228    ComponentElement.mount (package:flutter/src/widgets/framework.dart:5796:5)
#229    Element.inflateWidget (package:flutter/src/widgets/framework.dart:4590:20)
#230    Element.updateChild (package:flutter/src/widgets/framework.dart:4059:18)
#231    SingleChildRenderObjectElement.mount (package:flutter/src/widgets/framework.dart:7118:14)
#232    Element.inflateWidget (package:flutter/src/widgets/framework.dart:4590:20)
#233    Element.updateChild (package:flutter/src/widgets/framework.dart:4059:18)
#234    SingleChildRenderObjectElement.mount (package:flutter/src/widgets/framework.dart:7118:14)
#235    Element.inflateWidget (package:flutter/src/widgets/framework.dart:4590:20)
#236    Element.updateChild (package:flutter/src/widgets/framework.dart:4059:18)
#237    ComponentElement.performRebuild (package:flutter/src/widgets/framework.dart:5844:16)
#238    StatefulElement.performRebuild (package:flutter/src/widgets/framework.dart:5985:11)
#239    Element.rebuild (package:flutter/src/widgets/framework.dart:5532:7)
#240    ComponentElement._firstBuild (package:flutter/src/widgets/framework.dart:5802:5)
#241    StatefulElement._firstBuild (package:flutter/src/widgets/framework.dart:5976:11)
#242    ComponentElement.mount (package:flutter/src/widgets/framework.dart:5796:5)
#243    Element.inflateWidget (package:flutter/src/widgets/framework.dart:4590:20)
#244    Element.updateChild (package:flutter/src/widgets/framework.dart:4059:18)
#245    SingleChildRenderObjectElement.mount (package:flutter/src/widgets/framework.dart:7118:14)
#246    Element.inflateWidget (package:flutter/src/widgets/framework.dart:4590:20)
#247    Element.updateChild (package:flutter/src/widgets/framework.dart:4059:18)
#248    ComponentElement.performRebuild (package:flutter/src/widgets/framework.dart:5844:16)
#249    StatefulElement.performRebuild (package:flutter/src/widgets/framework.dart:5985:11)
#250    Element.rebuild (package:flutter/src/widgets/framework.dart:5532:7)
#251    ComponentElement._firstBuild (package:flutter/src/widgets/framework.dart:5802:5)
#252    StatefulElement._firstBuild (package:flutter/src/widgets/framework.dart:5976:11)
#253    ComponentElement.mount (package:flutter/src/widgets/framework.dart:5796:5)
#254    Element.inflateWidget (package:flutter/src/widgets/framework.dart:4590:20)
#255    Element.updateChild (package:flutter/src/widgets/framework.dart:4059:18)
#256    SingleChildRenderObjectElement.mount (package:flutter/src/widgets/framework.dart:7118:14)
#257    Element.inflateWidget (package:flutter/src/widgets/framework.dart:4590:20)
#258    Element.updateChild (package:flutter/src/widgets/framework.dart:4059:18)
#259    SingleChildRenderObjectElement.mount (package:flutter/src/widgets/framework.dart:7118:14)
#260    Element.inflateWidget (package:flutter/src/widgets/framework.dart:4590:20)
#261    Element.updateChild (package:flutter/src/widgets/framework.dart:4059:18)
#262    ComponentElement.performRebuild (package:flutter/src/widgets/framework.dart:5844:16)
#263    StatefulElement.performRebuild (package:flutter/src/widgets/framework.dart:5985:11)
#264    Element.rebuild (package:flutter/src/widgets/framework.dart:5532:7)
#265    ComponentElement._firstBuild (package:flutter/src/widgets/framework.dart:5802:5)
#266    StatefulElement._firstBuild (package:flutter/src/widgets/framework.dart:5976:11)
#267    ComponentElement.mount (package:flutter/src/widgets/framework.dart:5796:5)
#268    Element.inflateWidget (package:flutter/src/widgets/framework.dart:4590:20)
#269    Element.updateChild (package:flutter/src/widgets/framework.dart:4059:18)
#270    SingleChildRenderObjectElement.mount (package:flutter/src/widgets/framework.dart:7118:14)
#271    Element.inflateWidget (package:flutter/src/widgets/framework.dart:4590:20)
#272    Element.updateChild (package:flutter/src/widgets/framework.dart:4059:18)
#273    SingleChildRenderObjectElement.mount (package:flutter/src/widgets/framework.dart:7118:14)
#274    Element.inflateWidget (package:flutter/src/widgets/framework.dart:4590:20)
#275    Element.updateChild (package:flutter/src/widgets/framework.dart:4059:18)
#276    SingleChildRenderObjectElement.mount (package:flutter/src/widgets/framework.dart:7118:14)
#277    Element.inflateWidget (package:flutter/src/widgets/framework.dart:4590:20)
#278    Element.updateChild (package:flutter/src/widgets/framework.dart:4059:18)
#279    ComponentElement.performRebuild (package:flutter/src/widgets/framework.dart:5844:16)
#280    StatefulElement.performRebuild (package:flutter/src/widgets/framework.dart:5985:11)
#281    Element.rebuild (package:flutter/src/widgets/framework.dart:5532:7)
#282    ComponentElement._firstBuild (package:flutter/src/widgets/framework.dart:5802:5)
#283    StatefulElement._firstBuild (package:flutter/src/widgets/framework.dart:5976:11)
#284    ComponentElement.mount (package:flutter/src/widgets/framework.dart:5796:5)
#285    Element.inflateWidget (package:flutter/src/widgets/framework.dart:4590:20)
#286    Element.updateChild (package:flutter/src/widgets/framework.dart:4059:18)
#287    SingleChildRenderObjectElement.mount (package:flutter/src/widgets/framework.dart:7118:14)
#288    Element.inflateWidget (package:flutter/src/widgets/framework.dart:4590:20)
#289    Element.updateChild (package:flutter/src/widgets/framework.dart:4059:18)
#290    ComponentElement.performRebuild (package:flutter/src/widgets/framework.dart:5844:16)
#291    StatefulElement.performRebuild (package:flutter/src/widgets/framework.dart:5985:11)
#292    Element.rebuild (package:flutter/src/widgets/framework.dart:5532:7)
#293    ComponentElement._firstBuild (package:flutter/src/widgets/framework.dart:5802:5)
#294    StatefulElement._firstBuild (package:flutter/src/widgets/framework.dart:5976:11)
#295    ComponentElement.mount (package:flutter/src/widgets/framework.dart:5796:5)
#296    Element.inflateWidget (package:flutter/src/widgets/framework.dart:4590:20)
#297    Element.updateChild (package:flutter/src/widgets/framework.dart:4059:18)
#298    ComponentElement.performRebuild (package:flutter/src/widgets/framework.dart:5844:16)
#299    Element.rebuild (package:flutter/src/widgets/framework.dart:5532:7)
#300    ComponentElement._firstBuild (package:flutter/src/widgets/framework.dart:5802:5)
#301    ComponentElement.mount (package:flutter/src/widgets/framework.dart:5796:5)
#302    Element.inflateWidget (package:flutter/src/widgets/framework.dart:4590:20)
#303    Element.updateChild (package:flutter/src/widgets/framework.dart:4059:18)
#304    ComponentElement.performRebuild (package:flutter/src/widgets/framework.dart:5844:16)
#305    StatefulElement.performRebuild (package:flutter/src/widgets/framework.dart:5985:11)
#306    Element.rebuild (package:flutter/src/widgets/framework.dart:5532:7)
#307    ComponentElement._firstBuild (package:flutter/src/widgets/framework.dart:5802:5)
#308    StatefulElement._firstBuild (package:flutter/src/widgets/framework.dart:5976:11)
#309    ComponentElement.mount (package:flutter/src/widgets/framework.dart:5796:5)
#310    Element.inflateWidget (package:flutter/src/widgets/framework.dart:4590:20)
#311    Element.updateChild (package:flutter/src/widgets/framework.dart:4059:18)
#312    ComponentElement.performRebuild (package:flutter/src/widgets/framework.dart:5844:16)
#313    StatefulElement.performRebuild (package:flutter/src/widgets/framework.dart:5985:11)
#314    Element.rebuild (package:flutter/src/widgets/framework.dart:5532:7)
#315    ComponentElement._firstBuild (package:flutter/src/widgets/framework.dart:5802:5)
#316    StatefulElement._firstBuild (package:flutter/src/widgets/framework.dart:5976:11)
#317    ComponentElement.mount (package:flutter/src/widgets/framework.dart:5796:5)
#318    Element.inflateWidget (package:flutter/src/widgets/framework.dart:4590:20)
#319    Element.updateChild (package:flutter/src/widgets/framework.dart:4059:18)
#320    ComponentElement.performRebuild (package:flutter/src/widgets/framework.dart:5844:16)
#321    StatefulElement.performRebuild (package:flutter/src/widgets/framework.dart:5985:11)
#322    Element.rebuild (package:flutter/src/widgets/framework.dart:5532:7)
#323    ComponentElement._firstBuild (package:flutter/src/widgets/framework.dart:5802:5)
#324    StatefulElement._firstBuild (package:flutter/src/widgets/framework.dart:5976:11)
#325    ComponentElement.mount (package:flutter/src/widgets/framework.dart:5796:5)
#326    Element.inflateWidget (package:flutter/src/widgets/framework.dart:4590:20)
#327    Element.updateChild (package:flutter/src/widgets/framework.dart:4059:18)
#328    SingleChildRenderObjectElement.mount (package:flutter/src/widgets/framework.dart:7118:14)
#329    Element.inflateWidget (package:flutter/src/widgets/framework.dart:4590:20)
#330    Element.updateChild (package:flutter/src/widgets/framework.dart:4059:18)
#331    ComponentElement.performRebuild (package:flutter/src/widgets/framework.dart:5844:16)
#332    Element.rebuild (package:flutter/src/widgets/framework.dart:5532:7)
#333    ComponentElement._firstBuild (package:flutter/src/widgets/framework.dart:5802:5)
#334    ComponentElement.mount (package:flutter/src/widgets/framework.dart:5796:5)
#335    Element.inflateWidget (package:flutter/src/widgets/framework.dart:4590:20)
#336    Element.updateChild (package:flutter/src/widgets/framework.dart:4059:18)
#337    SingleChildRenderObjectElement.mount (package:flutter/src/widgets/framework.dart:7118:14)
#338    Element.inflateWidget (package:flutter/src/widgets/framework.dart:4590:20)
#339    Element.updateChild (package:flutter/src/widgets/framework.dart:4059:18)
#340    ComponentElement.performRebuild (package:flutter/src/widgets/framework.dart:5844:16)
#341    StatefulElement.performRebuild (package:flutter/src/widgets/framework.dart:5985:11)
#342    Element.rebuild (package:flutter/src/widgets/framework.dart:5532:7)
#343    ComponentElement._firstBuild (package:flutter/src/widgets/framework.dart:5802:5)
#344    StatefulElement._firstBuild (package:flutter/src/widgets/framework.dart:5976:11)
#345    ComponentElement.mount (package:flutter/src/widgets/framework.dart:5796:5)
#346    Element.inflateWidget (package:flutter/src/widgets/framework.dart:4590:20)
#347    Element.updateChild (package:flutter/src/widgets/framework.dart:4059:18)
#348    ComponentElement.performRebuild (package:flutter/src/widgets/framework.dart:5844:16)
#349    Element.rebuild (package:flutter/src/widgets/framework.dart:5532:7)
#350    ComponentElement._firstBuild (package:flutter/src/widgets/framework.dart:5802:5)
#351    ComponentElement.mount (package:flutter/src/widgets/framework.dart:5796:5)
#352    Element.inflateWidget (package:flutter/src/widgets/framework.dart:4590:20)
#353    Element.updateChild (package:flutter/src/widgets/framework.dart:4059:18)
#354    ComponentElement.performRebuild (package:flutter/src/widgets/framework.dart:5844:16)
#355    Element.rebuild (package:flutter/src/widgets/framework.dart:5532:7)
#356    ComponentElement._firstBuild (package:flutter/src/widgets/framework.dart:5802:5)
#357    ComponentElement.mount (package:flutter/src/widgets/framework.dart:5796:5)
#358    Element.inflateWidget (package:flutter/src/widgets/framework.dart:4590:20)
#359    Element.updateChild (package:flutter/src/widgets/framework.dart:4059:18)
#360    ComponentElement.performRebuild (package:flutter/src/widgets/framework.dart:5844:16)
#361    StatefulElement.performRebuild (package:flutter/src/widgets/framework.dart:5985:11)
#362    Element.rebuild (package:flutter/src/widgets/framework.dart:5532:7)
#363    ComponentElement._firstBuild (package:flutter/src/widgets/framework.dart:5802:5)
#364    StatefulElement._firstBuild (package:flutter/src/widgets/framework.dart:5976:11)
#365    ComponentElement.mount (package:flutter/src/widgets/framework.dart:5796:5)
#366    Element.inflateWidget (package:flutter/src/widgets/framework.dart:4590:20)
#367    Element.updateChild (package:flutter/src/widgets/framework.dart:4059:18)
#368    ComponentElement.performRebuild (package:flutter/src/widgets/framework.dart:5844:16)
#369    Element.rebuild (package:flutter/src/widgets/framework.dart:5532:7)
#370    ComponentElement._firstBuild (package:flutter/src/widgets/framework.dart:5802:5)
#371    ComponentElement.mount (package:flutter/src/widgets/framework.dart:5796:5)
#372    Element.inflateWidget (package:flutter/src/widgets/framework.dart:4590:20)
#373    Element.updateChild (package:flutter/src/widgets/framework.dart:4059:18)
#374    ComponentElement.performRebuild (package:flutter/src/widgets/framework.dart:5844:16)
#375    Element.rebuild (package:flutter/src/widgets/framework.dart:5532:7)
#376    ComponentElement._firstBuild (package:flutter/src/widgets/framework.dart:5802:5)
#377    ComponentElement.mount (package:flutter/src/widgets/framework.dart:5796:5)
#378    Element.inflateWidget (package:flutter/src/widgets/framework.dart:4590:20)
#379    Element.updateChild (package:flutter/src/widgets/framework.dart:4059:18)
#380    SingleChildRenderObjectElement.mount (package:flutter/src/widgets/framework.dart:7118:14)
#381    Element.inflateWidget (package:flutter/src/widgets/framework.dart:4590:20)
#382    Element.updateChild (package:flutter/src/widgets/framework.dart:4059:18)
#383    ComponentElement.performRebuild (package:flutter/src/widgets/framework.dart:5844:16)
#384    Element.rebuild (package:flutter/src/widgets/framework.dart:5532:7)
#385    ComponentElement._firstBuild (package:flutter/src/widgets/framework.dart:5802:5)
#386    ComponentElement.mount (package:flutter/src/widgets/framework.dart:5796:5)
#387    Element.inflateWidget (package:flutter/src/widgets/framework.dart:4590:20)
#388    Element.updateChild (package:flutter/src/widgets/framework.dart:4059:18)
#389    ComponentElement.performRebuild (package:flutter/src/widgets/framework.dart:5844:16)
#390    Element.rebuild (package:flutter/src/widgets/framework.dart:5532:7)
#391    ComponentElement._firstBuild (package:flutter/src/widgets/framework.dart:5802:5)
#392    ComponentElement.mount (package:flutter/src/widgets/framework.dart:5796:5)
#393    Element.inflateWidget (package:flutter/src/widgets/framework.dart:4590:20)
#394    Element.updateChild (package:flutter/src/widgets/framework.dart:4059:18)
#395    ComponentElement.performRebuild (package:flutter/src/widgets/framework.dart:5844:16)
#396    StatefulElement.performRebuild (package:flutter/src/widgets/framework.dart:5985:11)
#397    Element.rebuild (package:flutter/src/widgets/framework.dart:5532:7)
#398    ComponentElement._firstBuild (package:flutter/src/widgets/framework.dart:5802:5)
#399    StatefulElement._firstBuild (package:flutter/src/widgets/framework.dart:5976:11)
#400    ComponentElement.mount (package:flutter/src/widgets/framework.dart:5796:5)
#401    Element.inflateWidget (package:flutter/src/widgets/framework.dart:4590:20)
#402    Element.updateChild (package:flutter/src/widgets/framework.dart:4059:18)
#403    ComponentElement.performRebuild (package:flutter/src/widgets/framework.dart:5844:16)
#404    StatefulElement.performRebuild (package:flutter/src/widgets/framework.dart:5985:11)
#405    Element.rebuild (package:flutter/src/widgets/framework.dart:5532:7)
#406    ComponentElement._firstBuild (package:flutter/src/widgets/framework.dart:5802:5)
#407    StatefulElement._firstBuild (package:flutter/src/widgets/framework.dart:5976:11)
#408    ComponentElement.mount (package:flutter/src/widgets/framework.dart:5796:5)
#409    Element.inflateWidget (package:flutter/src/widgets/framework.dart:4590:20)
#410    Element.updateChild (package:flutter/src/widgets/framework.dart:4059:18)
#411    ComponentElement.performRebuild (package:flutter/src/widgets/framework.dart:5844:16)
#412    StatefulElement.performRebuild (package:flutter/src/widgets/framework.dart:5985:11)
#413    Element.rebuild (package:flutter/src/widgets/framework.dart:5532:7)
#414    ComponentElement._firstBuild (package:flutter/src/widgets/framework.dart:5802:5)
#415    StatefulElement._firstBuild (package:flutter/src/widgets/framework.dart:5976:11)
#416    ComponentElement.mount (package:flutter/src/widgets/framework.dart:5796:5)
#417    Element.inflateWidget (package:flutter/src/widgets/framework.dart:4590:20)
#418    Element.updateChild (package:flutter/src/widgets/framework.dart:4059:18)
#419    SingleChildRenderObjectElement.mount (package:flutter/src/widgets/framework.dart:7118:14)
#420    Element.inflateWidget (package:flutter/src/widgets/framework.dart:4590:20)
#421    Element.updateChild (package:flutter/src/widgets/framework.dart:4059:18)
#422    ComponentElement.performRebuild (package:flutter/src/widgets/framework.dart:5844:16)
#423    Element.rebuild (package:flutter/src/widgets/framework.dart:5532:7)
#424    ComponentElement._firstBuild (package:flutter/src/widgets/framework.dart:5802:5)
#425    ComponentElement.mount (package:flutter/src/widgets/framework.dart:5796:5)
#426    Element.inflateWidget (package:flutter/src/widgets/framework.dart:4590:20)
#427    Element.updateChild (package:flutter/src/widgets/framework.dart:4059:18)
#428    ComponentElement.performRebuild (package:flutter/src/widgets/framework.dart:5844:16)
#429    Element.rebuild (package:flutter/src/widgets/framework.dart:5532:7)
#430    ComponentElement._firstBuild (package:flutter/src/widgets/framework.dart:5802:5)
#431    ComponentElement.mount (package:flutter/src/widgets/framework.dart:5796:5)
#432    Element.inflateWidget (package:flutter/src/widgets/framework.dart:4590:20)
#433    Element.updateChild (package:flutter/src/widgets/framework.dart:4059:18)
#434    ComponentElement.performRebuild (package:flutter/src/widgets/framework.dart:5844:16)
#435    Element.rebuild (package:flutter/src/widgets/framework.dart:5532:7)
#436    ComponentElement._firstBuild (package:flutter/src/widgets/framework.dart:5802:5)
#437    ComponentElement.mount (package:flutter/src/widgets/framework.dart:5796:5)
#438    Element.inflateWidget (package:flutter/src/widgets/framework.dart:4590:20)
#439    Element.updateChild (package:flutter/src/widgets/framework.dart:4059:18)
#440    ComponentElement.performRebuild (package:flutter/src/widgets/framework.dart:5844:16)
#441    StatefulElement.performRebuild (package:flutter/src/widgets/framework.dart:5985:11)
#442    Element.rebuild (package:flutter/src/widgets/framework.dart:5532:7)
#443    ComponentElement._firstBuild (package:flutter/src/widgets/framework.dart:5802:5)
#444    StatefulElement._firstBuild (package:flutter/src/widgets/framework.dart:5976:11)
#445    ComponentElement.mount (package:flutter/src/widgets/framework.dart:5796:5)
#446    Element.inflateWidget (package:flutter/src/widgets/framework.dart:4590:20)
#447    Element.updateChild (package:flutter/src/widgets/framework.dart:4059:18)
#448    ComponentElement.performRebuild (package:flutter/src/widgets/framework.dart:5844:16)
#449    StatefulElement.performRebuild (package:flutter/src/widgets/framework.dart:5985:11)
#450    Element.rebuild (package:flutter/src/widgets/framework.dart:5532:7)
#451    ComponentElement._firstBuild (package:flutter/src/widgets/framework.dart:5802:5)
#452    StatefulElement._firstBuild (package:flutter/src/widgets/framework.dart:5976:11)
#453    ComponentElement.mount (package:flutter/src/widgets/framework.dart:5796:5)
#454    Element.inflateWidget (package:flutter/src/widgets/framework.dart:4590:20)
#455    MultiChildRenderObjectElement.inflateWidget
(package:flutter/src/widgets/framework.dart:7269:36)
#456    MultiChildRenderObjectElement.mount (package:flutter/src/widgets/framework.dart:7285:32)
#457    Element.inflateWidget (package:flutter/src/widgets/framework.dart:4590:20)
#458    Element.updateChild (package:flutter/src/widgets/framework.dart:4059:18)
#459    ComponentElement.performRebuild (package:flutter/src/widgets/framework.dart:5844:16)
#460    StatefulElement.performRebuild (package:flutter/src/widgets/framework.dart:5985:11)
#461    Element.rebuild (package:flutter/src/widgets/framework.dart:5532:7)
#462    ComponentElement._firstBuild (package:flutter/src/widgets/framework.dart:5802:5)
#463    StatefulElement._firstBuild (package:flutter/src/widgets/framework.dart:5976:11)
#464    ComponentElement.mount (package:flutter/src/widgets/framework.dart:5796:5)
#465    Element.inflateWidget (package:flutter/src/widgets/framework.dart:4590:20)
#466    Element.updateChild (package:flutter/src/widgets/framework.dart:4059:18)
#467    ComponentElement.performRebuild (package:flutter/src/widgets/framework.dart:5844:16)
#468    Element.rebuild (package:flutter/src/widgets/framework.dart:5532:7)
#469    ComponentElement._firstBuild (package:flutter/src/widgets/framework.dart:5802:5)
#470    ComponentElement.mount (package:flutter/src/widgets/framework.dart:5796:5)
#471    Element.inflateWidget (package:flutter/src/widgets/framework.dart:4590:20)
#472    Element.updateChild (package:flutter/src/widgets/framework.dart:4059:18)
#473    ComponentElement.performRebuild (package:flutter/src/widgets/framework.dart:5844:16)
#474    Element.rebuild (package:flutter/src/widgets/framework.dart:5532:7)
#475    ComponentElement._firstBuild (package:flutter/src/widgets/framework.dart:5802:5)
#476    ComponentElement.mount (package:flutter/src/widgets/framework.dart:5796:5)
#477    Element.inflateWidget (package:flutter/src/widgets/framework.dart:4590:20)
#478    Element.updateChild (package:flutter/src/widgets/framework.dart:4059:18)
#479    ComponentElement.performRebuild (package:flutter/src/widgets/framework.dart:5844:16)
#480    StatefulElement.performRebuild (package:flutter/src/widgets/framework.dart:5985:11)
#481    Element.rebuild (package:flutter/src/widgets/framework.dart:5532:7)
#482    ComponentElement._firstBuild (package:flutter/src/widgets/framework.dart:5802:5)
#483    StatefulElement._firstBuild (package:flutter/src/widgets/framework.dart:5976:11)
#484    ComponentElement.mount (package:flutter/src/widgets/framework.dart:5796:5)
#485    Element.inflateWidget (package:flutter/src/widgets/framework.dart:4590:20)
#486    Element.updateChild (package:flutter/src/widgets/framework.dart:4059:18)
#487    ComponentElement.performRebuild (package:flutter/src/widgets/framework.dart:5844:16)
#488    Element.rebuild (package:flutter/src/widgets/framework.dart:5532:7)
#489    ComponentElement._firstBuild (package:flutter/src/widgets/framework.dart:5802:5)
#490    ComponentElement.mount (package:flutter/src/widgets/framework.dart:5796:5)
#491    Element.inflateWidget (package:flutter/src/widgets/framework.dart:4590:20)
#492    Element.updateChild (package:flutter/src/widgets/framework.dart:4059:18)
#493    ComponentElement.performRebuild (package:flutter/src/widgets/framework.dart:5844:16)
#494    StatefulElement.performRebuild (package:flutter/src/widgets/framework.dart:5985:11)
#495    Element.rebuild (package:flutter/src/widgets/framework.dart:5532:7)
#496    ComponentElement._firstBuild (package:flutter/src/widgets/framework.dart:5802:5)
#497    StatefulElement._firstBuild (package:flutter/src/widgets/framework.dart:5976:11)
#498    ComponentElement.mount (package:flutter/src/widgets/framework.dart:5796:5)
#499    Element.inflateWidget (package:flutter/src/widgets/framework.dart:4590:20)
#500    Element.updateChild (package:flutter/src/widgets/framework.dart:4059:18)
#501    ComponentElement.performRebuild (package:flutter/src/widgets/framework.dart:5844:16)
#502    StatefulElement.performRebuild (package:flutter/src/widgets/framework.dart:5985:11)
#503    Element.rebuild (package:flutter/src/widgets/framework.dart:5532:7)
#504    ComponentElement._firstBuild (package:flutter/src/widgets/framework.dart:5802:5)
#505    StatefulElement._firstBuild (package:flutter/src/widgets/framework.dart:5976:11)
#506    ComponentElement.mount (package:flutter/src/widgets/framework.dart:5796:5)
#507    Element.inflateWidget (package:flutter/src/widgets/framework.dart:4590:20)
#508    Element.updateChild (package:flutter/src/widgets/framework.dart:4059:18)
#509    SingleChildRenderObjectElement.mount (package:flutter/src/widgets/framework.dart:7118:14)
#510    Element.inflateWidget (package:flutter/src/widgets/framework.dart:4590:20)
#511    Element.updateChild (package:flutter/src/widgets/framework.dart:4059:18)
#512    SingleChildRenderObjectElement.mount (package:flutter/src/widgets/framework.dart:7118:14)
#513    Element.inflateWidget (package:flutter/src/widgets/framework.dart:4590:20)
#514    Element.updateChild (package:flutter/src/widgets/framework.dart:4059:18)
#515    ComponentElement.performRebuild (package:flutter/src/widgets/framework.dart:5844:16)
#516    Element.rebuild (package:flutter/src/widgets/framework.dart:5532:7)
#517    ComponentElement._firstBuild (package:flutter/src/widgets/framework.dart:5802:5)
#518    ComponentElement.mount (package:flutter/src/widgets/framework.dart:5796:5)
#519    Element.inflateWidget (package:flutter/src/widgets/framework.dart:4590:20)
#520    Element.updateChild (package:flutter/src/widgets/framework.dart:4059:18)
#521    ComponentElement.performRebuild (package:flutter/src/widgets/framework.dart:5844:16)
#522    Element.rebuild (package:flutter/src/widgets/framework.dart:5532:7)
#523    ComponentElement._firstBuild (package:flutter/src/widgets/framework.dart:5802:5)
#524    ComponentElement.mount (package:flutter/src/widgets/framework.dart:5796:5)
#525    Element.inflateWidget (package:flutter/src/widgets/framework.dart:4590:20)
#526    Element.updateChild (package:flutter/src/widgets/framework.dart:4059:18)
#527    ComponentElement.performRebuild (package:flutter/src/widgets/framework.dart:5844:16)
#528    StatefulElement.performRebuild (package:flutter/src/widgets/framework.dart:5985:11)
#529    Element.rebuild (package:flutter/src/widgets/framework.dart:5532:7)
#530    ComponentElement._firstBuild (package:flutter/src/widgets/framework.dart:5802:5)
#531    StatefulElement._firstBuild (package:flutter/src/widgets/framework.dart:5976:11)
#532    ComponentElement.mount (package:flutter/src/widgets/framework.dart:5796:5)
#533    Element.inflateWidget (package:flutter/src/widgets/framework.dart:4590:20)
#534    Element.updateChild (package:flutter/src/widgets/framework.dart:4059:18)
#535    ComponentElement.performRebuild (package:flutter/src/widgets/framework.dart:5844:16)
#536    Element.rebuild (package:flutter/src/widgets/framework.dart:5532:7)
#537    ComponentElement._firstBuild (package:flutter/src/widgets/framework.dart:5802:5)
#538    ComponentElement.mount (package:flutter/src/widgets/framework.dart:5796:5)
#539    Element.inflateWidget (package:flutter/src/widgets/framework.dart:4590:20)
#540    Element.updateChild (package:flutter/src/widgets/framework.dart:4059:18)
#541    SingleChildRenderObjectElement.mount (package:flutter/src/widgets/framework.dart:7118:14)
#542    Element.inflateWidget (package:flutter/src/widgets/framework.dart:4590:20)
#543    Element.updateChild (package:flutter/src/widgets/framework.dart:4059:18)
#544    ComponentElement.performRebuild (package:flutter/src/widgets/framework.dart:5844:16)
#545    StatefulElement.performRebuild (package:flutter/src/widgets/framework.dart:5985:11)
#546    Element.rebuild (package:flutter/src/widgets/framework.dart:5532:7)
#547    ComponentElement._firstBuild (package:flutter/src/widgets/framework.dart:5802:5)
#548    StatefulElement._firstBuild (package:flutter/src/widgets/framework.dart:5976:11)
#549    ComponentElement.mount (package:flutter/src/widgets/framework.dart:5796:5)
#550    Element.inflateWidget (package:flutter/src/widgets/framework.dart:4590:20)
#551    Element.updateChild (package:flutter/src/widgets/framework.dart:4059:18)
#552    ComponentElement.performRebuild (package:flutter/src/widgets/framework.dart:5844:16)
#553    Element.rebuild (package:flutter/src/widgets/framework.dart:5532:7)
#554    ComponentElement._firstBuild (package:flutter/src/widgets/framework.dart:5802:5)
#555    ComponentElement.mount (package:flutter/src/widgets/framework.dart:5796:5)
#556    Element.inflateWidget (package:flutter/src/widgets/framework.dart:4590:20)
#557    Element.updateChild (package:flutter/src/widgets/framework.dart:4059:18)
#558    ComponentElement.performRebuild (package:flutter/src/widgets/framework.dart:5844:16)
#559    Element.rebuild (package:flutter/src/widgets/framework.dart:5532:7)
#560    ComponentElement._firstBuild (package:flutter/src/widgets/framework.dart:5802:5)
#561    ComponentElement.mount (package:flutter/src/widgets/framework.dart:5796:5)
#562    Element.inflateWidget (package:flutter/src/widgets/framework.dart:4590:20)
#563    Element.updateChild (package:flutter/src/widgets/framework.dart:4059:18)
#564    ComponentElement.performRebuild (package:flutter/src/widgets/framework.dart:5844:16)
#565    StatefulElement.performRebuild (package:flutter/src/widgets/framework.dart:5985:11)
#566    Element.rebuild (package:flutter/src/widgets/framework.dart:5532:7)
#567    ComponentElement._firstBuild (package:flutter/src/widgets/framework.dart:5802:5)
#568    StatefulElement._firstBuild (package:flutter/src/widgets/framework.dart:5976:11)
#569    ComponentElement.mount (package:flutter/src/widgets/framework.dart:5796:5)
#570    Element.inflateWidget (package:flutter/src/widgets/framework.dart:4590:20)
#571    Element.updateChild (package:flutter/src/widgets/framework.dart:4059:18)
#572    ComponentElement.performRebuild (package:flutter/src/widgets/framework.dart:5844:16)
#573    Element.rebuild (package:flutter/src/widgets/framework.dart:5532:7)
#574    ComponentElement._firstBuild (package:flutter/src/widgets/framework.dart:5802:5)
#575    ComponentElement.mount (package:flutter/src/widgets/framework.dart:5796:5)
#576    Element.inflateWidget (package:flutter/src/widgets/framework.dart:4590:20)
#577    Element.updateChild (package:flutter/src/widgets/framework.dart:4059:18)
#578    ComponentElement.performRebuild (package:flutter/src/widgets/framework.dart:5844:16)
#579    Element.rebuild (package:flutter/src/widgets/framework.dart:5532:7)
#580    ComponentElement._firstBuild (package:flutter/src/widgets/framework.dart:5802:5)
#581    ComponentElement.mount (package:flutter/src/widgets/framework.dart:5796:5)
#582    Element.inflateWidget (package:flutter/src/widgets/framework.dart:4590:20)
#583    Element.updateChild (package:flutter/src/widgets/framework.dart:4059:18)
#584    ComponentElement.performRebuild (package:flutter/src/widgets/framework.dart:5844:16)
#585    Element.rebuild (package:flutter/src/widgets/framework.dart:5532:7)
#586    ComponentElement._firstBuild (package:flutter/src/widgets/framework.dart:5802:5)
#587    ComponentElement.mount (package:flutter/src/widgets/framework.dart:5796:5)
#588    Element.inflateWidget (package:flutter/src/widgets/framework.dart:4590:20)
#589    Element.updateChild (package:flutter/src/widgets/framework.dart:4059:18)
#590    ComponentElement.performRebuild (package:flutter/src/widgets/framework.dart:5844:16)
#591    Element.rebuild (package:flutter/src/widgets/framework.dart:5532:7)
#592    ComponentElement._firstBuild (package:flutter/src/widgets/framework.dart:5802:5)
#593    ComponentElement.mount (package:flutter/src/widgets/framework.dart:5796:5)
#594    Element.inflateWidget (package:flutter/src/widgets/framework.dart:4590:20)
#595    Element.updateChild (package:flutter/src/widgets/framework.dart:4059:18)
#596    ComponentElement.performRebuild (package:flutter/src/widgets/framework.dart:5844:16)
#597    Element.rebuild (package:flutter/src/widgets/framework.dart:5532:7)
#598    ComponentElement._firstBuild (package:flutter/src/widgets/framework.dart:5802:5)
#599    ComponentElement.mount (package:flutter/src/widgets/framework.dart:5796:5)
#600    Element.inflateWidget (package:flutter/src/widgets/framework.dart:4590:20)
#601    Element.updateChild (package:flutter/src/widgets/framework.dart:4059:18)
#602    ComponentElement.performRebuild (package:flutter/src/widgets/framework.dart:5844:16)
#603    Element.rebuild (package:flutter/src/widgets/framework.dart:5532:7)
#604    ComponentElement._firstBuild (package:flutter/src/widgets/framework.dart:5802:5)
#605    ComponentElement.mount (package:flutter/src/widgets/framework.dart:5796:5)
#606    Element.inflateWidget (package:flutter/src/widgets/framework.dart:4590:20)
#607    Element.updateChild (package:flutter/src/widgets/framework.dart:4059:18)
#608    ComponentElement.performRebuild (package:flutter/src/widgets/framework.dart:5844:16)
#609    Element.rebuild (package:flutter/src/widgets/framework.dart:5532:7)
#610    ComponentElement._firstBuild (package:flutter/src/widgets/framework.dart:5802:5)
#611    ComponentElement.mount (package:flutter/src/widgets/framework.dart:5796:5)
#612    Element.inflateWidget (package:flutter/src/widgets/framework.dart:4590:20)
#613    Element.updateChild (package:flutter/src/widgets/framework.dart:4059:18)
#614    ComponentElement.performRebuild (package:flutter/src/widgets/framework.dart:5844:16)
#615    StatefulElement.performRebuild (package:flutter/src/widgets/framework.dart:5985:11)
#616    Element.rebuild (package:flutter/src/widgets/framework.dart:5532:7)
#617    ComponentElement._firstBuild (package:flutter/src/widgets/framework.dart:5802:5)
#618    StatefulElement._firstBuild (package:flutter/src/widgets/framework.dart:5976:11)
#619    ComponentElement.mount (package:flutter/src/widgets/framework.dart:5796:5)
#620    Element.inflateWidget (package:flutter/src/widgets/framework.dart:4590:20)
#621    Element.updateChild (package:flutter/src/widgets/framework.dart:4059:18)
#622    ComponentElement.performRebuild (package:flutter/src/widgets/framework.dart:5844:16)
#623    Element.rebuild (package:flutter/src/widgets/framework.dart:5532:7)
#624    ComponentElement._firstBuild (package:flutter/src/widgets/framework.dart:5802:5)
#625    ComponentElement.mount (package:flutter/src/widgets/framework.dart:5796:5)
#626    Element.inflateWidget (package:flutter/src/widgets/framework.dart:4590:20)
#627    Element.updateChild (package:flutter/src/widgets/framework.dart:4059:18)
#628    ComponentElement.performRebuild (package:flutter/src/widgets/framework.dart:5844:16)
#629    Element.rebuild (package:flutter/src/widgets/framework.dart:5532:7)
#630    ComponentElement._firstBuild (package:flutter/src/widgets/framework.dart:5802:5)
#631    ComponentElement.mount (package:flutter/src/widgets/framework.dart:5796:5)
#632    Element.inflateWidget (package:flutter/src/widgets/framework.dart:4590:20)
#633    Element.updateChild (package:flutter/src/widgets/framework.dart:4059:18)
#634    ComponentElement.performRebuild (package:flutter/src/widgets/framework.dart:5844:16)
#635    StatefulElement.performRebuild (package:flutter/src/widgets/framework.dart:5985:11)
#636    Element.rebuild (package:flutter/src/widgets/framework.dart:5532:7)
#637    ComponentElement._firstBuild (package:flutter/src/widgets/framework.dart:5802:5)
#638    StatefulElement._firstBuild (package:flutter/src/widgets/framework.dart:5976:11)
#639    ComponentElement.mount (package:flutter/src/widgets/framework.dart:5796:5)
#640    Element.inflateWidget (package:flutter/src/widgets/framework.dart:4590:20)
#641    Element.updateChild (package:flutter/src/widgets/framework.dart:4059:18)
#642    SingleChildRenderObjectElement.mount (package:flutter/src/widgets/framework.dart:7118:14)
#643    Element.inflateWidget (package:flutter/src/widgets/framework.dart:4590:20)
#644    Element.updateChild (package:flutter/src/widgets/framework.dart:4059:18)
#645    ComponentElement.performRebuild (package:flutter/src/widgets/framework.dart:5844:16)
#646    StatefulElement.performRebuild (package:flutter/src/widgets/framework.dart:5985:11)
#647    Element.rebuild (package:flutter/src/widgets/framework.dart:5532:7)
#648    ComponentElement._firstBuild (package:flutter/src/widgets/framework.dart:5802:5)
#649    StatefulElement._firstBuild (package:flutter/src/widgets/framework.dart:5976:11)
#650    ComponentElement.mount (package:flutter/src/widgets/framework.dart:5796:5)
#651    Element.inflateWidget (package:flutter/src/widgets/framework.dart:4590:20)
#652    Element.updateChild (package:flutter/src/widgets/framework.dart:4059:18)
#653    ComponentElement.performRebuild (package:flutter/src/widgets/framework.dart:5844:16)
#654    Element.rebuild (package:flutter/src/widgets/framework.dart:5532:7)
#655    ComponentElement._firstBuild (package:flutter/src/widgets/framework.dart:5802:5)
#656    ComponentElement.mount (package:flutter/src/widgets/framework.dart:5796:5)
#657    Element.inflateWidget (package:flutter/src/widgets/framework.dart:4590:20)
#658    Element.updateChild (package:flutter/src/widgets/framework.dart:4059:18)
#659    ComponentElement.performRebuild (package:flutter/src/widgets/framework.dart:5844:16)
#660    Element.rebuild (package:flutter/src/widgets/framework.dart:5532:7)
#661    ComponentElement._firstBuild (package:flutter/src/widgets/framework.dart:5802:5)
#662    ComponentElement.mount (package:flutter/src/widgets/framework.dart:5796:5)
#663    Element.inflateWidget (package:flutter/src/widgets/framework.dart:4590:20)
#664    Element.updateChild (package:flutter/src/widgets/framework.dart:4059:18)
#665    ComponentElement.performRebuild (package:flutter/src/widgets/framework.dart:5844:16)
#666    Element.rebuild (package:flutter/src/widgets/framework.dart:5532:7)
#667    ComponentElement._firstBuild (package:flutter/src/widgets/framework.dart:5802:5)
#668    ComponentElement.mount (package:flutter/src/widgets/framework.dart:5796:5)
#669    Element.inflateWidget (package:flutter/src/widgets/framework.dart:4590:20)
#670    Element.updateChild (package:flutter/src/widgets/framework.dart:4059:18)
#671    ComponentElement.performRebuild (package:flutter/src/widgets/framework.dart:5844:16)
#672    Element.rebuild (package:flutter/src/widgets/framework.dart:5532:7)
#673    ComponentElement._firstBuild (package:flutter/src/widgets/framework.dart:5802:5)
#674    ComponentElement.mount (package:flutter/src/widgets/framework.dart:5796:5)
#675    Element.inflateWidget (package:flutter/src/widgets/framework.dart:4590:20)
#676    Element.updateChild (package:flutter/src/widgets/framework.dart:4059:18)
#677    SingleChildRenderObjectElement.mount (package:flutter/src/widgets/framework.dart:7118:14)
#678    Element.inflateWidget (package:flutter/src/widgets/framework.dart:4590:20)
#679    Element.updateChild (package:flutter/src/widgets/framework.dart:4059:18)
#680    ComponentElement.performRebuild (package:flutter/src/widgets/framework.dart:5844:16)
#681    StatefulElement.performRebuild (package:flutter/src/widgets/framework.dart:5985:11)
#682    Element.rebuild (package:flutter/src/widgets/framework.dart:5532:7)
#683    ComponentElement._firstBuild (package:flutter/src/widgets/framework.dart:5802:5)
#684    StatefulElement._firstBuild (package:flutter/src/widgets/framework.dart:5976:11)
#685    ComponentElement.mount (package:flutter/src/widgets/framework.dart:5796:5)
#686    Element.inflateWidget (package:flutter/src/widgets/framework.dart:4590:20)
#687    Element.updateChild (package:flutter/src/widgets/framework.dart:4059:18)
#688    ComponentElement.performRebuild (package:flutter/src/widgets/framework.dart:5844:16)
#689    StatefulElement.performRebuild (package:flutter/src/widgets/framework.dart:5985:11)
#690    Element.rebuild (package:flutter/src/widgets/framework.dart:5532:7)
#691    ComponentElement._firstBuild (package:flutter/src/widgets/framework.dart:5802:5)
#692    StatefulElement._firstBuild (package:flutter/src/widgets/framework.dart:5976:11)
#693    ComponentElement.mount (package:flutter/src/widgets/framework.dart:5796:5)
#694    Element.inflateWidget (package:flutter/src/widgets/framework.dart:4590:20)
#695    Element.updateChild (package:flutter/src/widgets/framework.dart:4059:18)
#696    SingleChildRenderObjectElement.mount (package:flutter/src/widgets/framework.dart:7118:14)
#697    Element.inflateWidget (package:flutter/src/widgets/framework.dart:4590:20)
#698    Element.updateChild (package:flutter/src/widgets/framework.dart:4059:18)
#699    ComponentElement.performRebuild (package:flutter/src/widgets/framework.dart:5844:16)
#700    Element.rebuild (package:flutter/src/widgets/framework.dart:5532:7)
#701    ComponentElement._firstBuild (package:flutter/src/widgets/framework.dart:5802:5)
#702    ComponentElement.mount (package:flutter/src/widgets/framework.dart:5796:5)
#703    Element.inflateWidget (package:flutter/src/widgets/framework.dart:4590:20)
#704    Element.updateChild (package:flutter/src/widgets/framework.dart:4059:18)
#705    ComponentElement.performRebuild (package:flutter/src/widgets/framework.dart:5844:16)
#706    StatefulElement.performRebuild (package:flutter/src/widgets/framework.dart:5985:11)
#707    Element.rebuild (package:flutter/src/widgets/framework.dart:5532:7)
#708    ComponentElement._firstBuild (package:flutter/src/widgets/framework.dart:5802:5)
#709    StatefulElement._firstBuild (package:flutter/src/widgets/framework.dart:5976:11)
#710    ComponentElement.mount (package:flutter/src/widgets/framework.dart:5796:5)
#711    Element.inflateWidget (package:flutter/src/widgets/framework.dart:4590:20)
#712    Element.updateChild (package:flutter/src/widgets/framework.dart:4059:18)
#713    ComponentElement.performRebuild (package:flutter/src/widgets/framework.dart:5844:16)
#714    StatefulElement.performRebuild (package:flutter/src/widgets/framework.dart:5985:11)
#715    Element.rebuild (package:flutter/src/widgets/framework.dart:5532:7)
#716    ComponentElement._firstBuild (package:flutter/src/widgets/framework.dart:5802:5)
#717    StatefulElement._firstBuild (package:flutter/src/widgets/framework.dart:5976:11)
#718    ComponentElement.mount (package:flutter/src/widgets/framework.dart:5796:5)
#719    Element.inflateWidget (package:flutter/src/widgets/framework.dart:4590:20)
#720    Element.updateChild (package:flutter/src/widgets/framework.dart:4059:18)
#721    ComponentElement.performRebuild (package:flutter/src/widgets/framework.dart:5844:16)
#722    Element.rebuild (package:flutter/src/widgets/framework.dart:5532:7)
#723    ComponentElement._firstBuild (package:flutter/src/widgets/framework.dart:5802:5)
#724    ComponentElement.mount (package:flutter/src/widgets/framework.dart:5796:5)
#725    Element.inflateWidget (package:flutter/src/widgets/framework.dart:4590:20)
#726    Element.updateChild (package:flutter/src/widgets/framework.dart:4059:18)
#727    ComponentElement.performRebuild (package:flutter/src/widgets/framework.dart:5844:16)
#728    StatefulElement.performRebuild (package:flutter/src/widgets/framework.dart:5985:11)
#729    Element.rebuild (package:flutter/src/widgets/framework.dart:5532:7)
#730    ComponentElement._firstBuild (package:flutter/src/widgets/framework.dart:5802:5)
#731    StatefulElement._firstBuild (package:flutter/src/widgets/framework.dart:5976:11)
#732    ComponentElement.mount (package:flutter/src/widgets/framework.dart:5796:5)
#733    Element.inflateWidget (package:flutter/src/widgets/framework.dart:4590:20)
#734    Element.updateChild (package:flutter/src/widgets/framework.dart:4059:18)
#735    SingleChildRenderObjectElement.mount (package:flutter/src/widgets/framework.dart:7118:14)
#736    Element.inflateWidget (package:flutter/src/widgets/framework.dart:4590:20)
#737    Element.updateChild (package:flutter/src/widgets/framework.dart:4059:18)
#738    ComponentElement.performRebuild (package:flutter/src/widgets/framework.dart:5844:16)
#739    Element.rebuild (package:flutter/src/widgets/framework.dart:5532:7)
#740    ComponentElement._firstBuild (package:flutter/src/widgets/framework.dart:5802:5)
#741    ComponentElement.mount (package:flutter/src/widgets/framework.dart:5796:5)
#742    Element.inflateWidget (package:flutter/src/widgets/framework.dart:4590:20)
#743    Element.updateChild (package:flutter/src/widgets/framework.dart:4059:18)
#744    ComponentElement.performRebuild (package:flutter/src/widgets/framework.dart:5844:16)
#745    StatefulElement.performRebuild (package:flutter/src/widgets/framework.dart:5985:11)
#746    Element.rebuild (package:flutter/src/widgets/framework.dart:5532:7)
#747    ComponentElement._firstBuild (package:flutter/src/widgets/framework.dart:5802:5)
#748    StatefulElement._firstBuild (package:flutter/src/widgets/framework.dart:5976:11)
#749    ComponentElement.mount (package:flutter/src/widgets/framework.dart:5796:5)
#750    Element.inflateWidget (package:flutter/src/widgets/framework.dart:4590:20)
#751    Element.updateChild (package:flutter/src/widgets/framework.dart:4059:18)
#752    ComponentElement.performRebuild (package:flutter/src/widgets/framework.dart:5844:16)
#753    StatefulElement.performRebuild (package:flutter/src/widgets/framework.dart:5985:11)
#754    Element.rebuild (package:flutter/src/widgets/framework.dart:5532:7)
#755    ComponentElement._firstBuild (package:flutter/src/widgets/framework.dart:5802:5)
#756    StatefulElement._firstBuild (package:flutter/src/widgets/framework.dart:5976:11)
#757    ComponentElement.mount (package:flutter/src/widgets/framework.dart:5796:5)
#758    Element.inflateWidget (package:flutter/src/widgets/framework.dart:4590:20)
#759    Element.updateChild (package:flutter/src/widgets/framework.dart:4059:18)
#760    ComponentElement.performRebuild (package:flutter/src/widgets/framework.dart:5844:16)
#761    Element.rebuild (package:flutter/src/widgets/framework.dart:5532:7)
#762    ComponentElement._firstBuild (package:flutter/src/widgets/framework.dart:5802:5)
#763    ComponentElement.mount (package:flutter/src/widgets/framework.dart:5796:5)
#764    Element.inflateWidget (package:flutter/src/widgets/framework.dart:4590:20)
#765    Element.updateChild (package:flutter/src/widgets/framework.dart:4059:18)
#766    ComponentElement.performRebuild (package:flutter/src/widgets/framework.dart:5844:16)
#767    StatefulElement.performRebuild (package:flutter/src/widgets/framework.dart:5985:11)
#768    Element.rebuild (package:flutter/src/widgets/framework.dart:5532:7)
#769    ComponentElement._firstBuild (package:flutter/src/widgets/framework.dart:5802:5)
#770    StatefulElement._firstBuild (package:flutter/src/widgets/framework.dart:5976:11)
#771    ComponentElement.mount (package:flutter/src/widgets/framework.dart:5796:5)
#772    Element.inflateWidget (package:flutter/src/widgets/framework.dart:4590:20)
#773    Element.updateChild (package:flutter/src/widgets/framework.dart:4059:18)
#774    SingleChildRenderObjectElement.mount (package:flutter/src/widgets/framework.dart:7118:14)
#775    Element.inflateWidget (package:flutter/src/widgets/framework.dart:4590:20)
#776    Element.updateChild (package:flutter/src/widgets/framework.dart:4059:18)
#777    ComponentElement.performRebuild (package:flutter/src/widgets/framework.dart:5844:16)
#778    Element.rebuild (package:flutter/src/widgets/framework.dart:5532:7)
#779    ComponentElement._firstBuild (package:flutter/src/widgets/framework.dart:5802:5)
#780    ComponentElement.mount (package:flutter/src/widgets/framework.dart:5796:5)
#781    Element.inflateWidget (package:flutter/src/widgets/framework.dart:4590:20)
#782    Element.updateChild (package:flutter/src/widgets/framework.dart:4059:18)
#783    ComponentElement.performRebuild (package:flutter/src/widgets/framework.dart:5844:16)
#784    StatefulElement.performRebuild (package:flutter/src/widgets/framework.dart:5985:11)
#785    Element.rebuild (package:flutter/src/widgets/framework.dart:5532:7)
#786    ComponentElement._firstBuild (package:flutter/src/widgets/framework.dart:5802:5)
#787    StatefulElement._firstBuild (package:flutter/src/widgets/framework.dart:5976:11)
#788    ComponentElement.mount (package:flutter/src/widgets/framework.dart:5796:5)
#789    Element.inflateWidget (package:flutter/src/widgets/framework.dart:4590:20)
#790    Element.updateChild (package:flutter/src/widgets/framework.dart:4059:18)
#791    ComponentElement.performRebuild (package:flutter/src/widgets/framework.dart:5844:16)
#792    StatefulElement.performRebuild (package:flutter/src/widgets/framework.dart:5985:11)
#793    Element.rebuild (package:flutter/src/widgets/framework.dart:5532:7)
#794    ComponentElement._firstBuild (package:flutter/src/widgets/framework.dart:5802:5)
#795    StatefulElement._firstBuild (package:flutter/src/widgets/framework.dart:5976:11)
#796    ComponentElement.mount (package:flutter/src/widgets/framework.dart:5796:5)
#797    Element.inflateWidget (package:flutter/src/widgets/framework.dart:4590:20)
#798    Element.updateChild (package:flutter/src/widgets/framework.dart:4059:18)
#799    ComponentElement.performRebuild (package:flutter/src/widgets/framework.dart:5844:16)
#800    Element.rebuild (package:flutter/src/widgets/framework.dart:5532:7)
#801    ComponentElement._firstBuild (package:flutter/src/widgets/framework.dart:5802:5)
#802    ComponentElement.mount (package:flutter/src/widgets/framework.dart:5796:5)
#803    Element.inflateWidget (package:flutter/src/widgets/framework.dart:4590:20)
#804    Element.updateChild (package:flutter/src/widgets/framework.dart:4059:18)
#805    SingleChildRenderObjectElement.mount (package:flutter/src/widgets/framework.dart:7118:14)
#806    Element.inflateWidget (package:flutter/src/widgets/framework.dart:4590:20)
#807    Element.updateChild (package:flutter/src/widgets/framework.dart:4059:18)
#808    ComponentElement.performRebuild (package:flutter/src/widgets/framework.dart:5844:16)
#809    Element.rebuild (package:flutter/src/widgets/framework.dart:5532:7)
#810    ComponentElement._firstBuild (package:flutter/src/widgets/framework.dart:5802:5)
#811    ComponentElement.mount (package:flutter/src/widgets/framework.dart:5796:5)
#812    Element.inflateWidget (package:flutter/src/widgets/framework.dart:4590:20)
#813    Element.updateChild (package:flutter/src/widgets/framework.dart:4059:18)
#814    ComponentElement.performRebuild (package:flutter/src/widgets/framework.dart:5844:16)
#815    StatefulElement.performRebuild (package:flutter/src/widgets/framework.dart:5985:11)
#816    Element.rebuild (package:flutter/src/widgets/framework.dart:5532:7)
#817    ComponentElement._firstBuild (package:flutter/src/widgets/framework.dart:5802:5)
#818    StatefulElement._firstBuild (package:flutter/src/widgets/framework.dart:5976:11)
#819    ComponentElement.mount (package:flutter/src/widgets/framework.dart:5796:5)
#820    Element.inflateWidget (package:flutter/src/widgets/framework.dart:4590:20)
#821    Element.updateChild (package:flutter/src/widgets/framework.dart:4059:18)
#822    ComponentElement.performRebuild (package:flutter/src/widgets/framework.dart:5844:16)
#823    StatefulElement.performRebuild (package:flutter/src/widgets/framework.dart:5985:11)
#824    Element.rebuild (package:flutter/src/widgets/framework.dart:5532:7)
#825    ComponentElement._firstBuild (package:flutter/src/widgets/framework.dart:5802:5)
#826    StatefulElement._firstBuild (package:flutter/src/widgets/framework.dart:5976:11)
#827    ComponentElement.mount (package:flutter/src/widgets/framework.dart:5796:5)
#828    Element.inflateWidget (package:flutter/src/widgets/framework.dart:4590:20)
#829    Element.updateChild (package:flutter/src/widgets/framework.dart:4059:18)
#830    ComponentElement.performRebuild (package:flutter/src/widgets/framework.dart:5844:16)
#831    Element.rebuild (package:flutter/src/widgets/framework.dart:5532:7)
#832    ComponentElement._firstBuild (package:flutter/src/widgets/framework.dart:5802:5)
#833    ComponentElement.mount (package:flutter/src/widgets/framework.dart:5796:5)
#834    Element.inflateWidget (package:flutter/src/widgets/framework.dart:4590:20)
#835    Element.updateChild (package:flutter/src/widgets/framework.dart:4059:18)
#836    ComponentElement.performRebuild (package:flutter/src/widgets/framework.dart:5844:16)
#837    Element.rebuild (package:flutter/src/widgets/framework.dart:5532:7)
#838    ComponentElement._firstBuild (package:flutter/src/widgets/framework.dart:5802:5)
#839    ComponentElement.mount (package:flutter/src/widgets/framework.dart:5796:5)
#840    Element.inflateWidget (package:flutter/src/widgets/framework.dart:4590:20)
#841    Element.updateChild (package:flutter/src/widgets/framework.dart:4059:18)
#842    ComponentElement.performRebuild (package:flutter/src/widgets/framework.dart:5844:16)
#843    StatefulElement.performRebuild (package:flutter/src/widgets/framework.dart:5985:11)
#844    Element.rebuild (package:flutter/src/widgets/framework.dart:5532:7)
#845    ComponentElement._firstBuild (package:flutter/src/widgets/framework.dart:5802:5)
#846    StatefulElement._firstBuild (package:flutter/src/widgets/framework.dart:5976:11)
#847    ComponentElement.mount (package:flutter/src/widgets/framework.dart:5796:5)
#848    Element.inflateWidget (package:flutter/src/widgets/framework.dart:4590:20)
#849    Element.updateChild (package:flutter/src/widgets/framework.dart:4059:18)
#850    ComponentElement.performRebuild (package:flutter/src/widgets/framework.dart:5844:16)
#851    Element.rebuild (package:flutter/src/widgets/framework.dart:5532:7)
#852    ComponentElement._firstBuild (package:flutter/src/widgets/framework.dart:5802:5)
#853    ComponentElement.mount (package:flutter/src/widgets/framework.dart:5796:5)
#854    Element.inflateWidget (package:flutter/src/widgets/framework.dart:4590:20)
#855    Element.updateChild (package:flutter/src/widgets/framework.dart:4059:18)
#856    ComponentElement.performRebuild (package:flutter/src/widgets/framework.dart:5844:16)
#857    StatefulElement.performRebuild (package:flutter/src/widgets/framework.dart:5985:11)
#858    Element.rebuild (package:flutter/src/widgets/framework.dart:5532:7)
#859    ComponentElement._firstBuild (package:flutter/src/widgets/framework.dart:5802:5)
#860    StatefulElement._firstBuild (package:flutter/src/widgets/framework.dart:5976:11)
#861    ComponentElement.mount (package:flutter/src/widgets/framework.dart:5796:5)
#862    Element.inflateWidget (package:flutter/src/widgets/framework.dart:4590:20)
#863    Element.updateChild (package:flutter/src/widgets/framework.dart:4059:18)
#864    ComponentElement.performRebuild (package:flutter/src/widgets/framework.dart:5844:16)
#865    Element.rebuild (package:flutter/src/widgets/framework.dart:5532:7)
#866    ComponentElement._firstBuild (package:flutter/src/widgets/framework.dart:5802:5)
#867    ComponentElement.mount (package:flutter/src/widgets/framework.dart:5796:5)
#868    Element.inflateWidget (package:flutter/src/widgets/framework.dart:4590:20)
#869    Element.updateChild (package:flutter/src/widgets/framework.dart:4059:18)
#870    ComponentElement.performRebuild (package:flutter/src/widgets/framework.dart:5844:16)
#871    StatefulElement.performRebuild (package:flutter/src/widgets/framework.dart:5985:11)
#872    Element.rebuild (package:flutter/src/widgets/framework.dart:5532:7)
#873    ComponentElement._firstBuild (package:flutter/src/widgets/framework.dart:5802:5)
#874    StatefulElement._firstBuild (package:flutter/src/widgets/framework.dart:5976:11)
#875    ComponentElement.mount (package:flutter/src/widgets/framework.dart:5796:5)
#876    Element.inflateWidget (package:flutter/src/widgets/framework.dart:4590:20)
#877    Element.updateChild (package:flutter/src/widgets/framework.dart:4059:18)
#878    ComponentElement.performRebuild (package:flutter/src/widgets/framework.dart:5844:16)
#879    StatefulElement.performRebuild (package:flutter/src/widgets/framework.dart:5985:11)
#880    Element.rebuild (package:flutter/src/widgets/framework.dart:5532:7)
#881    ComponentElement._firstBuild (package:flutter/src/widgets/framework.dart:5802:5)
#882    StatefulElement._firstBuild (package:flutter/src/widgets/framework.dart:5976:11)
#883    ComponentElement.mount (package:flutter/src/widgets/framework.dart:5796:5)
#884    Element.inflateWidget (package:flutter/src/widgets/framework.dart:4590:20)
#885    Element.updateChild (package:flutter/src/widgets/framework.dart:4059:18)
#886    SingleChildRenderObjectElement.mount (package:flutter/src/widgets/framework.dart:7118:14)
#887    Element.inflateWidget (package:flutter/src/widgets/framework.dart:4590:20)
#888    Element.updateChild (package:flutter/src/widgets/framework.dart:4059:18)
#889    ComponentElement.performRebuild (package:flutter/src/widgets/framework.dart:5844:16)
#890    Element.rebuild (package:flutter/src/widgets/framework.dart:5532:7)
#891    ComponentElement._firstBuild (package:flutter/src/widgets/framework.dart:5802:5)
#892    ComponentElement.mount (package:flutter/src/widgets/framework.dart:5796:5)
#893    Element.inflateWidget (package:flutter/src/widgets/framework.dart:4590:20)
#894    Element.updateChild (package:flutter/src/widgets/framework.dart:4059:18)
#895    ComponentElement.performRebuild (package:flutter/src/widgets/framework.dart:5844:16)
#896    StatefulElement.performRebuild (package:flutter/src/widgets/framework.dart:5985:11)
#897    Element.rebuild (package:flutter/src/widgets/framework.dart:5532:7)
#898    ComponentElement._firstBuild (package:flutter/src/widgets/framework.dart:5802:5)
#899    StatefulElement._firstBuild (package:flutter/src/widgets/framework.dart:5976:11)
#900    ComponentElement.mount (package:flutter/src/widgets/framework.dart:5796:5)
#901    Element.inflateWidget (package:flutter/src/widgets/framework.dart:4590:20)
#902    Element.updateChild (package:flutter/src/widgets/framework.dart:4059:18)
#903    ComponentElement.performRebuild (package:flutter/src/widgets/framework.dart:5844:16)
#904    Element.rebuild (package:flutter/src/widgets/framework.dart:5532:7)
#905    ComponentElement._firstBuild (package:flutter/src/widgets/framework.dart:5802:5)
#906    ComponentElement.mount (package:flutter/src/widgets/framework.dart:5796:5)
#907    Element.inflateWidget (package:flutter/src/widgets/framework.dart:4590:20)
#908    Element.updateChild (package:flutter/src/widgets/framework.dart:4059:18)
#909    ComponentElement.performRebuild (package:flutter/src/widgets/framework.dart:5844:16)
#910    Element.rebuild (package:flutter/src/widgets/framework.dart:5532:7)
#911    ComponentElement._firstBuild (package:flutter/src/widgets/framework.dart:5802:5)
#912    ComponentElement.mount (package:flutter/src/widgets/framework.dart:5796:5)
#913    Element.inflateWidget (package:flutter/src/widgets/framework.dart:4590:20)
#914    Element.updateChild (package:flutter/src/widgets/framework.dart:4059:18)
#915    ComponentElement.performRebuild (package:flutter/src/widgets/framework.dart:5844:16)
#916    StatefulElement.performRebuild (package:flutter/src/widgets/framework.dart:5985:11)
#917    Element.rebuild (package:flutter/src/widgets/framework.dart:5532:7)
#918    ComponentElement._firstBuild (package:flutter/src/widgets/framework.dart:5802:5)
#919    StatefulElement._firstBuild (package:flutter/src/widgets/framework.dart:5976:11)
#920    ComponentElement.mount (package:flutter/src/widgets/framework.dart:5796:5)
#921    Element.inflateWidget (package:flutter/src/widgets/framework.dart:4590:20)
#922    Element.updateChild (package:flutter/src/widgets/framework.dart:4053:20)
#923    ComponentElement.performRebuild (package:flutter/src/widgets/framework.dart:5844:16)
#924    Element.rebuild (package:flutter/src/widgets/framework.dart:5532:7)
#925    ProxyElement.update (package:flutter/src/widgets/framework.dart:6152:5)
#926    _InheritedNotifierElement.update
(package:flutter/src/widgets/inherited_notifier.dart:108:11)
#927    Element.updateChild (package:flutter/src/widgets/framework.dart:4037:15)
#928    ComponentElement.performRebuild (package:flutter/src/widgets/framework.dart:5844:16)
#929    StatefulElement.performRebuild (package:flutter/src/widgets/framework.dart:5985:11)
#930    Element.rebuild (package:flutter/src/widgets/framework.dart:5532:7)
#931    StatefulElement.update (package:flutter/src/widgets/framework.dart:6010:5)
#932    Element.updateChild (package:flutter/src/widgets/framework.dart:4037:15)
#933    ComponentElement.performRebuild (package:flutter/src/widgets/framework.dart:5844:16)
#934    Element.rebuild (package:flutter/src/widgets/framework.dart:5532:7)
#935    ProxyElement.update (package:flutter/src/widgets/framework.dart:6152:5)
#936    _InheritedNotifierElement.update
(package:flutter/src/widgets/inherited_notifier.dart:108:11)
#937    Element.updateChild (package:flutter/src/widgets/framework.dart:4037:15)
#938    ComponentElement.performRebuild (package:flutter/src/widgets/framework.dart:5844:16)
#939    StatefulElement.performRebuild (package:flutter/src/widgets/framework.dart:5985:11)
#940    Element.rebuild (package:flutter/src/widgets/framework.dart:5532:7)
#941    StatefulElement.update (package:flutter/src/widgets/framework.dart:6010:5)
#942    Element.updateChild (package:flutter/src/widgets/framework.dart:4037:15)
#943    ComponentElement.performRebuild (package:flutter/src/widgets/framework.dart:5844:16)
#944    StatefulElement.performRebuild (package:flutter/src/widgets/framework.dart:5985:11)
#945    Element.rebuild (package:flutter/src/widgets/framework.dart:5532:7)
#946    StatefulElement.update (package:flutter/src/widgets/framework.dart:6010:5)
#947    Element.updateChild (package:flutter/src/widgets/framework.dart:4037:15)
#948    ComponentElement.performRebuild (package:flutter/src/widgets/framework.dart:5844:16)
#949    Element.rebuild (package:flutter/src/widgets/framework.dart:5532:7)
#950    ProxyElement.update (package:flutter/src/widgets/framework.dart:6152:5)
#951    Element.updateChild (package:flutter/src/widgets/framework.dart:4037:15)
#952    ComponentElement.performRebuild (package:flutter/src/widgets/framework.dart:5844:16)
#953    StatefulElement.performRebuild (package:flutter/src/widgets/framework.dart:5985:11)
#954    Element.rebuild (package:flutter/src/widgets/framework.dart:5532:7)
#955    StatefulElement.update (package:flutter/src/widgets/framework.dart:6010:5)
#956    Element.updateChild (package:flutter/src/widgets/framework.dart:4037:15)
#957    ComponentElement.performRebuild (package:flutter/src/widgets/framework.dart:5844:16)
#958    Element.rebuild (package:flutter/src/widgets/framework.dart:5532:7)
#959    ProxyElement.update (package:flutter/src/widgets/framework.dart:6152:5)
#960    Element.updateChild (package:flutter/src/widgets/framework.dart:4037:15)
#961    ComponentElement.performRebuild (package:flutter/src/widgets/framework.dart:5844:16)
#962    Element.rebuild (package:flutter/src/widgets/framework.dart:5532:7)
#963    ProxyElement.update (package:flutter/src/widgets/framework.dart:6152:5)
#964    Element.updateChild (package:flutter/src/widgets/framework.dart:4037:15)
#965    _RawViewElement._updateChild (package:flutter/src/widgets/view.dart:481:16)
#966    _RawViewElement.update (package:flutter/src/widgets/view.dart:568:5)
#967    Element.updateChild (package:flutter/src/widgets/framework.dart:4037:15)
#968    ComponentElement.performRebuild (package:flutter/src/widgets/framework.dart:5844:16)
#969    Element.rebuild (package:flutter/src/widgets/framework.dart:5532:7)
#970    StatelessElement.update (package:flutter/src/widgets/framework.dart:5898:5)
#971    Element.updateChild (package:flutter/src/widgets/framework.dart:4037:15)
#972    ComponentElement.performRebuild (package:flutter/src/widgets/framework.dart:5844:16)
#973    StatefulElement.performRebuild (package:flutter/src/widgets/framework.dart:5985:11)
#974    Element.rebuild (package:flutter/src/widgets/framework.dart:5532:7)
#975    StatefulElement.update (package:flutter/src/widgets/framework.dart:6010:5)
#976    Element.updateChild (package:flutter/src/widgets/framework.dart:4037:15)
#977    RootElement._rebuild (package:flutter/src/widgets/binding.dart:1782:16)
#978    RootElement.update (package:flutter/src/widgets/binding.dart:1760:5)
#979    RootElement.performRebuild (package:flutter/src/widgets/binding.dart:1774:7)
#980    Element.rebuild (package:flutter/src/widgets/framework.dart:5532:7)
#981    BuildScope._tryRebuild (package:flutter/src/widgets/framework.dart:2750:15)
#982    BuildScope._flushDirtyElements (package:flutter/src/widgets/framework.dart:2807:11)
#983    BuildOwner.buildScope (package:flutter/src/widgets/framework.dart:3111:18)
#984    AutomatedTestWidgetsFlutterBinding.drawFrame (package:flutter_test/src/binding.dart:1506:19)
#985    RendererBinding._handlePersistentFrameCallback
(package:flutter/src/rendering/binding.dart:495:5)
#986    SchedulerBinding._invokeFrameCallback (package:flutter/src/scheduler/binding.dart:1434:15)
#987    SchedulerBinding.handleDrawFrame (package:flutter/src/scheduler/binding.dart:1347:9)
#988    AutomatedTestWidgetsFlutterBinding.pump.<anonymous closure>
(package:flutter_test/src/binding.dart:1335:9)
#989    _rootRun (dart:async/zone.dart:1525:13)
#990    _CustomZone.run (dart:async/zone.dart:1422:19)
#991    TestAsyncUtils.guard (package:flutter_test/src/test_async_utils.dart:74:41)
#992    AutomatedTestWidgetsFlutterBinding.pump (package:flutter_test/src/binding.dart:1324:27)
#993    WidgetTester.pumpWidget.<anonymous closure>
(package:flutter_test/src/widget_tester.dart:598:22)
#994    _rootRun (dart:async/zone.dart:1525:13)
#995    _CustomZone.run (dart:async/zone.dart:1422:19)
#996    TestAsyncUtils.guard (package:flutter_test/src/test_async_utils.dart:74:41)
#997    WidgetTester.pumpWidget (package:flutter_test/src/widget_tester.dart:595:27)
#998    main.<anonymous closure>
(file:///C:/Users/Tayyub/StudioProjects/qudwa/test/widgets/ayah_card_test.dart:50:18)
#999    testWidgets.<anonymous closure>.<anonymous closure>
(package:flutter_test/src/widget_tester.dart:192:29)
<asynchronous suspension>
#1000   TestWidgetsFlutterBinding._runTestBody (package:flutter_test/src/binding.dart:1059:5)
<asynchronous suspension>
#1001   StackZoneSpecification._registerCallback.<anonymous closure>
(package:stack_trace/src/stack_zone_specification.dart:114:42)
<asynchronous suspension>


And rethrown at:
#0      throwProviderException (package:riverpod/src/common/stack_trace.dart:10:3)
#1      $ResultError.valueOrProviderException (package:riverpod/src/common/result.dart:108:7)
#2      ProviderContainer.read (package:riverpod/src/core/provider_container.dart:914:29)
#3      Ref.read (package:riverpod/src/core/ref.dart:524:30)
#4      AppConfigViewModel._prefs (package:qudwa/viewmodels/settings_viewmodel.dart:159:39)
#5      AppConfigViewModel.build (package:qudwa/viewmodels/settings_viewmodel.dart:163:15)
#6      Notifier.runBuild (package:riverpod/src/providers/notifier/orphan.dart:70:21)
#7      $ClassProviderElement.create
(package:riverpod/src/core/provider/notifier_provider.dart:561:26)
#8      ProviderElement.buildState (package:riverpod/src/core/element.dart:665:28)
#9      ProviderElement.mount (package:riverpod/src/core/element.dart:517:7)
#10     ProviderElement.flush (package:riverpod/src/core/element.dart:620:7)
#11     $ProviderBaseImpl._addListener (package:riverpod/src/core/provider/provider.dart:117:24)
#12     _ProviderSelector._addListener (package:riverpod/src/core/modifiers/select.dart:137:26)
#13     ProviderElement.listen (package:riverpod/src/core/element.dart:901:28)
#14     Ref.listen (package:riverpod/src/core/ref.dart:681:21)
#15     AudioControlNotifier.build (package:qudwa/viewmodels/audio_viewmodel.dart:90:9)
#16     Notifier.runBuild (package:riverpod/src/providers/notifier/orphan.dart:70:21)
#17     $ClassProviderElement.create
(package:riverpod/src/core/provider/notifier_provider.dart:561:26)
#18     ProviderElement.buildState (package:riverpod/src/core/element.dart:665:28)
#19     ProviderElement.mount (package:riverpod/src/core/element.dart:517:7)
#20     ProviderElement.flush (package:riverpod/src/core/element.dart:620:7)
#21     $ProviderBaseImpl._addListener (package:riverpod/src/core/provider/provider.dart:117:24)
#22     _ProviderSelector._addListener (package:riverpod/src/core/modifiers/select.dart:137:26)
#23     ProviderContainer.listen (package:riverpod/src/core/provider_container.dart:954:26)
#24     ConsumerStatefulElement.watch.<anonymous closure>
(package:flutter_riverpod/src/core/consumer.dart:451:37)
#25     _LinkedHashMapMixin.putIfAbsent (dart:_compact_hash:675:23)
#26     ConsumerStatefulElement.watch (package:flutter_riverpod/src/core/consumer.dart:444:14)
#27     _AyahRowState.build (package:qudwa/features/quran/widgets/ayah_card.dart:109:36)
#28     StatefulElement.build (package:flutter/src/widgets/framework.dart:5934:27)
#29     ConsumerStatefulElement.build (package:flutter_riverpod/src/core/consumer.dart:421:20)
#30     ComponentElement.performRebuild (package:flutter/src/widgets/framework.dart:5820:15)
#31     StatefulElement.performRebuild (package:flutter/src/widgets/framework.dart:5985:11)
#32     Element.rebuild (package:flutter/src/widgets/framework.dart:5532:7)
#33     ComponentElement._firstBuild (package:flutter/src/widgets/framework.dart:5802:5)
#34     StatefulElement._firstBuild (package:flutter/src/widgets/framework.dart:5976:11)
#35     ComponentElement.mount (package:flutter/src/widgets/framework.dart:5796:5)
#36     Element.inflateWidget (package:flutter/src/widgets/framework.dart:4590:20)
#37     Element.updateChild (package:flutter/src/widgets/framework.dart:4059:18)
#38     ComponentElement.performRebuild (package:flutter/src/widgets/framework.dart:5844:16)
#39     Element.rebuild (package:flutter/src/widgets/framework.dart:5532:7)
#40     ComponentElement._firstBuild (package:flutter/src/widgets/framework.dart:5802:5)
#41     ComponentElement.mount (package:flutter/src/widgets/framework.dart:5796:5)
#42     Element.inflateWidget (package:flutter/src/widgets/framework.dart:4590:20)
#43     Element.updateChild (package:flutter/src/widgets/framework.dart:4059:18)
#44     ComponentElement.performRebuild (package:flutter/src/widgets/framework.dart:5844:16)
#45     StatefulElement.performRebuild (package:flutter/src/widgets/framework.dart:5985:11)
#46     Element.rebuild (package:flutter/src/widgets/framework.dart:5532:7)
#47     ComponentElement._firstBuild (package:flutter/src/widgets/framework.dart:5802:5)
#48     StatefulElement._firstBuild (package:flutter/src/widgets/framework.dart:5976:11)
#49     ComponentElement.mount (package:flutter/src/widgets/framework.dart:5796:5)
#50     Element.inflateWidget (package:flutter/src/widgets/framework.dart:4590:20)
#51     Element.updateChild (package:flutter/src/widgets/framework.dart:4059:18)
#52     ComponentElement.performRebuild (package:flutter/src/widgets/framework.dart:5844:16)
#53     StatefulElement.performRebuild (package:flutter/src/widgets/framework.dart:5985:11)
#54     Element.rebuild (package:flutter/src/widgets/framework.dart:5532:7)
#55     ComponentElement._firstBuild (package:flutter/src/widgets/framework.dart:5802:5)
#56     StatefulElement._firstBuild (package:flutter/src/widgets/framework.dart:5976:11)
#57     ComponentElement.mount (package:flutter/src/widgets/framework.dart:5796:5)
#58     Element.inflateWidget (package:flutter/src/widgets/framework.dart:4590:20)
#59     Element.updateChild (package:flutter/src/widgets/framework.dart:4059:18)
#60     ComponentElement.performRebuild (package:flutter/src/widgets/framework.dart:5844:16)
#61     Element.rebuild (package:flutter/src/widgets/framework.dart:5532:7)
#62     ComponentElement._firstBuild (package:flutter/src/widgets/framework.dart:5802:5)
#63     ComponentElement.mount (package:flutter/src/widgets/framework.dart:5796:5)
#64     Element.inflateWidget (package:flutter/src/widgets/framework.dart:4590:20)
#65     Element.updateChild (package:flutter/src/widgets/framework.dart:4059:18)
#66     ComponentElement.performRebuild (package:flutter/src/widgets/framework.dart:5844:16)
#67     Element.rebuild (package:flutter/src/widgets/framework.dart:5532:7)
#68     ComponentElement._firstBuild (package:flutter/src/widgets/framework.dart:5802:5)
#69     ComponentElement.mount (package:flutter/src/widgets/framework.dart:5796:5)
#70     Element.inflateWidget (package:flutter/src/widgets/framework.dart:4590:20)
#71     Element.updateChild (package:flutter/src/widgets/framework.dart:4059:18)
#72     ComponentElement.performRebuild (package:flutter/src/widgets/framework.dart:5844:16)
#73     Element.rebuild (package:flutter/src/widgets/framework.dart:5532:7)
#74     ComponentElement._firstBuild (package:flutter/src/widgets/framework.dart:5802:5)
#75     ComponentElement.mount (package:flutter/src/widgets/framework.dart:5796:5)
#76     Element.inflateWidget (package:flutter/src/widgets/framework.dart:4590:20)
#77     Element.updateChild (package:flutter/src/widgets/framework.dart:4059:18)
#78     ComponentElement.performRebuild (package:flutter/src/widgets/framework.dart:5844:16)
#79     Element.rebuild (package:flutter/src/widgets/framework.dart:5532:7)
#80     ComponentElement._firstBuild (package:flutter/src/widgets/framework.dart:5802:5)
#81     ComponentElement.mount (package:flutter/src/widgets/framework.dart:5796:5)
#82     Element.inflateWidget (package:flutter/src/widgets/framework.dart:4590:20)
#83     MultiChildRenderObjectElement.inflateWidget
(package:flutter/src/widgets/framework.dart:7269:36)
#84     MultiChildRenderObjectElement.mount (package:flutter/src/widgets/framework.dart:7285:32)
#85     Element.inflateWidget (package:flutter/src/widgets/framework.dart:4590:20)
#86     Element.updateChild (package:flutter/src/widgets/framework.dart:4059:18)
#87     ComponentElement.performRebuild (package:flutter/src/widgets/framework.dart:5844:16)
#88     Element.rebuild (package:flutter/src/widgets/framework.dart:5532:7)
#89     ComponentElement._firstBuild (package:flutter/src/widgets/framework.dart:5802:5)
#90     ComponentElement.mount (package:flutter/src/widgets/framework.dart:5796:5)
#91     Element.inflateWidget (package:flutter/src/widgets/framework.dart:4590:20)
#92     Element.updateChild (package:flutter/src/widgets/framework.dart:4059:18)
#93     ComponentElement.performRebuild (package:flutter/src/widgets/framework.dart:5844:16)
#94     StatefulElement.performRebuild (package:flutter/src/widgets/framework.dart:5985:11)
#95     Element.rebuild (package:flutter/src/widgets/framework.dart:5532:7)
#96     ComponentElement._firstBuild (package:flutter/src/widgets/framework.dart:5802:5)
#97     StatefulElement._firstBuild (package:flutter/src/widgets/framework.dart:5976:11)
#98     ComponentElement.mount (package:flutter/src/widgets/framework.dart:5796:5)
#99     Element.inflateWidget (package:flutter/src/widgets/framework.dart:4590:20)
#100    Element.updateChild (package:flutter/src/widgets/framework.dart:4059:18)
#101    ComponentElement.performRebuild (package:flutter/src/widgets/framework.dart:5844:16)
#102    StatefulElement.performRebuild (package:flutter/src/widgets/framework.dart:5985:11)
#103    Element.rebuild (package:flutter/src/widgets/framework.dart:5532:7)
#104    ComponentElement._firstBuild (package:flutter/src/widgets/framework.dart:5802:5)
#105    StatefulElement._firstBuild (package:flutter/src/widgets/framework.dart:5976:11)
#106    ComponentElement.mount (package:flutter/src/widgets/framework.dart:5796:5)
#107    Element.inflateWidget (package:flutter/src/widgets/framework.dart:4590:20)
#108    Element.updateChild (package:flutter/src/widgets/framework.dart:4059:18)
#109    ComponentElement.performRebuild (package:flutter/src/widgets/framework.dart:5844:16)
#110    Element.rebuild (package:flutter/src/widgets/framework.dart:5532:7)
#111    ComponentElement._firstBuild (package:flutter/src/widgets/framework.dart:5802:5)
#112    ComponentElement.mount (package:flutter/src/widgets/framework.dart:5796:5)
#113    Element.inflateWidget (package:flutter/src/widgets/framework.dart:4590:20)
#114    Element.updateChild (package:flutter/src/widgets/framework.dart:4059:18)
#115    ComponentElement.performRebuild (package:flutter/src/widgets/framework.dart:5844:16)
#116    StatefulElement.performRebuild (package:flutter/src/widgets/framework.dart:5985:11)
#117    Element.rebuild (package:flutter/src/widgets/framework.dart:5532:7)
#118    ComponentElement._firstBuild (package:flutter/src/widgets/framework.dart:5802:5)
#119    StatefulElement._firstBuild (package:flutter/src/widgets/framework.dart:5976:11)
#120    ComponentElement.mount (package:flutter/src/widgets/framework.dart:5796:5)
#121    Element.inflateWidget (package:flutter/src/widgets/framework.dart:4590:20)
#122    Element.updateChild (package:flutter/src/widgets/framework.dart:4059:18)
#123    SingleChildRenderObjectElement.mount (package:flutter/src/widgets/framework.dart:7118:14)
#124    Element.inflateWidget (package:flutter/src/widgets/framework.dart:4590:20)
#125    Element.updateChild (package:flutter/src/widgets/framework.dart:4059:18)
#126    ComponentElement.performRebuild (package:flutter/src/widgets/framework.dart:5844:16)
#127    Element.rebuild (package:flutter/src/widgets/framework.dart:5532:7)
#128    ComponentElement._firstBuild (package:flutter/src/widgets/framework.dart:5802:5)
#129    ComponentElement.mount (package:flutter/src/widgets/framework.dart:5796:5)
#130    Element.inflateWidget (package:flutter/src/widgets/framework.dart:4590:20)
#131    Element.updateChild (package:flutter/src/widgets/framework.dart:4059:18)
#132    SingleChildRenderObjectElement.mount (package:flutter/src/widgets/framework.dart:7118:14)
#133    Element.inflateWidget (package:flutter/src/widgets/framework.dart:4590:20)
#134    Element.updateChild (package:flutter/src/widgets/framework.dart:4059:18)
#135    ComponentElement.performRebuild (package:flutter/src/widgets/framework.dart:5844:16)
#136    StatefulElement.performRebuild (package:flutter/src/widgets/framework.dart:5985:11)
#137    Element.rebuild (package:flutter/src/widgets/framework.dart:5532:7)
#138    ComponentElement._firstBuild (package:flutter/src/widgets/framework.dart:5802:5)
#139    StatefulElement._firstBuild (package:flutter/src/widgets/framework.dart:5976:11)
#140    ComponentElement.mount (package:flutter/src/widgets/framework.dart:5796:5)
#141    Element.inflateWidget (package:flutter/src/widgets/framework.dart:4590:20)
#142    Element.updateChild (package:flutter/src/widgets/framework.dart:4059:18)
#143    ComponentElement.performRebuild (package:flutter/src/widgets/framework.dart:5844:16)
#144    StatefulElement.performRebuild (package:flutter/src/widgets/framework.dart:5985:11)
#145    Element.rebuild (package:flutter/src/widgets/framework.dart:5532:7)
#146    ComponentElement._firstBuild (package:flutter/src/widgets/framework.dart:5802:5)
#147    StatefulElement._firstBuild (package:flutter/src/widgets/framework.dart:5976:11)
#148    ComponentElement.mount (package:flutter/src/widgets/framework.dart:5796:5)
#149    Element.inflateWidget (package:flutter/src/widgets/framework.dart:4590:20)
#150    Element.updateChild (package:flutter/src/widgets/framework.dart:4059:18)
#151    ComponentElement.performRebuild (package:flutter/src/widgets/framework.dart:5844:16)
#152    Element.rebuild (package:flutter/src/widgets/framework.dart:5532:7)
#153    ComponentElement._firstBuild (package:flutter/src/widgets/framework.dart:5802:5)
#154    ComponentElement.mount (package:flutter/src/widgets/framework.dart:5796:5)
#155    Element.inflateWidget (package:flutter/src/widgets/framework.dart:4590:20)
#156    Element.updateChild (package:flutter/src/widgets/framework.dart:4059:18)
#157    ComponentElement.performRebuild (package:flutter/src/widgets/framework.dart:5844:16)
#158    Element.rebuild (package:flutter/src/widgets/framework.dart:5532:7)
#159    ComponentElement._firstBuild (package:flutter/src/widgets/framework.dart:5802:5)
#160    ComponentElement.mount (package:flutter/src/widgets/framework.dart:5796:5)
#161    Element.inflateWidget (package:flutter/src/widgets/framework.dart:4590:20)
#162    Element.updateChild (package:flutter/src/widgets/framework.dart:4059:18)
#163    ComponentElement.performRebuild (package:flutter/src/widgets/framework.dart:5844:16)
#164    Element.rebuild (package:flutter/src/widgets/framework.dart:5532:7)
#165    ComponentElement._firstBuild (package:flutter/src/widgets/framework.dart:5802:5)
#166    ComponentElement.mount (package:flutter/src/widgets/framework.dart:5796:5)
#167    Element.inflateWidget (package:flutter/src/widgets/framework.dart:4590:20)
#168    Element.updateChild (package:flutter/src/widgets/framework.dart:4059:18)
#169    ComponentElement.performRebuild (package:flutter/src/widgets/framework.dart:5844:16)
#170    StatefulElement.performRebuild (package:flutter/src/widgets/framework.dart:5985:11)
#171    Element.rebuild (package:flutter/src/widgets/framework.dart:5532:7)
#172    ComponentElement._firstBuild (package:flutter/src/widgets/framework.dart:5802:5)
#173    StatefulElement._firstBuild (package:flutter/src/widgets/framework.dart:5976:11)
#174    ComponentElement.mount (package:flutter/src/widgets/framework.dart:5796:5)
#175    Element.inflateWidget (package:flutter/src/widgets/framework.dart:4590:20)
#176    Element.updateChild (package:flutter/src/widgets/framework.dart:4059:18)
#177    ComponentElement.performRebuild (package:flutter/src/widgets/framework.dart:5844:16)
#178    Element.rebuild (package:flutter/src/widgets/framework.dart:5532:7)
#179    ComponentElement._firstBuild (package:flutter/src/widgets/framework.dart:5802:5)
#180    ComponentElement.mount (package:flutter/src/widgets/framework.dart:5796:5)
#181    Element.inflateWidget (package:flutter/src/widgets/framework.dart:4590:20)
#182    Element.updateChild (package:flutter/src/widgets/framework.dart:4059:18)
#183    ComponentElement.performRebuild (package:flutter/src/widgets/framework.dart:5844:16)
#184    StatefulElement.performRebuild (package:flutter/src/widgets/framework.dart:5985:11)
#185    Element.rebuild (package:flutter/src/widgets/framework.dart:5532:7)
#186    ComponentElement._firstBuild (package:flutter/src/widgets/framework.dart:5802:5)
#187    StatefulElement._firstBuild (package:flutter/src/widgets/framework.dart:5976:11)
#188    ComponentElement.mount (package:flutter/src/widgets/framework.dart:5796:5)
#189    Element.inflateWidget (package:flutter/src/widgets/framework.dart:4590:20)
#190    Element.updateChild (package:flutter/src/widgets/framework.dart:4059:18)
#191    SingleChildRenderObjectElement.mount (package:flutter/src/widgets/framework.dart:7118:14)
#192    Element.inflateWidget (package:flutter/src/widgets/framework.dart:4590:20)
#193    Element.updateChild (package:flutter/src/widgets/framework.dart:4059:18)
#194    ComponentElement.performRebuild (package:flutter/src/widgets/framework.dart:5844:16)
#195    Element.rebuild (package:flutter/src/widgets/framework.dart:5532:7)
#196    ComponentElement._firstBuild (package:flutter/src/widgets/framework.dart:5802:5)
#197    ComponentElement.mount (package:flutter/src/widgets/framework.dart:5796:5)
#198    Element.inflateWidget (package:flutter/src/widgets/framework.dart:4590:20)
#199    Element.updateChild (package:flutter/src/widgets/framework.dart:4059:18)
#200    SingleChildRenderObjectElement.mount (package:flutter/src/widgets/framework.dart:7118:14)
#201    Element.inflateWidget (package:flutter/src/widgets/framework.dart:4590:20)
#202    Element.updateChild (package:flutter/src/widgets/framework.dart:4059:18)
#203    SingleChildRenderObjectElement.mount (package:flutter/src/widgets/framework.dart:7118:14)
#204    Element.inflateWidget (package:flutter/src/widgets/framework.dart:4590:20)
#205    Element.updateChild (package:flutter/src/widgets/framework.dart:4059:18)
#206    ComponentElement.performRebuild (package:flutter/src/widgets/framework.dart:5844:16)
#207    StatefulElement.performRebuild (package:flutter/src/widgets/framework.dart:5985:11)
#208    Element.rebuild (package:flutter/src/widgets/framework.dart:5532:7)
#209    ComponentElement._firstBuild (package:flutter/src/widgets/framework.dart:5802:5)
#210    StatefulElement._firstBuild (package:flutter/src/widgets/framework.dart:5976:11)
#211    ComponentElement.mount (package:flutter/src/widgets/framework.dart:5796:5)
#212    Element.inflateWidget (package:flutter/src/widgets/framework.dart:4590:20)
#213    Element.updateChild (package:flutter/src/widgets/framework.dart:4059:18)
#214    SingleChildRenderObjectElement.mount (package:flutter/src/widgets/framework.dart:7118:14)
#215    Element.inflateWidget (package:flutter/src/widgets/framework.dart:4590:20)
#216    Element.updateChild (package:flutter/src/widgets/framework.dart:4059:18)
#217    ComponentElement.performRebuild (package:flutter/src/widgets/framework.dart:5844:16)
#218    StatefulElement.performRebuild (package:flutter/src/widgets/framework.dart:5985:11)
#219    Element.rebuild (package:flutter/src/widgets/framework.dart:5532:7)
#220    ComponentElement._firstBuild (package:flutter/src/widgets/framework.dart:5802:5)
#221    StatefulElement._firstBuild (package:flutter/src/widgets/framework.dart:5976:11)
#222    ComponentElement.mount (package:flutter/src/widgets/framework.dart:5796:5)
#223    Element.inflateWidget (package:flutter/src/widgets/framework.dart:4590:20)
#224    Element.updateChild (package:flutter/src/widgets/framework.dart:4059:18)
#225    SingleChildRenderObjectElement.mount (package:flutter/src/widgets/framework.dart:7118:14)
#226    Element.inflateWidget (package:flutter/src/widgets/framework.dart:4590:20)
#227    Element.updateChild (package:flutter/src/widgets/framework.dart:4059:18)
#228    SingleChildRenderObjectElement.mount (package:flutter/src/widgets/framework.dart:7118:14)
#229    Element.inflateWidget (package:flutter/src/widgets/framework.dart:4590:20)
#230    Element.updateChild (package:flutter/src/widgets/framework.dart:4059:18)
#231    ComponentElement.performRebuild (package:flutter/src/widgets/framework.dart:5844:16)
#232    StatefulElement.performRebuild (package:flutter/src/widgets/framework.dart:5985:11)
#233    Element.rebuild (package:flutter/src/widgets/framework.dart:5532:7)
#234    ComponentElement._firstBuild (package:flutter/src/widgets/framework.dart:5802:5)
#235    StatefulElement._firstBuild (package:flutter/src/widgets/framework.dart:5976:11)
#236    ComponentElement.mount (package:flutter/src/widgets/framework.dart:5796:5)
#237    Element.inflateWidget (package:flutter/src/widgets/framework.dart:4590:20)
#238    Element.updateChild (package:flutter/src/widgets/framework.dart:4059:18)
#239    SingleChildRenderObjectElement.mount (package:flutter/src/widgets/framework.dart:7118:14)
#240    Element.inflateWidget (package:flutter/src/widgets/framework.dart:4590:20)
#241    Element.updateChild (package:flutter/src/widgets/framework.dart:4059:18)
#242    ComponentElement.performRebuild (package:flutter/src/widgets/framework.dart:5844:16)
#243    StatefulElement.performRebuild (package:flutter/src/widgets/framework.dart:5985:11)
#244    Element.rebuild (package:flutter/src/widgets/framework.dart:5532:7)
#245    ComponentElement._firstBuild (package:flutter/src/widgets/framework.dart:5802:5)
#246    StatefulElement._firstBuild (package:flutter/src/widgets/framework.dart:5976:11)
#247    ComponentElement.mount (package:flutter/src/widgets/framework.dart:5796:5)
#248    Element.inflateWidget (package:flutter/src/widgets/framework.dart:4590:20)
#249    Element.updateChild (package:flutter/src/widgets/framework.dart:4059:18)
#250    SingleChildRenderObjectElement.mount (package:flutter/src/widgets/framework.dart:7118:14)
#251    Element.inflateWidget (package:flutter/src/widgets/framework.dart:4590:20)
#252    Element.updateChild (package:flutter/src/widgets/framework.dart:4059:18)
#253    SingleChildRenderObjectElement.mount (package:flutter/src/widgets/framework.dart:7118:14)
#254    Element.inflateWidget (package:flutter/src/widgets/framework.dart:4590:20)
#255    Element.updateChild (package:flutter/src/widgets/framework.dart:4059:18)
#256    ComponentElement.performRebuild (package:flutter/src/widgets/framework.dart:5844:16)
#257    StatefulElement.performRebuild (package:flutter/src/widgets/framework.dart:5985:11)
#258    Element.rebuild (package:flutter/src/widgets/framework.dart:5532:7)
#259    ComponentElement._firstBuild (package:flutter/src/widgets/framework.dart:5802:5)
#260    StatefulElement._firstBuild (package:flutter/src/widgets/framework.dart:5976:11)
#261    ComponentElement.mount (package:flutter/src/widgets/framework.dart:5796:5)
#262    Element.inflateWidget (package:flutter/src/widgets/framework.dart:4590:20)
#263    Element.updateChild (package:flutter/src/widgets/framework.dart:4059:18)
#264    SingleChildRenderObjectElement.mount (package:flutter/src/widgets/framework.dart:7118:14)
#265    Element.inflateWidget (package:flutter/src/widgets/framework.dart:4590:20)
#266    Element.updateChild (package:flutter/src/widgets/framework.dart:4059:18)
#267    SingleChildRenderObjectElement.mount (package:flutter/src/widgets/framework.dart:7118:14)
#268    Element.inflateWidget (package:flutter/src/widgets/framework.dart:4590:20)
#269    Element.updateChild (package:flutter/src/widgets/framework.dart:4059:18)
#270    SingleChildRenderObjectElement.mount (package:flutter/src/widgets/framework.dart:7118:14)
#271    Element.inflateWidget (package:flutter/src/widgets/framework.dart:4590:20)
#272    Element.updateChild (package:flutter/src/widgets/framework.dart:4059:18)
#273    ComponentElement.performRebuild (package:flutter/src/widgets/framework.dart:5844:16)
#274    StatefulElement.performRebuild (package:flutter/src/widgets/framework.dart:5985:11)
#275    Element.rebuild (package:flutter/src/widgets/framework.dart:5532:7)
#276    ComponentElement._firstBuild (package:flutter/src/widgets/framework.dart:5802:5)
#277    StatefulElement._firstBuild (package:flutter/src/widgets/framework.dart:5976:11)
#278    ComponentElement.mount (package:flutter/src/widgets/framework.dart:5796:5)
#279    Element.inflateWidget (package:flutter/src/widgets/framework.dart:4590:20)
#280    Element.updateChild (package:flutter/src/widgets/framework.dart:4059:18)
#281    SingleChildRenderObjectElement.mount (package:flutter/src/widgets/framework.dart:7118:14)
#282    Element.inflateWidget (package:flutter/src/widgets/framework.dart:4590:20)
#283    Element.updateChild (package:flutter/src/widgets/framework.dart:4059:18)
#284    ComponentElement.performRebuild (package:flutter/src/widgets/framework.dart:5844:16)
#285    StatefulElement.performRebuild (package:flutter/src/widgets/framework.dart:5985:11)
#286    Element.rebuild (package:flutter/src/widgets/framework.dart:5532:7)
#287    ComponentElement._firstBuild (package:flutter/src/widgets/framework.dart:5802:5)
#288    StatefulElement._firstBuild (package:flutter/src/widgets/framework.dart:5976:11)
#289    ComponentElement.mount (package:flutter/src/widgets/framework.dart:5796:5)
#290    Element.inflateWidget (package:flutter/src/widgets/framework.dart:4590:20)
#291    Element.updateChild (package:flutter/src/widgets/framework.dart:4059:18)
#292    ComponentElement.performRebuild (package:flutter/src/widgets/framework.dart:5844:16)
#293    Element.rebuild (package:flutter/src/widgets/framework.dart:5532:7)
#294    ComponentElement._firstBuild (package:flutter/src/widgets/framework.dart:5802:5)
#295    ComponentElement.mount (package:flutter/src/widgets/framework.dart:5796:5)
#296    Element.inflateWidget (package:flutter/src/widgets/framework.dart:4590:20)
#297    Element.updateChild (package:flutter/src/widgets/framework.dart:4059:18)
#298    ComponentElement.performRebuild (package:flutter/src/widgets/framework.dart:5844:16)
#299    StatefulElement.performRebuild (package:flutter/src/widgets/framework.dart:5985:11)
#300    Element.rebuild (package:flutter/src/widgets/framework.dart:5532:7)
#301    ComponentElement._firstBuild (package:flutter/src/widgets/framework.dart:5802:5)
#302    StatefulElement._firstBuild (package:flutter/src/widgets/framework.dart:5976:11)
#303    ComponentElement.mount (package:flutter/src/widgets/framework.dart:5796:5)
#304    Element.inflateWidget (package:flutter/src/widgets/framework.dart:4590:20)
#305    Element.updateChild (package:flutter/src/widgets/framework.dart:4059:18)
#306    ComponentElement.performRebuild (package:flutter/src/widgets/framework.dart:5844:16)
#307    StatefulElement.performRebuild (package:flutter/src/widgets/framework.dart:5985:11)
#308    Element.rebuild (package:flutter/src/widgets/framework.dart:5532:7)
#309    ComponentElement._firstBuild (package:flutter/src/widgets/framework.dart:5802:5)
#310    StatefulElement._firstBuild (package:flutter/src/widgets/framework.dart:5976:11)
#311    ComponentElement.mount (package:flutter/src/widgets/framework.dart:5796:5)
#312    Element.inflateWidget (package:flutter/src/widgets/framework.dart:4590:20)
#313    Element.updateChild (package:flutter/src/widgets/framework.dart:4059:18)
#314    ComponentElement.performRebuild (package:flutter/src/widgets/framework.dart:5844:16)
#315    StatefulElement.performRebuild (package:flutter/src/widgets/framework.dart:5985:11)
#316    Element.rebuild (package:flutter/src/widgets/framework.dart:5532:7)
#317    ComponentElement._firstBuild (package:flutter/src/widgets/framework.dart:5802:5)
#318    StatefulElement._firstBuild (package:flutter/src/widgets/framework.dart:5976:11)
#319    ComponentElement.mount (package:flutter/src/widgets/framework.dart:5796:5)
#320    Element.inflateWidget (package:flutter/src/widgets/framework.dart:4590:20)
#321    Element.updateChild (package:flutter/src/widgets/framework.dart:4059:18)
#322    SingleChildRenderObjectElement.mount (package:flutter/src/widgets/framework.dart:7118:14)
#323    Element.inflateWidget (package:flutter/src/widgets/framework.dart:4590:20)
#324    Element.updateChild (package:flutter/src/widgets/framework.dart:4059:18)
#325    ComponentElement.performRebuild (package:flutter/src/widgets/framework.dart:5844:16)
#326    Element.rebuild (package:flutter/src/widgets/framework.dart:5532:7)
#327    ComponentElement._firstBuild (package:flutter/src/widgets/framework.dart:5802:5)
#328    ComponentElement.mount (package:flutter/src/widgets/framework.dart:5796:5)
#329    Element.inflateWidget (package:flutter/src/widgets/framework.dart:4590:20)
#330    Element.updateChild (package:flutter/src/widgets/framework.dart:4059:18)
#331    SingleChildRenderObjectElement.mount (package:flutter/src/widgets/framework.dart:7118:14)
#332    Element.inflateWidget (package:flutter/src/widgets/framework.dart:4590:20)
#333    Element.updateChild (package:flutter/src/widgets/framework.dart:4059:18)
#334    ComponentElement.performRebuild (package:flutter/src/widgets/framework.dart:5844:16)
#335    StatefulElement.performRebuild (package:flutter/src/widgets/framework.dart:5985:11)
#336    Element.rebuild (package:flutter/src/widgets/framework.dart:5532:7)
#337    ComponentElement._firstBuild (package:flutter/src/widgets/framework.dart:5802:5)
#338    StatefulElement._firstBuild (package:flutter/src/widgets/framework.dart:5976:11)
#339    ComponentElement.mount (package:flutter/src/widgets/framework.dart:5796:5)
#340    Element.inflateWidget (package:flutter/src/widgets/framework.dart:4590:20)
#341    Element.updateChild (package:flutter/src/widgets/framework.dart:4059:18)
#342    ComponentElement.performRebuild (package:flutter/src/widgets/framework.dart:5844:16)
#343    Element.rebuild (package:flutter/src/widgets/framework.dart:5532:7)
#344    ComponentElement._firstBuild (package:flutter/src/widgets/framework.dart:5802:5)
#345    ComponentElement.mount (package:flutter/src/widgets/framework.dart:5796:5)
#346    Element.inflateWidget (package:flutter/src/widgets/framework.dart:4590:20)
#347    Element.updateChild (package:flutter/src/widgets/framework.dart:4059:18)
#348    ComponentElement.performRebuild (package:flutter/src/widgets/framework.dart:5844:16)
#349    Element.rebuild (package:flutter/src/widgets/framework.dart:5532:7)
#350    ComponentElement._firstBuild (package:flutter/src/widgets/framework.dart:5802:5)
#351    ComponentElement.mount (package:flutter/src/widgets/framework.dart:5796:5)
#352    Element.inflateWidget (package:flutter/src/widgets/framework.dart:4590:20)
#353    Element.updateChild (package:flutter/src/widgets/framework.dart:4059:18)
#354    ComponentElement.performRebuild (package:flutter/src/widgets/framework.dart:5844:16)
#355    StatefulElement.performRebuild (package:flutter/src/widgets/framework.dart:5985:11)
#356    Element.rebuild (package:flutter/src/widgets/framework.dart:5532:7)
#357    ComponentElement._firstBuild (package:flutter/src/widgets/framework.dart:5802:5)
#358    StatefulElement._firstBuild (package:flutter/src/widgets/framework.dart:5976:11)
#359    ComponentElement.mount (package:flutter/src/widgets/framework.dart:5796:5)
#360    Element.inflateWidget (package:flutter/src/widgets/framework.dart:4590:20)
#361    Element.updateChild (package:flutter/src/widgets/framework.dart:4059:18)
#362    ComponentElement.performRebuild (package:flutter/src/widgets/framework.dart:5844:16)
#363    Element.rebuild (package:flutter/src/widgets/framework.dart:5532:7)
#364    ComponentElement._firstBuild (package:flutter/src/widgets/framework.dart:5802:5)
#365    ComponentElement.mount (package:flutter/src/widgets/framework.dart:5796:5)
#366    Element.inflateWidget (package:flutter/src/widgets/framework.dart:4590:20)
#367    Element.updateChild (package:flutter/src/widgets/framework.dart:4059:18)
#368    ComponentElement.performRebuild (package:flutter/src/widgets/framework.dart:5844:16)
#369    Element.rebuild (package:flutter/src/widgets/framework.dart:5532:7)
#370    ComponentElement._firstBuild (package:flutter/src/widgets/framework.dart:5802:5)
#371    ComponentElement.mount (package:flutter/src/widgets/framework.dart:5796:5)
#372    Element.inflateWidget (package:flutter/src/widgets/framework.dart:4590:20)
#373    Element.updateChild (package:flutter/src/widgets/framework.dart:4059:18)
#374    SingleChildRenderObjectElement.mount (package:flutter/src/widgets/framework.dart:7118:14)
#375    Element.inflateWidget (package:flutter/src/widgets/framework.dart:4590:20)
#376    Element.updateChild (package:flutter/src/widgets/framework.dart:4059:18)
#377    ComponentElement.performRebuild (package:flutter/src/widgets/framework.dart:5844:16)
#378    Element.rebuild (package:flutter/src/widgets/framework.dart:5532:7)
#379    ComponentElement._firstBuild (package:flutter/src/widgets/framework.dart:5802:5)
#380    ComponentElement.mount (package:flutter/src/widgets/framework.dart:5796:5)
#381    Element.inflateWidget (package:flutter/src/widgets/framework.dart:4590:20)
#382    Element.updateChild (package:flutter/src/widgets/framework.dart:4059:18)
#383    ComponentElement.performRebuild (package:flutter/src/widgets/framework.dart:5844:16)
#384    Element.rebuild (package:flutter/src/widgets/framework.dart:5532:7)
#385    ComponentElement._firstBuild (package:flutter/src/widgets/framework.dart:5802:5)
#386    ComponentElement.mount (package:flutter/src/widgets/framework.dart:5796:5)
#387    Element.inflateWidget (package:flutter/src/widgets/framework.dart:4590:20)
#388    Element.updateChild (package:flutter/src/widgets/framework.dart:4059:18)
#389    ComponentElement.performRebuild (package:flutter/src/widgets/framework.dart:5844:16)
#390    StatefulElement.performRebuild (package:flutter/src/widgets/framework.dart:5985:11)
#391    Element.rebuild (package:flutter/src/widgets/framework.dart:5532:7)
#392    ComponentElement._firstBuild (package:flutter/src/widgets/framework.dart:5802:5)
#393    StatefulElement._firstBuild (package:flutter/src/widgets/framework.dart:5976:11)
#394    ComponentElement.mount (package:flutter/src/widgets/framework.dart:5796:5)
#395    Element.inflateWidget (package:flutter/src/widgets/framework.dart:4590:20)
#396    Element.updateChild (package:flutter/src/widgets/framework.dart:4059:18)
#397    ComponentElement.performRebuild (package:flutter/src/widgets/framework.dart:5844:16)
#398    StatefulElement.performRebuild (package:flutter/src/widgets/framework.dart:5985:11)
#399    Element.rebuild (package:flutter/src/widgets/framework.dart:5532:7)
#400    ComponentElement._firstBuild (package:flutter/src/widgets/framework.dart:5802:5)
#401    StatefulElement._firstBuild (package:flutter/src/widgets/framework.dart:5976:11)
#402    ComponentElement.mount (package:flutter/src/widgets/framework.dart:5796:5)
#403    Element.inflateWidget (package:flutter/src/widgets/framework.dart:4590:20)
#404    Element.updateChild (package:flutter/src/widgets/framework.dart:4059:18)
#405    ComponentElement.performRebuild (package:flutter/src/widgets/framework.dart:5844:16)
#406    StatefulElement.performRebuild (package:flutter/src/widgets/framework.dart:5985:11)
#407    Element.rebuild (package:flutter/src/widgets/framework.dart:5532:7)
#408    ComponentElement._firstBuild (package:flutter/src/widgets/framework.dart:5802:5)
#409    StatefulElement._firstBuild (package:flutter/src/widgets/framework.dart:5976:11)
#410    ComponentElement.mount (package:flutter/src/widgets/framework.dart:5796:5)
#411    Element.inflateWidget (package:flutter/src/widgets/framework.dart:4590:20)
#412    Element.updateChild (package:flutter/src/widgets/framework.dart:4059:18)
#413    SingleChildRenderObjectElement.mount (package:flutter/src/widgets/framework.dart:7118:14)
#414    Element.inflateWidget (package:flutter/src/widgets/framework.dart:4590:20)
#415    Element.updateChild (package:flutter/src/widgets/framework.dart:4059:18)
#416    ComponentElement.performRebuild (package:flutter/src/widgets/framework.dart:5844:16)
#417    Element.rebuild (package:flutter/src/widgets/framework.dart:5532:7)
#418    ComponentElement._firstBuild (package:flutter/src/widgets/framework.dart:5802:5)
#419    ComponentElement.mount (package:flutter/src/widgets/framework.dart:5796:5)
#420    Element.inflateWidget (package:flutter/src/widgets/framework.dart:4590:20)
#421    Element.updateChild (package:flutter/src/widgets/framework.dart:4059:18)
#422    ComponentElement.performRebuild (package:flutter/src/widgets/framework.dart:5844:16)
#423    Element.rebuild (package:flutter/src/widgets/framework.dart:5532:7)
#424    ComponentElement._firstBuild (package:flutter/src/widgets/framework.dart:5802:5)
#425    ComponentElement.mount (package:flutter/src/widgets/framework.dart:5796:5)
#426    Element.inflateWidget (package:flutter/src/widgets/framework.dart:4590:20)
#427    Element.updateChild (package:flutter/src/widgets/framework.dart:4059:18)
#428    ComponentElement.performRebuild (package:flutter/src/widgets/framework.dart:5844:16)
#429    Element.rebuild (package:flutter/src/widgets/framework.dart:5532:7)
#430    ComponentElement._firstBuild (package:flutter/src/widgets/framework.dart:5802:5)
#431    ComponentElement.mount (package:flutter/src/widgets/framework.dart:5796:5)
#432    Element.inflateWidget (package:flutter/src/widgets/framework.dart:4590:20)
#433    Element.updateChild (package:flutter/src/widgets/framework.dart:4059:18)
#434    ComponentElement.performRebuild (package:flutter/src/widgets/framework.dart:5844:16)
#435    StatefulElement.performRebuild (package:flutter/src/widgets/framework.dart:5985:11)
#436    Element.rebuild (package:flutter/src/widgets/framework.dart:5532:7)
#437    ComponentElement._firstBuild (package:flutter/src/widgets/framework.dart:5802:5)
#438    StatefulElement._firstBuild (package:flutter/src/widgets/framework.dart:5976:11)
#439    ComponentElement.mount (package:flutter/src/widgets/framework.dart:5796:5)
#440    Element.inflateWidget (package:flutter/src/widgets/framework.dart:4590:20)
#441    Element.updateChild (package:flutter/src/widgets/framework.dart:4059:18)
#442    ComponentElement.performRebuild (package:flutter/src/widgets/framework.dart:5844:16)
#443    StatefulElement.performRebuild (package:flutter/src/widgets/framework.dart:5985:11)
#444    Element.rebuild (package:flutter/src/widgets/framework.dart:5532:7)
#445    ComponentElement._firstBuild (package:flutter/src/widgets/framework.dart:5802:5)
#446    StatefulElement._firstBuild (package:flutter/src/widgets/framework.dart:5976:11)
#447    ComponentElement.mount (package:flutter/src/widgets/framework.dart:5796:5)
#448    Element.inflateWidget (package:flutter/src/widgets/framework.dart:4590:20)
#449    MultiChildRenderObjectElement.inflateWidget
(package:flutter/src/widgets/framework.dart:7269:36)
#450    MultiChildRenderObjectElement.mount (package:flutter/src/widgets/framework.dart:7285:32)
#451    Element.inflateWidget (package:flutter/src/widgets/framework.dart:4590:20)
#452    Element.updateChild (package:flutter/src/widgets/framework.dart:4059:18)
#453    ComponentElement.performRebuild (package:flutter/src/widgets/framework.dart:5844:16)
#454    StatefulElement.performRebuild (package:flutter/src/widgets/framework.dart:5985:11)
#455    Element.rebuild (package:flutter/src/widgets/framework.dart:5532:7)
#456    ComponentElement._firstBuild (package:flutter/src/widgets/framework.dart:5802:5)
#457    StatefulElement._firstBuild (package:flutter/src/widgets/framework.dart:5976:11)
#458    ComponentElement.mount (package:flutter/src/widgets/framework.dart:5796:5)
#459    Element.inflateWidget (package:flutter/src/widgets/framework.dart:4590:20)
#460    Element.updateChild (package:flutter/src/widgets/framework.dart:4059:18)
#461    ComponentElement.performRebuild (package:flutter/src/widgets/framework.dart:5844:16)
#462    Element.rebuild (package:flutter/src/widgets/framework.dart:5532:7)
#463    ComponentElement._firstBuild (package:flutter/src/widgets/framework.dart:5802:5)
#464    ComponentElement.mount (package:flutter/src/widgets/framework.dart:5796:5)
#465    Element.inflateWidget (package:flutter/src/widgets/framework.dart:4590:20)
#466    Element.updateChild (package:flutter/src/widgets/framework.dart:4059:18)
#467    ComponentElement.performRebuild (package:flutter/src/widgets/framework.dart:5844:16)
#468    Element.rebuild (package:flutter/src/widgets/framework.dart:5532:7)
#469    ComponentElement._firstBuild (package:flutter/src/widgets/framework.dart:5802:5)
#470    ComponentElement.mount (package:flutter/src/widgets/framework.dart:5796:5)
#471    Element.inflateWidget (package:flutter/src/widgets/framework.dart:4590:20)
#472    Element.updateChild (package:flutter/src/widgets/framework.dart:4059:18)
#473    ComponentElement.performRebuild (package:flutter/src/widgets/framework.dart:5844:16)
#474    StatefulElement.performRebuild (package:flutter/src/widgets/framework.dart:5985:11)
#475    Element.rebuild (package:flutter/src/widgets/framework.dart:5532:7)
#476    ComponentElement._firstBuild (package:flutter/src/widgets/framework.dart:5802:5)
#477    StatefulElement._firstBuild (package:flutter/src/widgets/framework.dart:5976:11)
#478    ComponentElement.mount (package:flutter/src/widgets/framework.dart:5796:5)
#479    Element.inflateWidget (package:flutter/src/widgets/framework.dart:4590:20)
#480    Element.updateChild (package:flutter/src/widgets/framework.dart:4059:18)
#481    ComponentElement.performRebuild (package:flutter/src/widgets/framework.dart:5844:16)
#482    Element.rebuild (package:flutter/src/widgets/framework.dart:5532:7)
#483    ComponentElement._firstBuild (package:flutter/src/widgets/framework.dart:5802:5)
#484    ComponentElement.mount (package:flutter/src/widgets/framework.dart:5796:5)
#485    Element.inflateWidget (package:flutter/src/widgets/framework.dart:4590:20)
#486    Element.updateChild (package:flutter/src/widgets/framework.dart:4059:18)
#487    ComponentElement.performRebuild (package:flutter/src/widgets/framework.dart:5844:16)
#488    StatefulElement.performRebuild (package:flutter/src/widgets/framework.dart:5985:11)
#489    Element.rebuild (package:flutter/src/widgets/framework.dart:5532:7)
#490    ComponentElement._firstBuild (package:flutter/src/widgets/framework.dart:5802:5)
#491    StatefulElement._firstBuild (package:flutter/src/widgets/framework.dart:5976:11)
#492    ComponentElement.mount (package:flutter/src/widgets/framework.dart:5796:5)
#493    Element.inflateWidget (package:flutter/src/widgets/framework.dart:4590:20)
#494    Element.updateChild (package:flutter/src/widgets/framework.dart:4059:18)
#495    ComponentElement.performRebuild (package:flutter/src/widgets/framework.dart:5844:16)
#496    StatefulElement.performRebuild (package:flutter/src/widgets/framework.dart:5985:11)
#497    Element.rebuild (package:flutter/src/widgets/framework.dart:5532:7)
#498    ComponentElement._firstBuild (package:flutter/src/widgets/framework.dart:5802:5)
#499    StatefulElement._firstBuild (package:flutter/src/widgets/framework.dart:5976:11)
#500    ComponentElement.mount (package:flutter/src/widgets/framework.dart:5796:5)
#501    Element.inflateWidget (package:flutter/src/widgets/framework.dart:4590:20)
#502    Element.updateChild (package:flutter/src/widgets/framework.dart:4059:18)
#503    SingleChildRenderObjectElement.mount (package:flutter/src/widgets/framework.dart:7118:14)
#504    Element.inflateWidget (package:flutter/src/widgets/framework.dart:4590:20)
#505    Element.updateChild (package:flutter/src/widgets/framework.dart:4059:18)
#506    SingleChildRenderObjectElement.mount (package:flutter/src/widgets/framework.dart:7118:14)
#507    Element.inflateWidget (package:flutter/src/widgets/framework.dart:4590:20)
#508    Element.updateChild (package:flutter/src/widgets/framework.dart:4059:18)
#509    ComponentElement.performRebuild (package:flutter/src/widgets/framework.dart:5844:16)
#510    Element.rebuild (package:flutter/src/widgets/framework.dart:5532:7)
#511    ComponentElement._firstBuild (package:flutter/src/widgets/framework.dart:5802:5)
#512    ComponentElement.mount (package:flutter/src/widgets/framework.dart:5796:5)
#513    Element.inflateWidget (package:flutter/src/widgets/framework.dart:4590:20)
#514    Element.updateChild (package:flutter/src/widgets/framework.dart:4059:18)
#515    ComponentElement.performRebuild (package:flutter/src/widgets/framework.dart:5844:16)
#516    Element.rebuild (package:flutter/src/widgets/framework.dart:5532:7)
#517    ComponentElement._firstBuild (package:flutter/src/widgets/framework.dart:5802:5)
#518    ComponentElement.mount (package:flutter/src/widgets/framework.dart:5796:5)
#519    Element.inflateWidget (package:flutter/src/widgets/framework.dart:4590:20)
#520    Element.updateChild (package:flutter/src/widgets/framework.dart:4059:18)
#521    ComponentElement.performRebuild (package:flutter/src/widgets/framework.dart:5844:16)
#522    StatefulElement.performRebuild (package:flutter/src/widgets/framework.dart:5985:11)
#523    Element.rebuild (package:flutter/src/widgets/framework.dart:5532:7)
#524    ComponentElement._firstBuild (package:flutter/src/widgets/framework.dart:5802:5)
#525    StatefulElement._firstBuild (package:flutter/src/widgets/framework.dart:5976:11)
#526    ComponentElement.mount (package:flutter/src/widgets/framework.dart:5796:5)
#527    Element.inflateWidget (package:flutter/src/widgets/framework.dart:4590:20)
#528    Element.updateChild (package:flutter/src/widgets/framework.dart:4059:18)
#529    ComponentElement.performRebuild (package:flutter/src/widgets/framework.dart:5844:16)
#530    Element.rebuild (package:flutter/src/widgets/framework.dart:5532:7)
#531    ComponentElement._firstBuild (package:flutter/src/widgets/framework.dart:5802:5)
#532    ComponentElement.mount (package:flutter/src/widgets/framework.dart:5796:5)
#533    Element.inflateWidget (package:flutter/src/widgets/framework.dart:4590:20)
#534    Element.updateChild (package:flutter/src/widgets/framework.dart:4059:18)
#535    SingleChildRenderObjectElement.mount (package:flutter/src/widgets/framework.dart:7118:14)
#536    Element.inflateWidget (package:flutter/src/widgets/framework.dart:4590:20)
#537    Element.updateChild (package:flutter/src/widgets/framework.dart:4059:18)
#538    ComponentElement.performRebuild (package:flutter/src/widgets/framework.dart:5844:16)
#539    StatefulElement.performRebuild (package:flutter/src/widgets/framework.dart:5985:11)
#540    Element.rebuild (package:flutter/src/widgets/framework.dart:5532:7)
#541    ComponentElement._firstBuild (package:flutter/src/widgets/framework.dart:5802:5)
#542    StatefulElement._firstBuild (package:flutter/src/widgets/framework.dart:5976:11)
#543    ComponentElement.mount (package:flutter/src/widgets/framework.dart:5796:5)
#544    Element.inflateWidget (package:flutter/src/widgets/framework.dart:4590:20)
#545    Element.updateChild (package:flutter/src/widgets/framework.dart:4059:18)
#546    ComponentElement.performRebuild (package:flutter/src/widgets/framework.dart:5844:16)
#547    Element.rebuild (package:flutter/src/widgets/framework.dart:5532:7)
#548    ComponentElement._firstBuild (package:flutter/src/widgets/framework.dart:5802:5)
#549    ComponentElement.mount (package:flutter/src/widgets/framework.dart:5796:5)
#550    Element.inflateWidget (package:flutter/src/widgets/framework.dart:4590:20)
#551    Element.updateChild (package:flutter/src/widgets/framework.dart:4059:18)
#552    ComponentElement.performRebuild (package:flutter/src/widgets/framework.dart:5844:16)
#553    Element.rebuild (package:flutter/src/widgets/framework.dart:5532:7)
#554    ComponentElement._firstBuild (package:flutter/src/widgets/framework.dart:5802:5)
#555    ComponentElement.mount (package:flutter/src/widgets/framework.dart:5796:5)
#556    Element.inflateWidget (package:flutter/src/widgets/framework.dart:4590:20)
#557    Element.updateChild (package:flutter/src/widgets/framework.dart:4059:18)
#558    ComponentElement.performRebuild (package:flutter/src/widgets/framework.dart:5844:16)
#559    StatefulElement.performRebuild (package:flutter/src/widgets/framework.dart:5985:11)
#560    Element.rebuild (package:flutter/src/widgets/framework.dart:5532:7)
#561    ComponentElement._firstBuild (package:flutter/src/widgets/framework.dart:5802:5)
#562    StatefulElement._firstBuild (package:flutter/src/widgets/framework.dart:5976:11)
#563    ComponentElement.mount (package:flutter/src/widgets/framework.dart:5796:5)
#564    Element.inflateWidget (package:flutter/src/widgets/framework.dart:4590:20)
#565    Element.updateChild (package:flutter/src/widgets/framework.dart:4059:18)
#566    ComponentElement.performRebuild (package:flutter/src/widgets/framework.dart:5844:16)
#567    Element.rebuild (package:flutter/src/widgets/framework.dart:5532:7)
#568    ComponentElement._firstBuild (package:flutter/src/widgets/framework.dart:5802:5)
#569    ComponentElement.mount (package:flutter/src/widgets/framework.dart:5796:5)
#570    Element.inflateWidget (package:flutter/src/widgets/framework.dart:4590:20)
#571    Element.updateChild (package:flutter/src/widgets/framework.dart:4059:18)
#572    ComponentElement.performRebuild (package:flutter/src/widgets/framework.dart:5844:16)
#573    Element.rebuild (package:flutter/src/widgets/framework.dart:5532:7)
#574    ComponentElement._firstBuild (package:flutter/src/widgets/framework.dart:5802:5)
#575    ComponentElement.mount (package:flutter/src/widgets/framework.dart:5796:5)
#576    Element.inflateWidget (package:flutter/src/widgets/framework.dart:4590:20)
#577    Element.updateChild (package:flutter/src/widgets/framework.dart:4059:18)
#578    ComponentElement.performRebuild (package:flutter/src/widgets/framework.dart:5844:16)
#579    Element.rebuild (package:flutter/src/widgets/framework.dart:5532:7)
#580    ComponentElement._firstBuild (package:flutter/src/widgets/framework.dart:5802:5)
#581    ComponentElement.mount (package:flutter/src/widgets/framework.dart:5796:5)
#582    Element.inflateWidget (package:flutter/src/widgets/framework.dart:4590:20)
#583    Element.updateChild (package:flutter/src/widgets/framework.dart:4059:18)
#584    ComponentElement.performRebuild (package:flutter/src/widgets/framework.dart:5844:16)
#585    Element.rebuild (package:flutter/src/widgets/framework.dart:5532:7)
#586    ComponentElement._firstBuild (package:flutter/src/widgets/framework.dart:5802:5)
#587    ComponentElement.mount (package:flutter/src/widgets/framework.dart:5796:5)
#588    Element.inflateWidget (package:flutter/src/widgets/framework.dart:4590:20)
#589    Element.updateChild (package:flutter/src/widgets/framework.dart:4059:18)
#590    ComponentElement.performRebuild (package:flutter/src/widgets/framework.dart:5844:16)
#591    Element.rebuild (package:flutter/src/widgets/framework.dart:5532:7)
#592    ComponentElement._firstBuild (package:flutter/src/widgets/framework.dart:5802:5)
#593    ComponentElement.mount (package:flutter/src/widgets/framework.dart:5796:5)
#594    Element.inflateWidget (package:flutter/src/widgets/framework.dart:4590:20)
#595    Element.updateChild (package:flutter/src/widgets/framework.dart:4059:18)
#596    ComponentElement.performRebuild (package:flutter/src/widgets/framework.dart:5844:16)
#597    Element.rebuild (package:flutter/src/widgets/framework.dart:5532:7)
#598    ComponentElement._firstBuild (package:flutter/src/widgets/framework.dart:5802:5)
#599    ComponentElement.mount (package:flutter/src/widgets/framework.dart:5796:5)
#600    Element.inflateWidget (package:flutter/src/widgets/framework.dart:4590:20)
#601    Element.updateChild (package:flutter/src/widgets/framework.dart:4059:18)
#602    ComponentElement.performRebuild (package:flutter/src/widgets/framework.dart:5844:16)
#603    Element.rebuild (package:flutter/src/widgets/framework.dart:5532:7)
#604    ComponentElement._firstBuild (package:flutter/src/widgets/framework.dart:5802:5)
#605    ComponentElement.mount (package:flutter/src/widgets/framework.dart:5796:5)
#606    Element.inflateWidget (package:flutter/src/widgets/framework.dart:4590:20)
#607    Element.updateChild (package:flutter/src/widgets/framework.dart:4059:18)
#608    ComponentElement.performRebuild (package:flutter/src/widgets/framework.dart:5844:16)
#609    StatefulElement.performRebuild (package:flutter/src/widgets/framework.dart:5985:11)
#610    Element.rebuild (package:flutter/src/widgets/framework.dart:5532:7)
#611    ComponentElement._firstBuild (package:flutter/src/widgets/framework.dart:5802:5)
#612    StatefulElement._firstBuild (package:flutter/src/widgets/framework.dart:5976:11)
#613    ComponentElement.mount (package:flutter/src/widgets/framework.dart:5796:5)
#614    Element.inflateWidget (package:flutter/src/widgets/framework.dart:4590:20)
#615    Element.updateChild (package:flutter/src/widgets/framework.dart:4059:18)
#616    ComponentElement.performRebuild (package:flutter/src/widgets/framework.dart:5844:16)
#617    Element.rebuild (package:flutter/src/widgets/framework.dart:5532:7)
#618    ComponentElement._firstBuild (package:flutter/src/widgets/framework.dart:5802:5)
#619    ComponentElement.mount (package:flutter/src/widgets/framework.dart:5796:5)
#620    Element.inflateWidget (package:flutter/src/widgets/framework.dart:4590:20)
#621    Element.updateChild (package:flutter/src/widgets/framework.dart:4059:18)
#622    ComponentElement.performRebuild (package:flutter/src/widgets/framework.dart:5844:16)
#623    Element.rebuild (package:flutter/src/widgets/framework.dart:5532:7)
#624    ComponentElement._firstBuild (package:flutter/src/widgets/framework.dart:5802:5)
#625    ComponentElement.mount (package:flutter/src/widgets/framework.dart:5796:5)
#626    Element.inflateWidget (package:flutter/src/widgets/framework.dart:4590:20)
#627    Element.updateChild (package:flutter/src/widgets/framework.dart:4059:18)
#628    ComponentElement.performRebuild (package:flutter/src/widgets/framework.dart:5844:16)
#629    StatefulElement.performRebuild (package:flutter/src/widgets/framework.dart:5985:11)
#630    Element.rebuild (package:flutter/src/widgets/framework.dart:5532:7)
#631    ComponentElement._firstBuild (package:flutter/src/widgets/framework.dart:5802:5)
#632    StatefulElement._firstBuild (package:flutter/src/widgets/framework.dart:5976:11)
#633    ComponentElement.mount (package:flutter/src/widgets/framework.dart:5796:5)
#634    Element.inflateWidget (package:flutter/src/widgets/framework.dart:4590:20)
#635    Element.updateChild (package:flutter/src/widgets/framework.dart:4059:18)
#636    SingleChildRenderObjectElement.mount (package:flutter/src/widgets/framework.dart:7118:14)
#637    Element.inflateWidget (package:flutter/src/widgets/framework.dart:4590:20)
#638    Element.updateChild (package:flutter/src/widgets/framework.dart:4059:18)
#639    ComponentElement.performRebuild (package:flutter/src/widgets/framework.dart:5844:16)
#640    StatefulElement.performRebuild (package:flutter/src/widgets/framework.dart:5985:11)
#641    Element.rebuild (package:flutter/src/widgets/framework.dart:5532:7)
#642    ComponentElement._firstBuild (package:flutter/src/widgets/framework.dart:5802:5)
#643    StatefulElement._firstBuild (package:flutter/src/widgets/framework.dart:5976:11)
#644    ComponentElement.mount (package:flutter/src/widgets/framework.dart:5796:5)
#645    Element.inflateWidget (package:flutter/src/widgets/framework.dart:4590:20)
#646    Element.updateChild (package:flutter/src/widgets/framework.dart:4059:18)
#647    ComponentElement.performRebuild (package:flutter/src/widgets/framework.dart:5844:16)
#648    Element.rebuild (package:flutter/src/widgets/framework.dart:5532:7)
#649    ComponentElement._firstBuild (package:flutter/src/widgets/framework.dart:5802:5)
#650    ComponentElement.mount (package:flutter/src/widgets/framework.dart:5796:5)
#651    Element.inflateWidget (package:flutter/src/widgets/framework.dart:4590:20)
#652    Element.updateChild (package:flutter/src/widgets/framework.dart:4059:18)
#653    ComponentElement.performRebuild (package:flutter/src/widgets/framework.dart:5844:16)
#654    Element.rebuild (package:flutter/src/widgets/framework.dart:5532:7)
#655    ComponentElement._firstBuild (package:flutter/src/widgets/framework.dart:5802:5)
#656    ComponentElement.mount (package:flutter/src/widgets/framework.dart:5796:5)
#657    Element.inflateWidget (package:flutter/src/widgets/framework.dart:4590:20)
#658    Element.updateChild (package:flutter/src/widgets/framework.dart:4059:18)
#659    ComponentElement.performRebuild (package:flutter/src/widgets/framework.dart:5844:16)
#660    Element.rebuild (package:flutter/src/widgets/framework.dart:5532:7)
#661    ComponentElement._firstBuild (package:flutter/src/widgets/framework.dart:5802:5)
#662    ComponentElement.mount (package:flutter/src/widgets/framework.dart:5796:5)
#663    Element.inflateWidget (package:flutter/src/widgets/framework.dart:4590:20)
#664    Element.updateChild (package:flutter/src/widgets/framework.dart:4059:18)
#665    ComponentElement.performRebuild (package:flutter/src/widgets/framework.dart:5844:16)
#666    Element.rebuild (package:flutter/src/widgets/framework.dart:5532:7)
#667    ComponentElement._firstBuild (package:flutter/src/widgets/framework.dart:5802:5)
#668    ComponentElement.mount (package:flutter/src/widgets/framework.dart:5796:5)
#669    Element.inflateWidget (package:flutter/src/widgets/framework.dart:4590:20)
#670    Element.updateChild (package:flutter/src/widgets/framework.dart:4059:18)
#671    SingleChildRenderObjectElement.mount (package:flutter/src/widgets/framework.dart:7118:14)
#672    Element.inflateWidget (package:flutter/src/widgets/framework.dart:4590:20)
#673    Element.updateChild (package:flutter/src/widgets/framework.dart:4059:18)
#674    ComponentElement.performRebuild (package:flutter/src/widgets/framework.dart:5844:16)
#675    StatefulElement.performRebuild (package:flutter/src/widgets/framework.dart:5985:11)
#676    Element.rebuild (package:flutter/src/widgets/framework.dart:5532:7)
#677    ComponentElement._firstBuild (package:flutter/src/widgets/framework.dart:5802:5)
#678    StatefulElement._firstBuild (package:flutter/src/widgets/framework.dart:5976:11)
#679    ComponentElement.mount (package:flutter/src/widgets/framework.dart:5796:5)
#680    Element.inflateWidget (package:flutter/src/widgets/framework.dart:4590:20)
#681    Element.updateChild (package:flutter/src/widgets/framework.dart:4059:18)
#682    ComponentElement.performRebuild (package:flutter/src/widgets/framework.dart:5844:16)
#683    StatefulElement.performRebuild (package:flutter/src/widgets/framework.dart:5985:11)
#684    Element.rebuild (package:flutter/src/widgets/framework.dart:5532:7)
#685    ComponentElement._firstBuild (package:flutter/src/widgets/framework.dart:5802:5)
#686    StatefulElement._firstBuild (package:flutter/src/widgets/framework.dart:5976:11)
#687    ComponentElement.mount (package:flutter/src/widgets/framework.dart:5796:5)
#688    Element.inflateWidget (package:flutter/src/widgets/framework.dart:4590:20)
#689    Element.updateChild (package:flutter/src/widgets/framework.dart:4059:18)
#690    SingleChildRenderObjectElement.mount (package:flutter/src/widgets/framework.dart:7118:14)
#691    Element.inflateWidget (package:flutter/src/widgets/framework.dart:4590:20)
#692    Element.updateChild (package:flutter/src/widgets/framework.dart:4059:18)
#693    ComponentElement.performRebuild (package:flutter/src/widgets/framework.dart:5844:16)
#694    Element.rebuild (package:flutter/src/widgets/framework.dart:5532:7)
#695    ComponentElement._firstBuild (package:flutter/src/widgets/framework.dart:5802:5)
#696    ComponentElement.mount (package:flutter/src/widgets/framework.dart:5796:5)
#697    Element.inflateWidget (package:flutter/src/widgets/framework.dart:4590:20)
#698    Element.updateChild (package:flutter/src/widgets/framework.dart:4059:18)
#699    ComponentElement.performRebuild (package:flutter/src/widgets/framework.dart:5844:16)
#700    StatefulElement.performRebuild (package:flutter/src/widgets/framework.dart:5985:11)
#701    Element.rebuild (package:flutter/src/widgets/framework.dart:5532:7)
#702    ComponentElement._firstBuild (package:flutter/src/widgets/framework.dart:5802:5)
#703    StatefulElement._firstBuild (package:flutter/src/widgets/framework.dart:5976:11)
#704    ComponentElement.mount (package:flutter/src/widgets/framework.dart:5796:5)
#705    Element.inflateWidget (package:flutter/src/widgets/framework.dart:4590:20)
#706    Element.updateChild (package:flutter/src/widgets/framework.dart:4059:18)
#707    ComponentElement.performRebuild (package:flutter/src/widgets/framework.dart:5844:16)
#708    StatefulElement.performRebuild (package:flutter/src/widgets/framework.dart:5985:11)
#709    Element.rebuild (package:flutter/src/widgets/framework.dart:5532:7)
#710    ComponentElement._firstBuild (package:flutter/src/widgets/framework.dart:5802:5)
#711    StatefulElement._firstBuild (package:flutter/src/widgets/framework.dart:5976:11)
#712    ComponentElement.mount (package:flutter/src/widgets/framework.dart:5796:5)
#713    Element.inflateWidget (package:flutter/src/widgets/framework.dart:4590:20)
#714    Element.updateChild (package:flutter/src/widgets/framework.dart:4059:18)
#715    ComponentElement.performRebuild (package:flutter/src/widgets/framework.dart:5844:16)
#716    Element.rebuild (package:flutter/src/widgets/framework.dart:5532:7)
#717    ComponentElement._firstBuild (package:flutter/src/widgets/framework.dart:5802:5)
#718    ComponentElement.mount (package:flutter/src/widgets/framework.dart:5796:5)
#719    Element.inflateWidget (package:flutter/src/widgets/framework.dart:4590:20)
#720    Element.updateChild (package:flutter/src/widgets/framework.dart:4059:18)
#721    ComponentElement.performRebuild (package:flutter/src/widgets/framework.dart:5844:16)
#722    StatefulElement.performRebuild (package:flutter/src/widgets/framework.dart:5985:11)
#723    Element.rebuild (package:flutter/src/widgets/framework.dart:5532:7)
#724    ComponentElement._firstBuild (package:flutter/src/widgets/framework.dart:5802:5)
#725    StatefulElement._firstBuild (package:flutter/src/widgets/framework.dart:5976:11)
#726    ComponentElement.mount (package:flutter/src/widgets/framework.dart:5796:5)
#727    Element.inflateWidget (package:flutter/src/widgets/framework.dart:4590:20)
#728    Element.updateChild (package:flutter/src/widgets/framework.dart:4059:18)
#729    SingleChildRenderObjectElement.mount (package:flutter/src/widgets/framework.dart:7118:14)
#730    Element.inflateWidget (package:flutter/src/widgets/framework.dart:4590:20)
#731    Element.updateChild (package:flutter/src/widgets/framework.dart:4059:18)
#732    ComponentElement.performRebuild (package:flutter/src/widgets/framework.dart:5844:16)
#733    Element.rebuild (package:flutter/src/widgets/framework.dart:5532:7)
#734    ComponentElement._firstBuild (package:flutter/src/widgets/framework.dart:5802:5)
#735    ComponentElement.mount (package:flutter/src/widgets/framework.dart:5796:5)
#736    Element.inflateWidget (package:flutter/src/widgets/framework.dart:4590:20)
#737    Element.updateChild (package:flutter/src/widgets/framework.dart:4059:18)
#738    ComponentElement.performRebuild (package:flutter/src/widgets/framework.dart:5844:16)
#739    StatefulElement.performRebuild (package:flutter/src/widgets/framework.dart:5985:11)
#740    Element.rebuild (package:flutter/src/widgets/framework.dart:5532:7)
#741    ComponentElement._firstBuild (package:flutter/src/widgets/framework.dart:5802:5)
#742    StatefulElement._firstBuild (package:flutter/src/widgets/framework.dart:5976:11)
#743    ComponentElement.mount (package:flutter/src/widgets/framework.dart:5796:5)
#744    Element.inflateWidget (package:flutter/src/widgets/framework.dart:4590:20)
#745    Element.updateChild (package:flutter/src/widgets/framework.dart:4059:18)
#746    ComponentElement.performRebuild (package:flutter/src/widgets/framework.dart:5844:16)
#747    StatefulElement.performRebuild (package:flutter/src/widgets/framework.dart:5985:11)
#748    Element.rebuild (package:flutter/src/widgets/framework.dart:5532:7)
#749    ComponentElement._firstBuild (package:flutter/src/widgets/framework.dart:5802:5)
#750    StatefulElement._firstBuild (package:flutter/src/widgets/framework.dart:5976:11)
#751    ComponentElement.mount (package:flutter/src/widgets/framework.dart:5796:5)
#752    Element.inflateWidget (package:flutter/src/widgets/framework.dart:4590:20)
#753    Element.updateChild (package:flutter/src/widgets/framework.dart:4059:18)
#754    ComponentElement.performRebuild (package:flutter/src/widgets/framework.dart:5844:16)
#755    Element.rebuild (package:flutter/src/widgets/framework.dart:5532:7)
#756    ComponentElement._firstBuild (package:flutter/src/widgets/framework.dart:5802:5)
#757    ComponentElement.mount (package:flutter/src/widgets/framework.dart:5796:5)
#758    Element.inflateWidget (package:flutter/src/widgets/framework.dart:4590:20)
#759    Element.updateChild (package:flutter/src/widgets/framework.dart:4059:18)
#760    ComponentElement.performRebuild (package:flutter/src/widgets/framework.dart:5844:16)
#761    StatefulElement.performRebuild (package:flutter/src/widgets/framework.dart:5985:11)
#762    Element.rebuild (package:flutter/src/widgets/framework.dart:5532:7)
#763    ComponentElement._firstBuild (package:flutter/src/widgets/framework.dart:5802:5)
#764    StatefulElement._firstBuild (package:flutter/src/widgets/framework.dart:5976:11)
#765    ComponentElement.mount (package:flutter/src/widgets/framework.dart:5796:5)
#766    Element.inflateWidget (package:flutter/src/widgets/framework.dart:4590:20)
#767    Element.updateChild (package:flutter/src/widgets/framework.dart:4059:18)
#768    SingleChildRenderObjectElement.mount (package:flutter/src/widgets/framework.dart:7118:14)
#769    Element.inflateWidget (package:flutter/src/widgets/framework.dart:4590:20)
#770    Element.updateChild (package:flutter/src/widgets/framework.dart:4059:18)
#771    ComponentElement.performRebuild (package:flutter/src/widgets/framework.dart:5844:16)
#772    Element.rebuild (package:flutter/src/widgets/framework.dart:5532:7)
#773    ComponentElement._firstBuild (package:flutter/src/widgets/framework.dart:5802:5)
#774    ComponentElement.mount (package:flutter/src/widgets/framework.dart:5796:5)
#775    Element.inflateWidget (package:flutter/src/widgets/framework.dart:4590:20)
#776    Element.updateChild (package:flutter/src/widgets/framework.dart:4059:18)
#777    ComponentElement.performRebuild (package:flutter/src/widgets/framework.dart:5844:16)
#778    StatefulElement.performRebuild (package:flutter/src/widgets/framework.dart:5985:11)
#779    Element.rebuild (package:flutter/src/widgets/framework.dart:5532:7)
#780    ComponentElement._firstBuild (package:flutter/src/widgets/framework.dart:5802:5)
#781    StatefulElement._firstBuild (package:flutter/src/widgets/framework.dart:5976:11)
#782    ComponentElement.mount (package:flutter/src/widgets/framework.dart:5796:5)
#783    Element.inflateWidget (package:flutter/src/widgets/framework.dart:4590:20)
#784    Element.updateChild (package:flutter/src/widgets/framework.dart:4059:18)
#785    ComponentElement.performRebuild (package:flutter/src/widgets/framework.dart:5844:16)
#786    StatefulElement.performRebuild (package:flutter/src/widgets/framework.dart:5985:11)
#787    Element.rebuild (package:flutter/src/widgets/framework.dart:5532:7)
#788    ComponentElement._firstBuild (package:flutter/src/widgets/framework.dart:5802:5)
#789    StatefulElement._firstBuild (package:flutter/src/widgets/framework.dart:5976:11)
#790    ComponentElement.mount (package:flutter/src/widgets/framework.dart:5796:5)
#791    Element.inflateWidget (package:flutter/src/widgets/framework.dart:4590:20)
#792    Element.updateChild (package:flutter/src/widgets/framework.dart:4059:18)
#793    ComponentElement.performRebuild (package:flutter/src/widgets/framework.dart:5844:16)
#794    Element.rebuild (package:flutter/src/widgets/framework.dart:5532:7)
#795    ComponentElement._firstBuild (package:flutter/src/widgets/framework.dart:5802:5)
#796    ComponentElement.mount (package:flutter/src/widgets/framework.dart:5796:5)
#797    Element.inflateWidget (package:flutter/src/widgets/framework.dart:4590:20)
#798    Element.updateChild (package:flutter/src/widgets/framework.dart:4059:18)
#799    SingleChildRenderObjectElement.mount (package:flutter/src/widgets/framework.dart:7118:14)
#800    Element.inflateWidget (package:flutter/src/widgets/framework.dart:4590:20)
#801    Element.updateChild (package:flutter/src/widgets/framework.dart:4059:18)
#802    ComponentElement.performRebuild (package:flutter/src/widgets/framework.dart:5844:16)
#803    Element.rebuild (package:flutter/src/widgets/framework.dart:5532:7)
#804    ComponentElement._firstBuild (package:flutter/src/widgets/framework.dart:5802:5)
#805    ComponentElement.mount (package:flutter/src/widgets/framework.dart:5796:5)
#806    Element.inflateWidget (package:flutter/src/widgets/framework.dart:4590:20)
#807    Element.updateChild (package:flutter/src/widgets/framework.dart:4059:18)
#808    ComponentElement.performRebuild (package:flutter/src/widgets/framework.dart:5844:16)
#809    StatefulElement.performRebuild (package:flutter/src/widgets/framework.dart:5985:11)
#810    Element.rebuild (package:flutter/src/widgets/framework.dart:5532:7)
#811    ComponentElement._firstBuild (package:flutter/src/widgets/framework.dart:5802:5)
#812    StatefulElement._firstBuild (package:flutter/src/widgets/framework.dart:5976:11)
#813    ComponentElement.mount (package:flutter/src/widgets/framework.dart:5796:5)
#814    Element.inflateWidget (package:flutter/src/widgets/framework.dart:4590:20)
#815    Element.updateChild (package:flutter/src/widgets/framework.dart:4059:18)
#816    ComponentElement.performRebuild (package:flutter/src/widgets/framework.dart:5844:16)
#817    StatefulElement.performRebuild (package:flutter/src/widgets/framework.dart:5985:11)
#818    Element.rebuild (package:flutter/src/widgets/framework.dart:5532:7)
#819    ComponentElement._firstBuild (package:flutter/src/widgets/framework.dart:5802:5)
#820    StatefulElement._firstBuild (package:flutter/src/widgets/framework.dart:5976:11)
#821    ComponentElement.mount (package:flutter/src/widgets/framework.dart:5796:5)
#822    Element.inflateWidget (package:flutter/src/widgets/framework.dart:4590:20)
#823    Element.updateChild (package:flutter/src/widgets/framework.dart:4059:18)
#824    ComponentElement.performRebuild (package:flutter/src/widgets/framework.dart:5844:16)
#825    Element.rebuild (package:flutter/src/widgets/framework.dart:5532:7)
#826    ComponentElement._firstBuild (package:flutter/src/widgets/framework.dart:5802:5)
#827    ComponentElement.mount (package:flutter/src/widgets/framework.dart:5796:5)
#828    Element.inflateWidget (package:flutter/src/widgets/framework.dart:4590:20)
#829    Element.updateChild (package:flutter/src/widgets/framework.dart:4059:18)
#830    ComponentElement.performRebuild (package:flutter/src/widgets/framework.dart:5844:16)
#831    Element.rebuild (package:flutter/src/widgets/framework.dart:5532:7)
#832    ComponentElement._firstBuild (package:flutter/src/widgets/framework.dart:5802:5)
#833    ComponentElement.mount (package:flutter/src/widgets/framework.dart:5796:5)
#834    Element.inflateWidget (package:flutter/src/widgets/framework.dart:4590:20)
#835    Element.updateChild (package:flutter/src/widgets/framework.dart:4059:18)
#836    ComponentElement.performRebuild (package:flutter/src/widgets/framework.dart:5844:16)
#837    StatefulElement.performRebuild (package:flutter/src/widgets/framework.dart:5985:11)
#838    Element.rebuild (package:flutter/src/widgets/framework.dart:5532:7)
#839    ComponentElement._firstBuild (package:flutter/src/widgets/framework.dart:5802:5)
#840    StatefulElement._firstBuild (package:flutter/src/widgets/framework.dart:5976:11)
#841    ComponentElement.mount (package:flutter/src/widgets/framework.dart:5796:5)
#842    Element.inflateWidget (package:flutter/src/widgets/framework.dart:4590:20)
#843    Element.updateChild (package:flutter/src/widgets/framework.dart:4059:18)
#844    ComponentElement.performRebuild (package:flutter/src/widgets/framework.dart:5844:16)
#845    Element.rebuild (package:flutter/src/widgets/framework.dart:5532:7)
#846    ComponentElement._firstBuild (package:flutter/src/widgets/framework.dart:5802:5)
#847    ComponentElement.mount (package:flutter/src/widgets/framework.dart:5796:5)
#848    Element.inflateWidget (package:flutter/src/widgets/framework.dart:4590:20)
#849    Element.updateChild (package:flutter/src/widgets/framework.dart:4059:18)
#850    ComponentElement.performRebuild (package:flutter/src/widgets/framework.dart:5844:16)
#851    StatefulElement.performRebuild (package:flutter/src/widgets/framework.dart:5985:11)
#852    Element.rebuild (package:flutter/src/widgets/framework.dart:5532:7)
#853    ComponentElement._firstBuild (package:flutter/src/widgets/framework.dart:5802:5)
#854    StatefulElement._firstBuild (package:flutter/src/widgets/framework.dart:5976:11)
#855    ComponentElement.mount (package:flutter/src/widgets/framework.dart:5796:5)
#856    Element.inflateWidget (package:flutter/src/widgets/framework.dart:4590:20)
#857    Element.updateChild (package:flutter/src/widgets/framework.dart:4059:18)
#858    ComponentElement.performRebuild (package:flutter/src/widgets/framework.dart:5844:16)
#859    Element.rebuild (package:flutter/src/widgets/framework.dart:5532:7)
#860    ComponentElement._firstBuild (package:flutter/src/widgets/framework.dart:5802:5)
#861    ComponentElement.mount (package:flutter/src/widgets/framework.dart:5796:5)
#862    Element.inflateWidget (package:flutter/src/widgets/framework.dart:4590:20)
#863    Element.updateChild (package:flutter/src/widgets/framework.dart:4059:18)
#864    ComponentElement.performRebuild (package:flutter/src/widgets/framework.dart:5844:16)
#865    StatefulElement.performRebuild (package:flutter/src/widgets/framework.dart:5985:11)
#866    Element.rebuild (package:flutter/src/widgets/framework.dart:5532:7)
#867    ComponentElement._firstBuild (package:flutter/src/widgets/framework.dart:5802:5)
#868    StatefulElement._firstBuild (package:flutter/src/widgets/framework.dart:5976:11)
#869    ComponentElement.mount (package:flutter/src/widgets/framework.dart:5796:5)
#870    Element.inflateWidget (package:flutter/src/widgets/framework.dart:4590:20)
#871    Element.updateChild (package:flutter/src/widgets/framework.dart:4059:18)
#872    ComponentElement.performRebuild (package:flutter/src/widgets/framework.dart:5844:16)
#873    StatefulElement.performRebuild (package:flutter/src/widgets/framework.dart:5985:11)
#874    Element.rebuild (package:flutter/src/widgets/framework.dart:5532:7)
#875    ComponentElement._firstBuild (package:flutter/src/widgets/framework.dart:5802:5)
#876    StatefulElement._firstBuild (package:flutter/src/widgets/framework.dart:5976:11)
#877    ComponentElement.mount (package:flutter/src/widgets/framework.dart:5796:5)
#878    Element.inflateWidget (package:flutter/src/widgets/framework.dart:4590:20)
#879    Element.updateChild (package:flutter/src/widgets/framework.dart:4059:18)
#880    SingleChildRenderObjectElement.mount (package:flutter/src/widgets/framework.dart:7118:14)
#881    Element.inflateWidget (package:flutter/src/widgets/framework.dart:4590:20)
#882    Element.updateChild (package:flutter/src/widgets/framework.dart:4059:18)
#883    ComponentElement.performRebuild (package:flutter/src/widgets/framework.dart:5844:16)
#884    Element.rebuild (package:flutter/src/widgets/framework.dart:5532:7)
#885    ComponentElement._firstBuild (package:flutter/src/widgets/framework.dart:5802:5)
#886    ComponentElement.mount (package:flutter/src/widgets/framework.dart:5796:5)
#887    Element.inflateWidget (package:flutter/src/widgets/framework.dart:4590:20)
#888    Element.updateChild (package:flutter/src/widgets/framework.dart:4059:18)
#889    ComponentElement.performRebuild (package:flutter/src/widgets/framework.dart:5844:16)
#890    StatefulElement.performRebuild (package:flutter/src/widgets/framework.dart:5985:11)
#891    Element.rebuild (package:flutter/src/widgets/framework.dart:5532:7)
#892    ComponentElement._firstBuild (package:flutter/src/widgets/framework.dart:5802:5)
#893    StatefulElement._firstBuild (package:flutter/src/widgets/framework.dart:5976:11)
#894    ComponentElement.mount (package:flutter/src/widgets/framework.dart:5796:5)
#895    Element.inflateWidget (package:flutter/src/widgets/framework.dart:4590:20)
#896    Element.updateChild (package:flutter/src/widgets/framework.dart:4059:18)
#897    ComponentElement.performRebuild (package:flutter/src/widgets/framework.dart:5844:16)
#898    Element.rebuild (package:flutter/src/widgets/framework.dart:5532:7)
#899    ComponentElement._firstBuild (package:flutter/src/widgets/framework.dart:5802:5)
#900    ComponentElement.mount (package:flutter/src/widgets/framework.dart:5796:5)
#901    Element.inflateWidget (package:flutter/src/widgets/framework.dart:4590:20)
#902    Element.updateChild (package:flutter/src/widgets/framework.dart:4059:18)
#903    ComponentElement.performRebuild (package:flutter/src/widgets/framework.dart:5844:16)
#904    Element.rebuild (package:flutter/src/widgets/framework.dart:5532:7)
#905    ComponentElement._firstBuild (package:flutter/src/widgets/framework.dart:5802:5)
#906    ComponentElement.mount (package:flutter/src/widgets/framework.dart:5796:5)
#907    Element.inflateWidget (package:flutter/src/widgets/framework.dart:4590:20)
#908    Element.updateChild (package:flutter/src/widgets/framework.dart:4059:18)
#909    ComponentElement.performRebuild (package:flutter/src/widgets/framework.dart:5844:16)
#910    StatefulElement.performRebuild (package:flutter/src/widgets/framework.dart:5985:11)
#911    Element.rebuild (package:flutter/src/widgets/framework.dart:5532:7)
#912    ComponentElement._firstBuild (package:flutter/src/widgets/framework.dart:5802:5)
#913    StatefulElement._firstBuild (package:flutter/src/widgets/framework.dart:5976:11)
#914    ComponentElement.mount (package:flutter/src/widgets/framework.dart:5796:5)
#915    Element.inflateWidget (package:flutter/src/widgets/framework.dart:4590:20)
#916    Element.updateChild (package:flutter/src/widgets/framework.dart:4053:20)
#917    ComponentElement.performRebuild (package:flutter/src/widgets/framework.dart:5844:16)
#918    Element.rebuild (package:flutter/src/widgets/framework.dart:5532:7)
#919    ProxyElement.update (package:flutter/src/widgets/framework.dart:6152:5)
#920    _InheritedNotifierElement.update
(package:flutter/src/widgets/inherited_notifier.dart:108:11)
#921    Element.updateChild (package:flutter/src/widgets/framework.dart:4037:15)
#922    ComponentElement.performRebuild (package:flutter/src/widgets/framework.dart:5844:16)
#923    StatefulElement.performRebuild (package:flutter/src/widgets/framework.dart:5985:11)
#924    Element.rebuild (package:flutter/src/widgets/framework.dart:5532:7)
#925    StatefulElement.update (package:flutter/src/widgets/framework.dart:6010:5)
#926    Element.updateChild (package:flutter/src/widgets/framework.dart:4037:15)
#927    ComponentElement.performRebuild (package:flutter/src/widgets/framework.dart:5844:16)
#928    Element.rebuild (package:flutter/src/widgets/framework.dart:5532:7)
#929    ProxyElement.update (package:flutter/src/widgets/framework.dart:6152:5)
#930    _InheritedNotifierElement.update
(package:flutter/src/widgets/inherited_notifier.dart:108:11)
#931    Element.updateChild (package:flutter/src/widgets/framework.dart:4037:15)
#932    ComponentElement.performRebuild (package:flutter/src/widgets/framework.dart:5844:16)
#933    StatefulElement.performRebuild (package:flutter/src/widgets/framework.dart:5985:11)
#934    Element.rebuild (package:flutter/src/widgets/framework.dart:5532:7)
#935    StatefulElement.update (package:flutter/src/widgets/framework.dart:6010:5)
#936    Element.updateChild (package:flutter/src/widgets/framework.dart:4037:15)
#937    ComponentElement.performRebuild (package:flutter/src/widgets/framework.dart:5844:16)
#938    StatefulElement.performRebuild (package:flutter/src/widgets/framework.dart:5985:11)
#939    Element.rebuild (package:flutter/src/widgets/framework.dart:5532:7)
#940    StatefulElement.update (package:flutter/src/widgets/framework.dart:6010:5)
#941    Element.updateChild (package:flutter/src/widgets/framework.dart:4037:15)
#942    ComponentElement.performRebuild (package:flutter/src/widgets/framework.dart:5844:16)
#943    Element.rebuild (package:flutter/src/widgets/framework.dart:5532:7)
#944    ProxyElement.update (package:flutter/src/widgets/framework.dart:6152:5)
#945    Element.updateChild (package:flutter/src/widgets/framework.dart:4037:15)
#946    ComponentElement.performRebuild (package:flutter/src/widgets/framework.dart:5844:16)
#947    StatefulElement.performRebuild (package:flutter/src/widgets/framework.dart:5985:11)
#948    Element.rebuild (package:flutter/src/widgets/framework.dart:5532:7)
#949    StatefulElement.update (package:flutter/src/widgets/framework.dart:6010:5)
#950    Element.updateChild (package:flutter/src/widgets/framework.dart:4037:15)
#951    ComponentElement.performRebuild (package:flutter/src/widgets/framework.dart:5844:16)
#952    Element.rebuild (package:flutter/src/widgets/framework.dart:5532:7)
#953    ProxyElement.update (package:flutter/src/widgets/framework.dart:6152:5)
#954    Element.updateChild (package:flutter/src/widgets/framework.dart:4037:15)
#955    ComponentElement.performRebuild (package:flutter/src/widgets/framework.dart:5844:16)
#956    Element.rebuild (package:flutter/src/widgets/framework.dart:5532:7)
#957    ProxyElement.update (package:flutter/src/widgets/framework.dart:6152:5)
#958    Element.updateChild (package:flutter/src/widgets/framework.dart:4037:15)
#959    _RawViewElement._updateChild (package:flutter/src/widgets/view.dart:481:16)
#960    _RawViewElement.update (package:flutter/src/widgets/view.dart:568:5)
#961    Element.updateChild (package:flutter/src/widgets/framework.dart:4037:15)
#962    ComponentElement.performRebuild (package:flutter/src/widgets/framework.dart:5844:16)
#963    Element.rebuild (package:flutter/src/widgets/framework.dart:5532:7)
#964    StatelessElement.update (package:flutter/src/widgets/framework.dart:5898:5)
#965    Element.updateChild (package:flutter/src/widgets/framework.dart:4037:15)
#966    ComponentElement.performRebuild (package:flutter/src/widgets/framework.dart:5844:16)
#967    StatefulElement.performRebuild (package:flutter/src/widgets/framework.dart:5985:11)
#968    Element.rebuild (package:flutter/src/widgets/framework.dart:5532:7)
#969    StatefulElement.update (package:flutter/src/widgets/framework.dart:6010:5)
#970    Element.updateChild (package:flutter/src/widgets/framework.dart:4037:15)
#971    RootElement._rebuild (package:flutter/src/widgets/binding.dart:1782:16)
#972    RootElement.update (package:flutter/src/widgets/binding.dart:1760:5)
#973    RootElement.performRebuild (package:flutter/src/widgets/binding.dart:1774:7)
#974    Element.rebuild (package:flutter/src/widgets/framework.dart:5532:7)
#975    BuildScope._tryRebuild (package:flutter/src/widgets/framework.dart:2750:15)
#976    BuildScope._flushDirtyElements (package:flutter/src/widgets/framework.dart:2807:11)
#977    BuildOwner.buildScope (package:flutter/src/widgets/framework.dart:3111:18)
#978    AutomatedTestWidgetsFlutterBinding.drawFrame (package:flutter_test/src/binding.dart:1506:19)
#979    RendererBinding._handlePersistentFrameCallback
(package:flutter/src/rendering/binding.dart:495:5)
#980    SchedulerBinding._invokeFrameCallback (package:flutter/src/scheduler/binding.dart:1434:15)
#981    SchedulerBinding.handleDrawFrame (package:flutter/src/scheduler/binding.dart:1347:9)
#982    AutomatedTestWidgetsFlutterBinding.pump.<anonymous closure>
(package:flutter_test/src/binding.dart:1335:9)
#983    _rootRun (dart:async/zone.dart:1525:13)
#984    _CustomZone.run (dart:async/zone.dart:1422:19)
#985    TestAsyncUtils.guard (package:flutter_test/src/test_async_utils.dart:74:41)
#986    AutomatedTestWidgetsFlutterBinding.pump (package:flutter_test/src/binding.dart:1324:27)
#987    WidgetTester.pumpWidget.<anonymous closure>
(package:flutter_test/src/widget_tester.dart:598:22)
#988    _rootRun (dart:async/zone.dart:1525:13)
#989    _CustomZone.run (dart:async/zone.dart:1422:19)
#990    TestAsyncUtils.guard (package:flutter_test/src/test_async_utils.dart:74:41)
#991    WidgetTester.pumpWidget (package:flutter_test/src/widget_tester.dart:595:27)
#992    main.<anonymous closure>
(file:///C:/Users/Tayyub/StudioProjects/qudwa/test/widgets/ayah_card_test.dart:50:18)
#993    testWidgets.<anonymous closure>.<anonymous closure>
(package:flutter_test/src/widget_tester.dart:192:29)
<asynchronous suspension>
#994    TestWidgetsFlutterBinding._runTestBody (package:flutter_test/src/binding.dart:1059:5)
<asynchronous suspension>
#995    StackZoneSpecification._registerCallback.<anonymous closure>
(package:stack_trace/src/stack_zone_specification.dart:114:42)
<asynchronous suspension>

When the exception was thrown, this was the stack:
#0      throwProviderException (package:riverpod/src/common/stack_trace.dart:10:3)
#1      $ResultError.valueOrProviderException (package:riverpod/src/common/result.dart:108:7)
#2      ProviderContainer.read (package:riverpod/src/core/provider_container.dart:914:29)
#3      Ref.read (package:riverpod/src/core/ref.dart:524:30)
#4      AudioControlNotifier.build (package:qudwa/viewmodels/audio_viewmodel.dart:98:30)
#5      Notifier.runBuild (package:riverpod/src/providers/notifier/orphan.dart:70:21)
#6      $ClassProviderElement.create (package:riverpod/src/core/provider/notifier_provider.dart:561:26)
#7      ProviderElement.buildState (package:riverpod/src/core/element.dart:665:28)
#8      ProviderElement.mount (package:riverpod/src/core/element.dart:517:7)
#9      ProviderElement.flush (package:riverpod/src/core/element.dart:620:7)
#10     $ProviderBaseImpl._addListener (package:riverpod/src/core/provider/provider.dart:117:24)
#11     _ProviderSelector._addListener (package:riverpod/src/core/modifiers/select.dart:137:26)
#12     ProviderContainer.listen (package:riverpod/src/core/provider_container.dart:954:26)
#13     ConsumerStatefulElement.watch.<anonymous closure> (package:flutter_riverpod/src/core/consumer.dart:451:37)
#14     _LinkedHashMapMixin.putIfAbsent (dart:_compact_hash:675:23)
#15     ConsumerStatefulElement.watch (package:flutter_riverpod/src/core/consumer.dart:444:14)
#16     _AyahRowState.build (package:qudwa/features/quran/widgets/ayah_card.dart:109:36)
#17     StatefulElement.build (package:flutter/src/widgets/framework.dart:5934:27)
#18     ConsumerStatefulElement.build (package:flutter_riverpod/src/core/consumer.dart:421:20)
#19     ComponentElement.performRebuild (package:flutter/src/widgets/framework.dart:5820:15)
#20     StatefulElement.performRebuild (package:flutter/src/widgets/framework.dart:5985:11)
#21     Element.rebuild (package:flutter/src/widgets/framework.dart:5532:7)
#22     ComponentElement._firstBuild (package:flutter/src/widgets/framework.dart:5802:5)
#23     StatefulElement._firstBuild (package:flutter/src/widgets/framework.dart:5976:11)
#24     ComponentElement.mount (package:flutter/src/widgets/framework.dart:5796:5)
...     Normal element mounting (47 frames)
#71     Element.inflateWidget (package:flutter/src/widgets/framework.dart:4590:20)
#72     MultiChildRenderObjectElement.inflateWidget (package:flutter/src/widgets/framework.dart:7269:36)
#73     MultiChildRenderObjectElement.mount (package:flutter/src/widgets/framework.dart:7285:32)
...     Normal element mounting (364 frames)
#437    Element.inflateWidget (package:flutter/src/widgets/framework.dart:4590:20)
#438    MultiChildRenderObjectElement.inflateWidget (package:flutter/src/widgets/framework.dart:7269:36)
#439    MultiChildRenderObjectElement.mount (package:flutter/src/widgets/framework.dart:7285:32)
...     Normal element mounting (465 frames)
#904    Element.inflateWidget (package:flutter/src/widgets/framework.dart:4590:20)
#905    Element.updateChild (package:flutter/src/widgets/framework.dart:4053:20)
#906    ComponentElement.performRebuild (package:flutter/src/widgets/framework.dart:5844:16)
#907    Element.rebuild (package:flutter/src/widgets/framework.dart:5532:7)
#908    ProxyElement.update (package:flutter/src/widgets/framework.dart:6152:5)
#909    _InheritedNotifierElement.update (package:flutter/src/widgets/inherited_notifier.dart:108:11)
#910    Element.updateChild (package:flutter/src/widgets/framework.dart:4037:15)
#911    ComponentElement.performRebuild (package:flutter/src/widgets/framework.dart:5844:16)
#912    StatefulElement.performRebuild (package:flutter/src/widgets/framework.dart:5985:11)
#913    Element.rebuild (package:flutter/src/widgets/framework.dart:5532:7)
#914    StatefulElement.update (package:flutter/src/widgets/framework.dart:6010:5)
#915    Element.updateChild (package:flutter/src/widgets/framework.dart:4037:15)
#916    ComponentElement.performRebuild (package:flutter/src/widgets/framework.dart:5844:16)
#917    Element.rebuild (package:flutter/src/widgets/framework.dart:5532:7)
#918    ProxyElement.update (package:flutter/src/widgets/framework.dart:6152:5)
#919    _InheritedNotifierElement.update (package:flutter/src/widgets/inherited_notifier.dart:108:11)
#920    Element.updateChild (package:flutter/src/widgets/framework.dart:4037:15)
#921    ComponentElement.performRebuild (package:flutter/src/widgets/framework.dart:5844:16)
#922    StatefulElement.performRebuild (package:flutter/src/widgets/framework.dart:5985:11)
#923    Element.rebuild (package:flutter/src/widgets/framework.dart:5532:7)
#924    StatefulElement.update (package:flutter/src/widgets/framework.dart:6010:5)
#925    Element.updateChild (package:flutter/src/widgets/framework.dart:4037:15)
#926    ComponentElement.performRebuild (package:flutter/src/widgets/framework.dart:5844:16)
#927    StatefulElement.performRebuild (package:flutter/src/widgets/framework.dart:5985:11)
#928    Element.rebuild (package:flutter/src/widgets/framework.dart:5532:7)
#929    StatefulElement.update (package:flutter/src/widgets/framework.dart:6010:5)
#930    Element.updateChild (package:flutter/src/widgets/framework.dart:4037:15)
#931    ComponentElement.performRebuild (package:flutter/src/widgets/framework.dart:5844:16)
#932    Element.rebuild (package:flutter/src/widgets/framework.dart:5532:7)
#933    ProxyElement.update (package:flutter/src/widgets/framework.dart:6152:5)
#934    Element.updateChild (package:flutter/src/widgets/framework.dart:4037:15)
#935    ComponentElement.performRebuild (package:flutter/src/widgets/framework.dart:5844:16)
#936    StatefulElement.performRebuild (package:flutter/src/widgets/framework.dart:5985:11)
#937    Element.rebuild (package:flutter/src/widgets/framework.dart:5532:7)
#938    StatefulElement.update (package:flutter/src/widgets/framework.dart:6010:5)
#939    Element.updateChild (package:flutter/src/widgets/framework.dart:4037:15)
#940    ComponentElement.performRebuild (package:flutter/src/widgets/framework.dart:5844:16)
#941    Element.rebuild (package:flutter/src/widgets/framework.dart:5532:7)
#942    ProxyElement.update (package:flutter/src/widgets/framework.dart:6152:5)
#943    Element.updateChild (package:flutter/src/widgets/framework.dart:4037:15)
#944    ComponentElement.performRebuild (package:flutter/src/widgets/framework.dart:5844:16)
#945    Element.rebuild (package:flutter/src/widgets/framework.dart:5532:7)
#946    ProxyElement.update (package:flutter/src/widgets/framework.dart:6152:5)
#947    Element.updateChild (package:flutter/src/widgets/framework.dart:4037:15)
#948    _RawViewElement._updateChild (package:flutter/src/widgets/view.dart:481:16)
#949    _RawViewElement.update (package:flutter/src/widgets/view.dart:568:5)
#950    Element.updateChild (package:flutter/src/widgets/framework.dart:4037:15)
#951    ComponentElement.performRebuild (package:flutter/src/widgets/framework.dart:5844:16)
#952    Element.rebuild (package:flutter/src/widgets/framework.dart:5532:7)
#953    StatelessElement.update (package:flutter/src/widgets/framework.dart:5898:5)
#954    Element.updateChild (package:flutter/src/widgets/framework.dart:4037:15)
#955    ComponentElement.performRebuild (package:flutter/src/widgets/framework.dart:5844:16)
#956    StatefulElement.performRebuild (package:flutter/src/widgets/framework.dart:5985:11)
#957    Element.rebuild (package:flutter/src/widgets/framework.dart:5532:7)
#958    StatefulElement.update (package:flutter/src/widgets/framework.dart:6010:5)
#959    Element.updateChild (package:flutter/src/widgets/framework.dart:4037:15)
#960    RootElement._rebuild (package:flutter/src/widgets/binding.dart:1782:16)
#961    RootElement.update (package:flutter/src/widgets/binding.dart:1760:5)
#962    RootElement.performRebuild (package:flutter/src/widgets/binding.dart:1774:7)
#963    Element.rebuild (package:flutter/src/widgets/framework.dart:5532:7)
#964    BuildScope._tryRebuild (package:flutter/src/widgets/framework.dart:2750:15)
#965    BuildScope._flushDirtyElements (package:flutter/src/widgets/framework.dart:2807:11)
#966    BuildOwner.buildScope (package:flutter/src/widgets/framework.dart:3111:18)
#967    AutomatedTestWidgetsFlutterBinding.drawFrame (package:flutter_test/src/binding.dart:1506:19)
#968    RendererBinding._handlePersistentFrameCallback (package:flutter/src/rendering/binding.dart:495:5)
#969    SchedulerBinding._invokeFrameCallback (package:flutter/src/scheduler/binding.dart:1434:15)
#970    SchedulerBinding.handleDrawFrame (package:flutter/src/scheduler/binding.dart:1347:9)
#971    AutomatedTestWidgetsFlutterBinding.pump.<anonymous closure> (package:flutter_test/src/binding.dart:1335:9)
#974    TestAsyncUtils.guard (package:flutter_test/src/test_async_utils.dart:74:41)
#975    AutomatedTestWidgetsFlutterBinding.pump (package:flutter_test/src/binding.dart:1324:27)
#976    WidgetTester.pumpWidget.<anonymous closure> (package:flutter_test/src/widget_tester.dart:598:22)
#979    TestAsyncUtils.guard (package:flutter_test/src/test_async_utils.dart:74:41)
#980    WidgetTester.pumpWidget (package:flutter_test/src/widget_tester.dart:595:27)
#981    main.<anonymous closure> (file:///C:/Users/Tayyub/StudioProjects/qudwa/test/widgets/ayah_card_test.dart:50:18)
#982    testWidgets.<anonymous closure>.<anonymous closure> (package:flutter_test/src/widget_tester.dart:192:29)
<asynchronous suspension>
#983    TestWidgetsFlutterBinding._runTestBody (package:flutter_test/src/binding.dart:1059:5)
<asynchronous suspension>
<asynchronous suspension>
(elided 5 frames from dart:async and package:stack_trace)

The test description was:
  AyahRow should display Arabic text
ΓòÉΓòÉΓòÉΓòÉΓòÉΓòÉΓòÉΓòÉΓòÉΓòÉΓòÉΓòÉΓòÉΓòÉΓòÉΓòÉΓòÉΓòÉΓòÉΓòÉΓòÉΓòÉΓòÉΓòÉΓòÉΓòÉΓòÉΓòÉΓòÉΓòÉΓòÉΓòÉΓòÉΓòÉΓòÉΓòÉΓòÉΓòÉΓòÉΓòÉΓòÉΓòÉΓòÉΓòÉΓòÉΓòÉΓòÉΓòÉΓòÉΓòÉΓòÉΓòÉΓòÉΓòÉΓòÉΓòÉΓòÉΓòÉΓòÉΓòÉΓòÉΓòÉΓòÉΓòÉΓòÉΓòÉΓòÉΓòÉΓòÉΓòÉΓòÉΓòÉΓòÉΓòÉΓòÉΓòÉΓòÉΓòÉΓòÉΓòÉΓòÉΓòÉΓòÉΓòÉΓòÉΓòÉΓòÉΓòÉΓòÉΓòÉΓòÉΓòÉΓòÉΓòÉΓòÉΓòÉΓòÉΓòÉΓòÉΓòÉ
ΓòÉΓòÉΓòí EXCEPTION CAUGHT BY FLUTTER TEST FRAMEWORK Γò₧ΓòÉΓòÉΓòÉΓòÉΓòÉΓòÉΓòÉΓòÉΓòÉΓòÉΓòÉΓòÉΓòÉΓòÉΓòÉΓòÉΓòÉΓòÉΓòÉΓòÉΓòÉΓòÉΓòÉΓòÉΓòÉΓòÉΓòÉΓòÉΓòÉΓòÉΓòÉΓòÉΓòÉΓòÉΓòÉΓòÉΓòÉΓòÉΓòÉΓòÉΓòÉΓòÉΓòÉΓòÉΓòÉΓòÉΓòÉΓòÉΓòÉΓòÉΓòÉΓòÉ
The following message was thrown:
Multiple exceptions (2) were detected during the running of the current test, and at least one was
unexpected.
ΓòÉΓòÉΓòÉΓòÉΓòÉΓòÉΓòÉΓòÉΓòÉΓòÉΓòÉΓòÉΓòÉΓòÉΓòÉΓòÉΓòÉΓòÉΓòÉΓòÉΓòÉΓòÉΓòÉΓòÉΓòÉΓòÉΓòÉΓòÉΓòÉΓòÉΓòÉΓòÉΓòÉΓòÉΓòÉΓòÉΓòÉΓòÉΓòÉΓòÉΓòÉΓòÉΓòÉΓòÉΓòÉΓòÉΓòÉΓòÉΓòÉΓòÉΓòÉΓòÉΓòÉΓòÉΓòÉΓòÉΓòÉΓòÉΓòÉΓòÉΓòÉΓòÉΓòÉΓòÉΓòÉΓòÉΓòÉΓòÉΓòÉΓòÉΓòÉΓòÉΓòÉΓòÉΓòÉΓòÉΓòÉΓòÉΓòÉΓòÉΓòÉΓòÉΓòÉΓòÉΓòÉΓòÉΓòÉΓòÉΓòÉΓòÉΓòÉΓòÉΓòÉΓòÉΓòÉΓòÉΓòÉΓòÉΓòÉΓòÉ
00:02 +0 -1: AyahRow should display Arabic text [E]
  Test failed. See exception logs above.
  The test description was: AyahRow should display Arabic text
  
ΓòÉΓòÉΓòí EXCEPTION CAUGHT BY FLUTTER TEST FRAMEWORK Γò₧ΓòÉΓòÉΓòÉΓòÉΓòÉΓòÉΓòÉΓòÉΓòÉΓòÉΓòÉΓòÉΓòÉΓòÉΓòÉΓòÉΓòÉΓòÉΓòÉΓòÉΓòÉΓòÉΓòÉΓòÉΓòÉΓòÉΓòÉΓòÉΓòÉΓòÉΓòÉΓòÉΓòÉΓòÉΓòÉΓòÉΓòÉΓòÉΓòÉΓòÉΓòÉΓòÉΓòÉΓòÉΓòÉΓòÉΓòÉΓòÉΓòÉΓòÉΓòÉΓòÉ
The following ProviderException was thrown running a test (but after the test had completed):
Tried to use a provider that is in error state.

A provider threw the following exception:
UnimplementedError

The stack trace of the exception:
#0      sharedPreferencesProvider.<anonymous closure>
(package:qudwa/data/repositories/quran_repository.dart:110:42)
#1      Provider.create (package:riverpod/src/providers/provider.dart:59:36)
#2      $ProviderElement.create (package:riverpod/src/providers/provider.dart:343:32)
#3      ProviderElement.buildState (package:riverpod/src/core/element.dart:665:28)
#4      ProviderElement.mount (package:riverpod/src/core/element.dart:517:7)
#5      ProviderElement.flush (package:riverpod/src/core/element.dart:620:7)
#6      $ProviderBaseImpl._addListener (package:riverpod/src/core/provider/provider.dart:117:24)
#7      ProviderContainer.listen (package:riverpod/src/core/provider_container.dart:954:26)
#8      ProviderContainer.read (package:riverpod/src/core/provider_container.dart:911:17)
#9      Ref.read (package:riverpod/src/core/ref.dart:524:30)
#10     AppConfigViewModel._prefs (package:qudwa/viewmodels/settings_viewmodel.dart:159:39)
#11     AppConfigViewModel.build (package:qudwa/viewmodels/settings_viewmodel.dart:163:15)
#12     Notifier.runBuild (package:riverpod/src/providers/notifier/orphan.dart:70:21)
#13     $ClassProviderElement.create
(package:riverpod/src/core/provider/notifier_provider.dart:561:26)
#14     ProviderElement.buildState (package:riverpod/src/core/element.dart:665:28)
#15     ProviderElement.mount (package:riverpod/src/core/element.dart:517:7)
#16     ProviderElement.flush (package:riverpod/src/core/element.dart:620:7)
#17     $ProviderBaseImpl._addListener (package:riverpod/src/core/provider/provider.dart:117:24)
#18     _ProviderSelector._addListener (package:riverpod/src/core/modifiers/select.dart:137:26)
#19     ProviderElement.listen (package:riverpod/src/core/element.dart:901:28)
#20     Ref.listen (package:riverpod/src/core/ref.dart:681:21)
#21     AudioControlNotifier.build (package:qudwa/viewmodels/audio_viewmodel.dart:90:9)
#22     Notifier.runBuild (package:riverpod/src/providers/notifier/orphan.dart:70:21)
#23     $ClassProviderElement.create
(package:riverpod/src/core/provider/notifier_provider.dart:561:26)
#24     ProviderElement.buildState (package:riverpod/src/core/element.dart:665:28)
#25     ProviderElement.mount (package:riverpod/src/core/element.dart:517:7)
#26     ProviderElement.flush (package:riverpod/src/core/element.dart:620:7)
#27     $ProviderBaseImpl._addListener (package:riverpod/src/core/provider/provider.dart:117:24)
#28     _ProviderSelector._addListener (package:riverpod/src/core/modifiers/select.dart:137:26)
#29     ProviderContainer.listen (package:riverpod/src/core/provider_container.dart:954:26)
#30     ConsumerStatefulElement.watch.<anonymous closure>
(package:flutter_riverpod/src/core/consumer.dart:451:37)
#31     _LinkedHashMapMixin.putIfAbsent (dart:_compact_hash:675:23)
#32     ConsumerStatefulElement.watch (package:flutter_riverpod/src/core/consumer.dart:444:14)
#33     _AyahRowState.build (package:qudwa/features/quran/widgets/ayah_card.dart:109:36)
#34     StatefulElement.build (package:flutter/src/widgets/framework.dart:5934:27)
#35     ConsumerStatefulElement.build (package:flutter_riverpod/src/core/consumer.dart:421:20)
#36     ComponentElement.performRebuild (package:flutter/src/widgets/framework.dart:5820:15)
#37     StatefulElement.performRebuild (package:flutter/src/widgets/framework.dart:5985:11)
#38     Element.rebuild (package:flutter/src/widgets/framework.dart:5532:7)
#39     ComponentElement._firstBuild (package:flutter/src/widgets/framework.dart:5802:5)
#40     StatefulElement._firstBuild (package:flutter/src/widgets/framework.dart:5976:11)
#41     ComponentElement.mount (package:flutter/src/widgets/framework.dart:5796:5)
#42     Element.inflateWidget (package:flutter/src/widgets/framework.dart:4590:20)
#43     Element.updateChild (package:flutter/src/widgets/framework.dart:4059:18)
#44     ComponentElement.performRebuild (package:flutter/src/widgets/framework.dart:5844:16)
#45     Element.rebuild (package:flutter/src/widgets/framework.dart:5532:7)
#46     ComponentElement._firstBuild (package:flutter/src/widgets/framework.dart:5802:5)
#47     ComponentElement.mount (package:flutter/src/widgets/framework.dart:5796:5)
#48     Element.inflateWidget (package:flutter/src/widgets/framework.dart:4590:20)
#49     Element.updateChild (package:flutter/src/widgets/framework.dart:4059:18)
#50     ComponentElement.performRebuild (package:flutter/src/widgets/framework.dart:5844:16)
#51     StatefulElement.performRebuild (package:flutter/src/widgets/framework.dart:5985:11)
#52     Element.rebuild (package:flutter/src/widgets/framework.dart:5532:7)
#53     ComponentElement._firstBuild (package:flutter/src/widgets/framework.dart:5802:5)
#54     StatefulElement._firstBuild (package:flutter/src/widgets/framework.dart:5976:11)
#55     ComponentElement.mount (package:flutter/src/widgets/framework.dart:5796:5)
#56     Element.inflateWidget (package:flutter/src/widgets/framework.dart:4590:20)
#57     Element.updateChild (package:flutter/src/widgets/framework.dart:4059:18)
#58     ComponentElement.performRebuild (package:flutter/src/widgets/framework.dart:5844:16)
#59     StatefulElement.performRebuild (package:flutter/src/widgets/framework.dart:5985:11)
#60     Element.rebuild (package:flutter/src/widgets/framework.dart:5532:7)
#61     ComponentElement._firstBuild (package:flutter/src/widgets/framework.dart:5802:5)
#62     StatefulElement._firstBuild (package:flutter/src/widgets/framework.dart:5976:11)
#63     ComponentElement.mount (package:flutter/src/widgets/framework.dart:5796:5)
#64     Element.inflateWidget (package:flutter/src/widgets/framework.dart:4590:20)
#65     Element.updateChild (package:flutter/src/widgets/framework.dart:4059:18)
#66     ComponentElement.performRebuild (package:flutter/src/widgets/framework.dart:5844:16)
#67     Element.rebuild (package:flutter/src/widgets/framework.dart:5532:7)
#68     ComponentElement._firstBuild (package:flutter/src/widgets/framework.dart:5802:5)
#69     ComponentElement.mount (package:flutter/src/widgets/framework.dart:5796:5)
#70     Element.inflateWidget (package:flutter/src/widgets/framework.dart:4590:20)
#71     Element.updateChild (package:flutter/src/widgets/framework.dart:4059:18)
#72     ComponentElement.performRebuild (package:flutter/src/widgets/framework.dart:5844:16)
#73     Element.rebuild (package:flutter/src/widgets/framework.dart:5532:7)
#74     ComponentElement._firstBuild (package:flutter/src/widgets/framework.dart:5802:5)
#75     ComponentElement.mount (package:flutter/src/widgets/framework.dart:5796:5)
#76     Element.inflateWidget (package:flutter/src/widgets/framework.dart:4590:20)
#77     Element.updateChild (package:flutter/src/widgets/framework.dart:4059:18)
#78     ComponentElement.performRebuild (package:flutter/src/widgets/framework.dart:5844:16)
#79     Element.rebuild (package:flutter/src/widgets/framework.dart:5532:7)
#80     ComponentElement._firstBuild (package:flutter/src/widgets/framework.dart:5802:5)
#81     ComponentElement.mount (package:flutter/src/widgets/framework.dart:5796:5)
#82     Element.inflateWidget (package:flutter/src/widgets/framework.dart:4590:20)
#83     Element.updateChild (package:flutter/src/widgets/framework.dart:4059:18)
#84     ComponentElement.performRebuild (package:flutter/src/widgets/framework.dart:5844:16)
#85     Element.rebuild (package:flutter/src/widgets/framework.dart:5532:7)
#86     ComponentElement._firstBuild (package:flutter/src/widgets/framework.dart:5802:5)
#87     ComponentElement.mount (package:flutter/src/widgets/framework.dart:5796:5)
#88     Element.inflateWidget (package:flutter/src/widgets/framework.dart:4590:20)
#89     MultiChildRenderObjectElement.inflateWidget
(package:flutter/src/widgets/framework.dart:7269:36)
#90     MultiChildRenderObjectElement.mount (package:flutter/src/widgets/framework.dart:7285:32)
#91     Element.inflateWidget (package:flutter/src/widgets/framework.dart:4590:20)
#92     Element.updateChild (package:flutter/src/widgets/framework.dart:4059:18)
#93     ComponentElement.performRebuild (package:flutter/src/widgets/framework.dart:5844:16)
#94     Element.rebuild (package:flutter/src/widgets/framework.dart:5532:7)
#95     ComponentElement._firstBuild (package:flutter/src/widgets/framework.dart:5802:5)
#96     ComponentElement.mount (package:flutter/src/widgets/framework.dart:5796:5)
#97     Element.inflateWidget (package:flutter/src/widgets/framework.dart:4590:20)
#98     Element.updateChild (package:flutter/src/widgets/framework.dart:4059:18)
#99     ComponentElement.performRebuild (package:flutter/src/widgets/framework.dart:5844:16)
#100    StatefulElement.performRebuild (package:flutter/src/widgets/framework.dart:5985:11)
#101    Element.rebuild (package:flutter/src/widgets/framework.dart:5532:7)
#102    ComponentElement._firstBuild (package:flutter/src/widgets/framework.dart:5802:5)
#103    StatefulElement._firstBuild (package:flutter/src/widgets/framework.dart:5976:11)
#104    ComponentElement.mount (package:flutter/src/widgets/framework.dart:5796:5)
#105    Element.inflateWidget (package:flutter/src/widgets/framework.dart:4590:20)
#106    Element.updateChild (package:flutter/src/widgets/framework.dart:4059:18)
#107    ComponentElement.performRebuild (package:flutter/src/widgets/framework.dart:5844:16)
#108    StatefulElement.performRebuild (package:flutter/src/widgets/framework.dart:5985:11)
#109    Element.rebuild (package:flutter/src/widgets/framework.dart:5532:7)
#110    ComponentElement._firstBuild (package:flutter/src/widgets/framework.dart:5802:5)
#111    StatefulElement._firstBuild (package:flutter/src/widgets/framework.dart:5976:11)
#112    ComponentElement.mount (package:flutter/src/widgets/framework.dart:5796:5)
#113    Element.inflateWidget (package:flutter/src/widgets/framework.dart:4590:20)
#114    Element.updateChild (package:flutter/src/widgets/framework.dart:4059:18)
#115    ComponentElement.performRebuild (package:flutter/src/widgets/framework.dart:5844:16)
#116    Element.rebuild (package:flutter/src/widgets/framework.dart:5532:7)
#117    ComponentElement._firstBuild (package:flutter/src/widgets/framework.dart:5802:5)
#118    ComponentElement.mount (package:flutter/src/widgets/framework.dart:5796:5)
#119    Element.inflateWidget (package:flutter/src/widgets/framework.dart:4590:20)
#120    Element.updateChild (package:flutter/src/widgets/framework.dart:4059:18)
#121    ComponentElement.performRebuild (package:flutter/src/widgets/framework.dart:5844:16)
#122    StatefulElement.performRebuild (package:flutter/src/widgets/framework.dart:5985:11)
#123    Element.rebuild (package:flutter/src/widgets/framework.dart:5532:7)
#124    ComponentElement._firstBuild (package:flutter/src/widgets/framework.dart:5802:5)
#125    StatefulElement._firstBuild (package:flutter/src/widgets/framework.dart:5976:11)
#126    ComponentElement.mount (package:flutter/src/widgets/framework.dart:5796:5)
#127    Element.inflateWidget (package:flutter/src/widgets/framework.dart:4590:20)
#128    Element.updateChild (package:flutter/src/widgets/framework.dart:4059:18)
#129    SingleChildRenderObjectElement.mount (package:flutter/src/widgets/framework.dart:7118:14)
#130    Element.inflateWidget (package:flutter/src/widgets/framework.dart:4590:20)
#131    Element.updateChild (package:flutter/src/widgets/framework.dart:4059:18)
#132    ComponentElement.performRebuild (package:flutter/src/widgets/framework.dart:5844:16)
#133    Element.rebuild (package:flutter/src/widgets/framework.dart:5532:7)
#134    ComponentElement._firstBuild (package:flutter/src/widgets/framework.dart:5802:5)
#135    ComponentElement.mount (package:flutter/src/widgets/framework.dart:5796:5)
#136    Element.inflateWidget (package:flutter/src/widgets/framework.dart:4590:20)
#137    Element.updateChild (package:flutter/src/widgets/framework.dart:4059:18)
#138    SingleChildRenderObjectElement.mount (package:flutter/src/widgets/framework.dart:7118:14)
#139    Element.inflateWidget (package:flutter/src/widgets/framework.dart:4590:20)
#140    Element.updateChild (package:flutter/src/widgets/framework.dart:4059:18)
#141    ComponentElement.performRebuild (package:flutter/src/widgets/framework.dart:5844:16)
#142    StatefulElement.performRebuild (package:flutter/src/widgets/framework.dart:5985:11)
#143    Element.rebuild (package:flutter/src/widgets/framework.dart:5532:7)
#144    ComponentElement._firstBuild (package:flutter/src/widgets/framework.dart:5802:5)
#145    StatefulElement._firstBuild (package:flutter/src/widgets/framework.dart:5976:11)
#146    ComponentElement.mount (package:flutter/src/widgets/framework.dart:5796:5)
#147    Element.inflateWidget (package:flutter/src/widgets/framework.dart:4590:20)
#148    Element.updateChild (package:flutter/src/widgets/framework.dart:4059:18)
#149    ComponentElement.performRebuild (package:flutter/src/widgets/framework.dart:5844:16)
#150    StatefulElement.performRebuild (package:flutter/src/widgets/framework.dart:5985:11)
#151    Element.rebuild (package:flutter/src/widgets/framework.dart:5532:7)
#152    ComponentElement._firstBuild (package:flutter/src/widgets/framework.dart:5802:5)
#153    StatefulElement._firstBuild (package:flutter/src/widgets/framework.dart:5976:11)
#154    ComponentElement.mount (package:flutter/src/widgets/framework.dart:5796:5)
#155    Element.inflateWidget (package:flutter/src/widgets/framework.dart:4590:20)
#156    Element.updateChild (package:flutter/src/widgets/framework.dart:4059:18)
#157    ComponentElement.performRebuild (package:flutter/src/widgets/framework.dart:5844:16)
#158    Element.rebuild (package:flutter/src/widgets/framework.dart:5532:7)
#159    ComponentElement._firstBuild (package:flutter/src/widgets/framework.dart:5802:5)
#160    ComponentElement.mount (package:flutter/src/widgets/framework.dart:5796:5)
#161    Element.inflateWidget (package:flutter/src/widgets/framework.dart:4590:20)
#162    Element.updateChild (package:flutter/src/widgets/framework.dart:4059:18)
#163    ComponentElement.performRebuild (package:flutter/src/widgets/framework.dart:5844:16)
#164    Element.rebuild (package:flutter/src/widgets/framework.dart:5532:7)
#165    ComponentElement._firstBuild (package:flutter/src/widgets/framework.dart:5802:5)
#166    ComponentElement.mount (package:flutter/src/widgets/framework.dart:5796:5)
#167    Element.inflateWidget (package:flutter/src/widgets/framework.dart:4590:20)
#168    Element.updateChild (package:flutter/src/widgets/framework.dart:4059:18)
#169    ComponentElement.performRebuild (package:flutter/src/widgets/framework.dart:5844:16)
#170    Element.rebuild (package:flutter/src/widgets/framework.dart:5532:7)
#171    ComponentElement._firstBuild (package:flutter/src/widgets/framework.dart:5802:5)
#172    ComponentElement.mount (package:flutter/src/widgets/framework.dart:5796:5)
#173    Element.inflateWidget (package:flutter/src/widgets/framework.dart:4590:20)
#174    Element.updateChild (package:flutter/src/widgets/framework.dart:4059:18)
#175    ComponentElement.performRebuild (package:flutter/src/widgets/framework.dart:5844:16)
#176    StatefulElement.performRebuild (package:flutter/src/widgets/framework.dart:5985:11)
#177    Element.rebuild (package:flutter/src/widgets/framework.dart:5532:7)
#178    ComponentElement._firstBuild (package:flutter/src/widgets/framework.dart:5802:5)
#179    StatefulElement._firstBuild (package:flutter/src/widgets/framework.dart:5976:11)
#180    ComponentElement.mount (package:flutter/src/widgets/framework.dart:5796:5)
#181    Element.inflateWidget (package:flutter/src/widgets/framework.dart:4590:20)
#182    Element.updateChild (package:flutter/src/widgets/framework.dart:4059:18)
#183    ComponentElement.performRebuild (package:flutter/src/widgets/framework.dart:5844:16)
#184    Element.rebuild (package:flutter/src/widgets/framework.dart:5532:7)
#185    ComponentElement._firstBuild (package:flutter/src/widgets/framework.dart:5802:5)
#186    ComponentElement.mount (package:flutter/src/widgets/framework.dart:5796:5)
#187    Element.inflateWidget (package:flutter/src/widgets/framework.dart:4590:20)
#188    Element.updateChild (package:flutter/src/widgets/framework.dart:4059:18)
#189    ComponentElement.performRebuild (package:flutter/src/widgets/framework.dart:5844:16)
#190    StatefulElement.performRebuild (package:flutter/src/widgets/framework.dart:5985:11)
#191    Element.rebuild (package:flutter/src/widgets/framework.dart:5532:7)
#192    ComponentElement._firstBuild (package:flutter/src/widgets/framework.dart:5802:5)
#193    StatefulElement._firstBuild (package:flutter/src/widgets/framework.dart:5976:11)
#194    ComponentElement.mount (package:flutter/src/widgets/framework.dart:5796:5)
#195    Element.inflateWidget (package:flutter/src/widgets/framework.dart:4590:20)
#196    Element.updateChild (package:flutter/src/widgets/framework.dart:4059:18)
#197    SingleChildRenderObjectElement.mount (package:flutter/src/widgets/framework.dart:7118:14)
#198    Element.inflateWidget (package:flutter/src/widgets/framework.dart:4590:20)
#199    Element.updateChild (package:flutter/src/widgets/framework.dart:4059:18)
#200    ComponentElement.performRebuild (package:flutter/src/widgets/framework.dart:5844:16)
#201    Element.rebuild (package:flutter/src/widgets/framework.dart:5532:7)
#202    ComponentElement._firstBuild (package:flutter/src/widgets/framework.dart:5802:5)
#203    ComponentElement.mount (package:flutter/src/widgets/framework.dart:5796:5)
#204    Element.inflateWidget (package:flutter/src/widgets/framework.dart:4590:20)
#205    Element.updateChild (package:flutter/src/widgets/framework.dart:4059:18)
#206    SingleChildRenderObjectElement.mount (package:flutter/src/widgets/framework.dart:7118:14)
#207    Element.inflateWidget (package:flutter/src/widgets/framework.dart:4590:20)
#208    Element.updateChild (package:flutter/src/widgets/framework.dart:4059:18)
#209    SingleChildRenderObjectElement.mount (package:flutter/src/widgets/framework.dart:7118:14)
#210    Element.inflateWidget (package:flutter/src/widgets/framework.dart:4590:20)
#211    Element.updateChild (package:flutter/src/widgets/framework.dart:4059:18)
#212    ComponentElement.performRebuild (package:flutter/src/widgets/framework.dart:5844:16)
#213    StatefulElement.performRebuild (package:flutter/src/widgets/framework.dart:5985:11)
#214    Element.rebuild (package:flutter/src/widgets/framework.dart:5532:7)
#215    ComponentElement._firstBuild (package:flutter/src/widgets/framework.dart:5802:5)
#216    StatefulElement._firstBuild (package:flutter/src/widgets/framework.dart:5976:11)
#217    ComponentElement.mount (package:flutter/src/widgets/framework.dart:5796:5)
#218    Element.inflateWidget (package:flutter/src/widgets/framework.dart:4590:20)
#219    Element.updateChild (package:flutter/src/widgets/framework.dart:4059:18)
#220    SingleChildRenderObjectElement.mount (package:flutter/src/widgets/framework.dart:7118:14)
#221    Element.inflateWidget (package:flutter/src/widgets/framework.dart:4590:20)
#222    Element.updateChild (package:flutter/src/widgets/framework.dart:4059:18)
#223    ComponentElement.performRebuild (package:flutter/src/widgets/framework.dart:5844:16)
#224    StatefulElement.performRebuild (package:flutter/src/widgets/framework.dart:5985:11)
#225    Element.rebuild (package:flutter/src/widgets/framework.dart:5532:7)
#226    ComponentElement._firstBuild (package:flutter/src/widgets/framework.dart:5802:5)
#227    StatefulElement._firstBuild (package:flutter/src/widgets/framework.dart:5976:11)
#228    ComponentElement.mount (package:flutter/src/widgets/framework.dart:5796:5)
#229    Element.inflateWidget (package:flutter/src/widgets/framework.dart:4590:20)
#230    Element.updateChild (package:flutter/src/widgets/framework.dart:4059:18)
#231    SingleChildRenderObjectElement.mount (package:flutter/src/widgets/framework.dart:7118:14)
#232    Element.inflateWidget (package:flutter/src/widgets/framework.dart:4590:20)
#233    Element.updateChild (package:flutter/src/widgets/framework.dart:4059:18)
#234    SingleChildRenderObjectElement.mount (package:flutter/src/widgets/framework.dart:7118:14)
#235    Element.inflateWidget (package:flutter/src/widgets/framework.dart:4590:20)
#236    Element.updateChild (package:flutter/src/widgets/framework.dart:4059:18)
#237    ComponentElement.performRebuild (package:flutter/src/widgets/framework.dart:5844:16)
#238    StatefulElement.performRebuild (package:flutter/src/widgets/framework.dart:5985:11)
#239    Element.rebuild (package:flutter/src/widgets/framework.dart:5532:7)
#240    ComponentElement._firstBuild (package:flutter/src/widgets/framework.dart:5802:5)
#241    StatefulElement._firstBuild (package:flutter/src/widgets/framework.dart:5976:11)
#242    ComponentElement.mount (package:flutter/src/widgets/framework.dart:5796:5)
#243    Element.inflateWidget (package:flutter/src/widgets/framework.dart:4590:20)
#244    Element.updateChild (package:flutter/src/widgets/framework.dart:4059:18)
#245    SingleChildRenderObjectElement.mount (package:flutter/src/widgets/framework.dart:7118:14)
#246    Element.inflateWidget (package:flutter/src/widgets/framework.dart:4590:20)
#247    Element.updateChild (package:flutter/src/widgets/framework.dart:4059:18)
#248    ComponentElement.performRebuild (package:flutter/src/widgets/framework.dart:5844:16)
#249    StatefulElement.performRebuild (package:flutter/src/widgets/framework.dart:5985:11)
#250    Element.rebuild (package:flutter/src/widgets/framework.dart:5532:7)
#251    ComponentElement._firstBuild (package:flutter/src/widgets/framework.dart:5802:5)
#252    StatefulElement._firstBuild (package:flutter/src/widgets/framework.dart:5976:11)
#253    ComponentElement.mount (package:flutter/src/widgets/framework.dart:5796:5)
#254    Element.inflateWidget (package:flutter/src/widgets/framework.dart:4590:20)
#255    Element.updateChild (package:flutter/src/widgets/framework.dart:4059:18)
#256    SingleChildRenderObjectElement.mount (package:flutter/src/widgets/framework.dart:7118:14)
#257    Element.inflateWidget (package:flutter/src/widgets/framework.dart:4590:20)
#258    Element.updateChild (package:flutter/src/widgets/framework.dart:4059:18)
#259    SingleChildRenderObjectElement.mount (package:flutter/src/widgets/framework.dart:7118:14)
#260    Element.inflateWidget (package:flutter/src/widgets/framework.dart:4590:20)
#261    Element.updateChild (package:flutter/src/widgets/framework.dart:4059:18)
#262    ComponentElement.performRebuild (package:flutter/src/widgets/framework.dart:5844:16)
#263    StatefulElement.performRebuild (package:flutter/src/widgets/framework.dart:5985:11)
#264    Element.rebuild (package:flutter/src/widgets/framework.dart:5532:7)
#265    ComponentElement._firstBuild (package:flutter/src/widgets/framework.dart:5802:5)
#266    StatefulElement._firstBuild (package:flutter/src/widgets/framework.dart:5976:11)
#267    ComponentElement.mount (package:flutter/src/widgets/framework.dart:5796:5)
#268    Element.inflateWidget (package:flutter/src/widgets/framework.dart:4590:20)
#269    Element.updateChild (package:flutter/src/widgets/framework.dart:4059:18)
#270    SingleChildRenderObjectElement.mount (package:flutter/src/widgets/framework.dart:7118:14)
#271    Element.inflateWidget (package:flutter/src/widgets/framework.dart:4590:20)
#272    Element.updateChild (package:flutter/src/widgets/framework.dart:4059:18)
#273    SingleChildRenderObjectElement.mount (package:flutter/src/widgets/framework.dart:7118:14)
#274    Element.inflateWidget (package:flutter/src/widgets/framework.dart:4590:20)
#275    Element.updateChild (package:flutter/src/widgets/framework.dart:4059:18)
#276    SingleChildRenderObjectElement.mount (package:flutter/src/widgets/framework.dart:7118:14)
#277    Element.inflateWidget (package:flutter/src/widgets/framework.dart:4590:20)
#278    Element.updateChild (package:flutter/src/widgets/framework.dart:4059:18)
#279    ComponentElement.performRebuild (package:flutter/src/widgets/framework.dart:5844:16)
#280    StatefulElement.performRebuild (package:flutter/src/widgets/framework.dart:5985:11)
#281    Element.rebuild (package:flutter/src/widgets/framework.dart:5532:7)
#282    ComponentElement._firstBuild (package:flutter/src/widgets/framework.dart:5802:5)
#283    StatefulElement._firstBuild (package:flutter/src/widgets/framework.dart:5976:11)
#284    ComponentElement.mount (package:flutter/src/widgets/framework.dart:5796:5)
#285    Element.inflateWidget (package:flutter/src/widgets/framework.dart:4590:20)
#286    Element.updateChild (package:flutter/src/widgets/framework.dart:4059:18)
#287    SingleChildRenderObjectElement.mount (package:flutter/src/widgets/framework.dart:7118:14)
#288    Element.inflateWidget (package:flutter/src/widgets/framework.dart:4590:20)
#289    Element.updateChild (package:flutter/src/widgets/framework.dart:4059:18)
#290    ComponentElement.performRebuild (package:flutter/src/widgets/framework.dart:5844:16)
#291    StatefulElement.performRebuild (package:flutter/src/widgets/framework.dart:5985:11)
#292    Element.rebuild (package:flutter/src/widgets/framework.dart:5532:7)
#293    ComponentElement._firstBuild (package:flutter/src/widgets/framework.dart:5802:5)
#294    StatefulElement._firstBuild (package:flutter/src/widgets/framework.dart:5976:11)
#295    ComponentElement.mount (package:flutter/src/widgets/framework.dart:5796:5)
#296    Element.inflateWidget (package:flutter/src/widgets/framework.dart:4590:20)
#297    Element.updateChild (package:flutter/src/widgets/framework.dart:4059:18)
#298    ComponentElement.performRebuild (package:flutter/src/widgets/framework.dart:5844:16)
#299    Element.rebuild (package:flutter/src/widgets/framework.dart:5532:7)
#300    ComponentElement._firstBuild (package:flutter/src/widgets/framework.dart:5802:5)
#301    ComponentElement.mount (package:flutter/src/widgets/framework.dart:5796:5)
#302    Element.inflateWidget (package:flutter/src/widgets/framework.dart:4590:20)
#303    Element.updateChild (package:flutter/src/widgets/framework.dart:4059:18)
#304    ComponentElement.performRebuild (package:flutter/src/widgets/framework.dart:5844:16)
#305    StatefulElement.performRebuild (package:flutter/src/widgets/framework.dart:5985:11)
#306    Element.rebuild (package:flutter/src/widgets/framework.dart:5532:7)
#307    ComponentElement._firstBuild (package:flutter/src/widgets/framework.dart:5802:5)
#308    StatefulElement._firstBuild (package:flutter/src/widgets/framework.dart:5976:11)
#309    ComponentElement.mount (package:flutter/src/widgets/framework.dart:5796:5)
#310    Element.inflateWidget (package:flutter/src/widgets/framework.dart:4590:20)
#311    Element.updateChild (package:flutter/src/widgets/framework.dart:4059:18)
#312    ComponentElement.performRebuild (package:flutter/src/widgets/framework.dart:5844:16)
#313    StatefulElement.performRebuild (package:flutter/src/widgets/framework.dart:5985:11)
#314    Element.rebuild (package:flutter/src/widgets/framework.dart:5532:7)
#315    ComponentElement._firstBuild (package:flutter/src/widgets/framework.dart:5802:5)
#316    StatefulElement._firstBuild (package:flutter/src/widgets/framework.dart:5976:11)
#317    ComponentElement.mount (package:flutter/src/widgets/framework.dart:5796:5)
#318    Element.inflateWidget (package:flutter/src/widgets/framework.dart:4590:20)
#319    Element.updateChild (package:flutter/src/widgets/framework.dart:4059:18)
#320    ComponentElement.performRebuild (package:flutter/src/widgets/framework.dart:5844:16)
#321    StatefulElement.performRebuild (package:flutter/src/widgets/framework.dart:5985:11)
#322    Element.rebuild (package:flutter/src/widgets/framework.dart:5532:7)
#323    ComponentElement._firstBuild (package:flutter/src/widgets/framework.dart:5802:5)
#324    StatefulElement._firstBuild (package:flutter/src/widgets/framework.dart:5976:11)
#325    ComponentElement.mount (package:flutter/src/widgets/framework.dart:5796:5)
#326    Element.inflateWidget (package:flutter/src/widgets/framework.dart:4590:20)
#327    Element.updateChild (package:flutter/src/widgets/framework.dart:4059:18)
#328    SingleChildRenderObjectElement.mount (package:flutter/src/widgets/framework.dart:7118:14)
#329    Element.inflateWidget (package:flutter/src/widgets/framework.dart:4590:20)
#330    Element.updateChild (package:flutter/src/widgets/framework.dart:4059:18)
#331    ComponentElement.performRebuild (package:flutter/src/widgets/framework.dart:5844:16)
#332    Element.rebuild (package:flutter/src/widgets/framework.dart:5532:7)
#333    ComponentElement._firstBuild (package:flutter/src/widgets/framework.dart:5802:5)
#334    ComponentElement.mount (package:flutter/src/widgets/framework.dart:5796:5)
#335    Element.inflateWidget (package:flutter/src/widgets/framework.dart:4590:20)
#336    Element.updateChild (package:flutter/src/widgets/framework.dart:4059:18)
#337    SingleChildRenderObjectElement.mount (package:flutter/src/widgets/framework.dart:7118:14)
#338    Element.inflateWidget (package:flutter/src/widgets/framework.dart:4590:20)
#339    Element.updateChild (package:flutter/src/widgets/framework.dart:4059:18)
#340    ComponentElement.performRebuild (package:flutter/src/widgets/framework.dart:5844:16)
#341    StatefulElement.performRebuild (package:flutter/src/widgets/framework.dart:5985:11)
#342    Element.rebuild (package:flutter/src/widgets/framework.dart:5532:7)
#343    ComponentElement._firstBuild (package:flutter/src/widgets/framework.dart:5802:5)
#344    StatefulElement._firstBuild (package:flutter/src/widgets/framework.dart:5976:11)
#345    ComponentElement.mount (package:flutter/src/widgets/framework.dart:5796:5)
#346    Element.inflateWidget (package:flutter/src/widgets/framework.dart:4590:20)
#347    Element.updateChild (package:flutter/src/widgets/framework.dart:4059:18)
#348    ComponentElement.performRebuild (package:flutter/src/widgets/framework.dart:5844:16)
#349    Element.rebuild (package:flutter/src/widgets/framework.dart:5532:7)
#350    ComponentElement._firstBuild (package:flutter/src/widgets/framework.dart:5802:5)
#351    ComponentElement.mount (package:flutter/src/widgets/framework.dart:5796:5)
#352    Element.inflateWidget (package:flutter/src/widgets/framework.dart:4590:20)
#353    Element.updateChild (package:flutter/src/widgets/framework.dart:4059:18)
#354    ComponentElement.performRebuild (package:flutter/src/widgets/framework.dart:5844:16)
#355    Element.rebuild (package:flutter/src/widgets/framework.dart:5532:7)
#356    ComponentElement._firstBuild (package:flutter/src/widgets/framework.dart:5802:5)
#357    ComponentElement.mount (package:flutter/src/widgets/framework.dart:5796:5)
#358    Element.inflateWidget (package:flutter/src/widgets/framework.dart:4590:20)
#359    Element.updateChild (package:flutter/src/widgets/framework.dart:4059:18)
#360    ComponentElement.performRebuild (package:flutter/src/widgets/framework.dart:5844:16)
#361    StatefulElement.performRebuild (package:flutter/src/widgets/framework.dart:5985:11)
#362    Element.rebuild (package:flutter/src/widgets/framework.dart:5532:7)
#363    ComponentElement._firstBuild (package:flutter/src/widgets/framework.dart:5802:5)
#364    StatefulElement._firstBuild (package:flutter/src/widgets/framework.dart:5976:11)
#365    ComponentElement.mount (package:flutter/src/widgets/framework.dart:5796:5)
#366    Element.inflateWidget (package:flutter/src/widgets/framework.dart:4590:20)
#367    Element.updateChild (package:flutter/src/widgets/framework.dart:4059:18)
#368    ComponentElement.performRebuild (package:flutter/src/widgets/framework.dart:5844:16)
#369    Element.rebuild (package:flutter/src/widgets/framework.dart:5532:7)
#370    ComponentElement._firstBuild (package:flutter/src/widgets/framework.dart:5802:5)
#371    ComponentElement.mount (package:flutter/src/widgets/framework.dart:5796:5)
#372    Element.inflateWidget (package:flutter/src/widgets/framework.dart:4590:20)
#373    Element.updateChild (package:flutter/src/widgets/framework.dart:4059:18)
#374    ComponentElement.performRebuild (package:flutter/src/widgets/framework.dart:5844:16)
#375    Element.rebuild (package:flutter/src/widgets/framework.dart:5532:7)
#376    ComponentElement._firstBuild (package:flutter/src/widgets/framework.dart:5802:5)
#377    ComponentElement.mount (package:flutter/src/widgets/framework.dart:5796:5)
#378    Element.inflateWidget (package:flutter/src/widgets/framework.dart:4590:20)
#379    Element.updateChild (package:flutter/src/widgets/framework.dart:4059:18)
#380    SingleChildRenderObjectElement.mount (package:flutter/src/widgets/framework.dart:7118:14)
#381    Element.inflateWidget (package:flutter/src/widgets/framework.dart:4590:20)
#382    Element.updateChild (package:flutter/src/widgets/framework.dart:4059:18)
#383    ComponentElement.performRebuild (package:flutter/src/widgets/framework.dart:5844:16)
#384    Element.rebuild (package:flutter/src/widgets/framework.dart:5532:7)
#385    ComponentElement._firstBuild (package:flutter/src/widgets/framework.dart:5802:5)
#386    ComponentElement.mount (package:flutter/src/widgets/framework.dart:5796:5)
#387    Element.inflateWidget (package:flutter/src/widgets/framework.dart:4590:20)
#388    Element.updateChild (package:flutter/src/widgets/framework.dart:4059:18)
#389    ComponentElement.performRebuild (package:flutter/src/widgets/framework.dart:5844:16)
#390    Element.rebuild (package:flutter/src/widgets/framework.dart:5532:7)
#391    ComponentElement._firstBuild (package:flutter/src/widgets/framework.dart:5802:5)
#392    ComponentElement.mount (package:flutter/src/widgets/framework.dart:5796:5)
#393    Element.inflateWidget (package:flutter/src/widgets/framework.dart:4590:20)
#394    Element.updateChild (package:flutter/src/widgets/framework.dart:4059:18)
#395    ComponentElement.performRebuild (package:flutter/src/widgets/framework.dart:5844:16)
#396    StatefulElement.performRebuild (package:flutter/src/widgets/framework.dart:5985:11)
#397    Element.rebuild (package:flutter/src/widgets/framework.dart:5532:7)
#398    ComponentElement._firstBuild (package:flutter/src/widgets/framework.dart:5802:5)
#399    StatefulElement._firstBuild (package:flutter/src/widgets/framework.dart:5976:11)
#400    ComponentElement.mount (package:flutter/src/widgets/framework.dart:5796:5)
#401    Element.inflateWidget (package:flutter/src/widgets/framework.dart:4590:20)
#402    Element.updateChild (package:flutter/src/widgets/framework.dart:4059:18)
#403    ComponentElement.performRebuild (package:flutter/src/widgets/framework.dart:5844:16)
#404    StatefulElement.performRebuild (package:flutter/src/widgets/framework.dart:5985:11)
#405    Element.rebuild (package:flutter/src/widgets/framework.dart:5532:7)
#406    ComponentElement._firstBuild (package:flutter/src/widgets/framework.dart:5802:5)
#407    StatefulElement._firstBuild (package:flutter/src/widgets/framework.dart:5976:11)
#408    ComponentElement.mount (package:flutter/src/widgets/framework.dart:5796:5)
#409    Element.inflateWidget (package:flutter/src/widgets/framework.dart:4590:20)
#410    Element.updateChild (package:flutter/src/widgets/framework.dart:4059:18)
#411    ComponentElement.performRebuild (package:flutter/src/widgets/framework.dart:5844:16)
#412    StatefulElement.performRebuild (package:flutter/src/widgets/framework.dart:5985:11)
#413    Element.rebuild (package:flutter/src/widgets/framework.dart:5532:7)
#414    ComponentElement._firstBuild (package:flutter/src/widgets/framework.dart:5802:5)
#415    StatefulElement._firstBuild (package:flutter/src/widgets/framework.dart:5976:11)
#416    ComponentElement.mount (package:flutter/src/widgets/framework.dart:5796:5)
#417    Element.inflateWidget (package:flutter/src/widgets/framework.dart:4590:20)
#418    Element.updateChild (package:flutter/src/widgets/framework.dart:4059:18)
#419    SingleChildRenderObjectElement.mount (package:flutter/src/widgets/framework.dart:7118:14)
#420    Element.inflateWidget (package:flutter/src/widgets/framework.dart:4590:20)
#421    Element.updateChild (package:flutter/src/widgets/framework.dart:4059:18)
#422    ComponentElement.performRebuild (package:flutter/src/widgets/framework.dart:5844:16)
#423    Element.rebuild (package:flutter/src/widgets/framework.dart:5532:7)
#424    ComponentElement._firstBuild (package:flutter/src/widgets/framework.dart:5802:5)
#425    ComponentElement.mount (package:flutter/src/widgets/framework.dart:5796:5)
#426    Element.inflateWidget (package:flutter/src/widgets/framework.dart:4590:20)
#427    Element.updateChild (package:flutter/src/widgets/framework.dart:4059:18)
#428    ComponentElement.performRebuild (package:flutter/src/widgets/framework.dart:5844:16)
#429    Element.rebuild (package:flutter/src/widgets/framework.dart:5532:7)
#430    ComponentElement._firstBuild (package:flutter/src/widgets/framework.dart:5802:5)
#431    ComponentElement.mount (package:flutter/src/widgets/framework.dart:5796:5)
#432    Element.inflateWidget (package:flutter/src/widgets/framework.dart:4590:20)
#433    Element.updateChild (package:flutter/src/widgets/framework.dart:4059:18)
#434    ComponentElement.performRebuild (package:flutter/src/widgets/framework.dart:5844:16)
#435    Element.rebuild (package:flutter/src/widgets/framework.dart:5532:7)
#436    ComponentElement._firstBuild (package:flutter/src/widgets/framework.dart:5802:5)
#437    ComponentElement.mount (package:flutter/src/widgets/framework.dart:5796:5)
#438    Element.inflateWidget (package:flutter/src/widgets/framework.dart:4590:20)
#439    Element.updateChild (package:flutter/src/widgets/framework.dart:4059:18)
#440    ComponentElement.performRebuild (package:flutter/src/widgets/framework.dart:5844:16)
#441    StatefulElement.performRebuild (package:flutter/src/widgets/framework.dart:5985:11)
#442    Element.rebuild (package:flutter/src/widgets/framework.dart:5532:7)
#443    ComponentElement._firstBuild (package:flutter/src/widgets/framework.dart:5802:5)
#444    StatefulElement._firstBuild (package:flutter/src/widgets/framework.dart:5976:11)
#445    ComponentElement.mount (package:flutter/src/widgets/framework.dart:5796:5)
#446    Element.inflateWidget (package:flutter/src/widgets/framework.dart:4590:20)
#447    Element.updateChild (package:flutter/src/widgets/framework.dart:4059:18)
#448    ComponentElement.performRebuild (package:flutter/src/widgets/framework.dart:5844:16)
#449    StatefulElement.performRebuild (package:flutter/src/widgets/framework.dart:5985:11)
#450    Element.rebuild (package:flutter/src/widgets/framework.dart:5532:7)
#451    ComponentElement._firstBuild (package:flutter/src/widgets/framework.dart:5802:5)
#452    StatefulElement._firstBuild (package:flutter/src/widgets/framework.dart:5976:11)
#453    ComponentElement.mount (package:flutter/src/widgets/framework.dart:5796:5)
#454    Element.inflateWidget (package:flutter/src/widgets/framework.dart:4590:20)
#455    MultiChildRenderObjectElement.inflateWidget
(package:flutter/src/widgets/framework.dart:7269:36)
#456    MultiChildRenderObjectElement.mount (package:flutter/src/widgets/framework.dart:7285:32)
#457    Element.inflateWidget (package:flutter/src/widgets/framework.dart:4590:20)
#458    Element.updateChild (package:flutter/src/widgets/framework.dart:4059:18)
#459    ComponentElement.performRebuild (package:flutter/src/widgets/framework.dart:5844:16)
#460    StatefulElement.performRebuild (package:flutter/src/widgets/framework.dart:5985:11)
#461    Element.rebuild (package:flutter/src/widgets/framework.dart:5532:7)
#462    ComponentElement._firstBuild (package:flutter/src/widgets/framework.dart:5802:5)
#463    StatefulElement._firstBuild (package:flutter/src/widgets/framework.dart:5976:11)
#464    ComponentElement.mount (package:flutter/src/widgets/framework.dart:5796:5)
#465    Element.inflateWidget (package:flutter/src/widgets/framework.dart:4590:20)
#466    Element.updateChild (package:flutter/src/widgets/framework.dart:4059:18)
#467    ComponentElement.performRebuild (package:flutter/src/widgets/framework.dart:5844:16)
#468    Element.rebuild (package:flutter/src/widgets/framework.dart:5532:7)
#469    ComponentElement._firstBuild (package:flutter/src/widgets/framework.dart:5802:5)
#470    ComponentElement.mount (package:flutter/src/widgets/framework.dart:5796:5)
#471    Element.inflateWidget (package:flutter/src/widgets/framework.dart:4590:20)
#472    Element.updateChild (package:flutter/src/widgets/framework.dart:4059:18)
#473    ComponentElement.performRebuild (package:flutter/src/widgets/framework.dart:5844:16)
#474    Element.rebuild (package:flutter/src/widgets/framework.dart:5532:7)
#475    ComponentElement._firstBuild (package:flutter/src/widgets/framework.dart:5802:5)
#476    ComponentElement.mount (package:flutter/src/widgets/framework.dart:5796:5)
#477    Element.inflateWidget (package:flutter/src/widgets/framework.dart:4590:20)
#478    Element.updateChild (package:flutter/src/widgets/framework.dart:4059:18)
#479    ComponentElement.performRebuild (package:flutter/src/widgets/framework.dart:5844:16)
#480    StatefulElement.performRebuild (package:flutter/src/widgets/framework.dart:5985:11)
#481    Element.rebuild (package:flutter/src/widgets/framework.dart:5532:7)
#482    ComponentElement._firstBuild (package:flutter/src/widgets/framework.dart:5802:5)
#483    StatefulElement._firstBuild (package:flutter/src/widgets/framework.dart:5976:11)
#484    ComponentElement.mount (package:flutter/src/widgets/framework.dart:5796:5)
#485    Element.inflateWidget (package:flutter/src/widgets/framework.dart:4590:20)
#486    Element.updateChild (package:flutter/src/widgets/framework.dart:4059:18)
#487    ComponentElement.performRebuild (package:flutter/src/widgets/framework.dart:5844:16)
#488    Element.rebuild (package:flutter/src/widgets/framework.dart:5532:7)
#489    ComponentElement._firstBuild (package:flutter/src/widgets/framework.dart:5802:5)
#490    ComponentElement.mount (package:flutter/src/widgets/framework.dart:5796:5)
#491    Element.inflateWidget (package:flutter/src/widgets/framework.dart:4590:20)
#492    Element.updateChild (package:flutter/src/widgets/framework.dart:4059:18)
#493    ComponentElement.performRebuild (package:flutter/src/widgets/framework.dart:5844:16)
#494    StatefulElement.performRebuild (package:flutter/src/widgets/framework.dart:5985:11)
#495    Element.rebuild (package:flutter/src/widgets/framework.dart:5532:7)
#496    ComponentElement._firstBuild (package:flutter/src/widgets/framework.dart:5802:5)
#497    StatefulElement._firstBuild (package:flutter/src/widgets/framework.dart:5976:11)
#498    ComponentElement.mount (package:flutter/src/widgets/framework.dart:5796:5)
#499    Element.inflateWidget (package:flutter/src/widgets/framework.dart:4590:20)
#500    Element.updateChild (package:flutter/src/widgets/framework.dart:4059:18)
#501    ComponentElement.performRebuild (package:flutter/src/widgets/framework.dart:5844:16)
#502    StatefulElement.performRebuild (package:flutter/src/widgets/framework.dart:5985:11)
#503    Element.rebuild (package:flutter/src/widgets/framework.dart:5532:7)
#504    ComponentElement._firstBuild (package:flutter/src/widgets/framework.dart:5802:5)
#505    StatefulElement._firstBuild (package:flutter/src/widgets/framework.dart:5976:11)
#506    ComponentElement.mount (package:flutter/src/widgets/framework.dart:5796:5)
#507    Element.inflateWidget (package:flutter/src/widgets/framework.dart:4590:20)
#508    Element.updateChild (package:flutter/src/widgets/framework.dart:4059:18)
#509    SingleChildRenderObjectElement.mount (package:flutter/src/widgets/framework.dart:7118:14)
#510    Element.inflateWidget (package:flutter/src/widgets/framework.dart:4590:20)
#511    Element.updateChild (package:flutter/src/widgets/framework.dart:4059:18)
#512    SingleChildRenderObjectElement.mount (package:flutter/src/widgets/framework.dart:7118:14)
#513    Element.inflateWidget (package:flutter/src/widgets/framework.dart:4590:20)
#514    Element.updateChild (package:flutter/src/widgets/framework.dart:4059:18)
#515    ComponentElement.performRebuild (package:flutter/src/widgets/framework.dart:5844:16)
#516    Element.rebuild (package:flutter/src/widgets/framework.dart:5532:7)
#517    ComponentElement._firstBuild (package:flutter/src/widgets/framework.dart:5802:5)
#518    ComponentElement.mount (package:flutter/src/widgets/framework.dart:5796:5)
#519    Element.inflateWidget (package:flutter/src/widgets/framework.dart:4590:20)
#520    Element.updateChild (package:flutter/src/widgets/framework.dart:4059:18)
#521    ComponentElement.performRebuild (package:flutter/src/widgets/framework.dart:5844:16)
#522    Element.rebuild (package:flutter/src/widgets/framework.dart:5532:7)
#523    ComponentElement._firstBuild (package:flutter/src/widgets/framework.dart:5802:5)
#524    ComponentElement.mount (package:flutter/src/widgets/framework.dart:5796:5)
#525    Element.inflateWidget (package:flutter/src/widgets/framework.dart:4590:20)
#526    Element.updateChild (package:flutter/src/widgets/framework.dart:4059:18)
#527    ComponentElement.performRebuild (package:flutter/src/widgets/framework.dart:5844:16)
#528    StatefulElement.performRebuild (package:flutter/src/widgets/framework.dart:5985:11)
#529    Element.rebuild (package:flutter/src/widgets/framework.dart:5532:7)
#530    ComponentElement._firstBuild (package:flutter/src/widgets/framework.dart:5802:5)
#531    StatefulElement._firstBuild (package:flutter/src/widgets/framework.dart:5976:11)
#532    ComponentElement.mount (package:flutter/src/widgets/framework.dart:5796:5)
#533    Element.inflateWidget (package:flutter/src/widgets/framework.dart:4590:20)
#534    Element.updateChild (package:flutter/src/widgets/framework.dart:4059:18)
#535    ComponentElement.performRebuild (package:flutter/src/widgets/framework.dart:5844:16)
#536    Element.rebuild (package:flutter/src/widgets/framework.dart:5532:7)
#537    ComponentElement._firstBuild (package:flutter/src/widgets/framework.dart:5802:5)
#538    ComponentElement.mount (package:flutter/src/widgets/framework.dart:5796:5)
#539    Element.inflateWidget (package:flutter/src/widgets/framework.dart:4590:20)
#540    Element.updateChild (package:flutter/src/widgets/framework.dart:4059:18)
#541    SingleChildRenderObjectElement.mount (package:flutter/src/widgets/framework.dart:7118:14)
#542    Element.inflateWidget (package:flutter/src/widgets/framework.dart:4590:20)
#543    Element.updateChild (package:flutter/src/widgets/framework.dart:4059:18)
#544    ComponentElement.performRebuild (package:flutter/src/widgets/framework.dart:5844:16)
#545    StatefulElement.performRebuild (package:flutter/src/widgets/framework.dart:5985:11)
#546    Element.rebuild (package:flutter/src/widgets/framework.dart:5532:7)
#547    ComponentElement._firstBuild (package:flutter/src/widgets/framework.dart:5802:5)
#548    StatefulElement._firstBuild (package:flutter/src/widgets/framework.dart:5976:11)
#549    ComponentElement.mount (package:flutter/src/widgets/framework.dart:5796:5)
#550    Element.inflateWidget (package:flutter/src/widgets/framework.dart:4590:20)
#551    Element.updateChild (package:flutter/src/widgets/framework.dart:4059:18)
#552    ComponentElement.performRebuild (package:flutter/src/widgets/framework.dart:5844:16)
#553    Element.rebuild (package:flutter/src/widgets/framework.dart:5532:7)
#554    ComponentElement._firstBuild (package:flutter/src/widgets/framework.dart:5802:5)
#555    ComponentElement.mount (package:flutter/src/widgets/framework.dart:5796:5)
#556    Element.inflateWidget (package:flutter/src/widgets/framework.dart:4590:20)
#557    Element.updateChild (package:flutter/src/widgets/framework.dart:4059:18)
#558    ComponentElement.performRebuild (package:flutter/src/widgets/framework.dart:5844:16)
#559    Element.rebuild (package:flutter/src/widgets/framework.dart:5532:7)
#560    ComponentElement._firstBuild (package:flutter/src/widgets/framework.dart:5802:5)
#561    ComponentElement.mount (package:flutter/src/widgets/framework.dart:5796:5)
#562    Element.inflateWidget (package:flutter/src/widgets/framework.dart:4590:20)
#563    Element.updateChild (package:flutter/src/widgets/framework.dart:4059:18)
#564    ComponentElement.performRebuild (package:flutter/src/widgets/framework.dart:5844:16)
#565    StatefulElement.performRebuild (package:flutter/src/widgets/framework.dart:5985:11)
#566    Element.rebuild (package:flutter/src/widgets/framework.dart:5532:7)
#567    ComponentElement._firstBuild (package:flutter/src/widgets/framework.dart:5802:5)
#568    StatefulElement._firstBuild (package:flutter/src/widgets/framework.dart:5976:11)
#569    ComponentElement.mount (package:flutter/src/widgets/framework.dart:5796:5)
#570    Element.inflateWidget (package:flutter/src/widgets/framework.dart:4590:20)
#571    Element.updateChild (package:flutter/src/widgets/framework.dart:4059:18)
#572    ComponentElement.performRebuild (package:flutter/src/widgets/framework.dart:5844:16)
#573    Element.rebuild (package:flutter/src/widgets/framework.dart:5532:7)
#574    ComponentElement._firstBuild (package:flutter/src/widgets/framework.dart:5802:5)
#575    ComponentElement.mount (package:flutter/src/widgets/framework.dart:5796:5)
#576    Element.inflateWidget (package:flutter/src/widgets/framework.dart:4590:20)
#577    Element.updateChild (package:flutter/src/widgets/framework.dart:4059:18)
#578    ComponentElement.performRebuild (package:flutter/src/widgets/framework.dart:5844:16)
#579    Element.rebuild (package:flutter/src/widgets/framework.dart:5532:7)
#580    ComponentElement._firstBuild (package:flutter/src/widgets/framework.dart:5802:5)
#581    ComponentElement.mount (package:flutter/src/widgets/framework.dart:5796:5)
#582    Element.inflateWidget (package:flutter/src/widgets/framework.dart:4590:20)
#583    Element.updateChild (package:flutter/src/widgets/framework.dart:4059:18)
#584    ComponentElement.performRebuild (package:flutter/src/widgets/framework.dart:5844:16)
#585    Element.rebuild (package:flutter/src/widgets/framework.dart:5532:7)
#586    ComponentElement._firstBuild (package:flutter/src/widgets/framework.dart:5802:5)
#587    ComponentElement.mount (package:flutter/src/widgets/framework.dart:5796:5)
#588    Element.inflateWidget (package:flutter/src/widgets/framework.dart:4590:20)
#589    Element.updateChild (package:flutter/src/widgets/framework.dart:4059:18)
#590    ComponentElement.performRebuild (package:flutter/src/widgets/framework.dart:5844:16)
#591    Element.rebuild (package:flutter/src/widgets/framework.dart:5532:7)
#592    ComponentElement._firstBuild (package:flutter/src/widgets/framework.dart:5802:5)
#593    ComponentElement.mount (package:flutter/src/widgets/framework.dart:5796:5)
#594    Element.inflateWidget (package:flutter/src/widgets/framework.dart:4590:20)
#595    Element.updateChild (package:flutter/src/widgets/framework.dart:4059:18)
#596    ComponentElement.performRebuild (package:flutter/src/widgets/framework.dart:5844:16)
#597    Element.rebuild (package:flutter/src/widgets/framework.dart:5532:7)
#598    ComponentElement._firstBuild (package:flutter/src/widgets/framework.dart:5802:5)
#599    ComponentElement.mount (package:flutter/src/widgets/framework.dart:5796:5)
#600    Element.inflateWidget (package:flutter/src/widgets/framework.dart:4590:20)
#601    Element.updateChild (package:flutter/src/widgets/framework.dart:4059:18)
#602    ComponentElement.performRebuild (package:flutter/src/widgets/framework.dart:5844:16)
#603    Element.rebuild (package:flutter/src/widgets/framework.dart:5532:7)
#604    ComponentElement._firstBuild (package:flutter/src/widgets/framework.dart:5802:5)
#605    ComponentElement.mount (package:flutter/src/widgets/framework.dart:5796:5)
#606    Element.inflateWidget (package:flutter/src/widgets/framework.dart:4590:20)
#607    Element.updateChild (package:flutter/src/widgets/framework.dart:4059:18)
#608    ComponentElement.performRebuild (package:flutter/src/widgets/framework.dart:5844:16)
#609    Element.rebuild (package:flutter/src/widgets/framework.dart:5532:7)
#610    ComponentElement._firstBuild (package:flutter/src/widgets/framework.dart:5802:5)
#611    ComponentElement.mount (package:flutter/src/widgets/framework.dart:5796:5)
#612    Element.inflateWidget (package:flutter/src/widgets/framework.dart:4590:20)
#613    Element.updateChild (package:flutter/src/widgets/framework.dart:4059:18)
#614    ComponentElement.performRebuild (package:flutter/src/widgets/framework.dart:5844:16)
#615    StatefulElement.performRebuild (package:flutter/src/widgets/framework.dart:5985:11)
#616    Element.rebuild (package:flutter/src/widgets/framework.dart:5532:7)
#617    ComponentElement._firstBuild (package:flutter/src/widgets/framework.dart:5802:5)
#618    StatefulElement._firstBuild (package:flutter/src/widgets/framework.dart:5976:11)
#619    ComponentElement.mount (package:flutter/src/widgets/framework.dart:5796:5)
#620    Element.inflateWidget (package:flutter/src/widgets/framework.dart:4590:20)
#621    Element.updateChild (package:flutter/src/widgets/framework.dart:4059:18)
#622    ComponentElement.performRebuild (package:flutter/src/widgets/framework.dart:5844:16)
#623    Element.rebuild (package:flutter/src/widgets/framework.dart:5532:7)
#624    ComponentElement._firstBuild (package:flutter/src/widgets/framework.dart:5802:5)
#625    ComponentElement.mount (package:flutter/src/widgets/framework.dart:5796:5)
#626    Element.inflateWidget (package:flutter/src/widgets/framework.dart:4590:20)
#627    Element.updateChild (package:flutter/src/widgets/framework.dart:4059:18)
#628    ComponentElement.performRebuild (package:flutter/src/widgets/framework.dart:5844:16)
#629    Element.rebuild (package:flutter/src/widgets/framework.dart:5532:7)
#630    ComponentElement._firstBuild (package:flutter/src/widgets/framework.dart:5802:5)
#631    ComponentElement.mount (package:flutter/src/widgets/framework.dart:5796:5)
#632    Element.inflateWidget (package:flutter/src/widgets/framework.dart:4590:20)
#633    Element.updateChild (package:flutter/src/widgets/framework.dart:4059:18)
#634    ComponentElement.performRebuild (package:flutter/src/widgets/framework.dart:5844:16)
#635    StatefulElement.performRebuild (package:flutter/src/widgets/framework.dart:5985:11)
#636    Element.rebuild (package:flutter/src/widgets/framework.dart:5532:7)
#637    ComponentElement._firstBuild (package:flutter/src/widgets/framework.dart:5802:5)
#638    StatefulElement._firstBuild (package:flutter/src/widgets/framework.dart:5976:11)
#639    ComponentElement.mount (package:flutter/src/widgets/framework.dart:5796:5)
#640    Element.inflateWidget (package:flutter/src/widgets/framework.dart:4590:20)
#641    Element.updateChild (package:flutter/src/widgets/framework.dart:4059:18)
#642    SingleChildRenderObjectElement.mount (package:flutter/src/widgets/framework.dart:7118:14)
#643    Element.inflateWidget (package:flutter/src/widgets/framework.dart:4590:20)
#644    Element.updateChild (package:flutter/src/widgets/framework.dart:4059:18)
#645    ComponentElement.performRebuild (package:flutter/src/widgets/framework.dart:5844:16)
#646    StatefulElement.performRebuild (package:flutter/src/widgets/framework.dart:5985:11)
#647    Element.rebuild (package:flutter/src/widgets/framework.dart:5532:7)
#648    ComponentElement._firstBuild (package:flutter/src/widgets/framework.dart:5802:5)
#649    StatefulElement._firstBuild (package:flutter/src/widgets/framework.dart:5976:11)
#650    ComponentElement.mount (package:flutter/src/widgets/framework.dart:5796:5)
#651    Element.inflateWidget (package:flutter/src/widgets/framework.dart:4590:20)
#652    Element.updateChild (package:flutter/src/widgets/framework.dart:4059:18)
#653    ComponentElement.performRebuild (package:flutter/src/widgets/framework.dart:5844:16)
#654    Element.rebuild (package:flutter/src/widgets/framework.dart:5532:7)
#655    ComponentElement._firstBuild (package:flutter/src/widgets/framework.dart:5802:5)
#656    ComponentElement.mount (package:flutter/src/widgets/framework.dart:5796:5)
#657    Element.inflateWidget (package:flutter/src/widgets/framework.dart:4590:20)
#658    Element.updateChild (package:flutter/src/widgets/framework.dart:4059:18)
#659    ComponentElement.performRebuild (package:flutter/src/widgets/framework.dart:5844:16)
#660    Element.rebuild (package:flutter/src/widgets/framework.dart:5532:7)
#661    ComponentElement._firstBuild (package:flutter/src/widgets/framework.dart:5802:5)
#662    ComponentElement.mount (package:flutter/src/widgets/framework.dart:5796:5)
#663    Element.inflateWidget (package:flutter/src/widgets/framework.dart:4590:20)
#664    Element.updateChild (package:flutter/src/widgets/framework.dart:4059:18)
#665    ComponentElement.performRebuild (package:flutter/src/widgets/framework.dart:5844:16)
#666    Element.rebuild (package:flutter/src/widgets/framework.dart:5532:7)
#667    ComponentElement._firstBuild (package:flutter/src/widgets/framework.dart:5802:5)
#668    ComponentElement.mount (package:flutter/src/widgets/framework.dart:5796:5)
#669    Element.inflateWidget (package:flutter/src/widgets/framework.dart:4590:20)
#670    Element.updateChild (package:flutter/src/widgets/framework.dart:4059:18)
#671    ComponentElement.performRebuild (package:flutter/src/widgets/framework.dart:5844:16)
#672    Element.rebuild (package:flutter/src/widgets/framework.dart:5532:7)
#673    ComponentElement._firstBuild (package:flutter/src/widgets/framework.dart:5802:5)
#674    ComponentElement.mount (package:flutter/src/widgets/framework.dart:5796:5)
#675    Element.inflateWidget (package:flutter/src/widgets/framework.dart:4590:20)
#676    Element.updateChild (package:flutter/src/widgets/framework.dart:4059:18)
#677    SingleChildRenderObjectElement.mount (package:flutter/src/widgets/framework.dart:7118:14)
#678    Element.inflateWidget (package:flutter/src/widgets/framework.dart:4590:20)
#679    Element.updateChild (package:flutter/src/widgets/framework.dart:4059:18)
#680    ComponentElement.performRebuild (package:flutter/src/widgets/framework.dart:5844:16)
#681    StatefulElement.performRebuild (package:flutter/src/widgets/framework.dart:5985:11)
#682    Element.rebuild (package:flutter/src/widgets/framework.dart:5532:7)
#683    ComponentElement._firstBuild (package:flutter/src/widgets/framework.dart:5802:5)
#684    StatefulElement._firstBuild (package:flutter/src/widgets/framework.dart:5976:11)
#685    ComponentElement.mount (package:flutter/src/widgets/framework.dart:5796:5)
#686    Element.inflateWidget (package:flutter/src/widgets/framework.dart:4590:20)
#687    Element.updateChild (package:flutter/src/widgets/framework.dart:4059:18)
#688    ComponentElement.performRebuild (package:flutter/src/widgets/framework.dart:5844:16)
#689    StatefulElement.performRebuild (package:flutter/src/widgets/framework.dart:5985:11)
#690    Element.rebuild (package:flutter/src/widgets/framework.dart:5532:7)
#691    ComponentElement._firstBuild (package:flutter/src/widgets/framework.dart:5802:5)
#692    StatefulElement._firstBuild (package:flutter/src/widgets/framework.dart:5976:11)
#693    ComponentElement.mount (package:flutter/src/widgets/framework.dart:5796:5)
#694    Element.inflateWidget (package:flutter/src/widgets/framework.dart:4590:20)
#695    Element.updateChild (package:flutter/src/widgets/framework.dart:4059:18)
#696    SingleChildRenderObjectElement.mount (package:flutter/src/widgets/framework.dart:7118:14)
#697    Element.inflateWidget (package:flutter/src/widgets/framework.dart:4590:20)
#698    Element.updateChild (package:flutter/src/widgets/framework.dart:4059:18)
#699    ComponentElement.performRebuild (package:flutter/src/widgets/framework.dart:5844:16)
#700    Element.rebuild (package:flutter/src/widgets/framework.dart:5532:7)
#701    ComponentElement._firstBuild (package:flutter/src/widgets/framework.dart:5802:5)
#702    ComponentElement.mount (package:flutter/src/widgets/framework.dart:5796:5)
#703    Element.inflateWidget (package:flutter/src/widgets/framework.dart:4590:20)
#704    Element.updateChild (package:flutter/src/widgets/framework.dart:4059:18)
#705    ComponentElement.performRebuild (package:flutter/src/widgets/framework.dart:5844:16)
#706    StatefulElement.performRebuild (package:flutter/src/widgets/framework.dart:5985:11)
#707    Element.rebuild (package:flutter/src/widgets/framework.dart:5532:7)
#708    ComponentElement._firstBuild (package:flutter/src/widgets/framework.dart:5802:5)
#709    StatefulElement._firstBuild (package:flutter/src/widgets/framework.dart:5976:11)
#710    ComponentElement.mount (package:flutter/src/widgets/framework.dart:5796:5)
#711    Element.inflateWidget (package:flutter/src/widgets/framework.dart:4590:20)
#712    Element.updateChild (package:flutter/src/widgets/framework.dart:4059:18)
#713    ComponentElement.performRebuild (package:flutter/src/widgets/framework.dart:5844:16)
#714    StatefulElement.performRebuild (package:flutter/src/widgets/framework.dart:5985:11)
#715    Element.rebuild (package:flutter/src/widgets/framework.dart:5532:7)
#716    ComponentElement._firstBuild (package:flutter/src/widgets/framework.dart:5802:5)
#717    StatefulElement._firstBuild (package:flutter/src/widgets/framework.dart:5976:11)
#718    ComponentElement.mount (package:flutter/src/widgets/framework.dart:5796:5)
#719    Element.inflateWidget (package:flutter/src/widgets/framework.dart:4590:20)
#720    Element.updateChild (package:flutter/src/widgets/framework.dart:4059:18)
#721    ComponentElement.performRebuild (package:flutter/src/widgets/framework.dart:5844:16)
#722    Element.rebuild (package:flutter/src/widgets/framework.dart:5532:7)
#723    ComponentElement._firstBuild (package:flutter/src/widgets/framework.dart:5802:5)
#724    ComponentElement.mount (package:flutter/src/widgets/framework.dart:5796:5)
#725    Element.inflateWidget (package:flutter/src/widgets/framework.dart:4590:20)
#726    Element.updateChild (package:flutter/src/widgets/framework.dart:4059:18)
#727    ComponentElement.performRebuild (package:flutter/src/widgets/framework.dart:5844:16)
#728    StatefulElement.performRebuild (package:flutter/src/widgets/framework.dart:5985:11)
#729    Element.rebuild (package:flutter/src/widgets/framework.dart:5532:7)
#730    ComponentElement._firstBuild (package:flutter/src/widgets/framework.dart:5802:5)
#731    StatefulElement._firstBuild (package:flutter/src/widgets/framework.dart:5976:11)
#732    ComponentElement.mount (package:flutter/src/widgets/framework.dart:5796:5)
#733    Element.inflateWidget (package:flutter/src/widgets/framework.dart:4590:20)
#734    Element.updateChild (package:flutter/src/widgets/framework.dart:4059:18)
#735    SingleChildRenderObjectElement.mount (package:flutter/src/widgets/framework.dart:7118:14)
#736    Element.inflateWidget (package:flutter/src/widgets/framework.dart:4590:20)
#737    Element.updateChild (package:flutter/src/widgets/framework.dart:4059:18)
#738    ComponentElement.performRebuild (package:flutter/src/widgets/framework.dart:5844:16)
#739    Element.rebuild (package:flutter/src/widgets/framework.dart:5532:7)
#740    ComponentElement._firstBuild (package:flutter/src/widgets/framework.dart:5802:5)
#741    ComponentElement.mount (package:flutter/src/widgets/framework.dart:5796:5)
#742    Element.inflateWidget (package:flutter/src/widgets/framework.dart:4590:20)
#743    Element.updateChild (package:flutter/src/widgets/framework.dart:4059:18)
#744    ComponentElement.performRebuild (package:flutter/src/widgets/framework.dart:5844:16)
#745    StatefulElement.performRebuild (package:flutter/src/widgets/framework.dart:5985:11)
#746    Element.rebuild (package:flutter/src/widgets/framework.dart:5532:7)
#747    ComponentElement._firstBuild (package:flutter/src/widgets/framework.dart:5802:5)
#748    StatefulElement._firstBuild (package:flutter/src/widgets/framework.dart:5976:11)
#749    ComponentElement.mount (package:flutter/src/widgets/framework.dart:5796:5)
#750    Element.inflateWidget (package:flutter/src/widgets/framework.dart:4590:20)
#751    Element.updateChild (package:flutter/src/widgets/framework.dart:4059:18)
#752    ComponentElement.performRebuild (package:flutter/src/widgets/framework.dart:5844:16)
#753    StatefulElement.performRebuild (package:flutter/src/widgets/framework.dart:5985:11)
#754    Element.rebuild (package:flutter/src/widgets/framework.dart:5532:7)
#755    ComponentElement._firstBuild (package:flutter/src/widgets/framework.dart:5802:5)
#756    StatefulElement._firstBuild (package:flutter/src/widgets/framework.dart:5976:11)
#757    ComponentElement.mount (package:flutter/src/widgets/framework.dart:5796:5)
#758    Element.inflateWidget (package:flutter/src/widgets/framework.dart:4590:20)
#759    Element.updateChild (package:flutter/src/widgets/framework.dart:4059:18)
#760    ComponentElement.performRebuild (package:flutter/src/widgets/framework.dart:5844:16)
#761    Element.rebuild (package:flutter/src/widgets/framework.dart:5532:7)
#762    ComponentElement._firstBuild (package:flutter/src/widgets/framework.dart:5802:5)
#763    ComponentElement.mount (package:flutter/src/widgets/framework.dart:5796:5)
#764    Element.inflateWidget (package:flutter/src/widgets/framework.dart:4590:20)
#765    Element.updateChild (package:flutter/src/widgets/framework.dart:4059:18)
#766    ComponentElement.performRebuild (package:flutter/src/widgets/framework.dart:5844:16)
#767    StatefulElement.performRebuild (package:flutter/src/widgets/framework.dart:5985:11)
#768    Element.rebuild (package:flutter/src/widgets/framework.dart:5532:7)
#769    ComponentElement._firstBuild (package:flutter/src/widgets/framework.dart:5802:5)
#770    StatefulElement._firstBuild (package:flutter/src/widgets/framework.dart:5976:11)
#771    ComponentElement.mount (package:flutter/src/widgets/framework.dart:5796:5)
#772    Element.inflateWidget (package:flutter/src/widgets/framework.dart:4590:20)
#773    Element.updateChild (package:flutter/src/widgets/framework.dart:4059:18)
#774    SingleChildRenderObjectElement.mount (package:flutter/src/widgets/framework.dart:7118:14)
#775    Element.inflateWidget (package:flutter/src/widgets/framework.dart:4590:20)
#776    Element.updateChild (package:flutter/src/widgets/framework.dart:4059:18)
#777    ComponentElement.performRebuild (package:flutter/src/widgets/framework.dart:5844:16)
#778    Element.rebuild (package:flutter/src/widgets/framework.dart:5532:7)
#779    ComponentElement._firstBuild (package:flutter/src/widgets/framework.dart:5802:5)
#780    ComponentElement.mount (package:flutter/src/widgets/framework.dart:5796:5)
#781    Element.inflateWidget (package:flutter/src/widgets/framework.dart:4590:20)
#782    Element.updateChild (package:flutter/src/widgets/framework.dart:4059:18)
#783    ComponentElement.performRebuild (package:flutter/src/widgets/framework.dart:5844:16)
#784    StatefulElement.performRebuild (package:flutter/src/widgets/framework.dart:5985:11)
#785    Element.rebuild (package:flutter/src/widgets/framework.dart:5532:7)
#786    ComponentElement._firstBuild (package:flutter/src/widgets/framework.dart:5802:5)
#787    StatefulElement._firstBuild (package:flutter/src/widgets/framework.dart:5976:11)
#788    ComponentElement.mount (package:flutter/src/widgets/framework.dart:5796:5)
#789    Element.inflateWidget (package:flutter/src/widgets/framework.dart:4590:20)
#790    Element.updateChild (package:flutter/src/widgets/framework.dart:4059:18)
#791    ComponentElement.performRebuild (package:flutter/src/widgets/framework.dart:5844:16)
#792    StatefulElement.performRebuild (package:flutter/src/widgets/framework.dart:5985:11)
#793    Element.rebuild (package:flutter/src/widgets/framework.dart:5532:7)
#794    ComponentElement._firstBuild (package:flutter/src/widgets/framework.dart:5802:5)
#795    StatefulElement._firstBuild (package:flutter/src/widgets/framework.dart:5976:11)
#796    ComponentElement.mount (package:flutter/src/widgets/framework.dart:5796:5)
#797    Element.inflateWidget (package:flutter/src/widgets/framework.dart:4590:20)
#798    Element.updateChild (package:flutter/src/widgets/framework.dart:4059:18)
#799    ComponentElement.performRebuild (package:flutter/src/widgets/framework.dart:5844:16)
#800    Element.rebuild (package:flutter/src/widgets/framework.dart:5532:7)
#801    ComponentElement._firstBuild (package:flutter/src/widgets/framework.dart:5802:5)
#802    ComponentElement.mount (package:flutter/src/widgets/framework.dart:5796:5)
#803    Element.inflateWidget (package:flutter/src/widgets/framework.dart:4590:20)
#804    Element.updateChild (package:flutter/src/widgets/framework.dart:4059:18)
#805    SingleChildRenderObjectElement.mount (package:flutter/src/widgets/framework.dart:7118:14)
#806    Element.inflateWidget (package:flutter/src/widgets/framework.dart:4590:20)
#807    Element.updateChild (package:flutter/src/widgets/framework.dart:4059:18)
#808    ComponentElement.performRebuild (package:flutter/src/widgets/framework.dart:5844:16)
#809    Element.rebuild (package:flutter/src/widgets/framework.dart:5532:7)
#810    ComponentElement._firstBuild (package:flutter/src/widgets/framework.dart:5802:5)
#811    ComponentElement.mount (package:flutter/src/widgets/framework.dart:5796:5)
#812    Element.inflateWidget (package:flutter/src/widgets/framework.dart:4590:20)
#813    Element.updateChild (package:flutter/src/widgets/framework.dart:4059:18)
#814    ComponentElement.performRebuild (package:flutter/src/widgets/framework.dart:5844:16)
#815    StatefulElement.performRebuild (package:flutter/src/widgets/framework.dart:5985:11)
#816    Element.rebuild (package:flutter/src/widgets/framework.dart:5532:7)
#817    ComponentElement._firstBuild (package:flutter/src/widgets/framework.dart:5802:5)
#818    StatefulElement._firstBuild (package:flutter/src/widgets/framework.dart:5976:11)
#819    ComponentElement.mount (package:flutter/src/widgets/framework.dart:5796:5)
#820    Element.inflateWidget (package:flutter/src/widgets/framework.dart:4590:20)
#821    Element.updateChild (package:flutter/src/widgets/framework.dart:4059:18)
#822    ComponentElement.performRebuild (package:flutter/src/widgets/framework.dart:5844:16)
#823    StatefulElement.performRebuild (package:flutter/src/widgets/framework.dart:5985:11)
#824    Element.rebuild (package:flutter/src/widgets/framework.dart:5532:7)
#825    ComponentElement._firstBuild (package:flutter/src/widgets/framework.dart:5802:5)
#826    StatefulElement._firstBuild (package:flutter/src/widgets/framework.dart:5976:11)
#827    ComponentElement.mount (package:flutter/src/widgets/framework.dart:5796:5)
#828    Element.inflateWidget (package:flutter/src/widgets/framework.dart:4590:20)
#829    Element.updateChild (package:flutter/src/widgets/framework.dart:4059:18)
#830    ComponentElement.performRebuild (package:flutter/src/widgets/framework.dart:5844:16)
#831    Element.rebuild (package:flutter/src/widgets/framework.dart:5532:7)
#832    ComponentElement._firstBuild (package:flutter/src/widgets/framework.dart:5802:5)
#833    ComponentElement.mount (package:flutter/src/widgets/framework.dart:5796:5)
#834    Element.inflateWidget (package:flutter/src/widgets/framework.dart:4590:20)
#835    Element.updateChild (package:flutter/src/widgets/framework.dart:4059:18)
#836    ComponentElement.performRebuild (package:flutter/src/widgets/framework.dart:5844:16)
#837    Element.rebuild (package:flutter/src/widgets/framework.dart:5532:7)
#838    ComponentElement._firstBuild (package:flutter/src/widgets/framework.dart:5802:5)
#839    ComponentElement.mount (package:flutter/src/widgets/framework.dart:5796:5)
#840    Element.inflateWidget (package:flutter/src/widgets/framework.dart:4590:20)
#841    Element.updateChild (package:flutter/src/widgets/framework.dart:4059:18)
#842    ComponentElement.performRebuild (package:flutter/src/widgets/framework.dart:5844:16)
#843    StatefulElement.performRebuild (package:flutter/src/widgets/framework.dart:5985:11)
#844    Element.rebuild (package:flutter/src/widgets/framework.dart:5532:7)
#845    ComponentElement._firstBuild (package:flutter/src/widgets/framework.dart:5802:5)
#846    StatefulElement._firstBuild (package:flutter/src/widgets/framework.dart:5976:11)
#847    ComponentElement.mount (package:flutter/src/widgets/framework.dart:5796:5)
#848    Element.inflateWidget (package:flutter/src/widgets/framework.dart:4590:20)
#849    Element.updateChild (package:flutter/src/widgets/framework.dart:4059:18)
#850    ComponentElement.performRebuild (package:flutter/src/widgets/framework.dart:5844:16)
#851    Element.rebuild (package:flutter/src/widgets/framework.dart:5532:7)
#852    ComponentElement._firstBuild (package:flutter/src/widgets/framework.dart:5802:5)
#853    ComponentElement.mount (package:flutter/src/widgets/framework.dart:5796:5)
#854    Element.inflateWidget (package:flutter/src/widgets/framework.dart:4590:20)
#855    Element.updateChild (package:flutter/src/widgets/framework.dart:4059:18)
#856    ComponentElement.performRebuild (package:flutter/src/widgets/framework.dart:5844:16)
#857    StatefulElement.performRebuild (package:flutter/src/widgets/framework.dart:5985:11)
#858    Element.rebuild (package:flutter/src/widgets/framework.dart:5532:7)
#859    ComponentElement._firstBuild (package:flutter/src/widgets/framework.dart:5802:5)
#860    StatefulElement._firstBuild (package:flutter/src/widgets/framework.dart:5976:11)
#861    ComponentElement.mount (package:flutter/src/widgets/framework.dart:5796:5)
#862    Element.inflateWidget (package:flutter/src/widgets/framework.dart:4590:20)
#863    Element.updateChild (package:flutter/src/widgets/framework.dart:4059:18)
#864    ComponentElement.performRebuild (package:flutter/src/widgets/framework.dart:5844:16)
#865    Element.rebuild (package:flutter/src/widgets/framework.dart:5532:7)
#866    ComponentElement._firstBuild (package:flutter/src/widgets/framework.dart:5802:5)
#867    ComponentElement.mount (package:flutter/src/widgets/framework.dart:5796:5)
#868    Element.inflateWidget (package:flutter/src/widgets/framework.dart:4590:20)
#869    Element.updateChild (package:flutter/src/widgets/framework.dart:4059:18)
#870    ComponentElement.performRebuild (package:flutter/src/widgets/framework.dart:5844:16)
#871    StatefulElement.performRebuild (package:flutter/src/widgets/framework.dart:5985:11)
#872    Element.rebuild (package:flutter/src/widgets/framework.dart:5532:7)
#873    ComponentElement._firstBuild (package:flutter/src/widgets/framework.dart:5802:5)
#874    StatefulElement._firstBuild (package:flutter/src/widgets/framework.dart:5976:11)
#875    ComponentElement.mount (package:flutter/src/widgets/framework.dart:5796:5)
#876    Element.inflateWidget (package:flutter/src/widgets/framework.dart:4590:20)
#877    Element.updateChild (package:flutter/src/widgets/framework.dart:4059:18)
#878    ComponentElement.performRebuild (package:flutter/src/widgets/framework.dart:5844:16)
#879    StatefulElement.performRebuild (package:flutter/src/widgets/framework.dart:5985:11)
#880    Element.rebuild (package:flutter/src/widgets/framework.dart:5532:7)
#881    ComponentElement._firstBuild (package:flutter/src/widgets/framework.dart:5802:5)
#882    StatefulElement._firstBuild (package:flutter/src/widgets/framework.dart:5976:11)
#883    ComponentElement.mount (package:flutter/src/widgets/framework.dart:5796:5)
#884    Element.inflateWidget (package:flutter/src/widgets/framework.dart:4590:20)
#885    Element.updateChild (package:flutter/src/widgets/framework.dart:4059:18)
#886    SingleChildRenderObjectElement.mount (package:flutter/src/widgets/framework.dart:7118:14)
#887    Element.inflateWidget (package:flutter/src/widgets/framework.dart:4590:20)
#888    Element.updateChild (package:flutter/src/widgets/framework.dart:4059:18)
#889    ComponentElement.performRebuild (package:flutter/src/widgets/framework.dart:5844:16)
#890    Element.rebuild (package:flutter/src/widgets/framework.dart:5532:7)
#891    ComponentElement._firstBuild (package:flutter/src/widgets/framework.dart:5802:5)
#892    ComponentElement.mount (package:flutter/src/widgets/framework.dart:5796:5)
#893    Element.inflateWidget (package:flutter/src/widgets/framework.dart:4590:20)
#894    Element.updateChild (package:flutter/src/widgets/framework.dart:4059:18)
#895    ComponentElement.performRebuild (package:flutter/src/widgets/framework.dart:5844:16)
#896    StatefulElement.performRebuild (package:flutter/src/widgets/framework.dart:5985:11)
#897    Element.rebuild (package:flutter/src/widgets/framework.dart:5532:7)
#898    ComponentElement._firstBuild (package:flutter/src/widgets/framework.dart:5802:5)
#899    StatefulElement._firstBuild (package:flutter/src/widgets/framework.dart:5976:11)
#900    ComponentElement.mount (package:flutter/src/widgets/framework.dart:5796:5)
#901    Element.inflateWidget (package:flutter/src/widgets/framework.dart:4590:20)
#902    Element.updateChild (package:flutter/src/widgets/framework.dart:4059:18)
#903    ComponentElement.performRebuild (package:flutter/src/widgets/framework.dart:5844:16)
#904    Element.rebuild (package:flutter/src/widgets/framework.dart:5532:7)
#905    ComponentElement._firstBuild (package:flutter/src/widgets/framework.dart:5802:5)
#906    ComponentElement.mount (package:flutter/src/widgets/framework.dart:5796:5)
#907    Element.inflateWidget (package:flutter/src/widgets/framework.dart:4590:20)
#908    Element.updateChild (package:flutter/src/widgets/framework.dart:4059:18)
#909    ComponentElement.performRebuild (package:flutter/src/widgets/framework.dart:5844:16)
#910    Element.rebuild (package:flutter/src/widgets/framework.dart:5532:7)
#911    ComponentElement._firstBuild (package:flutter/src/widgets/framework.dart:5802:5)
#912    ComponentElement.mount (package:flutter/src/widgets/framework.dart:5796:5)
#913    Element.inflateWidget (package:flutter/src/widgets/framework.dart:4590:20)
#914    Element.updateChild (package:flutter/src/widgets/framework.dart:4059:18)
#915    ComponentElement.performRebuild (package:flutter/src/widgets/framework.dart:5844:16)
#916    StatefulElement.performRebuild (package:flutter/src/widgets/framework.dart:5985:11)
#917    Element.rebuild (package:flutter/src/widgets/framework.dart:5532:7)
#918    ComponentElement._firstBuild (package:flutter/src/widgets/framework.dart:5802:5)
#919    StatefulElement._firstBuild (package:flutter/src/widgets/framework.dart:5976:11)
#920    ComponentElement.mount (package:flutter/src/widgets/framework.dart:5796:5)
#921    Element.inflateWidget (package:flutter/src/widgets/framework.dart:4590:20)
#922    Element.updateChild (package:flutter/src/widgets/framework.dart:4053:20)
#923    ComponentElement.performRebuild (package:flutter/src/widgets/framework.dart:5844:16)
#924    Element.rebuild (package:flutter/src/widgets/framework.dart:5532:7)
#925    ProxyElement.update (package:flutter/src/widgets/framework.dart:6152:5)
#926    _InheritedNotifierElement.update
(package:flutter/src/widgets/inherited_notifier.dart:108:11)
#927    Element.updateChild (package:flutter/src/widgets/framework.dart:4037:15)
#928    ComponentElement.performRebuild (package:flutter/src/widgets/framework.dart:5844:16)
#929    StatefulElement.performRebuild (package:flutter/src/widgets/framework.dart:5985:11)
#930    Element.rebuild (package:flutter/src/widgets/framework.dart:5532:7)
#931    StatefulElement.update (package:flutter/src/widgets/framework.dart:6010:5)
#932    Element.updateChild (package:flutter/src/widgets/framework.dart:4037:15)
#933    ComponentElement.performRebuild (package:flutter/src/widgets/framework.dart:5844:16)
#934    Element.rebuild (package:flutter/src/widgets/framework.dart:5532:7)
#935    ProxyElement.update (package:flutter/src/widgets/framework.dart:6152:5)
#936    _InheritedNotifierElement.update
(package:flutter/src/widgets/inherited_notifier.dart:108:11)
#937    Element.updateChild (package:flutter/src/widgets/framework.dart:4037:15)
#938    ComponentElement.performRebuild (package:flutter/src/widgets/framework.dart:5844:16)
#939    StatefulElement.performRebuild (package:flutter/src/widgets/framework.dart:5985:11)
#940    Element.rebuild (package:flutter/src/widgets/framework.dart:5532:7)
#941    StatefulElement.update (package:flutter/src/widgets/framework.dart:6010:5)
#942    Element.updateChild (package:flutter/src/widgets/framework.dart:4037:15)
#943    ComponentElement.performRebuild (package:flutter/src/widgets/framework.dart:5844:16)
#944    StatefulElement.performRebuild (package:flutter/src/widgets/framework.dart:5985:11)
#945    Element.rebuild (package:flutter/src/widgets/framework.dart:5532:7)
#946    StatefulElement.update (package:flutter/src/widgets/framework.dart:6010:5)
#947    Element.updateChild (package:flutter/src/widgets/framework.dart:4037:15)
#948    ComponentElement.performRebuild (package:flutter/src/widgets/framework.dart:5844:16)
#949    Element.rebuild (package:flutter/src/widgets/framework.dart:5532:7)
#950    ProxyElement.update (package:flutter/src/widgets/framework.dart:6152:5)
#951    Element.updateChild (package:flutter/src/widgets/framework.dart:4037:15)
#952    ComponentElement.performRebuild (package:flutter/src/widgets/framework.dart:5844:16)
#953    StatefulElement.performRebuild (package:flutter/src/widgets/framework.dart:5985:11)
#954    Element.rebuild (package:flutter/src/widgets/framework.dart:5532:7)
#955    StatefulElement.update (package:flutter/src/widgets/framework.dart:6010:5)
#956    Element.updateChild (package:flutter/src/widgets/framework.dart:4037:15)
#957    ComponentElement.performRebuild (package:flutter/src/widgets/framework.dart:5844:16)
#958    Element.rebuild (package:flutter/src/widgets/framework.dart:5532:7)
#959    ProxyElement.update (package:flutter/src/widgets/framework.dart:6152:5)
#960    Element.updateChild (package:flutter/src/widgets/framework.dart:4037:15)
#961    ComponentElement.performRebuild (package:flutter/src/widgets/framework.dart:5844:16)
#962    Element.rebuild (package:flutter/src/widgets/framework.dart:5532:7)
#963    ProxyElement.update (package:flutter/src/widgets/framework.dart:6152:5)
#964    Element.updateChild (package:flutter/src/widgets/framework.dart:4037:15)
#965    _RawViewElement._updateChild (package:flutter/src/widgets/view.dart:481:16)
#966    _RawViewElement.update (package:flutter/src/widgets/view.dart:568:5)
#967    Element.updateChild (package:flutter/src/widgets/framework.dart:4037:15)
#968    ComponentElement.performRebuild (package:flutter/src/widgets/framework.dart:5844:16)
#969    Element.rebuild (package:flutter/src/widgets/framework.dart:5532:7)
#970    StatelessElement.update (package:flutter/src/widgets/framework.dart:5898:5)
#971    Element.updateChild (package:flutter/src/widgets/framework.dart:4037:15)
#972    ComponentElement.performRebuild (package:flutter/src/widgets/framework.dart:5844:16)
#973    StatefulElement.performRebuild (package:flutter/src/widgets/framework.dart:5985:11)
#974    Element.rebuild (package:flutter/src/widgets/framework.dart:5532:7)
#975    StatefulElement.update (package:flutter/src/widgets/framework.dart:6010:5)
#976    Element.updateChild (package:flutter/src/widgets/framework.dart:4037:15)
#977    RootElement._rebuild (package:flutter/src/widgets/binding.dart:1782:16)
#978    RootElement.update (package:flutter/src/widgets/binding.dart:1760:5)
#979    RootElement.performRebuild (package:flutter/src/widgets/binding.dart:1774:7)
#980    Element.rebuild (package:flutter/src/widgets/framework.dart:5532:7)
#981    BuildScope._tryRebuild (package:flutter/src/widgets/framework.dart:2750:15)
#982    BuildScope._flushDirtyElements (package:flutter/src/widgets/framework.dart:2807:11)
#983    BuildOwner.buildScope (package:flutter/src/widgets/framework.dart:3111:18)
#984    AutomatedTestWidgetsFlutterBinding.drawFrame (package:flutter_test/src/binding.dart:1506:19)
#985    RendererBinding._handlePersistentFrameCallback
(package:flutter/src/rendering/binding.dart:495:5)
#986    SchedulerBinding._invokeFrameCallback (package:flutter/src/scheduler/binding.dart:1434:15)
#987    SchedulerBinding.handleDrawFrame (package:flutter/src/scheduler/binding.dart:1347:9)
#988    AutomatedTestWidgetsFlutterBinding.pump.<anonymous closure>
(package:flutter_test/src/binding.dart:1335:9)
#989    _rootRun (dart:async/zone.dart:1525:13)
#990    _CustomZone.run (dart:async/zone.dart:1422:19)
#991    TestAsyncUtils.guard (package:flutter_test/src/test_async_utils.dart:74:41)
#992    AutomatedTestWidgetsFlutterBinding.pump (package:flutter_test/src/binding.dart:1324:27)
#993    WidgetTester.pumpWidget.<anonymous closure>
(package:flutter_test/src/widget_tester.dart:598:22)
#994    _rootRun (dart:async/zone.dart:1525:13)
#995    _CustomZone.run (dart:async/zone.dart:1422:19)
#996    TestAsyncUtils.guard (package:flutter_test/src/test_async_utils.dart:74:41)
#997    WidgetTester.pumpWidget (package:flutter_test/src/widget_tester.dart:595:27)
#998    main.<anonymous closure>
(file:///C:/Users/Tayyub/StudioProjects/qudwa/test/widgets/ayah_card_test.dart:50:18)
#999    testWidgets.<anonymous closure>.<anonymous closure>
(package:flutter_test/src/widget_tester.dart:192:29)
<asynchronous suspension>
#1000   TestWidgetsFlutterBinding._runTestBody (package:flutter_test/src/binding.dart:1059:5)
<asynchronous suspension>
#1001   StackZoneSpecification._registerCallback.<anonymous closure>
(package:stack_trace/src/stack_zone_specification.dart:114:42)
<asynchronous suspension>


And rethrown at:
#0      throwProviderException (package:riverpod/src/common/stack_trace.dart:10:3)
#1      $ResultError.valueOrProviderException (package:riverpod/src/common/result.dart:108:7)
#2      ProviderContainer.read (package:riverpod/src/core/provider_container.dart:914:29)
#3      Ref.read (package:riverpod/src/core/ref.dart:524:30)
#4      AppConfigViewModel._prefs (package:qudwa/viewmodels/settings_viewmodel.dart:159:39)
#5      AppConfigViewModel.build (package:qudwa/viewmodels/settings_viewmodel.dart:163:15)
#6      Notifier.runBuild (package:riverpod/src/providers/notifier/orphan.dart:70:21)
#7      $ClassProviderElement.create
(package:riverpod/src/core/provider/notifier_provider.dart:561:26)
#8      ProviderElement.buildState (package:riverpod/src/core/element.dart:665:28)
#9      ProviderElement.mount (package:riverpod/src/core/element.dart:517:7)
#10     ProviderElement.flush (package:riverpod/src/core/element.dart:620:7)
#11     $ProviderBaseImpl._addListener (package:riverpod/src/core/provider/provider.dart:117:24)
#12     _ProviderSelector._addListener (package:riverpod/src/core/modifiers/select.dart:137:26)
#13     ProviderElement.listen (package:riverpod/src/core/element.dart:901:28)
#14     Ref.listen (package:riverpod/src/core/ref.dart:681:21)
#15     AudioControlNotifier.build (package:qudwa/viewmodels/audio_viewmodel.dart:90:9)
#16     Notifier.runBuild (package:riverpod/src/providers/notifier/orphan.dart:70:21)
#17     $ClassProviderElement.create
(package:riverpod/src/core/provider/notifier_provider.dart:561:26)
#18     ProviderElement.buildState (package:riverpod/src/core/element.dart:665:28)
#19     ProviderElement.mount (package:riverpod/src/core/element.dart:517:7)
#20     ProviderElement.flush (package:riverpod/src/core/element.dart:620:7)
#21     $ProviderBaseImpl._addListener (package:riverpod/src/core/provider/provider.dart:117:24)
#22     _ProviderSelector._addListener (package:riverpod/src/core/modifiers/select.dart:137:26)
#23     ProviderContainer.listen (package:riverpod/src/core/provider_container.dart:954:26)
#24     ConsumerStatefulElement.watch.<anonymous closure>
(package:flutter_riverpod/src/core/consumer.dart:451:37)
#25     _LinkedHashMapMixin.putIfAbsent (dart:_compact_hash:675:23)
#26     ConsumerStatefulElement.watch (package:flutter_riverpod/src/core/consumer.dart:444:14)
#27     _AyahRowState.build (package:qudwa/features/quran/widgets/ayah_card.dart:109:36)
#28     StatefulElement.build (package:flutter/src/widgets/framework.dart:5934:27)
#29     ConsumerStatefulElement.build (package:flutter_riverpod/src/core/consumer.dart:421:20)
#30     ComponentElement.performRebuild (package:flutter/src/widgets/framework.dart:5820:15)
#31     StatefulElement.performRebuild (package:flutter/src/widgets/framework.dart:5985:11)
#32     Element.rebuild (package:flutter/src/widgets/framework.dart:5532:7)
#33     ComponentElement._firstBuild (package:flutter/src/widgets/framework.dart:5802:5)
#34     StatefulElement._firstBuild (package:flutter/src/widgets/framework.dart:5976:11)
#35     ComponentElement.mount (package:flutter/src/widgets/framework.dart:5796:5)
#36     Element.inflateWidget (package:flutter/src/widgets/framework.dart:4590:20)
#37     Element.updateChild (package:flutter/src/widgets/framework.dart:4059:18)
#38     ComponentElement.performRebuild (package:flutter/src/widgets/framework.dart:5844:16)
#39     Element.rebuild (package:flutter/src/widgets/framework.dart:5532:7)
#40     ComponentElement._firstBuild (package:flutter/src/widgets/framework.dart:5802:5)
#41     ComponentElement.mount (package:flutter/src/widgets/framework.dart:5796:5)
#42     Element.inflateWidget (package:flutter/src/widgets/framework.dart:4590:20)
#43     Element.updateChild (package:flutter/src/widgets/framework.dart:4059:18)
#44     ComponentElement.performRebuild (package:flutter/src/widgets/framework.dart:5844:16)
#45     StatefulElement.performRebuild (package:flutter/src/widgets/framework.dart:5985:11)
#46     Element.rebuild (package:flutter/src/widgets/framework.dart:5532:7)
#47     ComponentElement._firstBuild (package:flutter/src/widgets/framework.dart:5802:5)
#48     StatefulElement._firstBuild (package:flutter/src/widgets/framework.dart:5976:11)
#49     ComponentElement.mount (package:flutter/src/widgets/framework.dart:5796:5)
#50     Element.inflateWidget (package:flutter/src/widgets/framework.dart:4590:20)
#51     Element.updateChild (package:flutter/src/widgets/framework.dart:4059:18)
#52     ComponentElement.performRebuild (package:flutter/src/widgets/framework.dart:5844:16)
#53     StatefulElement.performRebuild (package:flutter/src/widgets/framework.dart:5985:11)
#54     Element.rebuild (package:flutter/src/widgets/framework.dart:5532:7)
#55     ComponentElement._firstBuild (package:flutter/src/widgets/framework.dart:5802:5)
#56     StatefulElement._firstBuild (package:flutter/src/widgets/framework.dart:5976:11)
#57     ComponentElement.mount (package:flutter/src/widgets/framework.dart:5796:5)
#58     Element.inflateWidget (package:flutter/src/widgets/framework.dart:4590:20)
#59     Element.updateChild (package:flutter/src/widgets/framework.dart:4059:18)
#60     ComponentElement.performRebuild (package:flutter/src/widgets/framework.dart:5844:16)
#61     Element.rebuild (package:flutter/src/widgets/framework.dart:5532:7)
#62     ComponentElement._firstBuild (package:flutter/src/widgets/framework.dart:5802:5)
#63     ComponentElement.mount (package:flutter/src/widgets/framework.dart:5796:5)
#64     Element.inflateWidget (package:flutter/src/widgets/framework.dart:4590:20)
#65     Element.updateChild (package:flutter/src/widgets/framework.dart:4059:18)
#66     ComponentElement.performRebuild (package:flutter/src/widgets/framework.dart:5844:16)
#67     Element.rebuild (package:flutter/src/widgets/framework.dart:5532:7)
#68     ComponentElement._firstBuild (package:flutter/src/widgets/framework.dart:5802:5)
#69     ComponentElement.mount (package:flutter/src/widgets/framework.dart:5796:5)
#70     Element.inflateWidget (package:flutter/src/widgets/framework.dart:4590:20)
#71     Element.updateChild (package:flutter/src/widgets/framework.dart:4059:18)
#72     ComponentElement.performRebuild (package:flutter/src/widgets/framework.dart:5844:16)
#73     Element.rebuild (package:flutter/src/widgets/framework.dart:5532:7)
#74     ComponentElement._firstBuild (package:flutter/src/widgets/framework.dart:5802:5)
#75     ComponentElement.mount (package:flutter/src/widgets/framework.dart:5796:5)
#76     Element.inflateWidget (package:flutter/src/widgets/framework.dart:4590:20)
#77     Element.updateChild (package:flutter/src/widgets/framework.dart:4059:18)
#78     ComponentElement.performRebuild (package:flutter/src/widgets/framework.dart:5844:16)
#79     Element.rebuild (package:flutter/src/widgets/framework.dart:5532:7)
#80     ComponentElement._firstBuild (package:flutter/src/widgets/framework.dart:5802:5)
#81     ComponentElement.mount (package:flutter/src/widgets/framework.dart:5796:5)
#82     Element.inflateWidget (package:flutter/src/widgets/framework.dart:4590:20)
#83     MultiChildRenderObjectElement.inflateWidget
(package:flutter/src/widgets/framework.dart:7269:36)
#84     MultiChildRenderObjectElement.mount (package:flutter/src/widgets/framework.dart:7285:32)
#85     Element.inflateWidget (package:flutter/src/widgets/framework.dart:4590:20)
#86     Element.updateChild (package:flutter/src/widgets/framework.dart:4059:18)
#87     ComponentElement.performRebuild (package:flutter/src/widgets/framework.dart:5844:16)
#88     Element.rebuild (package:flutter/src/widgets/framework.dart:5532:7)
#89     ComponentElement._firstBuild (package:flutter/src/widgets/framework.dart:5802:5)
#90     ComponentElement.mount (package:flutter/src/widgets/framework.dart:5796:5)
#91     Element.inflateWidget (package:flutter/src/widgets/framework.dart:4590:20)
#92     Element.updateChild (package:flutter/src/widgets/framework.dart:4059:18)
#93     ComponentElement.performRebuild (package:flutter/src/widgets/framework.dart:5844:16)
#94     StatefulElement.performRebuild (package:flutter/src/widgets/framework.dart:5985:11)
#95     Element.rebuild (package:flutter/src/widgets/framework.dart:5532:7)
#96     ComponentElement._firstBuild (package:flutter/src/widgets/framework.dart:5802:5)
#97     StatefulElement._firstBuild (package:flutter/src/widgets/framework.dart:5976:11)
#98     ComponentElement.mount (package:flutter/src/widgets/framework.dart:5796:5)
#99     Element.inflateWidget (package:flutter/src/widgets/framework.dart:4590:20)
#100    Element.updateChild (package:flutter/src/widgets/framework.dart:4059:18)
#101    ComponentElement.performRebuild (package:flutter/src/widgets/framework.dart:5844:16)
#102    StatefulElement.performRebuild (package:flutter/src/widgets/framework.dart:5985:11)
#103    Element.rebuild (package:flutter/src/widgets/framework.dart:5532:7)
#104    ComponentElement._firstBuild (package:flutter/src/widgets/framework.dart:5802:5)
#105    StatefulElement._firstBuild (package:flutter/src/widgets/framework.dart:5976:11)
#106    ComponentElement.mount (package:flutter/src/widgets/framework.dart:5796:5)
#107    Element.inflateWidget (package:flutter/src/widgets/framework.dart:4590:20)
#108    Element.updateChild (package:flutter/src/widgets/framework.dart:4059:18)
#109    ComponentElement.performRebuild (package:flutter/src/widgets/framework.dart:5844:16)
#110    Element.rebuild (package:flutter/src/widgets/framework.dart:5532:7)
#111    ComponentElement._firstBuild (package:flutter/src/widgets/framework.dart:5802:5)
#112    ComponentElement.mount (package:flutter/src/widgets/framework.dart:5796:5)
#113    Element.inflateWidget (package:flutter/src/widgets/framework.dart:4590:20)
#114    Element.updateChild (package:flutter/src/widgets/framework.dart:4059:18)
#115    ComponentElement.performRebuild (package:flutter/src/widgets/framework.dart:5844:16)
#116    StatefulElement.performRebuild (package:flutter/src/widgets/framework.dart:5985:11)
#117    Element.rebuild (package:flutter/src/widgets/framework.dart:5532:7)
#118    ComponentElement._firstBuild (package:flutter/src/widgets/framework.dart:5802:5)
#119    StatefulElement._firstBuild (package:flutter/src/widgets/framework.dart:5976:11)
#120    ComponentElement.mount (package:flutter/src/widgets/framework.dart:5796:5)
#121    Element.inflateWidget (package:flutter/src/widgets/framework.dart:4590:20)
#122    Element.updateChild (package:flutter/src/widgets/framework.dart:4059:18)
#123    SingleChildRenderObjectElement.mount (package:flutter/src/widgets/framework.dart:7118:14)
#124    Element.inflateWidget (package:flutter/src/widgets/framework.dart:4590:20)
#125    Element.updateChild (package:flutter/src/widgets/framework.dart:4059:18)
#126    ComponentElement.performRebuild (package:flutter/src/widgets/framework.dart:5844:16)
#127    Element.rebuild (package:flutter/src/widgets/framework.dart:5532:7)
#128    ComponentElement._firstBuild (package:flutter/src/widgets/framework.dart:5802:5)
#129    ComponentElement.mount (package:flutter/src/widgets/framework.dart:5796:5)
#130    Element.inflateWidget (package:flutter/src/widgets/framework.dart:4590:20)
#131    Element.updateChild (package:flutter/src/widgets/framework.dart:4059:18)
#132    SingleChildRenderObjectElement.mount (package:flutter/src/widgets/framework.dart:7118:14)
#133    Element.inflateWidget (package:flutter/src/widgets/framework.dart:4590:20)
#134    Element.updateChild (package:flutter/src/widgets/framework.dart:4059:18)
#135    ComponentElement.performRebuild (package:flutter/src/widgets/framework.dart:5844:16)
#136    StatefulElement.performRebuild (package:flutter/src/widgets/framework.dart:5985:11)
#137    Element.rebuild (package:flutter/src/widgets/framework.dart:5532:7)
#138    ComponentElement._firstBuild (package:flutter/src/widgets/framework.dart:5802:5)
#139    StatefulElement._firstBuild (package:flutter/src/widgets/framework.dart:5976:11)
#140    ComponentElement.mount (package:flutter/src/widgets/framework.dart:5796:5)
#141    Element.inflateWidget (package:flutter/src/widgets/framework.dart:4590:20)
#142    Element.updateChild (package:flutter/src/widgets/framework.dart:4059:18)
#143    ComponentElement.performRebuild (package:flutter/src/widgets/framework.dart:5844:16)
#144    StatefulElement.performRebuild (package:flutter/src/widgets/framework.dart:5985:11)
#145    Element.rebuild (package:flutter/src/widgets/framework.dart:5532:7)
#146    ComponentElement._firstBuild (package:flutter/src/widgets/framework.dart:5802:5)
#147    StatefulElement._firstBuild (package:flutter/src/widgets/framework.dart:5976:11)
#148    ComponentElement.mount (package:flutter/src/widgets/framework.dart:5796:5)
#149    Element.inflateWidget (package:flutter/src/widgets/framework.dart:4590:20)
#150    Element.updateChild (package:flutter/src/widgets/framework.dart:4059:18)
#151    ComponentElement.performRebuild (package:flutter/src/widgets/framework.dart:5844:16)
#152    Element.rebuild (package:flutter/src/widgets/framework.dart:5532:7)
#153    ComponentElement._firstBuild (package:flutter/src/widgets/framework.dart:5802:5)
#154    ComponentElement.mount (package:flutter/src/widgets/framework.dart:5796:5)
#155    Element.inflateWidget (package:flutter/src/widgets/framework.dart:4590:20)
#156    Element.updateChild (package:flutter/src/widgets/framework.dart:4059:18)
#157    ComponentElement.performRebuild (package:flutter/src/widgets/framework.dart:5844:16)
#158    Element.rebuild (package:flutter/src/widgets/framework.dart:5532:7)
#159    ComponentElement._firstBuild (package:flutter/src/widgets/framework.dart:5802:5)
#160    ComponentElement.mount (package:flutter/src/widgets/framework.dart:5796:5)
#161    Element.inflateWidget (package:flutter/src/widgets/framework.dart:4590:20)
#162    Element.updateChild (package:flutter/src/widgets/framework.dart:4059:18)
#163    ComponentElement.performRebuild (package:flutter/src/widgets/framework.dart:5844:16)
#164    Element.rebuild (package:flutter/src/widgets/framework.dart:5532:7)
#165    ComponentElement._firstBuild (package:flutter/src/widgets/framework.dart:5802:5)
#166    ComponentElement.mount (package:flutter/src/widgets/framework.dart:5796:5)
#167    Element.inflateWidget (package:flutter/src/widgets/framework.dart:4590:20)
#168    Element.updateChild (package:flutter/src/widgets/framework.dart:4059:18)
#169    ComponentElement.performRebuild (package:flutter/src/widgets/framework.dart:5844:16)
#170    StatefulElement.performRebuild (package:flutter/src/widgets/framework.dart:5985:11)
#171    Element.rebuild (package:flutter/src/widgets/framework.dart:5532:7)
#172    ComponentElement._firstBuild (package:flutter/src/widgets/framework.dart:5802:5)
#173    StatefulElement._firstBuild (package:flutter/src/widgets/framework.dart:5976:11)
#174    ComponentElement.mount (package:flutter/src/widgets/framework.dart:5796:5)
#175    Element.inflateWidget (package:flutter/src/widgets/framework.dart:4590:20)
#176    Element.updateChild (package:flutter/src/widgets/framework.dart:4059:18)
#177    ComponentElement.performRebuild (package:flutter/src/widgets/framework.dart:5844:16)
#178    Element.rebuild (package:flutter/src/widgets/framework.dart:5532:7)
#179    ComponentElement._firstBuild (package:flutter/src/widgets/framework.dart:5802:5)
#180    ComponentElement.mount (package:flutter/src/widgets/framework.dart:5796:5)
#181    Element.inflateWidget (package:flutter/src/widgets/framework.dart:4590:20)
#182    Element.updateChild (package:flutter/src/widgets/framework.dart:4059:18)
#183    ComponentElement.performRebuild (package:flutter/src/widgets/framework.dart:5844:16)
#184    StatefulElement.performRebuild (package:flutter/src/widgets/framework.dart:5985:11)
#185    Element.rebuild (package:flutter/src/widgets/framework.dart:5532:7)
#186    ComponentElement._firstBuild (package:flutter/src/widgets/framework.dart:5802:5)
#187    StatefulElement._firstBuild (package:flutter/src/widgets/framework.dart:5976:11)
#188    ComponentElement.mount (package:flutter/src/widgets/framework.dart:5796:5)
#189    Element.inflateWidget (package:flutter/src/widgets/framework.dart:4590:20)
#190    Element.updateChild (package:flutter/src/widgets/framework.dart:4059:18)
#191    SingleChildRenderObjectElement.mount (package:flutter/src/widgets/framework.dart:7118:14)
#192    Element.inflateWidget (package:flutter/src/widgets/framework.dart:4590:20)
#193    Element.updateChild (package:flutter/src/widgets/framework.dart:4059:18)
#194    ComponentElement.performRebuild (package:flutter/src/widgets/framework.dart:5844:16)
#195    Element.rebuild (package:flutter/src/widgets/framework.dart:5532:7)
#196    ComponentElement._firstBuild (package:flutter/src/widgets/framework.dart:5802:5)
#197    ComponentElement.mount (package:flutter/src/widgets/framework.dart:5796:5)
#198    Element.inflateWidget (package:flutter/src/widgets/framework.dart:4590:20)
#199    Element.updateChild (package:flutter/src/widgets/framework.dart:4059:18)
#200    SingleChildRenderObjectElement.mount (package:flutter/src/widgets/framework.dart:7118:14)
#201    Element.inflateWidget (package:flutter/src/widgets/framework.dart:4590:20)
#202    Element.updateChild (package:flutter/src/widgets/framework.dart:4059:18)
#203    SingleChildRenderObjectElement.mount (package:flutter/src/widgets/framework.dart:7118:14)
#204    Element.inflateWidget (package:flutter/src/widgets/framework.dart:4590:20)
#205    Element.updateChild (package:flutter/src/widgets/framework.dart:4059:18)
#206    ComponentElement.performRebuild (package:flutter/src/widgets/framework.dart:5844:16)
#207    StatefulElement.performRebuild (package:flutter/src/widgets/framework.dart:5985:11)
#208    Element.rebuild (package:flutter/src/widgets/framework.dart:5532:7)
#209    ComponentElement._firstBuild (package:flutter/src/widgets/framework.dart:5802:5)
#210    StatefulElement._firstBuild (package:flutter/src/widgets/framework.dart:5976:11)
#211    ComponentElement.mount (package:flutter/src/widgets/framework.dart:5796:5)
#212    Element.inflateWidget (package:flutter/src/widgets/framework.dart:4590:20)
#213    Element.updateChild (package:flutter/src/widgets/framework.dart:4059:18)
#214    SingleChildRenderObjectElement.mount (package:flutter/src/widgets/framework.dart:7118:14)
#215    Element.inflateWidget (package:flutter/src/widgets/framework.dart:4590:20)
#216    Element.updateChild (package:flutter/src/widgets/framework.dart:4059:18)
#217    ComponentElement.performRebuild (package:flutter/src/widgets/framework.dart:5844:16)
#218    StatefulElement.performRebuild (package:flutter/src/widgets/framework.dart:5985:11)
#219    Element.rebuild (package:flutter/src/widgets/framework.dart:5532:7)
#220    ComponentElement._firstBuild (package:flutter/src/widgets/framework.dart:5802:5)
#221    StatefulElement._firstBuild (package:flutter/src/widgets/framework.dart:5976:11)
#222    ComponentElement.mount (package:flutter/src/widgets/framework.dart:5796:5)
#223    Element.inflateWidget (package:flutter/src/widgets/framework.dart:4590:20)
#224    Element.updateChild (package:flutter/src/widgets/framework.dart:4059:18)
#225    SingleChildRenderObjectElement.mount (package:flutter/src/widgets/framework.dart:7118:14)
#226    Element.inflateWidget (package:flutter/src/widgets/framework.dart:4590:20)
#227    Element.updateChild (package:flutter/src/widgets/framework.dart:4059:18)
#228    SingleChildRenderObjectElement.mount (package:flutter/src/widgets/framework.dart:7118:14)
#229    Element.inflateWidget (package:flutter/src/widgets/framework.dart:4590:20)
#230    Element.updateChild (package:flutter/src/widgets/framework.dart:4059:18)
#231    ComponentElement.performRebuild (package:flutter/src/widgets/framework.dart:5844:16)
#232    StatefulElement.performRebuild (package:flutter/src/widgets/framework.dart:5985:11)
#233    Element.rebuild (package:flutter/src/widgets/framework.dart:5532:7)
#234    ComponentElement._firstBuild (package:flutter/src/widgets/framework.dart:5802:5)
#235    StatefulElement._firstBuild (package:flutter/src/widgets/framework.dart:5976:11)
#236    ComponentElement.mount (package:flutter/src/widgets/framework.dart:5796:5)
#237    Element.inflateWidget (package:flutter/src/widgets/framework.dart:4590:20)
#238    Element.updateChild (package:flutter/src/widgets/framework.dart:4059:18)
#239    SingleChildRenderObjectElement.mount (package:flutter/src/widgets/framework.dart:7118:14)
#240    Element.inflateWidget (package:flutter/src/widgets/framework.dart:4590:20)
#241    Element.updateChild (package:flutter/src/widgets/framework.dart:4059:18)
#242    ComponentElement.performRebuild (package:flutter/src/widgets/framework.dart:5844:16)
#243    StatefulElement.performRebuild (package:flutter/src/widgets/framework.dart:5985:11)
#244    Element.rebuild (package:flutter/src/widgets/framework.dart:5532:7)
#245    ComponentElement._firstBuild (package:flutter/src/widgets/framework.dart:5802:5)
#246    StatefulElement._firstBuild (package:flutter/src/widgets/framework.dart:5976:11)
#247    ComponentElement.mount (package:flutter/src/widgets/framework.dart:5796:5)
#248    Element.inflateWidget (package:flutter/src/widgets/framework.dart:4590:20)
#249    Element.updateChild (package:flutter/src/widgets/framework.dart:4059:18)
#250    SingleChildRenderObjectElement.mount (package:flutter/src/widgets/framework.dart:7118:14)
#251    Element.inflateWidget (package:flutter/src/widgets/framework.dart:4590:20)
#252    Element.updateChild (package:flutter/src/widgets/framework.dart:4059:18)
#253    SingleChildRenderObjectElement.mount (package:flutter/src/widgets/framework.dart:7118:14)
#254    Element.inflateWidget (package:flutter/src/widgets/framework.dart:4590:20)
#255    Element.updateChild (package:flutter/src/widgets/framework.dart:4059:18)
#256    ComponentElement.performRebuild (package:flutter/src/widgets/framework.dart:5844:16)
#257    StatefulElement.performRebuild (package:flutter/src/widgets/framework.dart:5985:11)
#258    Element.rebuild (package:flutter/src/widgets/framework.dart:5532:7)
#259    ComponentElement._firstBuild (package:flutter/src/widgets/framework.dart:5802:5)
#260    StatefulElement._firstBuild (package:flutter/src/widgets/framework.dart:5976:11)
#261    ComponentElement.mount (package:flutter/src/widgets/framework.dart:5796:5)
#262    Element.inflateWidget (package:flutter/src/widgets/framework.dart:4590:20)
#263    Element.updateChild (package:flutter/src/widgets/framework.dart:4059:18)
#264    SingleChildRenderObjectElement.mount (package:flutter/src/widgets/framework.dart:7118:14)
#265    Element.inflateWidget (package:flutter/src/widgets/framework.dart:4590:20)
#266    Element.updateChild (package:flutter/src/widgets/framework.dart:4059:18)
#267    SingleChildRenderObjectElement.mount (package:flutter/src/widgets/framework.dart:7118:14)
#268    Element.inflateWidget (package:flutter/src/widgets/framework.dart:4590:20)
#269    Element.updateChild (package:flutter/src/widgets/framework.dart:4059:18)
#270    SingleChildRenderObjectElement.mount (package:flutter/src/widgets/framework.dart:7118:14)
#271    Element.inflateWidget (package:flutter/src/widgets/framework.dart:4590:20)
#272    Element.updateChild (package:flutter/src/widgets/framework.dart:4059:18)
#273    ComponentElement.performRebuild (package:flutter/src/widgets/framework.dart:5844:16)
#274    StatefulElement.performRebuild (package:flutter/src/widgets/framework.dart:5985:11)
#275    Element.rebuild (package:flutter/src/widgets/framework.dart:5532:7)
#276    ComponentElement._firstBuild (package:flutter/src/widgets/framework.dart:5802:5)
#277    StatefulElement._firstBuild (package:flutter/src/widgets/framework.dart:5976:11)
#278    ComponentElement.mount (package:flutter/src/widgets/framework.dart:5796:5)
#279    Element.inflateWidget (package:flutter/src/widgets/framework.dart:4590:20)
#280    Element.updateChild (package:flutter/src/widgets/framework.dart:4059:18)
#281    SingleChildRenderObjectElement.mount (package:flutter/src/widgets/framework.dart:7118:14)
#282    Element.inflateWidget (package:flutter/src/widgets/framework.dart:4590:20)
#283    Element.updateChild (package:flutter/src/widgets/framework.dart:4059:18)
#284    ComponentElement.performRebuild (package:flutter/src/widgets/framework.dart:5844:16)
#285    StatefulElement.performRebuild (package:flutter/src/widgets/framework.dart:5985:11)
#286    Element.rebuild (package:flutter/src/widgets/framework.dart:5532:7)
#287    ComponentElement._firstBuild (package:flutter/src/widgets/framework.dart:5802:5)
#288    StatefulElement._firstBuild (package:flutter/src/widgets/framework.dart:5976:11)
#289    ComponentElement.mount (package:flutter/src/widgets/framework.dart:5796:5)
#290    Element.inflateWidget (package:flutter/src/widgets/framework.dart:4590:20)
#291    Element.updateChild (package:flutter/src/widgets/framework.dart:4059:18)
#292    ComponentElement.performRebuild (package:flutter/src/widgets/framework.dart:5844:16)
#293    Element.rebuild (package:flutter/src/widgets/framework.dart:5532:7)
#294    ComponentElement._firstBuild (package:flutter/src/widgets/framework.dart:5802:5)
#295    ComponentElement.mount (package:flutter/src/widgets/framework.dart:5796:5)
#296    Element.inflateWidget (package:flutter/src/widgets/framework.dart:4590:20)
#297    Element.updateChild (package:flutter/src/widgets/framework.dart:4059:18)
#298    ComponentElement.performRebuild (package:flutter/src/widgets/framework.dart:5844:16)
#299    StatefulElement.performRebuild (package:flutter/src/widgets/framework.dart:5985:11)
#300    Element.rebuild (package:flutter/src/widgets/framework.dart:5532:7)
#301    ComponentElement._firstBuild (package:flutter/src/widgets/framework.dart:5802:5)
#302    StatefulElement._firstBuild (package:flutter/src/widgets/framework.dart:5976:11)
#303    ComponentElement.mount (package:flutter/src/widgets/framework.dart:5796:5)
#304    Element.inflateWidget (package:flutter/src/widgets/framework.dart:4590:20)
#305    Element.updateChild (package:flutter/src/widgets/framework.dart:4059:18)
#306    ComponentElement.performRebuild (package:flutter/src/widgets/framework.dart:5844:16)
#307    StatefulElement.performRebuild (package:flutter/src/widgets/framework.dart:5985:11)
#308    Element.rebuild (package:flutter/src/widgets/framework.dart:5532:7)
#309    ComponentElement._firstBuild (package:flutter/src/widgets/framework.dart:5802:5)
#310    StatefulElement._firstBuild (package:flutter/src/widgets/framework.dart:5976:11)
#311    ComponentElement.mount (package:flutter/src/widgets/framework.dart:5796:5)
#312    Element.inflateWidget (package:flutter/src/widgets/framework.dart:4590:20)
#313    Element.updateChild (package:flutter/src/widgets/framework.dart:4059:18)
#314    ComponentElement.performRebuild (package:flutter/src/widgets/framework.dart:5844:16)
#315    StatefulElement.performRebuild (package:flutter/src/widgets/framework.dart:5985:11)
#316    Element.rebuild (package:flutter/src/widgets/framework.dart:5532:7)
#317    ComponentElement._firstBuild (package:flutter/src/widgets/framework.dart:5802:5)
#318    StatefulElement._firstBuild (package:flutter/src/widgets/framework.dart:5976:11)
#319    ComponentElement.mount (package:flutter/src/widgets/framework.dart:5796:5)
#320    Element.inflateWidget (package:flutter/src/widgets/framework.dart:4590:20)
#321    Element.updateChild (package:flutter/src/widgets/framework.dart:4059:18)
#322    SingleChildRenderObjectElement.mount (package:flutter/src/widgets/framework.dart:7118:14)
#323    Element.inflateWidget (package:flutter/src/widgets/framework.dart:4590:20)
#324    Element.updateChild (package:flutter/src/widgets/framework.dart:4059:18)
#325    ComponentElement.performRebuild (package:flutter/src/widgets/framework.dart:5844:16)
#326    Element.rebuild (package:flutter/src/widgets/framework.dart:5532:7)
#327    ComponentElement._firstBuild (package:flutter/src/widgets/framework.dart:5802:5)
#328    ComponentElement.mount (package:flutter/src/widgets/framework.dart:5796:5)
#329    Element.inflateWidget (package:flutter/src/widgets/framework.dart:4590:20)
#330    Element.updateChild (package:flutter/src/widgets/framework.dart:4059:18)
#331    SingleChildRenderObjectElement.mount (package:flutter/src/widgets/framework.dart:7118:14)
#332    Element.inflateWidget (package:flutter/src/widgets/framework.dart:4590:20)
#333    Element.updateChild (package:flutter/src/widgets/framework.dart:4059:18)
#334    ComponentElement.performRebuild (package:flutter/src/widgets/framework.dart:5844:16)
#335    StatefulElement.performRebuild (package:flutter/src/widgets/framework.dart:5985:11)
#336    Element.rebuild (package:flutter/src/widgets/framework.dart:5532:7)
#337    ComponentElement._firstBuild (package:flutter/src/widgets/framework.dart:5802:5)
#338    StatefulElement._firstBuild (package:flutter/src/widgets/framework.dart:5976:11)
#339    ComponentElement.mount (package:flutter/src/widgets/framework.dart:5796:5)
#340    Element.inflateWidget (package:flutter/src/widgets/framework.dart:4590:20)
#341    Element.updateChild (package:flutter/src/widgets/framework.dart:4059:18)
#342    ComponentElement.performRebuild (package:flutter/src/widgets/framework.dart:5844:16)
#343    Element.rebuild (package:flutter/src/widgets/framework.dart:5532:7)
#344    ComponentElement._firstBuild (package:flutter/src/widgets/framework.dart:5802:5)
#345    ComponentElement.mount (package:flutter/src/widgets/framework.dart:5796:5)
#346    Element.inflateWidget (package:flutter/src/widgets/framework.dart:4590:20)
#347    Element.updateChild (package:flutter/src/widgets/framework.dart:4059:18)
#348    ComponentElement.performRebuild (package:flutter/src/widgets/framework.dart:5844:16)
#349    Element.rebuild (package:flutter/src/widgets/framework.dart:5532:7)
#350    ComponentElement._firstBuild (package:flutter/src/widgets/framework.dart:5802:5)
#351    ComponentElement.mount (package:flutter/src/widgets/framework.dart:5796:5)
#352    Element.inflateWidget (package:flutter/src/widgets/framework.dart:4590:20)
#353    Element.updateChild (package:flutter/src/widgets/framework.dart:4059:18)
#354    ComponentElement.performRebuild (package:flutter/src/widgets/framework.dart:5844:16)
#355    StatefulElement.performRebuild (package:flutter/src/widgets/framework.dart:5985:11)
#356    Element.rebuild (package:flutter/src/widgets/framework.dart:5532:7)
#357    ComponentElement._firstBuild (package:flutter/src/widgets/framework.dart:5802:5)
#358    StatefulElement._firstBuild (package:flutter/src/widgets/framework.dart:5976:11)
#359    ComponentElement.mount (package:flutter/src/widgets/framework.dart:5796:5)
#360    Element.inflateWidget (package:flutter/src/widgets/framework.dart:4590:20)
#361    Element.updateChild (package:flutter/src/widgets/framework.dart:4059:18)
#362    ComponentElement.performRebuild (package:flutter/src/widgets/framework.dart:5844:16)
#363    Element.rebuild (package:flutter/src/widgets/framework.dart:5532:7)
#364    ComponentElement._firstBuild (package:flutter/src/widgets/framework.dart:5802:5)
#365    ComponentElement.mount (package:flutter/src/widgets/framework.dart:5796:5)
#366    Element.inflateWidget (package:flutter/src/widgets/framework.dart:4590:20)
#367    Element.updateChild (package:flutter/src/widgets/framework.dart:4059:18)
#368    ComponentElement.performRebuild (package:flutter/src/widgets/framework.dart:5844:16)
#369    Element.rebuild (package:flutter/src/widgets/framework.dart:5532:7)
#370    ComponentElement._firstBuild (package:flutter/src/widgets/framework.dart:5802:5)
#371    ComponentElement.mount (package:flutter/src/widgets/framework.dart:5796:5)
#372    Element.inflateWidget (package:flutter/src/widgets/framework.dart:4590:20)
#373    Element.updateChild (package:flutter/src/widgets/framework.dart:4059:18)
#374    SingleChildRenderObjectElement.mount (package:flutter/src/widgets/framework.dart:7118:14)
#375    Element.inflateWidget (package:flutter/src/widgets/framework.dart:4590:20)
#376    Element.updateChild (package:flutter/src/widgets/framework.dart:4059:18)
#377    ComponentElement.performRebuild (package:flutter/src/widgets/framework.dart:5844:16)
#378    Element.rebuild (package:flutter/src/widgets/framework.dart:5532:7)
#379    ComponentElement._firstBuild (package:flutter/src/widgets/framework.dart:5802:5)
#380    ComponentElement.mount (package:flutter/src/widgets/framework.dart:5796:5)
#381    Element.inflateWidget (package:flutter/src/widgets/framework.dart:4590:20)
#382    Element.updateChild (package:flutter/src/widgets/framework.dart:4059:18)
#383    ComponentElement.performRebuild (package:flutter/src/widgets/framework.dart:5844:16)
#384    Element.rebuild (package:flutter/src/widgets/framework.dart:5532:7)
#385    ComponentElement._firstBuild (package:flutter/src/widgets/framework.dart:5802:5)
#386    ComponentElement.mount (package:flutter/src/widgets/framework.dart:5796:5)
#387    Element.inflateWidget (package:flutter/src/widgets/framework.dart:4590:20)
#388    Element.updateChild (package:flutter/src/widgets/framework.dart:4059:18)
#389    ComponentElement.performRebuild (package:flutter/src/widgets/framework.dart:5844:16)
#390    StatefulElement.performRebuild (package:flutter/src/widgets/framework.dart:5985:11)
#391    Element.rebuild (package:flutter/src/widgets/framework.dart:5532:7)
#392    ComponentElement._firstBuild (package:flutter/src/widgets/framework.dart:5802:5)
#393    StatefulElement._firstBuild (package:flutter/src/widgets/framework.dart:5976:11)
#394    ComponentElement.mount (package:flutter/src/widgets/framework.dart:5796:5)
#395    Element.inflateWidget (package:flutter/src/widgets/framework.dart:4590:20)
#396    Element.updateChild (package:flutter/src/widgets/framework.dart:4059:18)
#397    ComponentElement.performRebuild (package:flutter/src/widgets/framework.dart:5844:16)
#398    StatefulElement.performRebuild (package:flutter/src/widgets/framework.dart:5985:11)
#399    Element.rebuild (package:flutter/src/widgets/framework.dart:5532:7)
#400    ComponentElement._firstBuild (package:flutter/src/widgets/framework.dart:5802:5)
#401    StatefulElement._firstBuild (package:flutter/src/widgets/framework.dart:5976:11)
#402    ComponentElement.mount (package:flutter/src/widgets/framework.dart:5796:5)
#403    Element.inflateWidget (package:flutter/src/widgets/framework.dart:4590:20)
#404    Element.updateChild (package:flutter/src/widgets/framework.dart:4059:18)
#405    ComponentElement.performRebuild (package:flutter/src/widgets/framework.dart:5844:16)
#406    StatefulElement.performRebuild (package:flutter/src/widgets/framework.dart:5985:11)
#407    Element.rebuild (package:flutter/src/widgets/framework.dart:5532:7)
#408    ComponentElement._firstBuild (package:flutter/src/widgets/framework.dart:5802:5)
#409    StatefulElement._firstBuild (package:flutter/src/widgets/framework.dart:5976:11)
#410    ComponentElement.mount (package:flutter/src/widgets/framework.dart:5796:5)
#411    Element.inflateWidget (package:flutter/src/widgets/framework.dart:4590:20)
#412    Element.updateChild (package:flutter/src/widgets/framework.dart:4059:18)
#413    SingleChildRenderObjectElement.mount (package:flutter/src/widgets/framework.dart:7118:14)
#414    Element.inflateWidget (package:flutter/src/widgets/framework.dart:4590:20)
#415    Element.updateChild (package:flutter/src/widgets/framework.dart:4059:18)
#416    ComponentElement.performRebuild (package:flutter/src/widgets/framework.dart:5844:16)
#417    Element.rebuild (package:flutter/src/widgets/framework.dart:5532:7)
#418    ComponentElement._firstBuild (package:flutter/src/widgets/framework.dart:5802:5)
#419    ComponentElement.mount (package:flutter/src/widgets/framework.dart:5796:5)
#420    Element.inflateWidget (package:flutter/src/widgets/framework.dart:4590:20)
#421    Element.updateChild (package:flutter/src/widgets/framework.dart:4059:18)
#422    ComponentElement.performRebuild (package:flutter/src/widgets/framework.dart:5844:16)
#423    Element.rebuild (package:flutter/src/widgets/framework.dart:5532:7)
#424    ComponentElement._firstBuild (package:flutter/src/widgets/framework.dart:5802:5)
#425    ComponentElement.mount (package:flutter/src/widgets/framework.dart:5796:5)
#426    Element.inflateWidget (package:flutter/src/widgets/framework.dart:4590:20)
#427    Element.updateChild (package:flutter/src/widgets/framework.dart:4059:18)
#428    ComponentElement.performRebuild (package:flutter/src/widgets/framework.dart:5844:16)
#429    Element.rebuild (package:flutter/src/widgets/framework.dart:5532:7)
#430    ComponentElement._firstBuild (package:flutter/src/widgets/framework.dart:5802:5)
#431    ComponentElement.mount (package:flutter/src/widgets/framework.dart:5796:5)
#432    Element.inflateWidget (package:flutter/src/widgets/framework.dart:4590:20)
#433    Element.updateChild (package:flutter/src/widgets/framework.dart:4059:18)
#434    ComponentElement.performRebuild (package:flutter/src/widgets/framework.dart:5844:16)
#435    StatefulElement.performRebuild (package:flutter/src/widgets/framework.dart:5985:11)
#436    Element.rebuild (package:flutter/src/widgets/framework.dart:5532:7)
#437    ComponentElement._firstBuild (package:flutter/src/widgets/framework.dart:5802:5)
#438    StatefulElement._firstBuild (package:flutter/src/widgets/framework.dart:5976:11)
#439    ComponentElement.mount (package:flutter/src/widgets/framework.dart:5796:5)
#440    Element.inflateWidget (package:flutter/src/widgets/framework.dart:4590:20)
#441    Element.updateChild (package:flutter/src/widgets/framework.dart:4059:18)
#442    ComponentElement.performRebuild (package:flutter/src/widgets/framework.dart:5844:16)
#443    StatefulElement.performRebuild (package:flutter/src/widgets/framework.dart:5985:11)
#444    Element.rebuild (package:flutter/src/widgets/framework.dart:5532:7)
#445    ComponentElement._firstBuild (package:flutter/src/widgets/framework.dart:5802:5)
#446    StatefulElement._firstBuild (package:flutter/src/widgets/framework.dart:5976:11)
#447    ComponentElement.mount (package:flutter/src/widgets/framework.dart:5796:5)
#448    Element.inflateWidget (package:flutter/src/widgets/framework.dart:4590:20)
#449    MultiChildRenderObjectElement.inflateWidget
(package:flutter/src/widgets/framework.dart:7269:36)
#450    MultiChildRenderObjectElement.mount (package:flutter/src/widgets/framework.dart:7285:32)
#451    Element.inflateWidget (package:flutter/src/widgets/framework.dart:4590:20)
#452    Element.updateChild (package:flutter/src/widgets/framework.dart:4059:18)
#453    ComponentElement.performRebuild (package:flutter/src/widgets/framework.dart:5844:16)
#454    StatefulElement.performRebuild (package:flutter/src/widgets/framework.dart:5985:11)
#455    Element.rebuild (package:flutter/src/widgets/framework.dart:5532:7)
#456    ComponentElement._firstBuild (package:flutter/src/widgets/framework.dart:5802:5)
#457    StatefulElement._firstBuild (package:flutter/src/widgets/framework.dart:5976:11)
#458    ComponentElement.mount (package:flutter/src/widgets/framework.dart:5796:5)
#459    Element.inflateWidget (package:flutter/src/widgets/framework.dart:4590:20)
#460    Element.updateChild (package:flutter/src/widgets/framework.dart:4059:18)
#461    ComponentElement.performRebuild (package:flutter/src/widgets/framework.dart:5844:16)
#462    Element.rebuild (package:flutter/src/widgets/framework.dart:5532:7)
#463    ComponentElement._firstBuild (package:flutter/src/widgets/framework.dart:5802:5)
#464    ComponentElement.mount (package:flutter/src/widgets/framework.dart:5796:5)
#465    Element.inflateWidget (package:flutter/src/widgets/framework.dart:4590:20)
#466    Element.updateChild (package:flutter/src/widgets/framework.dart:4059:18)
#467    ComponentElement.performRebuild (package:flutter/src/widgets/framework.dart:5844:16)
#468    Element.rebuild (package:flutter/src/widgets/framework.dart:5532:7)
#469    ComponentElement._firstBuild (package:flutter/src/widgets/framework.dart:5802:5)
#470    ComponentElement.mount (package:flutter/src/widgets/framework.dart:5796:5)
#471    Element.inflateWidget (package:flutter/src/widgets/framework.dart:4590:20)
#472    Element.updateChild (package:flutter/src/widgets/framework.dart:4059:18)
#473    ComponentElement.performRebuild (package:flutter/src/widgets/framework.dart:5844:16)
#474    StatefulElement.performRebuild (package:flutter/src/widgets/framework.dart:5985:11)
#475    Element.rebuild (package:flutter/src/widgets/framework.dart:5532:7)
#476    ComponentElement._firstBuild (package:flutter/src/widgets/framework.dart:5802:5)
#477    StatefulElement._firstBuild (package:flutter/src/widgets/framework.dart:5976:11)
#478    ComponentElement.mount (package:flutter/src/widgets/framework.dart:5796:5)
#479    Element.inflateWidget (package:flutter/src/widgets/framework.dart:4590:20)
#480    Element.updateChild (package:flutter/src/widgets/framework.dart:4059:18)
#481    ComponentElement.performRebuild (package:flutter/src/widgets/framework.dart:5844:16)
#482    Element.rebuild (package:flutter/src/widgets/framework.dart:5532:7)
#483    ComponentElement._firstBuild (package:flutter/src/widgets/framework.dart:5802:5)
#484    ComponentElement.mount (package:flutter/src/widgets/framework.dart:5796:5)
#485    Element.inflateWidget (package:flutter/src/widgets/framework.dart:4590:20)
#486    Element.updateChild (package:flutter/src/widgets/framework.dart:4059:18)
#487    ComponentElement.performRebuild (package:flutter/src/widgets/framework.dart:5844:16)
#488    StatefulElement.performRebuild (package:flutter/src/widgets/framework.dart:5985:11)
#489    Element.rebuild (package:flutter/src/widgets/framework.dart:5532:7)
#490    ComponentElement._firstBuild (package:flutter/src/widgets/framework.dart:5802:5)
#491    StatefulElement._firstBuild (package:flutter/src/widgets/framework.dart:5976:11)
#492    ComponentElement.mount (package:flutter/src/widgets/framework.dart:5796:5)
#493    Element.inflateWidget (package:flutter/src/widgets/framework.dart:4590:20)
#494    Element.updateChild (package:flutter/src/widgets/framework.dart:4059:18)
#495    ComponentElement.performRebuild (package:flutter/src/widgets/framework.dart:5844:16)
#496    StatefulElement.performRebuild (package:flutter/src/widgets/framework.dart:5985:11)
#497    Element.rebuild (package:flutter/src/widgets/framework.dart:5532:7)
#498    ComponentElement._firstBuild (package:flutter/src/widgets/framework.dart:5802:5)
#499    StatefulElement._firstBuild (package:flutter/src/widgets/framework.dart:5976:11)
#500    ComponentElement.mount (package:flutter/src/widgets/framework.dart:5796:5)
#501    Element.inflateWidget (package:flutter/src/widgets/framework.dart:4590:20)
#502    Element.updateChild (package:flutter/src/widgets/framework.dart:4059:18)
#503    SingleChildRenderObjectElement.mount (package:flutter/src/widgets/framework.dart:7118:14)
#504    Element.inflateWidget (package:flutter/src/widgets/framework.dart:4590:20)
#505    Element.updateChild (package:flutter/src/widgets/framework.dart:4059:18)
#506    SingleChildRenderObjectElement.mount (package:flutter/src/widgets/framework.dart:7118:14)
#507    Element.inflateWidget (package:flutter/src/widgets/framework.dart:4590:20)
#508    Element.updateChild (package:flutter/src/widgets/framework.dart:4059:18)
#509    ComponentElement.performRebuild (package:flutter/src/widgets/framework.dart:5844:16)
#510    Element.rebuild (package:flutter/src/widgets/framework.dart:5532:7)
#511    ComponentElement._firstBuild (package:flutter/src/widgets/framework.dart:5802:5)
#512    ComponentElement.mount (package:flutter/src/widgets/framework.dart:5796:5)
#513    Element.inflateWidget (package:flutter/src/widgets/framework.dart:4590:20)
#514    Element.updateChild (package:flutter/src/widgets/framework.dart:4059:18)
#515    ComponentElement.performRebuild (package:flutter/src/widgets/framework.dart:5844:16)
#516    Element.rebuild (package:flutter/src/widgets/framework.dart:5532:7)
#517    ComponentElement._firstBuild (package:flutter/src/widgets/framework.dart:5802:5)
#518    ComponentElement.mount (package:flutter/src/widgets/framework.dart:5796:5)
#519    Element.inflateWidget (package:flutter/src/widgets/framework.dart:4590:20)
#520    Element.updateChild (package:flutter/src/widgets/framework.dart:4059:18)
#521    ComponentElement.performRebuild (package:flutter/src/widgets/framework.dart:5844:16)
#522    StatefulElement.performRebuild (package:flutter/src/widgets/framework.dart:5985:11)
#523    Element.rebuild (package:flutter/src/widgets/framework.dart:5532:7)
#524    ComponentElement._firstBuild (package:flutter/src/widgets/framework.dart:5802:5)
#525    StatefulElement._firstBuild (package:flutter/src/widgets/framework.dart:5976:11)
#526    ComponentElement.mount (package:flutter/src/widgets/framework.dart:5796:5)
#527    Element.inflateWidget (package:flutter/src/widgets/framework.dart:4590:20)
#528    Element.updateChild (package:flutter/src/widgets/framework.dart:4059:18)
#529    ComponentElement.performRebuild (package:flutter/src/widgets/framework.dart:5844:16)
#530    Element.rebuild (package:flutter/src/widgets/framework.dart:5532:7)
#531    ComponentElement._firstBuild (package:flutter/src/widgets/framework.dart:5802:5)
#532    ComponentElement.mount (package:flutter/src/widgets/framework.dart:5796:5)
#533    Element.inflateWidget (package:flutter/src/widgets/framework.dart:4590:20)
#534    Element.updateChild (package:flutter/src/widgets/framework.dart:4059:18)
#535    SingleChildRenderObjectElement.mount (package:flutter/src/widgets/framework.dart:7118:14)
#536    Element.inflateWidget (package:flutter/src/widgets/framework.dart:4590:20)
#537    Element.updateChild (package:flutter/src/widgets/framework.dart:4059:18)
#538    ComponentElement.performRebuild (package:flutter/src/widgets/framework.dart:5844:16)
#539    StatefulElement.performRebuild (package:flutter/src/widgets/framework.dart:5985:11)
#540    Element.rebuild (package:flutter/src/widgets/framework.dart:5532:7)
#541    ComponentElement._firstBuild (package:flutter/src/widgets/framework.dart:5802:5)
#542    StatefulElement._firstBuild (package:flutter/src/widgets/framework.dart:5976:11)
#543    ComponentElement.mount (package:flutter/src/widgets/framework.dart:5796:5)
#544    Element.inflateWidget (package:flutter/src/widgets/framework.dart:4590:20)
#545    Element.updateChild (package:flutter/src/widgets/framework.dart:4059:18)
#546    ComponentElement.performRebuild (package:flutter/src/widgets/framework.dart:5844:16)
#547    Element.rebuild (package:flutter/src/widgets/framework.dart:5532:7)
#548    ComponentElement._firstBuild (package:flutter/src/widgets/framework.dart:5802:5)
#549    ComponentElement.mount (package:flutter/src/widgets/framework.dart:5796:5)
#550    Element.inflateWidget (package:flutter/src/widgets/framework.dart:4590:20)
#551    Element.updateChild (package:flutter/src/widgets/framework.dart:4059:18)
#552    ComponentElement.performRebuild (package:flutter/src/widgets/framework.dart:5844:16)
#553    Element.rebuild (package:flutter/src/widgets/framework.dart:5532:7)
#554    ComponentElement._firstBuild (package:flutter/src/widgets/framework.dart:5802:5)
#555    ComponentElement.mount (package:flutter/src/widgets/framework.dart:5796:5)
#556    Element.inflateWidget (package:flutter/src/widgets/framework.dart:4590:20)
#557    Element.updateChild (package:flutter/src/widgets/framework.dart:4059:18)
#558    ComponentElement.performRebuild (package:flutter/src/widgets/framework.dart:5844:16)
#559    StatefulElement.performRebuild (package:flutter/src/widgets/framework.dart:5985:11)
#560    Element.rebuild (package:flutter/src/widgets/framework.dart:5532:7)
#561    ComponentElement._firstBuild (package:flutter/src/widgets/framework.dart:5802:5)
#562    StatefulElement._firstBuild (package:flutter/src/widgets/framework.dart:5976:11)
#563    ComponentElement.mount (package:flutter/src/widgets/framework.dart:5796:5)
#564    Element.inflateWidget (package:flutter/src/widgets/framework.dart:4590:20)
#565    Element.updateChild (package:flutter/src/widgets/framework.dart:4059:18)
#566    ComponentElement.performRebuild (package:flutter/src/widgets/framework.dart:5844:16)
#567    Element.rebuild (package:flutter/src/widgets/framework.dart:5532:7)
#568    ComponentElement._firstBuild (package:flutter/src/widgets/framework.dart:5802:5)
#569    ComponentElement.mount (package:flutter/src/widgets/framework.dart:5796:5)
#570    Element.inflateWidget (package:flutter/src/widgets/framework.dart:4590:20)
#571    Element.updateChild (package:flutter/src/widgets/framework.dart:4059:18)
#572    ComponentElement.performRebuild (package:flutter/src/widgets/framework.dart:5844:16)
#573    Element.rebuild (package:flutter/src/widgets/framework.dart:5532:7)
#574    ComponentElement._firstBuild (package:flutter/src/widgets/framework.dart:5802:5)
#575    ComponentElement.mount (package:flutter/src/widgets/framework.dart:5796:5)
#576    Element.inflateWidget (package:flutter/src/widgets/framework.dart:4590:20)
#577    Element.updateChild (package:flutter/src/widgets/framework.dart:4059:18)
#578    ComponentElement.performRebuild (package:flutter/src/widgets/framework.dart:5844:16)
#579    Element.rebuild (package:flutter/src/widgets/framework.dart:5532:7)
#580    ComponentElement._firstBuild (package:flutter/src/widgets/framework.dart:5802:5)
#581    ComponentElement.mount (package:flutter/src/widgets/framework.dart:5796:5)
#582    Element.inflateWidget (package:flutter/src/widgets/framework.dart:4590:20)
#583    Element.updateChild (package:flutter/src/widgets/framework.dart:4059:18)
#584    ComponentElement.performRebuild (package:flutter/src/widgets/framework.dart:5844:16)
#585    Element.rebuild (package:flutter/src/widgets/framework.dart:5532:7)
#586    ComponentElement._firstBuild (package:flutter/src/widgets/framework.dart:5802:5)
#587    ComponentElement.mount (package:flutter/src/widgets/framework.dart:5796:5)
#588    Element.inflateWidget (package:flutter/src/widgets/framework.dart:4590:20)
#589    Element.updateChild (package:flutter/src/widgets/framework.dart:4059:18)
#590    ComponentElement.performRebuild (package:flutter/src/widgets/framework.dart:5844:16)
#591    Element.rebuild (package:flutter/src/widgets/framework.dart:5532:7)
#592    ComponentElement._firstBuild (package:flutter/src/widgets/framework.dart:5802:5)
#593    ComponentElement.mount (package:flutter/src/widgets/framework.dart:5796:5)
#594    Element.inflateWidget (package:flutter/src/widgets/framework.dart:4590:20)
#595    Element.updateChild (package:flutter/src/widgets/framework.dart:4059:18)
#596    ComponentElement.performRebuild (package:flutter/src/widgets/framework.dart:5844:16)
#597    Element.rebuild (package:flutter/src/widgets/framework.dart:5532:7)
#598    ComponentElement._firstBuild (package:flutter/src/widgets/framework.dart:5802:5)
#599    ComponentElement.mount (package:flutter/src/widgets/framework.dart:5796:5)
#600    Element.inflateWidget (package:flutter/src/widgets/framework.dart:4590:20)
#601    Element.updateChild (package:flutter/src/widgets/framework.dart:4059:18)
#602    ComponentElement.performRebuild (package:flutter/src/widgets/framework.dart:5844:16)
#603    Element.rebuild (package:flutter/src/widgets/framework.dart:5532:7)
#604    ComponentElement._firstBuild (package:flutter/src/widgets/framework.dart:5802:5)
#605    ComponentElement.mount (package:flutter/src/widgets/framework.dart:5796:5)
#606    Element.inflateWidget (package:flutter/src/widgets/framework.dart:4590:20)
#607    Element.updateChild (package:flutter/src/widgets/framework.dart:4059:18)
#608    ComponentElement.performRebuild (package:flutter/src/widgets/framework.dart:5844:16)
#609    StatefulElement.performRebuild (package:flutter/src/widgets/framework.dart:5985:11)
#610    Element.rebuild (package:flutter/src/widgets/framework.dart:5532:7)
#611    ComponentElement._firstBuild (package:flutter/src/widgets/framework.dart:5802:5)
#612    StatefulElement._firstBuild (package:flutter/src/widgets/framework.dart:5976:11)
#613    ComponentElement.mount (package:flutter/src/widgets/framework.dart:5796:5)
#614    Element.inflateWidget (package:flutter/src/widgets/framework.dart:4590:20)
#615    Element.updateChild (package:flutter/src/widgets/framework.dart:4059:18)
#616    ComponentElement.performRebuild (package:flutter/src/widgets/framework.dart:5844:16)
#617    Element.rebuild (package:flutter/src/widgets/framework.dart:5532:7)
#618    ComponentElement._firstBuild (package:flutter/src/widgets/framework.dart:5802:5)
#619    ComponentElement.mount (package:flutter/src/widgets/framework.dart:5796:5)
#620    Element.inflateWidget (package:flutter/src/widgets/framework.dart:4590:20)
#621    Element.updateChild (package:flutter/src/widgets/framework.dart:4059:18)
#622    ComponentElement.performRebuild (package:flutter/src/widgets/framework.dart:5844:16)
#623    Element.rebuild (package:flutter/src/widgets/framework.dart:5532:7)
#624    ComponentElement._firstBuild (package:flutter/src/widgets/framework.dart:5802:5)
#625    ComponentElement.mount (package:flutter/src/widgets/framework.dart:5796:5)
#626    Element.inflateWidget (package:flutter/src/widgets/framework.dart:4590:20)
#627    Element.updateChild (package:flutter/src/widgets/framework.dart:4059:18)
#628    ComponentElement.performRebuild (package:flutter/src/widgets/framework.dart:5844:16)
#629    StatefulElement.performRebuild (package:flutter/src/widgets/framework.dart:5985:11)
#630    Element.rebuild (package:flutter/src/widgets/framework.dart:5532:7)
#631    ComponentElement._firstBuild (package:flutter/src/widgets/framework.dart:5802:5)
#632    StatefulElement._firstBuild (package:flutter/src/widgets/framework.dart:5976:11)
#633    ComponentElement.mount (package:flutter/src/widgets/framework.dart:5796:5)
#634    Element.inflateWidget (package:flutter/src/widgets/framework.dart:4590:20)
#635    Element.updateChild (package:flutter/src/widgets/framework.dart:4059:18)
#636    SingleChildRenderObjectElement.mount (package:flutter/src/widgets/framework.dart:7118:14)
#637    Element.inflateWidget (package:flutter/src/widgets/framework.dart:4590:20)
#638    Element.updateChild (package:flutter/src/widgets/framework.dart:4059:18)
#639    ComponentElement.performRebuild (package:flutter/src/widgets/framework.dart:5844:16)
#640    StatefulElement.performRebuild (package:flutter/src/widgets/framework.dart:5985:11)
#641    Element.rebuild (package:flutter/src/widgets/framework.dart:5532:7)
#642    ComponentElement._firstBuild (package:flutter/src/widgets/framework.dart:5802:5)
#643    StatefulElement._firstBuild (package:flutter/src/widgets/framework.dart:5976:11)
#644    ComponentElement.mount (package:flutter/src/widgets/framework.dart:5796:5)
#645    Element.inflateWidget (package:flutter/src/widgets/framework.dart:4590:20)
#646    Element.updateChild (package:flutter/src/widgets/framework.dart:4059:18)
#647    ComponentElement.performRebuild (package:flutter/src/widgets/framework.dart:5844:16)
#648    Element.rebuild (package:flutter/src/widgets/framework.dart:5532:7)
#649    ComponentElement._firstBuild (package:flutter/src/widgets/framework.dart:5802:5)
#650    ComponentElement.mount (package:flutter/src/widgets/framework.dart:5796:5)
#651    Element.inflateWidget (package:flutter/src/widgets/framework.dart:4590:20)
#652    Element.updateChild (package:flutter/src/widgets/framework.dart:4059:18)
#653    ComponentElement.performRebuild (package:flutter/src/widgets/framework.dart:5844:16)
#654    Element.rebuild (package:flutter/src/widgets/framework.dart:5532:7)
#655    ComponentElement._firstBuild (package:flutter/src/widgets/framework.dart:5802:5)
#656    ComponentElement.mount (package:flutter/src/widgets/framework.dart:5796:5)
#657    Element.inflateWidget (package:flutter/src/widgets/framework.dart:4590:20)
#658    Element.updateChild (package:flutter/src/widgets/framework.dart:4059:18)
#659    ComponentElement.performRebuild (package:flutter/src/widgets/framework.dart:5844:16)
#660    Element.rebuild (package:flutter/src/widgets/framework.dart:5532:7)
#661    ComponentElement._firstBuild (package:flutter/src/widgets/framework.dart:5802:5)
#662    ComponentElement.mount (package:flutter/src/widgets/framework.dart:5796:5)
#663    Element.inflateWidget (package:flutter/src/widgets/framework.dart:4590:20)
#664    Element.updateChild (package:flutter/src/widgets/framework.dart:4059:18)
#665    ComponentElement.performRebuild (package:flutter/src/widgets/framework.dart:5844:16)
#666    Element.rebuild (package:flutter/src/widgets/framework.dart:5532:7)
#667    ComponentElement._firstBuild (package:flutter/src/widgets/framework.dart:5802:5)
#668    ComponentElement.mount (package:flutter/src/widgets/framework.dart:5796:5)
#669    Element.inflateWidget (package:flutter/src/widgets/framework.dart:4590:20)
#670    Element.updateChild (package:flutter/src/widgets/framework.dart:4059:18)
#671    SingleChildRenderObjectElement.mount (package:flutter/src/widgets/framework.dart:7118:14)
#672    Element.inflateWidget (package:flutter/src/widgets/framework.dart:4590:20)
#673    Element.updateChild (package:flutter/src/widgets/framework.dart:4059:18)
#674    ComponentElement.performRebuild (package:flutter/src/widgets/framework.dart:5844:16)
#675    StatefulElement.performRebuild (package:flutter/src/widgets/framework.dart:5985:11)
#676    Element.rebuild (package:flutter/src/widgets/framework.dart:5532:7)
#677    ComponentElement._firstBuild (package:flutter/src/widgets/framework.dart:5802:5)
#678    StatefulElement._firstBuild (package:flutter/src/widgets/framework.dart:5976:11)
#679    ComponentElement.mount (package:flutter/src/widgets/framework.dart:5796:5)
#680    Element.inflateWidget (package:flutter/src/widgets/framework.dart:4590:20)
#681    Element.updateChild (package:flutter/src/widgets/framework.dart:4059:18)
#682    ComponentElement.performRebuild (package:flutter/src/widgets/framework.dart:5844:16)
#683    StatefulElement.performRebuild (package:flutter/src/widgets/framework.dart:5985:11)
#684    Element.rebuild (package:flutter/src/widgets/framework.dart:5532:7)
#685    ComponentElement._firstBuild (package:flutter/src/widgets/framework.dart:5802:5)
#686    StatefulElement._firstBuild (package:flutter/src/widgets/framework.dart:5976:11)
#687    ComponentElement.mount (package:flutter/src/widgets/framework.dart:5796:5)
#688    Element.inflateWidget (package:flutter/src/widgets/framework.dart:4590:20)
#689    Element.updateChild (package:flutter/src/widgets/framework.dart:4059:18)
#690    SingleChildRenderObjectElement.mount (package:flutter/src/widgets/framework.dart:7118:14)
#691    Element.inflateWidget (package:flutter/src/widgets/framework.dart:4590:20)
#692    Element.updateChild (package:flutter/src/widgets/framework.dart:4059:18)
#693    ComponentElement.performRebuild (package:flutter/src/widgets/framework.dart:5844:16)
#694    Element.rebuild (package:flutter/src/widgets/framework.dart:5532:7)
#695    ComponentElement._firstBuild (package:flutter/src/widgets/framework.dart:5802:5)
#696    ComponentElement.mount (package:flutter/src/widgets/framework.dart:5796:5)
#697    Element.inflateWidget (package:flutter/src/widgets/framework.dart:4590:20)
#698    Element.updateChild (package:flutter/src/widgets/framework.dart:4059:18)
#699    ComponentElement.performRebuild (package:flutter/src/widgets/framework.dart:5844:16)
#700    StatefulElement.performRebuild (package:flutter/src/widgets/framework.dart:5985:11)
#701    Element.rebuild (package:flutter/src/widgets/framework.dart:5532:7)
#702    ComponentElement._firstBuild (package:flutter/src/widgets/framework.dart:5802:5)
#703    StatefulElement._firstBuild (package:flutter/src/widgets/framework.dart:5976:11)
#704    ComponentElement.mount (package:flutter/src/widgets/framework.dart:5796:5)
#705    Element.inflateWidget (package:flutter/src/widgets/framework.dart:4590:20)
#706    Element.updateChild (package:flutter/src/widgets/framework.dart:4059:18)
#707    ComponentElement.performRebuild (package:flutter/src/widgets/framework.dart:5844:16)
#708    StatefulElement.performRebuild (package:flutter/src/widgets/framework.dart:5985:11)
#709    Element.rebuild (package:flutter/src/widgets/framework.dart:5532:7)
#710    ComponentElement._firstBuild (package:flutter/src/widgets/framework.dart:5802:5)
#711    StatefulElement._firstBuild (package:flutter/src/widgets/framework.dart:5976:11)
#712    ComponentElement.mount (package:flutter/src/widgets/framework.dart:5796:5)
#713    Element.inflateWidget (package:flutter/src/widgets/framework.dart:4590:20)
#714    Element.updateChild (package:flutter/src/widgets/framework.dart:4059:18)
#715    ComponentElement.performRebuild (package:flutter/src/widgets/framework.dart:5844:16)
#716    Element.rebuild (package:flutter/src/widgets/framework.dart:5532:7)
#717    ComponentElement._firstBuild (package:flutter/src/widgets/framework.dart:5802:5)
#718    ComponentElement.mount (package:flutter/src/widgets/framework.dart:5796:5)
#719    Element.inflateWidget (package:flutter/src/widgets/framework.dart:4590:20)
#720    Element.updateChild (package:flutter/src/widgets/framework.dart:4059:18)
#721    ComponentElement.performRebuild (package:flutter/src/widgets/framework.dart:5844:16)
#722    StatefulElement.performRebuild (package:flutter/src/widgets/framework.dart:5985:11)
#723    Element.rebuild (package:flutter/src/widgets/framework.dart:5532:7)
#724    ComponentElement._firstBuild (package:flutter/src/widgets/framework.dart:5802:5)
#725    StatefulElement._firstBuild (package:flutter/src/widgets/framework.dart:5976:11)
#726    ComponentElement.mount (package:flutter/src/widgets/framework.dart:5796:5)
#727    Element.inflateWidget (package:flutter/src/widgets/framework.dart:4590:20)
#728    Element.updateChild (package:flutter/src/widgets/framework.dart:4059:18)
#729    SingleChildRenderObjectElement.mount (package:flutter/src/widgets/framework.dart:7118:14)
#730    Element.inflateWidget (package:flutter/src/widgets/framework.dart:4590:20)
#731    Element.updateChild (package:flutter/src/widgets/framework.dart:4059:18)
#732    ComponentElement.performRebuild (package:flutter/src/widgets/framework.dart:5844:16)
#733    Element.rebuild (package:flutter/src/widgets/framework.dart:5532:7)
#734    ComponentElement._firstBuild (package:flutter/src/widgets/framework.dart:5802:5)
#735    ComponentElement.mount (package:flutter/src/widgets/framework.dart:5796:5)
#736    Element.inflateWidget (package:flutter/src/widgets/framework.dart:4590:20)
#737    Element.updateChild (package:flutter/src/widgets/framework.dart:4059:18)
#738    ComponentElement.performRebuild (package:flutter/src/widgets/framework.dart:5844:16)
#739    StatefulElement.performRebuild (package:flutter/src/widgets/framework.dart:5985:11)
#740    Element.rebuild (package:flutter/src/widgets/framework.dart:5532:7)
#741    ComponentElement._firstBuild (package:flutter/src/widgets/framework.dart:5802:5)
#742    StatefulElement._firstBuild (package:flutter/src/widgets/framework.dart:5976:11)
#743    ComponentElement.mount (package:flutter/src/widgets/framework.dart:5796:5)
#744    Element.inflateWidget (package:flutter/src/widgets/framework.dart:4590:20)
#745    Element.updateChild (package:flutter/src/widgets/framework.dart:4059:18)
#746    ComponentElement.performRebuild (package:flutter/src/widgets/framework.dart:5844:16)
#747    StatefulElement.performRebuild (package:flutter/src/widgets/framework.dart:5985:11)
#748    Element.rebuild (package:flutter/src/widgets/framework.dart:5532:7)
#749    ComponentElement._firstBuild (package:flutter/src/widgets/framework.dart:5802:5)
#750    StatefulElement._firstBuild (package:flutter/src/widgets/framework.dart:5976:11)
#751    ComponentElement.mount (package:flutter/src/widgets/framework.dart:5796:5)
#752    Element.inflateWidget (package:flutter/src/widgets/framework.dart:4590:20)
#753    Element.updateChild (package:flutter/src/widgets/framework.dart:4059:18)
#754    ComponentElement.performRebuild (package:flutter/src/widgets/framework.dart:5844:16)
#755    Element.rebuild (package:flutter/src/widgets/framework.dart:5532:7)
#756    ComponentElement._firstBuild (package:flutter/src/widgets/framework.dart:5802:5)
#757    ComponentElement.mount (package:flutter/src/widgets/framework.dart:5796:5)
#758    Element.inflateWidget (package:flutter/src/widgets/framework.dart:4590:20)
#759    Element.updateChild (package:flutter/src/widgets/framework.dart:4059:18)
#760    ComponentElement.performRebuild (package:flutter/src/widgets/framework.dart:5844:16)
#761    StatefulElement.performRebuild (package:flutter/src/widgets/framework.dart:5985:11)
#762    Element.rebuild (package:flutter/src/widgets/framework.dart:5532:7)
#763    ComponentElement._firstBuild (package:flutter/src/widgets/framework.dart:5802:5)
#764    StatefulElement._firstBuild (package:flutter/src/widgets/framework.dart:5976:11)
#765    ComponentElement.mount (package:flutter/src/widgets/framework.dart:5796:5)
#766    Element.inflateWidget (package:flutter/src/widgets/framework.dart:4590:20)
#767    Element.updateChild (package:flutter/src/widgets/framework.dart:4059:18)
#768    SingleChildRenderObjectElement.mount (package:flutter/src/widgets/framework.dart:7118:14)
#769    Element.inflateWidget (package:flutter/src/widgets/framework.dart:4590:20)
#770    Element.updateChild (package:flutter/src/widgets/framework.dart:4059:18)
#771    ComponentElement.performRebuild (package:flutter/src/widgets/framework.dart:5844:16)
#772    Element.rebuild (package:flutter/src/widgets/framework.dart:5532:7)
#773    ComponentElement._firstBuild (package:flutter/src/widgets/framework.dart:5802:5)
#774    ComponentElement.mount (package:flutter/src/widgets/framework.dart:5796:5)
#775    Element.inflateWidget (package:flutter/src/widgets/framework.dart:4590:20)
#776    Element.updateChild (package:flutter/src/widgets/framework.dart:4059:18)
#777    ComponentElement.performRebuild (package:flutter/src/widgets/framework.dart:5844:16)
#778    StatefulElement.performRebuild (package:flutter/src/widgets/framework.dart:5985:11)
#779    Element.rebuild (package:flutter/src/widgets/framework.dart:5532:7)
#780    ComponentElement._firstBuild (package:flutter/src/widgets/framework.dart:5802:5)
#781    StatefulElement._firstBuild (package:flutter/src/widgets/framework.dart:5976:11)
#782    ComponentElement.mount (package:flutter/src/widgets/framework.dart:5796:5)
#783    Element.inflateWidget (package:flutter/src/widgets/framework.dart:4590:20)
#784    Element.updateChild (package:flutter/src/widgets/framework.dart:4059:18)
#785    ComponentElement.performRebuild (package:flutter/src/widgets/framework.dart:5844:16)
#786    StatefulElement.performRebuild (package:flutter/src/widgets/framework.dart:5985:11)
#787    Element.rebuild (package:flutter/src/widgets/framework.dart:5532:7)
#788    ComponentElement._firstBuild (package:flutter/src/widgets/framework.dart:5802:5)
#789    StatefulElement._firstBuild (package:flutter/src/widgets/framework.dart:5976:11)
#790    ComponentElement.mount (package:flutter/src/widgets/framework.dart:5796:5)
#791    Element.inflateWidget (package:flutter/src/widgets/framework.dart:4590:20)
#792    Element.updateChild (package:flutter/src/widgets/framework.dart:4059:18)
#793    ComponentElement.performRebuild (package:flutter/src/widgets/framework.dart:5844:16)
#794    Element.rebuild (package:flutter/src/widgets/framework.dart:5532:7)
#795    ComponentElement._firstBuild (package:flutter/src/widgets/framework.dart:5802:5)
#796    ComponentElement.mount (package:flutter/src/widgets/framework.dart:5796:5)
#797    Element.inflateWidget (package:flutter/src/widgets/framework.dart:4590:20)
#798    Element.updateChild (package:flutter/src/widgets/framework.dart:4059:18)
#799    SingleChildRenderObjectElement.mount (package:flutter/src/widgets/framework.dart:7118:14)
#800    Element.inflateWidget (package:flutter/src/widgets/framework.dart:4590:20)
#801    Element.updateChild (package:flutter/src/widgets/framework.dart:4059:18)
#802    ComponentElement.performRebuild (package:flutter/src/widgets/framework.dart:5844:16)
#803    Element.rebuild (package:flutter/src/widgets/framework.dart:5532:7)
#804    ComponentElement._firstBuild (package:flutter/src/widgets/framework.dart:5802:5)
#805    ComponentElement.mount (package:flutter/src/widgets/framework.dart:5796:5)
#806    Element.inflateWidget (package:flutter/src/widgets/framework.dart:4590:20)
#807    Element.updateChild (package:flutter/src/widgets/framework.dart:4059:18)
#808    ComponentElement.performRebuild (package:flutter/src/widgets/framework.dart:5844:16)
#809    StatefulElement.performRebuild (package:flutter/src/widgets/framework.dart:5985:11)
#810    Element.rebuild (package:flutter/src/widgets/framework.dart:5532:7)
#811    ComponentElement._firstBuild (package:flutter/src/widgets/framework.dart:5802:5)
#812    StatefulElement._firstBuild (package:flutter/src/widgets/framework.dart:5976:11)
#813    ComponentElement.mount (package:flutter/src/widgets/framework.dart:5796:5)
#814    Element.inflateWidget (package:flutter/src/widgets/framework.dart:4590:20)
#815    Element.updateChild (package:flutter/src/widgets/framework.dart:4059:18)
#816    ComponentElement.performRebuild (package:flutter/src/widgets/framework.dart:5844:16)
#817    StatefulElement.performRebuild (package:flutter/src/widgets/framework.dart:5985:11)
#818    Element.rebuild (package:flutter/src/widgets/framework.dart:5532:7)
#819    ComponentElement._firstBuild (package:flutter/src/widgets/framework.dart:5802:5)
#820    StatefulElement._firstBuild (package:flutter/src/widgets/framework.dart:5976:11)
#821    ComponentElement.mount (package:flutter/src/widgets/framework.dart:5796:5)
#822    Element.inflateWidget (package:flutter/src/widgets/framework.dart:4590:20)
#823    Element.updateChild (package:flutter/src/widgets/framework.dart:4059:18)
#824    ComponentElement.performRebuild (package:flutter/src/widgets/framework.dart:5844:16)
#825    Element.rebuild (package:flutter/src/widgets/framework.dart:5532:7)
#826    ComponentElement._firstBuild (package:flutter/src/widgets/framework.dart:5802:5)
#827    ComponentElement.mount (package:flutter/src/widgets/framework.dart:5796:5)
#828    Element.inflateWidget (package:flutter/src/widgets/framework.dart:4590:20)
#829    Element.updateChild (package:flutter/src/widgets/framework.dart:4059:18)
#830    ComponentElement.performRebuild (package:flutter/src/widgets/framework.dart:5844:16)
#831    Element.rebuild (package:flutter/src/widgets/framework.dart:5532:7)
#832    ComponentElement._firstBuild (package:flutter/src/widgets/framework.dart:5802:5)
#833    ComponentElement.mount (package:flutter/src/widgets/framework.dart:5796:5)
#834    Element.inflateWidget (package:flutter/src/widgets/framework.dart:4590:20)
#835    Element.updateChild (package:flutter/src/widgets/framework.dart:4059:18)
#836    ComponentElement.performRebuild (package:flutter/src/widgets/framework.dart:5844:16)
#837    StatefulElement.performRebuild (package:flutter/src/widgets/framework.dart:5985:11)
#838    Element.rebuild (package:flutter/src/widgets/framework.dart:5532:7)
#839    ComponentElement._firstBuild (package:flutter/src/widgets/framework.dart:5802:5)
#840    StatefulElement._firstBuild (package:flutter/src/widgets/framework.dart:5976:11)
#841    ComponentElement.mount (package:flutter/src/widgets/framework.dart:5796:5)
#842    Element.inflateWidget (package:flutter/src/widgets/framework.dart:4590:20)
#843    Element.updateChild (package:flutter/src/widgets/framework.dart:4059:18)
#844    ComponentElement.performRebuild (package:flutter/src/widgets/framework.dart:5844:16)
#845    Element.rebuild (package:flutter/src/widgets/framework.dart:5532:7)
#846    ComponentElement._firstBuild (package:flutter/src/widgets/framework.dart:5802:5)
#847    ComponentElement.mount (package:flutter/src/widgets/framework.dart:5796:5)
#848    Element.inflateWidget (package:flutter/src/widgets/framework.dart:4590:20)
#849    Element.updateChild (package:flutter/src/widgets/framework.dart:4059:18)
#850    ComponentElement.performRebuild (package:flutter/src/widgets/framework.dart:5844:16)
#851    StatefulElement.performRebuild (package:flutter/src/widgets/framework.dart:5985:11)
#852    Element.rebuild (package:flutter/src/widgets/framework.dart:5532:7)
#853    ComponentElement._firstBuild (package:flutter/src/widgets/framework.dart:5802:5)
#854    StatefulElement._firstBuild (package:flutter/src/widgets/framework.dart:5976:11)
#855    ComponentElement.mount (package:flutter/src/widgets/framework.dart:5796:5)
#856    Element.inflateWidget (package:flutter/src/widgets/framework.dart:4590:20)
#857    Element.updateChild (package:flutter/src/widgets/framework.dart:4059:18)
#858    ComponentElement.performRebuild (package:flutter/src/widgets/framework.dart:5844:16)
#859    Element.rebuild (package:flutter/src/widgets/framework.dart:5532:7)
#860    ComponentElement._firstBuild (package:flutter/src/widgets/framework.dart:5802:5)
#861    ComponentElement.mount (package:flutter/src/widgets/framework.dart:5796:5)
#862    Element.inflateWidget (package:flutter/src/widgets/framework.dart:4590:20)
#863    Element.updateChild (package:flutter/src/widgets/framework.dart:4059:18)
#864    ComponentElement.performRebuild (package:flutter/src/widgets/framework.dart:5844:16)
#865    StatefulElement.performRebuild (package:flutter/src/widgets/framework.dart:5985:11)
#866    Element.rebuild (package:flutter/src/widgets/framework.dart:5532:7)
#867    ComponentElement._firstBuild (package:flutter/src/widgets/framework.dart:5802:5)
#868    StatefulElement._firstBuild (package:flutter/src/widgets/framework.dart:5976:11)
#869    ComponentElement.mount (package:flutter/src/widgets/framework.dart:5796:5)
#870    Element.inflateWidget (package:flutter/src/widgets/framework.dart:4590:20)
#871    Element.updateChild (package:flutter/src/widgets/framework.dart:4059:18)
#872    ComponentElement.performRebuild (package:flutter/src/widgets/framework.dart:5844:16)
#873    StatefulElement.performRebuild (package:flutter/src/widgets/framework.dart:5985:11)
#874    Element.rebuild (package:flutter/src/widgets/framework.dart:5532:7)
#875    ComponentElement._firstBuild (package:flutter/src/widgets/framework.dart:5802:5)
#876    StatefulElement._firstBuild (package:flutter/src/widgets/framework.dart:5976:11)
#877    ComponentElement.mount (package:flutter/src/widgets/framework.dart:5796:5)
#878    Element.inflateWidget (package:flutter/src/widgets/framework.dart:4590:20)
#879    Element.updateChild (package:flutter/src/widgets/framework.dart:4059:18)
#880    SingleChildRenderObjectElement.mount (package:flutter/src/widgets/framework.dart:7118:14)
#881    Element.inflateWidget (package:flutter/src/widgets/framework.dart:4590:20)
#882    Element.updateChild (package:flutter/src/widgets/framework.dart:4059:18)
#883    ComponentElement.performRebuild (package:flutter/src/widgets/framework.dart:5844:16)
#884    Element.rebuild (package:flutter/src/widgets/framework.dart:5532:7)
#885    ComponentElement._firstBuild (package:flutter/src/widgets/framework.dart:5802:5)
#886    ComponentElement.mount (package:flutter/src/widgets/framework.dart:5796:5)
#887    Element.inflateWidget (package:flutter/src/widgets/framework.dart:4590:20)
#888    Element.updateChild (package:flutter/src/widgets/framework.dart:4059:18)
#889    ComponentElement.performRebuild (package:flutter/src/widgets/framework.dart:5844:16)
#890    StatefulElement.performRebuild (package:flutter/src/widgets/framework.dart:5985:11)
#891    Element.rebuild (package:flutter/src/widgets/framework.dart:5532:7)
#892    ComponentElement._firstBuild (package:flutter/src/widgets/framework.dart:5802:5)
#893    StatefulElement._firstBuild (package:flutter/src/widgets/framework.dart:5976:11)
#894    ComponentElement.mount (package:flutter/src/widgets/framework.dart:5796:5)
#895    Element.inflateWidget (package:flutter/src/widgets/framework.dart:4590:20)
#896    Element.updateChild (package:flutter/src/widgets/framework.dart:4059:18)
#897    ComponentElement.performRebuild (package:flutter/src/widgets/framework.dart:5844:16)
#898    Element.rebuild (package:flutter/src/widgets/framework.dart:5532:7)
#899    ComponentElement._firstBuild (package:flutter/src/widgets/framework.dart:5802:5)
#900    ComponentElement.mount (package:flutter/src/widgets/framework.dart:5796:5)
#901    Element.inflateWidget (package:flutter/src/widgets/framework.dart:4590:20)
#902    Element.updateChild (package:flutter/src/widgets/framework.dart:4059:18)
#903    ComponentElement.performRebuild (package:flutter/src/widgets/framework.dart:5844:16)
#904    Element.rebuild (package:flutter/src/widgets/framework.dart:5532:7)
#905    ComponentElement._firstBuild (package:flutter/src/widgets/framework.dart:5802:5)
#906    ComponentElement.mount (package:flutter/src/widgets/framework.dart:5796:5)
#907    Element.inflateWidget (package:flutter/src/widgets/framework.dart:4590:20)
#908    Element.updateChild (package:flutter/src/widgets/framework.dart:4059:18)
#909    ComponentElement.performRebuild (package:flutter/src/widgets/framework.dart:5844:16)
#910    StatefulElement.performRebuild (package:flutter/src/widgets/framework.dart:5985:11)
#911    Element.rebuild (package:flutter/src/widgets/framework.dart:5532:7)
#912    ComponentElement._firstBuild (package:flutter/src/widgets/framework.dart:5802:5)
#913    StatefulElement._firstBuild (package:flutter/src/widgets/framework.dart:5976:11)
#914    ComponentElement.mount (package:flutter/src/widgets/framework.dart:5796:5)
#915    Element.inflateWidget (package:flutter/src/widgets/framework.dart:4590:20)
#916    Element.updateChild (package:flutter/src/widgets/framework.dart:4053:20)
#917    ComponentElement.performRebuild (package:flutter/src/widgets/framework.dart:5844:16)
#918    Element.rebuild (package:flutter/src/widgets/framework.dart:5532:7)
#919    ProxyElement.update (package:flutter/src/widgets/framework.dart:6152:5)
#920    _InheritedNotifierElement.update
(package:flutter/src/widgets/inherited_notifier.dart:108:11)
#921    Element.updateChild (package:flutter/src/widgets/framework.dart:4037:15)
#922    ComponentElement.performRebuild (package:flutter/src/widgets/framework.dart:5844:16)
#923    StatefulElement.performRebuild (package:flutter/src/widgets/framework.dart:5985:11)
#924    Element.rebuild (package:flutter/src/widgets/framework.dart:5532:7)
#925    StatefulElement.update (package:flutter/src/widgets/framework.dart:6010:5)
#926    Element.updateChild (package:flutter/src/widgets/framework.dart:4037:15)
#927    ComponentElement.performRebuild (package:flutter/src/widgets/framework.dart:5844:16)
#928    Element.rebuild (package:flutter/src/widgets/framework.dart:5532:7)
#929    ProxyElement.update (package:flutter/src/widgets/framework.dart:6152:5)
#930    _InheritedNotifierElement.update
(package:flutter/src/widgets/inherited_notifier.dart:108:11)
#931    Element.updateChild (package:flutter/src/widgets/framework.dart:4037:15)
#932    ComponentElement.performRebuild (package:flutter/src/widgets/framework.dart:5844:16)
#933    StatefulElement.performRebuild (package:flutter/src/widgets/framework.dart:5985:11)
#934    Element.rebuild (package:flutter/src/widgets/framework.dart:5532:7)
#935    StatefulElement.update (package:flutter/src/widgets/framework.dart:6010:5)
#936    Element.updateChild (package:flutter/src/widgets/framework.dart:4037:15)
#937    ComponentElement.performRebuild (package:flutter/src/widgets/framework.dart:5844:16)
#938    StatefulElement.performRebuild (package:flutter/src/widgets/framework.dart:5985:11)
#939    Element.rebuild (package:flutter/src/widgets/framework.dart:5532:7)
#940    StatefulElement.update (package:flutter/src/widgets/framework.dart:6010:5)
#941    Element.updateChild (package:flutter/src/widgets/framework.dart:4037:15)
#942    ComponentElement.performRebuild (package:flutter/src/widgets/framework.dart:5844:16)
#943    Element.rebuild (package:flutter/src/widgets/framework.dart:5532:7)
#944    ProxyElement.update (package:flutter/src/widgets/framework.dart:6152:5)
#945    Element.updateChild (package:flutter/src/widgets/framework.dart:4037:15)
#946    ComponentElement.performRebuild (package:flutter/src/widgets/framework.dart:5844:16)
#947    StatefulElement.performRebuild (package:flutter/src/widgets/framework.dart:5985:11)
#948    Element.rebuild (package:flutter/src/widgets/framework.dart:5532:7)
#949    StatefulElement.update (package:flutter/src/widgets/framework.dart:6010:5)
#950    Element.updateChild (package:flutter/src/widgets/framework.dart:4037:15)
#951    ComponentElement.performRebuild (package:flutter/src/widgets/framework.dart:5844:16)
#952    Element.rebuild (package:flutter/src/widgets/framework.dart:5532:7)
#953    ProxyElement.update (package:flutter/src/widgets/framework.dart:6152:5)
#954    Element.updateChild (package:flutter/src/widgets/framework.dart:4037:15)
#955    ComponentElement.performRebuild (package:flutter/src/widgets/framework.dart:5844:16)
#956    Element.rebuild (package:flutter/src/widgets/framework.dart:5532:7)
#957    ProxyElement.update (package:flutter/src/widgets/framework.dart:6152:5)
#958    Element.updateChild (package:flutter/src/widgets/framework.dart:4037:15)
#959    _RawViewElement._updateChild (package:flutter/src/widgets/view.dart:481:16)
#960    _RawViewElement.update (package:flutter/src/widgets/view.dart:568:5)
#961    Element.updateChild (package:flutter/src/widgets/framework.dart:4037:15)
#962    ComponentElement.performRebuild (package:flutter/src/widgets/framework.dart:5844:16)
#963    Element.rebuild (package:flutter/src/widgets/framework.dart:5532:7)
#964    StatelessElement.update (package:flutter/src/widgets/framework.dart:5898:5)
#965    Element.updateChild (package:flutter/src/widgets/framework.dart:4037:15)
#966    ComponentElement.performRebuild (package:flutter/src/widgets/framework.dart:5844:16)
#967    StatefulElement.performRebuild (package:flutter/src/widgets/framework.dart:5985:11)
#968    Element.rebuild (package:flutter/src/widgets/framework.dart:5532:7)
#969    StatefulElement.update (package:flutter/src/widgets/framework.dart:6010:5)
#970    Element.updateChild (package:flutter/src/widgets/framework.dart:4037:15)
#971    RootElement._rebuild (package:flutter/src/widgets/binding.dart:1782:16)
#972    RootElement.update (package:flutter/src/widgets/binding.dart:1760:5)
#973    RootElement.performRebuild (package:flutter/src/widgets/binding.dart:1774:7)
#974    Element.rebuild (package:flutter/src/widgets/framework.dart:5532:7)
#975    BuildScope._tryRebuild (package:flutter/src/widgets/framework.dart:2750:15)
#976    BuildScope._flushDirtyElements (package:flutter/src/widgets/framework.dart:2807:11)
#977    BuildOwner.buildScope (package:flutter/src/widgets/framework.dart:3111:18)
#978    AutomatedTestWidgetsFlutterBinding.drawFrame (package:flutter_test/src/binding.dart:1506:19)
#979    RendererBinding._handlePersistentFrameCallback
(package:flutter/src/rendering/binding.dart:495:5)
#980    SchedulerBinding._invokeFrameCallback (package:flutter/src/scheduler/binding.dart:1434:15)
#981    SchedulerBinding.handleDrawFrame (package:flutter/src/scheduler/binding.dart:1347:9)
#982    AutomatedTestWidgetsFlutterBinding.pump.<anonymous closure>
(package:flutter_test/src/binding.dart:1335:9)
#983    _rootRun (dart:async/zone.dart:1525:13)
#984    _CustomZone.run (dart:async/zone.dart:1422:19)
#985    TestAsyncUtils.guard (package:flutter_test/src/test_async_utils.dart:74:41)
#986    AutomatedTestWidgetsFlutterBinding.pump (package:flutter_test/src/binding.dart:1324:27)
#987    WidgetTester.pumpWidget.<anonymous closure>
(package:flutter_test/src/widget_tester.dart:598:22)
#988    _rootRun (dart:async/zone.dart:1525:13)
#989    _CustomZone.run (dart:async/zone.dart:1422:19)
#990    TestAsyncUtils.guard (package:flutter_test/src/test_async_utils.dart:74:41)
#991    WidgetTester.pumpWidget (package:flutter_test/src/widget_tester.dart:595:27)
#992    main.<anonymous closure>
(file:///C:/Users/Tayyub/StudioProjects/qudwa/test/widgets/ayah_card_test.dart:50:18)
#993    testWidgets.<anonymous closure>.<anonymous closure>
(package:flutter_test/src/widget_tester.dart:192:29)
<asynchronous suspension>
#994    TestWidgetsFlutterBinding._runTestBody (package:flutter_test/src/binding.dart:1059:5)
<asynchronous suspension>
#995    StackZoneSpecification._registerCallback.<anonymous closure>
(package:stack_trace/src/stack_zone_specification.dart:114:42)
<asynchronous suspension>

When the exception was thrown, this was the stack:
#0      throwProviderException (package:riverpod/src/common/stack_trace.dart:10:3)
#1      $ResultError.valueOrProviderException (package:riverpod/src/common/result.dart:108:7)
#2      ProviderContainer.read (package:riverpod/src/core/provider_container.dart:914:29)
#3      Ref.read (package:riverpod/src/core/ref.dart:524:30)
#4      AudioControlNotifier.build (package:qudwa/viewmodels/audio_viewmodel.dart:98:30)
#5      Notifier.runBuild (package:riverpod/src/providers/notifier/orphan.dart:70:21)
#6      $ClassProviderElement.create (package:riverpod/src/core/provider/notifier_provider.dart:561:26)
#7      ProviderElement.buildState (package:riverpod/src/core/element.dart:665:28)
#8      ProviderElement.mount (package:riverpod/src/core/element.dart:517:7)
#9      ProviderElement.flush (package:riverpod/src/core/element.dart:620:7)
#10     $ProviderBaseImpl._addListener (package:riverpod/src/core/provider/provider.dart:117:24)
#11     _ProviderSelector._addListener (package:riverpod/src/core/modifiers/select.dart:137:26)
#12     ProviderContainer.listen (package:riverpod/src/core/provider_container.dart:954:26)
#13     ConsumerStatefulElement.watch.<anonymous closure> (package:flutter_riverpod/src/core/consumer.dart:451:37)
#14     _LinkedHashMapMixin.putIfAbsent (dart:_compact_hash:675:23)
#15     ConsumerStatefulElement.watch (package:flutter_riverpod/src/core/consumer.dart:444:14)
#16     _AyahRowState.build (package:qudwa/features/quran/widgets/ayah_card.dart:109:36)
#17     StatefulElement.build (package:flutter/src/widgets/framework.dart:5934:27)
#18     ConsumerStatefulElement.build (package:flutter_riverpod/src/core/consumer.dart:421:20)
#19     ComponentElement.performRebuild (package:flutter/src/widgets/framework.dart:5820:15)
#20     StatefulElement.performRebuild (package:flutter/src/widgets/framework.dart:5985:11)
#21     Element.rebuild (package:flutter/src/widgets/framework.dart:5532:7)
#22     ComponentElement._firstBuild (package:flutter/src/widgets/framework.dart:5802:5)
#23     StatefulElement._firstBuild (package:flutter/src/widgets/framework.dart:5976:11)
#24     ComponentElement.mount (package:flutter/src/widgets/framework.dart:5796:5)
...     Normal element mounting (47 frames)
#71     Element.inflateWidget (package:flutter/src/widgets/framework.dart:4590:20)
#72     MultiChildRenderObjectElement.inflateWidget (package:flutter/src/widgets/framework.dart:7269:36)
#73     MultiChildRenderObjectElement.mount (package:flutter/src/widgets/framework.dart:7285:32)
...     Normal element mounting (364 frames)
#437    Element.inflateWidget (package:flutter/src/widgets/framework.dart:4590:20)
#438    MultiChildRenderObjectElement.inflateWidget (package:flutter/src/widgets/framework.dart:7269:36)
#439    MultiChildRenderObjectElement.mount (package:flutter/src/widgets/framework.dart:7285:32)
...     Normal element mounting (465 frames)
#904    Element.inflateWidget (package:flutter/src/widgets/framework.dart:4590:20)
#905    Element.updateChild (package:flutter/src/widgets/framework.dart:4053:20)
#906    ComponentElement.performRebuild (package:flutter/src/widgets/framework.dart:5844:16)
#907    Element.rebuild (package:flutter/src/widgets/framework.dart:5532:7)
#908    ProxyElement.update (package:flutter/src/widgets/framework.dart:6152:5)
#909    _InheritedNotifierElement.update (package:flutter/src/widgets/inherited_notifier.dart:108:11)
#910    Element.updateChild (package:flutter/src/widgets/framework.dart:4037:15)
#911    ComponentElement.performRebuild (package:flutter/src/widgets/framework.dart:5844:16)
#912    StatefulElement.performRebuild (package:flutter/src/widgets/framework.dart:5985:11)
#913    Element.rebuild (package:flutter/src/widgets/framework.dart:5532:7)
#914    StatefulElement.update (package:flutter/src/widgets/framework.dart:6010:5)
#915    Element.updateChild (package:flutter/src/widgets/framework.dart:4037:15)
#916    ComponentElement.performRebuild (package:flutter/src/widgets/framework.dart:5844:16)
#917    Element.rebuild (package:flutter/src/widgets/framework.dart:5532:7)
#918    ProxyElement.update (package:flutter/src/widgets/framework.dart:6152:5)
#919    _InheritedNotifierElement.update (package:flutter/src/widgets/inherited_notifier.dart:108:11)
#920    Element.updateChild (package:flutter/src/widgets/framework.dart:4037:15)
#921    ComponentElement.performRebuild (package:flutter/src/widgets/framework.dart:5844:16)
#922    StatefulElement.performRebuild (package:flutter/src/widgets/framework.dart:5985:11)
#923    Element.rebuild (package:flutter/src/widgets/framework.dart:5532:7)
#924    StatefulElement.update (package:flutter/src/widgets/framework.dart:6010:5)
#925    Element.updateChild (package:flutter/src/widgets/framework.dart:4037:15)
#926    ComponentElement.performRebuild (package:flutter/src/widgets/framework.dart:5844:16)
#927    StatefulElement.performRebuild (package:flutter/src/widgets/framework.dart:5985:11)
#928    Element.rebuild (package:flutter/src/widgets/framework.dart:5532:7)
#929    StatefulElement.update (package:flutter/src/widgets/framework.dart:6010:5)
#930    Element.updateChild (package:flutter/src/widgets/framework.dart:4037:15)
#931    ComponentElement.performRebuild (package:flutter/src/widgets/framework.dart:5844:16)
#932    Element.rebuild (package:flutter/src/widgets/framework.dart:5532:7)
#933    ProxyElement.update (package:flutter/src/widgets/framework.dart:6152:5)
#934    Element.updateChild (package:flutter/src/widgets/framework.dart:4037:15)
#935    ComponentElement.performRebuild (package:flutter/src/widgets/framework.dart:5844:16)
#936    StatefulElement.performRebuild (package:flutter/src/widgets/framework.dart:5985:11)
#937    Element.rebuild (package:flutter/src/widgets/framework.dart:5532:7)
#938    StatefulElement.update (package:flutter/src/widgets/framework.dart:6010:5)
#939    Element.updateChild (package:flutter/src/widgets/framework.dart:4037:15)
#940    ComponentElement.performRebuild (package:flutter/src/widgets/framework.dart:5844:16)
#941    Element.rebuild (package:flutter/src/widgets/framework.dart:5532:7)
#942    ProxyElement.update (package:flutter/src/widgets/framework.dart:6152:5)
#943    Element.updateChild (package:flutter/src/widgets/framework.dart:4037:15)
#944    ComponentElement.performRebuild (package:flutter/src/widgets/framework.dart:5844:16)
#945    Element.rebuild (package:flutter/src/widgets/framework.dart:5532:7)
#946    ProxyElement.update (package:flutter/src/widgets/framework.dart:6152:5)
#947    Element.updateChild (package:flutter/src/widgets/framework.dart:4037:15)
#948    _RawViewElement._updateChild (package:flutter/src/widgets/view.dart:481:16)
#949    _RawViewElement.update (package:flutter/src/widgets/view.dart:568:5)
#950    Element.updateChild (package:flutter/src/widgets/framework.dart:4037:15)
#951    ComponentElement.performRebuild (package:flutter/src/widgets/framework.dart:5844:16)
#952    Element.rebuild (package:flutter/src/widgets/framework.dart:5532:7)
#953    StatelessElement.update (package:flutter/src/widgets/framework.dart:5898:5)
#954    Element.updateChild (package:flutter/src/widgets/framework.dart:4037:15)
#955    ComponentElement.performRebuild (package:flutter/src/widgets/framework.dart:5844:16)
#956    StatefulElement.performRebuild (package:flutter/src/widgets/framework.dart:5985:11)
#957    Element.rebuild (package:flutter/src/widgets/framework.dart:5532:7)
#958    StatefulElement.update (package:flutter/src/widgets/framework.dart:6010:5)
#959    Element.updateChild (package:flutter/src/widgets/framework.dart:4037:15)
#960    RootElement._rebuild (package:flutter/src/widgets/binding.dart:1782:16)
#961    RootElement.update (package:flutter/src/widgets/binding.dart:1760:5)
#962    RootElement.performRebuild (package:flutter/src/widgets/binding.dart:1774:7)
#963    Element.rebuild (package:flutter/src/widgets/framework.dart:5532:7)
#964    BuildScope._tryRebuild (package:flutter/src/widgets/framework.dart:2750:15)
#965    BuildScope._flushDirtyElements (package:flutter/src/widgets/framework.dart:2807:11)
#966    BuildOwner.buildScope (package:flutter/src/widgets/framework.dart:3111:18)
#967    AutomatedTestWidgetsFlutterBinding.drawFrame (package:flutter_test/src/binding.dart:1506:19)
#968    RendererBinding._handlePersistentFrameCallback (package:flutter/src/rendering/binding.dart:495:5)
#969    SchedulerBinding._invokeFrameCallback (package:flutter/src/scheduler/binding.dart:1434:15)
#970    SchedulerBinding.handleDrawFrame (package:flutter/src/scheduler/binding.dart:1347:9)
#971    AutomatedTestWidgetsFlutterBinding.pump.<anonymous closure> (package:flutter_test/src/binding.dart:1335:9)
#974    TestAsyncUtils.guard (package:flutter_test/src/test_async_utils.dart:74:41)
#975    AutomatedTestWidgetsFlutterBinding.pump (package:flutter_test/src/binding.dart:1324:27)
#976    WidgetTester.pumpWidget.<anonymous closure> (package:flutter_test/src/widget_tester.dart:598:22)
#979    TestAsyncUtils.guard (package:flutter_test/src/test_async_utils.dart:74:41)
#980    WidgetTester.pumpWidget (package:flutter_test/src/widget_tester.dart:595:27)
#981    main.<anonymous closure> (file:///C:/Users/Tayyub/StudioProjects/qudwa/test/widgets/ayah_card_test.dart:50:18)
#982    testWidgets.<anonymous closure>.<anonymous closure> (package:flutter_test/src/widget_tester.dart:192:29)
<asynchronous suspension>
#983    TestWidgetsFlutterBinding._runTestBody (package:flutter_test/src/binding.dart:1059:5)
<asynchronous suspension>
<asynchronous suspension>
(elided 5 frames from dart:async and package:stack_trace)
ΓòÉΓòÉΓòÉΓòÉΓòÉΓòÉΓòÉΓòÉΓòÉΓòÉΓòÉΓòÉΓòÉΓòÉΓòÉΓòÉΓòÉΓòÉΓòÉΓòÉΓòÉΓòÉΓòÉΓòÉΓòÉΓòÉΓòÉΓòÉΓòÉΓòÉΓòÉΓòÉΓòÉΓòÉΓòÉΓòÉΓòÉΓòÉΓòÉΓòÉΓòÉΓòÉΓòÉΓòÉΓòÉΓòÉΓòÉΓòÉΓòÉΓòÉΓòÉΓòÉΓòÉΓòÉΓòÉΓòÉΓòÉΓòÉΓòÉΓòÉΓòÉΓòÉΓòÉΓòÉΓòÉΓòÉΓòÉΓòÉΓòÉΓòÉΓòÉΓòÉΓòÉΓòÉΓòÉΓòÉΓòÉΓòÉΓòÉΓòÉΓòÉΓòÉΓòÉΓòÉΓòÉΓòÉΓòÉΓòÉΓòÉΓòÉΓòÉΓòÉΓòÉΓòÉΓòÉΓòÉΓòÉΓòÉΓòÉΓòÉ
  Test failed. See exception logs above.
  The test description was: AyahRow should display Arabic text
  
ΓòÉΓòÉΓòí EXCEPTION CAUGHT BY FLUTTER TEST FRAMEWORK Γò₧ΓòÉΓòÉΓòÉΓòÉΓòÉΓòÉΓòÉΓòÉΓòÉΓòÉΓòÉΓòÉΓòÉΓòÉΓòÉΓòÉΓòÉΓòÉΓòÉΓòÉΓòÉΓòÉΓòÉΓòÉΓòÉΓòÉΓòÉΓòÉΓòÉΓòÉΓòÉΓòÉΓòÉΓòÉΓòÉΓòÉΓòÉΓòÉΓòÉΓòÉΓòÉΓòÉΓòÉΓòÉΓòÉΓòÉΓòÉΓòÉΓòÉΓòÉΓòÉΓòÉ
The following ProviderException was thrown running a test (but after the test had completed):
Tried to use a provider that is in error state.

A provider threw the following exception:
UnimplementedError

The stack trace of the exception:
#0      sharedPreferencesProvider.<anonymous closure>
(package:qudwa/data/repositories/quran_repository.dart:110:42)
#1      Provider.create (package:riverpod/src/providers/provider.dart:59:36)
#2      $ProviderElement.create (package:riverpod/src/providers/provider.dart:343:32)
#3      ProviderElement.buildState (package:riverpod/src/core/element.dart:665:28)
#4      ProviderElement.mount (package:riverpod/src/core/element.dart:517:7)
#5      ProviderElement.flush (package:riverpod/src/core/element.dart:620:7)
#6      $ProviderBaseImpl._addListener (package:riverpod/src/core/provider/provider.dart:117:24)
#7      ProviderContainer.listen (package:riverpod/src/core/provider_container.dart:954:26)
#8      ProviderContainer.read (package:riverpod/src/core/provider_container.dart:911:17)
#9      Ref.read (package:riverpod/src/core/ref.dart:524:30)
#10     AppConfigViewModel._prefs (package:qudwa/viewmodels/settings_viewmodel.dart:159:39)
#11     AppConfigViewModel.build (package:qudwa/viewmodels/settings_viewmodel.dart:163:15)
#12     Notifier.runBuild (package:riverpod/src/providers/notifier/orphan.dart:70:21)
#13     $ClassProviderElement.create
(package:riverpod/src/core/provider/notifier_provider.dart:561:26)
#14     ProviderElement.buildState (package:riverpod/src/core/element.dart:665:28)
#15     ProviderElement.mount (package:riverpod/src/core/element.dart:517:7)
#16     ProviderElement.flush (package:riverpod/src/core/element.dart:620:7)
#17     $ProviderBaseImpl._addListener (package:riverpod/src/core/provider/provider.dart:117:24)
#18     _ProviderSelector._addListener (package:riverpod/src/core/modifiers/select.dart:137:26)
#19     ProviderElement.listen (package:riverpod/src/core/element.dart:901:28)
#20     Ref.listen (package:riverpod/src/core/ref.dart:681:21)
#21     AudioControlNotifier.build (package:qudwa/viewmodels/audio_viewmodel.dart:90:9)
#22     Notifier.runBuild (package:riverpod/src/providers/notifier/orphan.dart:70:21)
#23     $ClassProviderElement.create
(package:riverpod/src/core/provider/notifier_provider.dart:561:26)
#24     ProviderElement.buildState (package:riverpod/src/core/element.dart:665:28)
#25     ProviderElement.mount (package:riverpod/src/core/element.dart:517:7)
#26     ProviderElement.flush (package:riverpod/src/core/element.dart:620:7)
#27     $ProviderBaseImpl._addListener (package:riverpod/src/core/provider/provider.dart:117:24)
#28     _ProviderSelector._addListener (package:riverpod/src/core/modifiers/select.dart:137:26)
#29     ProviderContainer.listen (package:riverpod/src/core/provider_container.dart:954:26)
#30     ConsumerStatefulElement.watch.<anonymous closure>
(package:flutter_riverpod/src/core/consumer.dart:451:37)
#31     _LinkedHashMapMixin.putIfAbsent (dart:_compact_hash:675:23)
#32     ConsumerStatefulElement.watch (package:flutter_riverpod/src/core/consumer.dart:444:14)
#33     _AyahRowState.build (package:qudwa/features/quran/widgets/ayah_card.dart:109:36)
#34     StatefulElement.build (package:flutter/src/widgets/framework.dart:5934:27)
#35     ConsumerStatefulElement.build (package:flutter_riverpod/src/core/consumer.dart:421:20)
#36     ComponentElement.performRebuild (package:flutter/src/widgets/framework.dart:5820:15)
#37     StatefulElement.performRebuild (package:flutter/src/widgets/framework.dart:5985:11)
#38     Element.rebuild (package:flutter/src/widgets/framework.dart:5532:7)
#39     ComponentElement._firstBuild (package:flutter/src/widgets/framework.dart:5802:5)
#40     StatefulElement._firstBuild (package:flutter/src/widgets/framework.dart:5976:11)
#41     ComponentElement.mount (package:flutter/src/widgets/framework.dart:5796:5)
#42     Element.inflateWidget (package:flutter/src/widgets/framework.dart:4590:20)
#43     Element.updateChild (package:flutter/src/widgets/framework.dart:4059:18)
#44     ComponentElement.performRebuild (package:flutter/src/widgets/framework.dart:5844:16)
#45     Element.rebuild (package:flutter/src/widgets/framework.dart:5532:7)
#46     ComponentElement._firstBuild (package:flutter/src/widgets/framework.dart:5802:5)
#47     ComponentElement.mount (package:flutter/src/widgets/framework.dart:5796:5)
#48     Element.inflateWidget (package:flutter/src/widgets/framework.dart:4590:20)
#49     Element.updateChild (package:flutter/src/widgets/framework.dart:4059:18)
#50     ComponentElement.performRebuild (package:flutter/src/widgets/framework.dart:5844:16)
#51     StatefulElement.performRebuild (package:flutter/src/widgets/framework.dart:5985:11)
#52     Element.rebuild (package:flutter/src/widgets/framework.dart:5532:7)
#53     ComponentElement._firstBuild (package:flutter/src/widgets/framework.dart:5802:5)
#54     StatefulElement._firstBuild (package:flutter/src/widgets/framework.dart:5976:11)
#55     ComponentElement.mount (package:flutter/src/widgets/framework.dart:5796:5)
#56     Element.inflateWidget (package:flutter/src/widgets/framework.dart:4590:20)
#57     Element.updateChild (package:flutter/src/widgets/framework.dart:4059:18)
#58     ComponentElement.performRebuild (package:flutter/src/widgets/framework.dart:5844:16)
#59     StatefulElement.performRebuild (package:flutter/src/widgets/framework.dart:5985:11)
#60     Element.rebuild (package:flutter/src/widgets/framework.dart:5532:7)
#61     ComponentElement._firstBuild (package:flutter/src/widgets/framework.dart:5802:5)
#62     StatefulElement._firstBuild (package:flutter/src/widgets/framework.dart:5976:11)
#63     ComponentElement.mount (package:flutter/src/widgets/framework.dart:5796:5)
#64     Element.inflateWidget (package:flutter/src/widgets/framework.dart:4590:20)
#65     Element.updateChild (package:flutter/src/widgets/framework.dart:4059:18)
#66     ComponentElement.performRebuild (package:flutter/src/widgets/framework.dart:5844:16)
#67     Element.rebuild (package:flutter/src/widgets/framework.dart:5532:7)
#68     ComponentElement._firstBuild (package:flutter/src/widgets/framework.dart:5802:5)
#69     ComponentElement.mount (package:flutter/src/widgets/framework.dart:5796:5)
#70     Element.inflateWidget (package:flutter/src/widgets/framework.dart:4590:20)
#71     Element.updateChild (package:flutter/src/widgets/framework.dart:4059:18)
#72     ComponentElement.performRebuild (package:flutter/src/widgets/framework.dart:5844:16)
#73     Element.rebuild (package:flutter/src/widgets/framework.dart:5532:7)
#74     ComponentElement._firstBuild (package:flutter/src/widgets/framework.dart:5802:5)
#75     ComponentElement.mount (package:flutter/src/widgets/framework.dart:5796:5)
#76     Element.inflateWidget (package:flutter/src/widgets/framework.dart:4590:20)
#77     Element.updateChild (package:flutter/src/widgets/framework.dart:4059:18)
#78     ComponentElement.performRebuild (package:flutter/src/widgets/framework.dart:5844:16)
#79     Element.rebuild (package:flutter/src/widgets/framework.dart:5532:7)
#80     ComponentElement._firstBuild (package:flutter/src/widgets/framework.dart:5802:5)
#81     ComponentElement.mount (package:flutter/src/widgets/framework.dart:5796:5)
#82     Element.inflateWidget (package:flutter/src/widgets/framework.dart:4590:20)
#83     Element.updateChild (package:flutter/src/widgets/framework.dart:4059:18)
#84     ComponentElement.performRebuild (package:flutter/src/widgets/framework.dart:5844:16)
#85     Element.rebuild (package:flutter/src/widgets/framework.dart:5532:7)
#86     ComponentElement._firstBuild (package:flutter/src/widgets/framework.dart:5802:5)
#87     ComponentElement.mount (package:flutter/src/widgets/framework.dart:5796:5)
#88     Element.inflateWidget (package:flutter/src/widgets/framework.dart:4590:20)
#89     MultiChildRenderObjectElement.inflateWidget
(package:flutter/src/widgets/framework.dart:7269:36)
#90     MultiChildRenderObjectElement.mount (package:flutter/src/widgets/framework.dart:7285:32)
#91     Element.inflateWidget (package:flutter/src/widgets/framework.dart:4590:20)
#92     Element.updateChild (package:flutter/src/widgets/framework.dart:4059:18)
#93     ComponentElement.performRebuild (package:flutter/src/widgets/framework.dart:5844:16)
#94     Element.rebuild (package:flutter/src/widgets/framework.dart:5532:7)
#95     ComponentElement._firstBuild (package:flutter/src/widgets/framework.dart:5802:5)
#96     ComponentElement.mount (package:flutter/src/widgets/framework.dart:5796:5)
#97     Element.inflateWidget (package:flutter/src/widgets/framework.dart:4590:20)
#98     Element.updateChild (package:flutter/src/widgets/framework.dart:4059:18)
#99     ComponentElement.performRebuild (package:flutter/src/widgets/framework.dart:5844:16)
#100    StatefulElement.performRebuild (package:flutter/src/widgets/framework.dart:5985:11)
#101    Element.rebuild (package:flutter/src/widgets/framework.dart:5532:7)
#102    ComponentElement._firstBuild (package:flutter/src/widgets/framework.dart:5802:5)
#103    StatefulElement._firstBuild (package:flutter/src/widgets/framework.dart:5976:11)
#104    ComponentElement.mount (package:flutter/src/widgets/framework.dart:5796:5)
#105    Element.inflateWidget (package:flutter/src/widgets/framework.dart:4590:20)
#106    Element.updateChild (package:flutter/src/widgets/framework.dart:4059:18)
#107    ComponentElement.performRebuild (package:flutter/src/widgets/framework.dart:5844:16)
#108    StatefulElement.performRebuild (package:flutter/src/widgets/framework.dart:5985:11)
#109    Element.rebuild (package:flutter/src/widgets/framework.dart:5532:7)
#110    ComponentElement._firstBuild (package:flutter/src/widgets/framework.dart:5802:5)
#111    StatefulElement._firstBuild (package:flutter/src/widgets/framework.dart:5976:11)
#112    ComponentElement.mount (package:flutter/src/widgets/framework.dart:5796:5)
#113    Element.inflateWidget (package:flutter/src/widgets/framework.dart:4590:20)
#114    Element.updateChild (package:flutter/src/widgets/framework.dart:4059:18)
#115    ComponentElement.performRebuild (package:flutter/src/widgets/framework.dart:5844:16)
#116    Element.rebuild (package:flutter/src/widgets/framework.dart:5532:7)
#117    ComponentElement._firstBuild (package:flutter/src/widgets/framework.dart:5802:5)
#118    ComponentElement.mount (package:flutter/src/widgets/framework.dart:5796:5)
#119    Element.inflateWidget (package:flutter/src/widgets/framework.dart:4590:20)
#120    Element.updateChild (package:flutter/src/widgets/framework.dart:4059:18)
#121    ComponentElement.performRebuild (package:flutter/src/widgets/framework.dart:5844:16)
#122    StatefulElement.performRebuild (package:flutter/src/widgets/framework.dart:5985:11)
#123    Element.rebuild (package:flutter/src/widgets/framework.dart:5532:7)
#124    ComponentElement._firstBuild (package:flutter/src/widgets/framework.dart:5802:5)
#125    StatefulElement._firstBuild (package:flutter/src/widgets/framework.dart:5976:11)
#126    ComponentElement.mount (package:flutter/src/widgets/framework.dart:5796:5)
#127    Element.inflateWidget (package:flutter/src/widgets/framework.dart:4590:20)
#128    Element.updateChild (package:flutter/src/widgets/framework.dart:4059:18)
#129    SingleChildRenderObjectElement.mount (package:flutter/src/widgets/framework.dart:7118:14)
#130    Element.inflateWidget (package:flutter/src/widgets/framework.dart:4590:20)
#131    Element.updateChild (package:flutter/src/widgets/framework.dart:4059:18)
#132    ComponentElement.performRebuild (package:flutter/src/widgets/framework.dart:5844:16)
#133    Element.rebuild (package:flutter/src/widgets/framework.dart:5532:7)
#134    ComponentElement._firstBuild (package:flutter/src/widgets/framework.dart:5802:5)
#135    ComponentElement.mount (package:flutter/src/widgets/framework.dart:5796:5)
#136    Element.inflateWidget (package:flutter/src/widgets/framework.dart:4590:20)
#137    Element.updateChild (package:flutter/src/widgets/framework.dart:4059:18)
#138    SingleChildRenderObjectElement.mount (package:flutter/src/widgets/framework.dart:7118:14)
#139    Element.inflateWidget (package:flutter/src/widgets/framework.dart:4590:20)
#140    Element.updateChild (package:flutter/src/widgets/framework.dart:4059:18)
#141    ComponentElement.performRebuild (package:flutter/src/widgets/framework.dart:5844:16)
#142    StatefulElement.performRebuild (package:flutter/src/widgets/framework.dart:5985:11)
#143    Element.rebuild (package:flutter/src/widgets/framework.dart:5532:7)
#144    ComponentElement._firstBuild (package:flutter/src/widgets/framework.dart:5802:5)
#145    StatefulElement._firstBuild (package:flutter/src/widgets/framework.dart:5976:11)
#146    ComponentElement.mount (package:flutter/src/widgets/framework.dart:5796:5)
#147    Element.inflateWidget (package:flutter/src/widgets/framework.dart:4590:20)
#148    Element.updateChild (package:flutter/src/widgets/framework.dart:4059:18)
#149    ComponentElement.performRebuild (package:flutter/src/widgets/framework.dart:5844:16)
#150    StatefulElement.performRebuild (package:flutter/src/widgets/framework.dart:5985:11)
#151    Element.rebuild (package:flutter/src/widgets/framework.dart:5532:7)
#152    ComponentElement._firstBuild (package:flutter/src/widgets/framework.dart:5802:5)
#153    StatefulElement._firstBuild (package:flutter/src/widgets/framework.dart:5976:11)
#154    ComponentElement.mount (package:flutter/src/widgets/framework.dart:5796:5)
#155    Element.inflateWidget (package:flutter/src/widgets/framework.dart:4590:20)
#156    Element.updateChild (package:flutter/src/widgets/framework.dart:4059:18)
#157    ComponentElement.performRebuild (package:flutter/src/widgets/framework.dart:5844:16)
#158    Element.rebuild (package:flutter/src/widgets/framework.dart:5532:7)
#159    ComponentElement._firstBuild (package:flutter/src/widgets/framework.dart:5802:5)
#160    ComponentElement.mount (package:flutter/src/widgets/framework.dart:5796:5)
#161    Element.inflateWidget (package:flutter/src/widgets/framework.dart:4590:20)
#162    Element.updateChild (package:flutter/src/widgets/framework.dart:4059:18)
#163    ComponentElement.performRebuild (package:flutter/src/widgets/framework.dart:5844:16)
#164    Element.rebuild (package:flutter/src/widgets/framework.dart:5532:7)
#165    ComponentElement._firstBuild (package:flutter/src/widgets/framework.dart:5802:5)
#166    ComponentElement.mount (package:flutter/src/widgets/framework.dart:5796:5)
#167    Element.inflateWidget (package:flutter/src/widgets/framework.dart:4590:20)
#168    Element.updateChild (package:flutter/src/widgets/framework.dart:4059:18)
#169    ComponentElement.performRebuild (package:flutter/src/widgets/framework.dart:5844:16)
#170    Element.rebuild (package:flutter/src/widgets/framework.dart:5532:7)
#171    ComponentElement._firstBuild (package:flutter/src/widgets/framework.dart:5802:5)
#172    ComponentElement.mount (package:flutter/src/widgets/framework.dart:5796:5)
#173    Element.inflateWidget (package:flutter/src/widgets/framework.dart:4590:20)
#174    Element.updateChild (package:flutter/src/widgets/framework.dart:4059:18)
#175    ComponentElement.performRebuild (package:flutter/src/widgets/framework.dart:5844:16)
#176    StatefulElement.performRebuild (package:flutter/src/widgets/framework.dart:5985:11)
#177    Element.rebuild (package:flutter/src/widgets/framework.dart:5532:7)
#178    ComponentElement._firstBuild (package:flutter/src/widgets/framework.dart:5802:5)
#179    StatefulElement._firstBuild (package:flutter/src/widgets/framework.dart:5976:11)
#180    ComponentElement.mount (package:flutter/src/widgets/framework.dart:5796:5)
#181    Element.inflateWidget (package:flutter/src/widgets/framework.dart:4590:20)
#182    Element.updateChild (package:flutter/src/widgets/framework.dart:4059:18)
#183    ComponentElement.performRebuild (package:flutter/src/widgets/framework.dart:5844:16)
#184    Element.rebuild (package:flutter/src/widgets/framework.dart:5532:7)
#185    ComponentElement._firstBuild (package:flutter/src/widgets/framework.dart:5802:5)
#186    ComponentElement.mount (package:flutter/src/widgets/framework.dart:5796:5)
#187    Element.inflateWidget (package:flutter/src/widgets/framework.dart:4590:20)
#188    Element.updateChild (package:flutter/src/widgets/framework.dart:4059:18)
#189    ComponentElement.performRebuild (package:flutter/src/widgets/framework.dart:5844:16)
#190    StatefulElement.performRebuild (package:flutter/src/widgets/framework.dart:5985:11)
#191    Element.rebuild (package:flutter/src/widgets/framework.dart:5532:7)
#192    ComponentElement._firstBuild (package:flutter/src/widgets/framework.dart:5802:5)
#193    StatefulElement._firstBuild (package:flutter/src/widgets/framework.dart:5976:11)
#194    ComponentElement.mount (package:flutter/src/widgets/framework.dart:5796:5)
#195    Element.inflateWidget (package:flutter/src/widgets/framework.dart:4590:20)
#196    Element.updateChild (package:flutter/src/widgets/framework.dart:4059:18)
#197    SingleChildRenderObjectElement.mount (package:flutter/src/widgets/framework.dart:7118:14)
#198    Element.inflateWidget (package:flutter/src/widgets/framework.dart:4590:20)
#199    Element.updateChild (package:flutter/src/widgets/framework.dart:4059:18)
#200    ComponentElement.performRebuild (package:flutter/src/widgets/framework.dart:5844:16)
#201    Element.rebuild (package:flutter/src/widgets/framework.dart:5532:7)
#202    ComponentElement._firstBuild (package:flutter/src/widgets/framework.dart:5802:5)
#203    ComponentElement.mount (package:flutter/src/widgets/framework.dart:5796:5)
#204    Element.inflateWidget (package:flutter/src/widgets/framework.dart:4590:20)
#205    Element.updateChild (package:flutter/src/widgets/framework.dart:4059:18)
#206    SingleChildRenderObjectElement.mount (package:flutter/src/widgets/framework.dart:7118:14)
#207    Element.inflateWidget (package:flutter/src/widgets/framework.dart:4590:20)
#208    Element.updateChild (package:flutter/src/widgets/framework.dart:4059:18)
#209    SingleChildRenderObjectElement.mount (package:flutter/src/widgets/framework.dart:7118:14)
#210    Element.inflateWidget (package:flutter/src/widgets/framework.dart:4590:20)
#211    Element.updateChild (package:flutter/src/widgets/framework.dart:4059:18)
#212    ComponentElement.performRebuild (package:flutter/src/widgets/framework.dart:5844:16)
#213    StatefulElement.performRebuild (package:flutter/src/widgets/framework.dart:5985:11)
#214    Element.rebuild (package:flutter/src/widgets/framework.dart:5532:7)
#215    ComponentElement._firstBuild (package:flutter/src/widgets/framework.dart:5802:5)
#216    StatefulElement._firstBuild (package:flutter/src/widgets/framework.dart:5976:11)
#217    ComponentElement.mount (package:flutter/src/widgets/framework.dart:5796:5)
#218    Element.inflateWidget (package:flutter/src/widgets/framework.dart:4590:20)
#219    Element.updateChild (package:flutter/src/widgets/framework.dart:4059:18)
#220    SingleChildRenderObjectElement.mount (package:flutter/src/widgets/framework.dart:7118:14)
#221    Element.inflateWidget (package:flutter/src/widgets/framework.dart:4590:20)
#222    Element.updateChild (package:flutter/src/widgets/framework.dart:4059:18)
#223    ComponentElement.performRebuild (package:flutter/src/widgets/framework.dart:5844:16)
#224    StatefulElement.performRebuild (package:flutter/src/widgets/framework.dart:5985:11)
#225    Element.rebuild (package:flutter/src/widgets/framework.dart:5532:7)
#226    ComponentElement._firstBuild (package:flutter/src/widgets/framework.dart:5802:5)
#227    StatefulElement._firstBuild (package:flutter/src/widgets/framework.dart:5976:11)
#228    ComponentElement.mount (package:flutter/src/widgets/framework.dart:5796:5)
#229    Element.inflateWidget (package:flutter/src/widgets/framework.dart:4590:20)
#230    Element.updateChild (package:flutter/src/widgets/framework.dart:4059:18)
#231    SingleChildRenderObjectElement.mount (package:flutter/src/widgets/framework.dart:7118:14)
#232    Element.inflateWidget (package:flutter/src/widgets/framework.dart:4590:20)
#233    Element.updateChild (package:flutter/src/widgets/framework.dart:4059:18)
#234    SingleChildRenderObjectElement.mount (package:flutter/src/widgets/framework.dart:7118:14)
#235    Element.inflateWidget (package:flutter/src/widgets/framework.dart:4590:20)
#236    Element.updateChild (package:flutter/src/widgets/framework.dart:4059:18)
#237    ComponentElement.performRebuild (package:flutter/src/widgets/framework.dart:5844:16)
#238    StatefulElement.performRebuild (package:flutter/src/widgets/framework.dart:5985:11)
#239    Element.rebuild (package:flutter/src/widgets/framework.dart:5532:7)
#240    ComponentElement._firstBuild (package:flutter/src/widgets/framework.dart:5802:5)
#241    StatefulElement._firstBuild (package:flutter/src/widgets/framework.dart:5976:11)
#242    ComponentElement.mount (package:flutter/src/widgets/framework.dart:5796:5)
#243    Element.inflateWidget (package:flutter/src/widgets/framework.dart:4590:20)
#244    Element.updateChild (package:flutter/src/widgets/framework.dart:4059:18)
#245    SingleChildRenderObjectElement.mount (package:flutter/src/widgets/framework.dart:7118:14)
#246    Element.inflateWidget (package:flutter/src/widgets/framework.dart:4590:20)
#247    Element.updateChild (package:flutter/src/widgets/framework.dart:4059:18)
#248    ComponentElement.performRebuild (package:flutter/src/widgets/framework.dart:5844:16)
#249    StatefulElement.performRebuild (package:flutter/src/widgets/framework.dart:5985:11)
#250    Element.rebuild (package:flutter/src/widgets/framework.dart:5532:7)
#251    ComponentElement._firstBuild (package:flutter/src/widgets/framework.dart:5802:5)
#252    StatefulElement._firstBuild (package:flutter/src/widgets/framework.dart:5976:11)
#253    ComponentElement.mount (package:flutter/src/widgets/framework.dart:5796:5)
#254    Element.inflateWidget (package:flutter/src/widgets/framework.dart:4590:20)
#255    Element.updateChild (package:flutter/src/widgets/framework.dart:4059:18)
#256    SingleChildRenderObjectElement.mount (package:flutter/src/widgets/framework.dart:7118:14)
#257    Element.inflateWidget (package:flutter/src/widgets/framework.dart:4590:20)
#258    Element.updateChild (package:flutter/src/widgets/framework.dart:4059:18)
#259    SingleChildRenderObjectElement.mount (package:flutter/src/widgets/framework.dart:7118:14)
#260    Element.inflateWidget (package:flutter/src/widgets/framework.dart:4590:20)
#261    Element.updateChild (package:flutter/src/widgets/framework.dart:4059:18)
#262    ComponentElement.performRebuild (package:flutter/src/widgets/framework.dart:5844:16)
#263    StatefulElement.performRebuild (package:flutter/src/widgets/framework.dart:5985:11)
#264    Element.rebuild (package:flutter/src/widgets/framework.dart:5532:7)
#265    ComponentElement._firstBuild (package:flutter/src/widgets/framework.dart:5802:5)
#266    StatefulElement._firstBuild (package:flutter/src/widgets/framework.dart:5976:11)
#267    ComponentElement.mount (package:flutter/src/widgets/framework.dart:5796:5)
#268    Element.inflateWidget (package:flutter/src/widgets/framework.dart:4590:20)
#269    Element.updateChild (package:flutter/src/widgets/framework.dart:4059:18)
#270    SingleChildRenderObjectElement.mount (package:flutter/src/widgets/framework.dart:7118:14)
#271    Element.inflateWidget (package:flutter/src/widgets/framework.dart:4590:20)
#272    Element.updateChild (package:flutter/src/widgets/framework.dart:4059:18)
#273    SingleChildRenderObjectElement.mount (package:flutter/src/widgets/framework.dart:7118:14)
#274    Element.inflateWidget (package:flutter/src/widgets/framework.dart:4590:20)
#275    Element.updateChild (package:flutter/src/widgets/framework.dart:4059:18)
#276    SingleChildRenderObjectElement.mount (package:flutter/src/widgets/framework.dart:7118:14)
#277    Element.inflateWidget (package:flutter/src/widgets/framework.dart:4590:20)
#278    Element.updateChild (package:flutter/src/widgets/framework.dart:4059:18)
#279    ComponentElement.performRebuild (package:flutter/src/widgets/framework.dart:5844:16)
#280    StatefulElement.performRebuild (package:flutter/src/widgets/framework.dart:5985:11)
#281    Element.rebuild (package:flutter/src/widgets/framework.dart:5532:7)
#282    ComponentElement._firstBuild (package:flutter/src/widgets/framework.dart:5802:5)
#283    StatefulElement._firstBuild (package:flutter/src/widgets/framework.dart:5976:11)
#284    ComponentElement.mount (package:flutter/src/widgets/framework.dart:5796:5)
#285    Element.inflateWidget (package:flutter/src/widgets/framework.dart:4590:20)
#286    Element.updateChild (package:flutter/src/widgets/framework.dart:4059:18)
#287    SingleChildRenderObjectElement.mount (package:flutter/src/widgets/framework.dart:7118:14)
#288    Element.inflateWidget (package:flutter/src/widgets/framework.dart:4590:20)
#289    Element.updateChild (package:flutter/src/widgets/framework.dart:4059:18)
#290    ComponentElement.performRebuild (package:flutter/src/widgets/framework.dart:5844:16)
#291    StatefulElement.performRebuild (package:flutter/src/widgets/framework.dart:5985:11)
#292    Element.rebuild (package:flutter/src/widgets/framework.dart:5532:7)
#293    ComponentElement._firstBuild (package:flutter/src/widgets/framework.dart:5802:5)
#294    StatefulElement._firstBuild (package:flutter/src/widgets/framework.dart:5976:11)
#295    ComponentElement.mount (package:flutter/src/widgets/framework.dart:5796:5)
#296    Element.inflateWidget (package:flutter/src/widgets/framework.dart:4590:20)
#297    Element.updateChild (package:flutter/src/widgets/framework.dart:4059:18)
#298    ComponentElement.performRebuild (package:flutter/src/widgets/framework.dart:5844:16)
#299    Element.rebuild (package:flutter/src/widgets/framework.dart:5532:7)
#300    ComponentElement._firstBuild (package:flutter/src/widgets/framework.dart:5802:5)
#301    ComponentElement.mount (package:flutter/src/widgets/framework.dart:5796:5)
#302    Element.inflateWidget (package:flutter/src/widgets/framework.dart:4590:20)
#303    Element.updateChild (package:flutter/src/widgets/framework.dart:4059:18)
#304    ComponentElement.performRebuild (package:flutter/src/widgets/framework.dart:5844:16)
#305    StatefulElement.performRebuild (package:flutter/src/widgets/framework.dart:5985:11)
#306    Element.rebuild (package:flutter/src/widgets/framework.dart:5532:7)
#307    ComponentElement._firstBuild (package:flutter/src/widgets/framework.dart:5802:5)
#308    StatefulElement._firstBuild (package:flutter/src/widgets/framework.dart:5976:11)
#309    ComponentElement.mount (package:flutter/src/widgets/framework.dart:5796:5)
#310    Element.inflateWidget (package:flutter/src/widgets/framework.dart:4590:20)
#311    Element.updateChild (package:flutter/src/widgets/framework.dart:4059:18)
#312    ComponentElement.performRebuild (package:flutter/src/widgets/framework.dart:5844:16)
#313    StatefulElement.performRebuild (package:flutter/src/widgets/framework.dart:5985:11)
#314    Element.rebuild (package:flutter/src/widgets/framework.dart:5532:7)
#315    ComponentElement._firstBuild (package:flutter/src/widgets/framework.dart:5802:5)
#316    StatefulElement._firstBuild (package:flutter/src/widgets/framework.dart:5976:11)
#317    ComponentElement.mount (package:flutter/src/widgets/framework.dart:5796:5)
#318    Element.inflateWidget (package:flutter/src/widgets/framework.dart:4590:20)
#319    Element.updateChild (package:flutter/src/widgets/framework.dart:4059:18)
#320    ComponentElement.performRebuild (package:flutter/src/widgets/framework.dart:5844:16)
#321    StatefulElement.performRebuild (package:flutter/src/widgets/framework.dart:5985:11)
#322    Element.rebuild (package:flutter/src/widgets/framework.dart:5532:7)
#323    ComponentElement._firstBuild (package:flutter/src/widgets/framework.dart:5802:5)
#324    StatefulElement._firstBuild (package:flutter/src/widgets/framework.dart:5976:11)
#325    ComponentElement.mount (package:flutter/src/widgets/framework.dart:5796:5)
#326    Element.inflateWidget (package:flutter/src/widgets/framework.dart:4590:20)
#327    Element.updateChild (package:flutter/src/widgets/framework.dart:4059:18)
#328    SingleChildRenderObjectElement.mount (package:flutter/src/widgets/framework.dart:7118:14)
#329    Element.inflateWidget (package:flutter/src/widgets/framework.dart:4590:20)
#330    Element.updateChild (package:flutter/src/widgets/framework.dart:4059:18)
#331    ComponentElement.performRebuild (package:flutter/src/widgets/framework.dart:5844:16)
#332    Element.rebuild (package:flutter/src/widgets/framework.dart:5532:7)
#333    ComponentElement._firstBuild (package:flutter/src/widgets/framework.dart:5802:5)
#334    ComponentElement.mount (package:flutter/src/widgets/framework.dart:5796:5)
#335    Element.inflateWidget (package:flutter/src/widgets/framework.dart:4590:20)
#336    Element.updateChild (package:flutter/src/widgets/framework.dart:4059:18)
#337    SingleChildRenderObjectElement.mount (package:flutter/src/widgets/framework.dart:7118:14)
#338    Element.inflateWidget (package:flutter/src/widgets/framework.dart:4590:20)
#339    Element.updateChild (package:flutter/src/widgets/framework.dart:4059:18)
#340    ComponentElement.performRebuild (package:flutter/src/widgets/framework.dart:5844:16)
#341    StatefulElement.performRebuild (package:flutter/src/widgets/framework.dart:5985:11)
#342    Element.rebuild (package:flutter/src/widgets/framework.dart:5532:7)
#343    ComponentElement._firstBuild (package:flutter/src/widgets/framework.dart:5802:5)
#344    StatefulElement._firstBuild (package:flutter/src/widgets/framework.dart:5976:11)
#345    ComponentElement.mount (package:flutter/src/widgets/framework.dart:5796:5)
#346    Element.inflateWidget (package:flutter/src/widgets/framework.dart:4590:20)
#347    Element.updateChild (package:flutter/src/widgets/framework.dart:4059:18)
#348    ComponentElement.performRebuild (package:flutter/src/widgets/framework.dart:5844:16)
#349    Element.rebuild (package:flutter/src/widgets/framework.dart:5532:7)
#350    ComponentElement._firstBuild (package:flutter/src/widgets/framework.dart:5802:5)
#351    ComponentElement.mount (package:flutter/src/widgets/framework.dart:5796:5)
#352    Element.inflateWidget (package:flutter/src/widgets/framework.dart:4590:20)
#353    Element.updateChild (package:flutter/src/widgets/framework.dart:4059:18)
#354    ComponentElement.performRebuild (package:flutter/src/widgets/framework.dart:5844:16)
#355    Element.rebuild (package:flutter/src/widgets/framework.dart:5532:7)
#356    ComponentElement._firstBuild (package:flutter/src/widgets/framework.dart:5802:5)
#357    ComponentElement.mount (package:flutter/src/widgets/framework.dart:5796:5)
#358    Element.inflateWidget (package:flutter/src/widgets/framework.dart:4590:20)
#359    Element.updateChild (package:flutter/src/widgets/framework.dart:4059:18)
#360    ComponentElement.performRebuild (package:flutter/src/widgets/framework.dart:5844:16)
#361    StatefulElement.performRebuild (package:flutter/src/widgets/framework.dart:5985:11)
#362    Element.rebuild (package:flutter/src/widgets/framework.dart:5532:7)
#363    ComponentElement._firstBuild (package:flutter/src/widgets/framework.dart:5802:5)
#364    StatefulElement._firstBuild (package:flutter/src/widgets/framework.dart:5976:11)
#365    ComponentElement.mount (package:flutter/src/widgets/framework.dart:5796:5)
#366    Element.inflateWidget (package:flutter/src/widgets/framework.dart:4590:20)
#367    Element.updateChild (package:flutter/src/widgets/framework.dart:4059:18)
#368    ComponentElement.performRebuild (package:flutter/src/widgets/framework.dart:5844:16)
#369    Element.rebuild (package:flutter/src/widgets/framework.dart:5532:7)
#370    ComponentElement._firstBuild (package:flutter/src/widgets/framework.dart:5802:5)
#371    ComponentElement.mount (package:flutter/src/widgets/framework.dart:5796:5)
#372    Element.inflateWidget (package:flutter/src/widgets/framework.dart:4590:20)
#373    Element.updateChild (package:flutter/src/widgets/framework.dart:4059:18)
#374    ComponentElement.performRebuild (package:flutter/src/widgets/framework.dart:5844:16)
#375    Element.rebuild (package:flutter/src/widgets/framework.dart:5532:7)
#376    ComponentElement._firstBuild (package:flutter/src/widgets/framework.dart:5802:5)
#377    ComponentElement.mount (package:flutter/src/widgets/framework.dart:5796:5)
#378    Element.inflateWidget (package:flutter/src/widgets/framework.dart:4590:20)
#379    Element.updateChild (package:flutter/src/widgets/framework.dart:4059:18)
#380    SingleChildRenderObjectElement.mount (package:flutter/src/widgets/framework.dart:7118:14)
#381    Element.inflateWidget (package:flutter/src/widgets/framework.dart:4590:20)
#382    Element.updateChild (package:flutter/src/widgets/framework.dart:4059:18)
#383    ComponentElement.performRebuild (package:flutter/src/widgets/framework.dart:5844:16)
#384    Element.rebuild (package:flutter/src/widgets/framework.dart:5532:7)
#385    ComponentElement._firstBuild (package:flutter/src/widgets/framework.dart:5802:5)
#386    ComponentElement.mount (package:flutter/src/widgets/framework.dart:5796:5)
#387    Element.inflateWidget (package:flutter/src/widgets/framework.dart:4590:20)
#388    Element.updateChild (package:flutter/src/widgets/framework.dart:4059:18)
#389    ComponentElement.performRebuild (package:flutter/src/widgets/framework.dart:5844:16)
#390    Element.rebuild (package:flutter/src/widgets/framework.dart:5532:7)
#391    ComponentElement._firstBuild (package:flutter/src/widgets/framework.dart:5802:5)
#392    ComponentElement.mount (package:flutter/src/widgets/framework.dart:5796:5)
#393    Element.inflateWidget (package:flutter/src/widgets/framework.dart:4590:20)
#394    Element.updateChild (package:flutter/src/widgets/framework.dart:4059:18)
#395    ComponentElement.performRebuild (package:flutter/src/widgets/framework.dart:5844:16)
#396    StatefulElement.performRebuild (package:flutter/src/widgets/framework.dart:5985:11)
#397    Element.rebuild (package:flutter/src/widgets/framework.dart:5532:7)
#398    ComponentElement._firstBuild (package:flutter/src/widgets/framework.dart:5802:5)
#399    StatefulElement._firstBuild (package:flutter/src/widgets/framework.dart:5976:11)
#400    ComponentElement.mount (package:flutter/src/widgets/framework.dart:5796:5)
#401    Element.inflateWidget (package:flutter/src/widgets/framework.dart:4590:20)
#402    Element.updateChild (package:flutter/src/widgets/framework.dart:4059:18)
#403    ComponentElement.performRebuild (package:flutter/src/widgets/framework.dart:5844:16)
#404    StatefulElement.performRebuild (package:flutter/src/widgets/framework.dart:5985:11)
#405    Element.rebuild (package:flutter/src/widgets/framework.dart:5532:7)
#406    ComponentElement._firstBuild (package:flutter/src/widgets/framework.dart:5802:5)
#407    StatefulElement._firstBuild (package:flutter/src/widgets/framework.dart:5976:11)
#408    ComponentElement.mount (package:flutter/src/widgets/framework.dart:5796:5)
#409    Element.inflateWidget (package:flutter/src/widgets/framework.dart:4590:20)
#410    Element.updateChild (package:flutter/src/widgets/framework.dart:4059:18)
#411    ComponentElement.performRebuild (package:flutter/src/widgets/framework.dart:5844:16)
#412    StatefulElement.performRebuild (package:flutter/src/widgets/framework.dart:5985:11)
#413    Element.rebuild (package:flutter/src/widgets/framework.dart:5532:7)
#414    ComponentElement._firstBuild (package:flutter/src/widgets/framework.dart:5802:5)
#415    StatefulElement._firstBuild (package:flutter/src/widgets/framework.dart:5976:11)
#416    ComponentElement.mount (package:flutter/src/widgets/framework.dart:5796:5)
#417    Element.inflateWidget (package:flutter/src/widgets/framework.dart:4590:20)
#418    Element.updateChild (package:flutter/src/widgets/framework.dart:4059:18)
#419    SingleChildRenderObjectElement.mount (package:flutter/src/widgets/framework.dart:7118:14)
#420    Element.inflateWidget (package:flutter/src/widgets/framework.dart:4590:20)
#421    Element.updateChild (package:flutter/src/widgets/framework.dart:4059:18)
#422    ComponentElement.performRebuild (package:flutter/src/widgets/framework.dart:5844:16)
#423    Element.rebuild (package:flutter/src/widgets/framework.dart:5532:7)
#424    ComponentElement._firstBuild (package:flutter/src/widgets/framework.dart:5802:5)
#425    ComponentElement.mount (package:flutter/src/widgets/framework.dart:5796:5)
#426    Element.inflateWidget (package:flutter/src/widgets/framework.dart:4590:20)
#427    Element.updateChild (package:flutter/src/widgets/framework.dart:4059:18)
#428    ComponentElement.performRebuild (package:flutter/src/widgets/framework.dart:5844:16)
#429    Element.rebuild (package:flutter/src/widgets/framework.dart:5532:7)
#430    ComponentElement._firstBuild (package:flutter/src/widgets/framework.dart:5802:5)
#431    ComponentElement.mount (package:flutter/src/widgets/framework.dart:5796:5)
#432    Element.inflateWidget (package:flutter/src/widgets/framework.dart:4590:20)
#433    Element.updateChild (package:flutter/src/widgets/framework.dart:4059:18)
#434    ComponentElement.performRebuild (package:flutter/src/widgets/framework.dart:5844:16)
#435    Element.rebuild (package:flutter/src/widgets/framework.dart:5532:7)
#436    ComponentElement._firstBuild (package:flutter/src/widgets/framework.dart:5802:5)
#437    ComponentElement.mount (package:flutter/src/widgets/framework.dart:5796:5)
#438    Element.inflateWidget (package:flutter/src/widgets/framework.dart:4590:20)
#439    Element.updateChild (package:flutter/src/widgets/framework.dart:4059:18)
#440    ComponentElement.performRebuild (package:flutter/src/widgets/framework.dart:5844:16)
#441    StatefulElement.performRebuild (package:flutter/src/widgets/framework.dart:5985:11)
#442    Element.rebuild (package:flutter/src/widgets/framework.dart:5532:7)
#443    ComponentElement._firstBuild (package:flutter/src/widgets/framework.dart:5802:5)
#444    StatefulElement._firstBuild (package:flutter/src/widgets/framework.dart:5976:11)
#445    ComponentElement.mount (package:flutter/src/widgets/framework.dart:5796:5)
#446    Element.inflateWidget (package:flutter/src/widgets/framework.dart:4590:20)
#447    Element.updateChild (package:flutter/src/widgets/framework.dart:4059:18)
#448    ComponentElement.performRebuild (package:flutter/src/widgets/framework.dart:5844:16)
#449    StatefulElement.performRebuild (package:flutter/src/widgets/framework.dart:5985:11)
#450    Element.rebuild (package:flutter/src/widgets/framework.dart:5532:7)
#451    ComponentElement._firstBuild (package:flutter/src/widgets/framework.dart:5802:5)
#452    StatefulElement._firstBuild (package:flutter/src/widgets/framework.dart:5976:11)
#453    ComponentElement.mount (package:flutter/src/widgets/framework.dart:5796:5)
#454    Element.inflateWidget (package:flutter/src/widgets/framework.dart:4590:20)
#455    MultiChildRenderObjectElement.inflateWidget
(package:flutter/src/widgets/framework.dart:7269:36)
#456    MultiChildRenderObjectElement.mount (package:flutter/src/widgets/framework.dart:7285:32)
#457    Element.inflateWidget (package:flutter/src/widgets/framework.dart:4590:20)
#458    Element.updateChild (package:flutter/src/widgets/framework.dart:4059:18)
#459    ComponentElement.performRebuild (package:flutter/src/widgets/framework.dart:5844:16)
#460    StatefulElement.performRebuild (package:flutter/src/widgets/framework.dart:5985:11)
#461    Element.rebuild (package:flutter/src/widgets/framework.dart:5532:7)
#462    ComponentElement._firstBuild (package:flutter/src/widgets/framework.dart:5802:5)
#463    StatefulElement._firstBuild (package:flutter/src/widgets/framework.dart:5976:11)
#464    ComponentElement.mount (package:flutter/src/widgets/framework.dart:5796:5)
#465    Element.inflateWidget (package:flutter/src/widgets/framework.dart:4590:20)
#466    Element.updateChild (package:flutter/src/widgets/framework.dart:4059:18)
#467    ComponentElement.performRebuild (package:flutter/src/widgets/framework.dart:5844:16)
#468    Element.rebuild (package:flutter/src/widgets/framework.dart:5532:7)
#469    ComponentElement._firstBuild (package:flutter/src/widgets/framework.dart:5802:5)
#470    ComponentElement.mount (package:flutter/src/widgets/framework.dart:5796:5)
#471    Element.inflateWidget (package:flutter/src/widgets/framework.dart:4590:20)
#472    Element.updateChild (package:flutter/src/widgets/framework.dart:4059:18)
#473    ComponentElement.performRebuild (package:flutter/src/widgets/framework.dart:5844:16)
#474    Element.rebuild (package:flutter/src/widgets/framework.dart:5532:7)
#475    ComponentElement._firstBuild (package:flutter/src/widgets/framework.dart:5802:5)
#476    ComponentElement.mount (package:flutter/src/widgets/framework.dart:5796:5)
#477    Element.inflateWidget (package:flutter/src/widgets/framework.dart:4590:20)
#478    Element.updateChild (package:flutter/src/widgets/framework.dart:4059:18)
#479    ComponentElement.performRebuild (package:flutter/src/widgets/framework.dart:5844:16)
#480    StatefulElement.performRebuild (package:flutter/src/widgets/framework.dart:5985:11)
#481    Element.rebuild (package:flutter/src/widgets/framework.dart:5532:7)
#482    ComponentElement._firstBuild (package:flutter/src/widgets/framework.dart:5802:5)
#483    StatefulElement._firstBuild (package:flutter/src/widgets/framework.dart:5976:11)
#484    ComponentElement.mount (package:flutter/src/widgets/framework.dart:5796:5)
#485    Element.inflateWidget (package:flutter/src/widgets/framework.dart:4590:20)
#486    Element.updateChild (package:flutter/src/widgets/framework.dart:4059:18)
#487    ComponentElement.performRebuild (package:flutter/src/widgets/framework.dart:5844:16)
#488    Element.rebuild (package:flutter/src/widgets/framework.dart:5532:7)
#489    ComponentElement._firstBuild (package:flutter/src/widgets/framework.dart:5802:5)
#490    ComponentElement.mount (package:flutter/src/widgets/framework.dart:5796:5)
#491    Element.inflateWidget (package:flutter/src/widgets/framework.dart:4590:20)
#492    Element.updateChild (package:flutter/src/widgets/framework.dart:4059:18)
#493    ComponentElement.performRebuild (package:flutter/src/widgets/framework.dart:5844:16)
#494    StatefulElement.performRebuild (package:flutter/src/widgets/framework.dart:5985:11)
#495    Element.rebuild (package:flutter/src/widgets/framework.dart:5532:7)
#496    ComponentElement._firstBuild (package:flutter/src/widgets/framework.dart:5802:5)
#497    StatefulElement._firstBuild (package:flutter/src/widgets/framework.dart:5976:11)
#498    ComponentElement.mount (package:flutter/src/widgets/framework.dart:5796:5)
#499    Element.inflateWidget (package:flutter/src/widgets/framework.dart:4590:20)
#500    Element.updateChild (package:flutter/src/widgets/framework.dart:4059:18)
#501    ComponentElement.performRebuild (package:flutter/src/widgets/framework.dart:5844:16)
#502    StatefulElement.performRebuild (package:flutter/src/widgets/framework.dart:5985:11)
#503    Element.rebuild (package:flutter/src/widgets/framework.dart:5532:7)
#504    ComponentElement._firstBuild (package:flutter/src/widgets/framework.dart:5802:5)
#505    StatefulElement._firstBuild (package:flutter/src/widgets/framework.dart:5976:11)
#506    ComponentElement.mount (package:flutter/src/widgets/framework.dart:5796:5)
#507    Element.inflateWidget (package:flutter/src/widgets/framework.dart:4590:20)
#508    Element.updateChild (package:flutter/src/widgets/framework.dart:4059:18)
#509    SingleChildRenderObjectElement.mount (package:flutter/src/widgets/framework.dart:7118:14)
#510    Element.inflateWidget (package:flutter/src/widgets/framework.dart:4590:20)
#511    Element.updateChild (package:flutter/src/widgets/framework.dart:4059:18)
#512    SingleChildRenderObjectElement.mount (package:flutter/src/widgets/framework.dart:7118:14)
#513    Element.inflateWidget (package:flutter/src/widgets/framework.dart:4590:20)
#514    Element.updateChild (package:flutter/src/widgets/framework.dart:4059:18)
#515    ComponentElement.performRebuild (package:flutter/src/widgets/framework.dart:5844:16)
#516    Element.rebuild (package:flutter/src/widgets/framework.dart:5532:7)
#517    ComponentElement._firstBuild (package:flutter/src/widgets/framework.dart:5802:5)
#518    ComponentElement.mount (package:flutter/src/widgets/framework.dart:5796:5)
#519    Element.inflateWidget (package:flutter/src/widgets/framework.dart:4590:20)
#520    Element.updateChild (package:flutter/src/widgets/framework.dart:4059:18)
#521    ComponentElement.performRebuild (package:flutter/src/widgets/framework.dart:5844:16)
#522    Element.rebuild (package:flutter/src/widgets/framework.dart:5532:7)
#523    ComponentElement._firstBuild (package:flutter/src/widgets/framework.dart:5802:5)
#524    ComponentElement.mount (package:flutter/src/widgets/framework.dart:5796:5)
#525    Element.inflateWidget (package:flutter/src/widgets/framework.dart:4590:20)
#526    Element.updateChild (package:flutter/src/widgets/framework.dart:4059:18)
#527    ComponentElement.performRebuild (package:flutter/src/widgets/framework.dart:5844:16)
#528    StatefulElement.performRebuild (package:flutter/src/widgets/framework.dart:5985:11)
#529    Element.rebuild (package:flutter/src/widgets/framework.dart:5532:7)
#530    ComponentElement._firstBuild (package:flutter/src/widgets/framework.dart:5802:5)
#531    StatefulElement._firstBuild (package:flutter/src/widgets/framework.dart:5976:11)
#532    ComponentElement.mount (package:flutter/src/widgets/framework.dart:5796:5)
#533    Element.inflateWidget (package:flutter/src/widgets/framework.dart:4590:20)
#534    Element.updateChild (package:flutter/src/widgets/framework.dart:4059:18)
#535    ComponentElement.performRebuild (package:flutter/src/widgets/framework.dart:5844:16)
#536    Element.rebuild (package:flutter/src/widgets/framework.dart:5532:7)
#537    ComponentElement._firstBuild (package:flutter/src/widgets/framework.dart:5802:5)
#538    ComponentElement.mount (package:flutter/src/widgets/framework.dart:5796:5)
#539    Element.inflateWidget (package:flutter/src/widgets/framework.dart:4590:20)
#540    Element.updateChild (package:flutter/src/widgets/framework.dart:4059:18)
#541    SingleChildRenderObjectElement.mount (package:flutter/src/widgets/framework.dart:7118:14)
#542    Element.inflateWidget (package:flutter/src/widgets/framework.dart:4590:20)
#543    Element.updateChild (package:flutter/src/widgets/framework.dart:4059:18)
#544    ComponentElement.performRebuild (package:flutter/src/widgets/framework.dart:5844:16)
#545    StatefulElement.performRebuild (package:flutter/src/widgets/framework.dart:5985:11)
#546    Element.rebuild (package:flutter/src/widgets/framework.dart:5532:7)
#547    ComponentElement._firstBuild (package:flutter/src/widgets/framework.dart:5802:5)
#548    StatefulElement._firstBuild (package:flutter/src/widgets/framework.dart:5976:11)
#549    ComponentElement.mount (package:flutter/src/widgets/framework.dart:5796:5)
#550    Element.inflateWidget (package:flutter/src/widgets/framework.dart:4590:20)
#551    Element.updateChild (package:flutter/src/widgets/framework.dart:4059:18)
#552    ComponentElement.performRebuild (package:flutter/src/widgets/framework.dart:5844:16)
#553    Element.rebuild (package:flutter/src/widgets/framework.dart:5532:7)
#554    ComponentElement._firstBuild (package:flutter/src/widgets/framework.dart:5802:5)
#555    ComponentElement.mount (package:flutter/src/widgets/framework.dart:5796:5)
#556    Element.inflateWidget (package:flutter/src/widgets/framework.dart:4590:20)
#557    Element.updateChild (package:flutter/src/widgets/framework.dart:4059:18)
#558    ComponentElement.performRebuild (package:flutter/src/widgets/framework.dart:5844:16)
#559    Element.rebuild (package:flutter/src/widgets/framework.dart:5532:7)
#560    ComponentElement._firstBuild (package:flutter/src/widgets/framework.dart:5802:5)
#561    ComponentElement.mount (package:flutter/src/widgets/framework.dart:5796:5)
#562    Element.inflateWidget (package:flutter/src/widgets/framework.dart:4590:20)
#563    Element.updateChild (package:flutter/src/widgets/framework.dart:4059:18)
#564    ComponentElement.performRebuild (package:flutter/src/widgets/framework.dart:5844:16)
#565    StatefulElement.performRebuild (package:flutter/src/widgets/framework.dart:5985:11)
#566    Element.rebuild (package:flutter/src/widgets/framework.dart:5532:7)
#567    ComponentElement._firstBuild (package:flutter/src/widgets/framework.dart:5802:5)
#568    StatefulElement._firstBuild (package:flutter/src/widgets/framework.dart:5976:11)
#569    ComponentElement.mount (package:flutter/src/widgets/framework.dart:5796:5)
#570    Element.inflateWidget (package:flutter/src/widgets/framework.dart:4590:20)
#571    Element.updateChild (package:flutter/src/widgets/framework.dart:4059:18)
#572    ComponentElement.performRebuild (package:flutter/src/widgets/framework.dart:5844:16)
#573    Element.rebuild (package:flutter/src/widgets/framework.dart:5532:7)
#574    ComponentElement._firstBuild (package:flutter/src/widgets/framework.dart:5802:5)
#575    ComponentElement.mount (package:flutter/src/widgets/framework.dart:5796:5)
#576    Element.inflateWidget (package:flutter/src/widgets/framework.dart:4590:20)
#577    Element.updateChild (package:flutter/src/widgets/framework.dart:4059:18)
#578    ComponentElement.performRebuild (package:flutter/src/widgets/framework.dart:5844:16)
#579    Element.rebuild (package:flutter/src/widgets/framework.dart:5532:7)
#580    ComponentElement._firstBuild (package:flutter/src/widgets/framework.dart:5802:5)
#581    ComponentElement.mount (package:flutter/src/widgets/framework.dart:5796:5)
#582    Element.inflateWidget (package:flutter/src/widgets/framework.dart:4590:20)
#583    Element.updateChild (package:flutter/src/widgets/framework.dart:4059:18)
#584    ComponentElement.performRebuild (package:flutter/src/widgets/framework.dart:5844:16)
#585    Element.rebuild (package:flutter/src/widgets/framework.dart:5532:7)
#586    ComponentElement._firstBuild (package:flutter/src/widgets/framework.dart:5802:5)
#587    ComponentElement.mount (package:flutter/src/widgets/framework.dart:5796:5)
#588    Element.inflateWidget (package:flutter/src/widgets/framework.dart:4590:20)
#589    Element.updateChild (package:flutter/src/widgets/framework.dart:4059:18)
#590    ComponentElement.performRebuild (package:flutter/src/widgets/framework.dart:5844:16)
#591    Element.rebuild (package:flutter/src/widgets/framework.dart:5532:7)
#592    ComponentElement._firstBuild (package:flutter/src/widgets/framework.dart:5802:5)
#593    ComponentElement.mount (package:flutter/src/widgets/framework.dart:5796:5)
#594    Element.inflateWidget (package:flutter/src/widgets/framework.dart:4590:20)
#595    Element.updateChild (package:flutter/src/widgets/framework.dart:4059:18)
#596    ComponentElement.performRebuild (package:flutter/src/widgets/framework.dart:5844:16)
#597    Element.rebuild (package:flutter/src/widgets/framework.dart:5532:7)
#598    ComponentElement._firstBuild (package:flutter/src/widgets/framework.dart:5802:5)
#599    ComponentElement.mount (package:flutter/src/widgets/framework.dart:5796:5)
#600    Element.inflateWidget (package:flutter/src/widgets/framework.dart:4590:20)
#601    Element.updateChild (package:flutter/src/widgets/framework.dart:4059:18)
#602    ComponentElement.performRebuild (package:flutter/src/widgets/framework.dart:5844:16)
#603    Element.rebuild (package:flutter/src/widgets/framework.dart:5532:7)
#604    ComponentElement._firstBuild (package:flutter/src/widgets/framework.dart:5802:5)
#605    ComponentElement.mount (package:flutter/src/widgets/framework.dart:5796:5)
#606    Element.inflateWidget (package:flutter/src/widgets/framework.dart:4590:20)
#607    Element.updateChild (package:flutter/src/widgets/framework.dart:4059:18)
#608    ComponentElement.performRebuild (package:flutter/src/widgets/framework.dart:5844:16)
#609    Element.rebuild (package:flutter/src/widgets/framework.dart:5532:7)
#610    ComponentElement._firstBuild (package:flutter/src/widgets/framework.dart:5802:5)
#611    ComponentElement.mount (package:flutter/src/widgets/framework.dart:5796:5)
#612    Element.inflateWidget (package:flutter/src/widgets/framework.dart:4590:20)
#613    Element.updateChild (package:flutter/src/widgets/framework.dart:4059:18)
#614    ComponentElement.performRebuild (package:flutter/src/widgets/framework.dart:5844:16)
#615    StatefulElement.performRebuild (package:flutter/src/widgets/framework.dart:5985:11)
#616    Element.rebuild (package:flutter/src/widgets/framework.dart:5532:7)
#617    ComponentElement._firstBuild (package:flutter/src/widgets/framework.dart:5802:5)
#618    StatefulElement._firstBuild (package:flutter/src/widgets/framework.dart:5976:11)
#619    ComponentElement.mount (package:flutter/src/widgets/framework.dart:5796:5)
#620    Element.inflateWidget (package:flutter/src/widgets/framework.dart:4590:20)
#621    Element.updateChild (package:flutter/src/widgets/framework.dart:4059:18)
#622    ComponentElement.performRebuild (package:flutter/src/widgets/framework.dart:5844:16)
#623    Element.rebuild (package:flutter/src/widgets/framework.dart:5532:7)
#624    ComponentElement._firstBuild (package:flutter/src/widgets/framework.dart:5802:5)
#625    ComponentElement.mount (package:flutter/src/widgets/framework.dart:5796:5)
#626    Element.inflateWidget (package:flutter/src/widgets/framework.dart:4590:20)
#627    Element.updateChild (package:flutter/src/widgets/framework.dart:4059:18)
#628    ComponentElement.performRebuild (package:flutter/src/widgets/framework.dart:5844:16)
#629    Element.rebuild (package:flutter/src/widgets/framework.dart:5532:7)
#630    ComponentElement._firstBuild (package:flutter/src/widgets/framework.dart:5802:5)
#631    ComponentElement.mount (package:flutter/src/widgets/framework.dart:5796:5)
#632    Element.inflateWidget (package:flutter/src/widgets/framework.dart:4590:20)
#633    Element.updateChild (package:flutter/src/widgets/framework.dart:4059:18)
#634    ComponentElement.performRebuild (package:flutter/src/widgets/framework.dart:5844:16)
#635    StatefulElement.performRebuild (package:flutter/src/widgets/framework.dart:5985:11)
#636    Element.rebuild (package:flutter/src/widgets/framework.dart:5532:7)
#637    ComponentElement._firstBuild (package:flutter/src/widgets/framework.dart:5802:5)
#638    StatefulElement._firstBuild (package:flutter/src/widgets/framework.dart:5976:11)
#639    ComponentElement.mount (package:flutter/src/widgets/framework.dart:5796:5)
#640    Element.inflateWidget (package:flutter/src/widgets/framework.dart:4590:20)
#641    Element.updateChild (package:flutter/src/widgets/framework.dart:4059:18)
#642    SingleChildRenderObjectElement.mount (package:flutter/src/widgets/framework.dart:7118:14)
#643    Element.inflateWidget (package:flutter/src/widgets/framework.dart:4590:20)
#644    Element.updateChild (package:flutter/src/widgets/framework.dart:4059:18)
#645    ComponentElement.performRebuild (package:flutter/src/widgets/framework.dart:5844:16)
#646    StatefulElement.performRebuild (package:flutter/src/widgets/framework.dart:5985:11)
#647    Element.rebuild (package:flutter/src/widgets/framework.dart:5532:7)
#648    ComponentElement._firstBuild (package:flutter/src/widgets/framework.dart:5802:5)
#649    StatefulElement._firstBuild (package:flutter/src/widgets/framework.dart:5976:11)
#650    ComponentElement.mount (package:flutter/src/widgets/framework.dart:5796:5)
#651    Element.inflateWidget (package:flutter/src/widgets/framework.dart:4590:20)
#652    Element.updateChild (package:flutter/src/widgets/framework.dart:4059:18)
#653    ComponentElement.performRebuild (package:flutter/src/widgets/framework.dart:5844:16)
#654    Element.rebuild (package:flutter/src/widgets/framework.dart:5532:7)
#655    ComponentElement._firstBuild (package:flutter/src/widgets/framework.dart:5802:5)
#656    ComponentElement.mount (package:flutter/src/widgets/framework.dart:5796:5)
#657    Element.inflateWidget (package:flutter/src/widgets/framework.dart:4590:20)
#658    Element.updateChild (package:flutter/src/widgets/framework.dart:4059:18)
#659    ComponentElement.performRebuild (package:flutter/src/widgets/framework.dart:5844:16)
#660    Element.rebuild (package:flutter/src/widgets/framework.dart:5532:7)
#661    ComponentElement._firstBuild (package:flutter/src/widgets/framework.dart:5802:5)
#662    ComponentElement.mount (package:flutter/src/widgets/framework.dart:5796:5)
#663    Element.inflateWidget (package:flutter/src/widgets/framework.dart:4590:20)
#664    Element.updateChild (package:flutter/src/widgets/framework.dart:4059:18)
#665    ComponentElement.performRebuild (package:flutter/src/widgets/framework.dart:5844:16)
#666    Element.rebuild (package:flutter/src/widgets/framework.dart:5532:7)
#667    ComponentElement._firstBuild (package:flutter/src/widgets/framework.dart:5802:5)
#668    ComponentElement.mount (package:flutter/src/widgets/framework.dart:5796:5)
#669    Element.inflateWidget (package:flutter/src/widgets/framework.dart:4590:20)
#670    Element.updateChild (package:flutter/src/widgets/framework.dart:4059:18)
#671    ComponentElement.performRebuild (package:flutter/src/widgets/framework.dart:5844:16)
#672    Element.rebuild (package:flutter/src/widgets/framework.dart:5532:7)
#673    ComponentElement._firstBuild (package:flutter/src/widgets/framework.dart:5802:5)
#674    ComponentElement.mount (package:flutter/src/widgets/framework.dart:5796:5)
#675    Element.inflateWidget (package:flutter/src/widgets/framework.dart:4590:20)
#676    Element.updateChild (package:flutter/src/widgets/framework.dart:4059:18)
#677    SingleChildRenderObjectElement.mount (package:flutter/src/widgets/framework.dart:7118:14)
#678    Element.inflateWidget (package:flutter/src/widgets/framework.dart:4590:20)
#679    Element.updateChild (package:flutter/src/widgets/framework.dart:4059:18)
#680    ComponentElement.performRebuild (package:flutter/src/widgets/framework.dart:5844:16)
#681    StatefulElement.performRebuild (package:flutter/src/widgets/framework.dart:5985:11)
#682    Element.rebuild (package:flutter/src/widgets/framework.dart:5532:7)
#683    ComponentElement._firstBuild (package:flutter/src/widgets/framework.dart:5802:5)
#684    StatefulElement._firstBuild (package:flutter/src/widgets/framework.dart:5976:11)
#685    ComponentElement.mount (package:flutter/src/widgets/framework.dart:5796:5)
#686    Element.inflateWidget (package:flutter/src/widgets/framework.dart:4590:20)
#687    Element.updateChild (package:flutter/src/widgets/framework.dart:4059:18)
#688    ComponentElement.performRebuild (package:flutter/src/widgets/framework.dart:5844:16)
#689    StatefulElement.performRebuild (package:flutter/src/widgets/framework.dart:5985:11)
#690    Element.rebuild (package:flutter/src/widgets/framework.dart:5532:7)
#691    ComponentElement._firstBuild (package:flutter/src/widgets/framework.dart:5802:5)
#692    StatefulElement._firstBuild (package:flutter/src/widgets/framework.dart:5976:11)
#693    ComponentElement.mount (package:flutter/src/widgets/framework.dart:5796:5)
#694    Element.inflateWidget (package:flutter/src/widgets/framework.dart:4590:20)
#695    Element.updateChild (package:flutter/src/widgets/framework.dart:4059:18)
#696    SingleChildRenderObjectElement.mount (package:flutter/src/widgets/framework.dart:7118:14)
#697    Element.inflateWidget (package:flutter/src/widgets/framework.dart:4590:20)
#698    Element.updateChild (package:flutter/src/widgets/framework.dart:4059:18)
#699    ComponentElement.performRebuild (package:flutter/src/widgets/framework.dart:5844:16)
#700    Element.rebuild (package:flutter/src/widgets/framework.dart:5532:7)
#701    ComponentElement._firstBuild (package:flutter/src/widgets/framework.dart:5802:5)
#702    ComponentElement.mount (package:flutter/src/widgets/framework.dart:5796:5)
#703    Element.inflateWidget (package:flutter/src/widgets/framework.dart:4590:20)
#704    Element.updateChild (package:flutter/src/widgets/framework.dart:4059:18)
#705    ComponentElement.performRebuild (package:flutter/src/widgets/framework.dart:5844:16)
#706    StatefulElement.performRebuild (package:flutter/src/widgets/framework.dart:5985:11)
#707    Element.rebuild (package:flutter/src/widgets/framework.dart:5532:7)
#708    ComponentElement._firstBuild (package:flutter/src/widgets/framework.dart:5802:5)
#709    StatefulElement._firstBuild (package:flutter/src/widgets/framework.dart:5976:11)
#710    ComponentElement.mount (package:flutter/src/widgets/framework.dart:5796:5)
#711    Element.inflateWidget (package:flutter/src/widgets/framework.dart:4590:20)
#712    Element.updateChild (package:flutter/src/widgets/framework.dart:4059:18)
#713    ComponentElement.performRebuild (package:flutter/src/widgets/framework.dart:5844:16)
#714    StatefulElement.performRebuild (package:flutter/src/widgets/framework.dart:5985:11)
#715    Element.rebuild (package:flutter/src/widgets/framework.dart:5532:7)
#716    ComponentElement._firstBuild (package:flutter/src/widgets/framework.dart:5802:5)
#717    StatefulElement._firstBuild (package:flutter/src/widgets/framework.dart:5976:11)
#718    ComponentElement.mount (package:flutter/src/widgets/framework.dart:5796:5)
#719    Element.inflateWidget (package:flutter/src/widgets/framework.dart:4590:20)
#720    Element.updateChild (package:flutter/src/widgets/framework.dart:4059:18)
#721    ComponentElement.performRebuild (package:flutter/src/widgets/framework.dart:5844:16)
#722    Element.rebuild (package:flutter/src/widgets/framework.dart:5532:7)
#723    ComponentElement._firstBuild (package:flutter/src/widgets/framework.dart:5802:5)
#724    ComponentElement.mount (package:flutter/src/widgets/framework.dart:5796:5)
#725    Element.inflateWidget (package:flutter/src/widgets/framework.dart:4590:20)
#726    Element.updateChild (package:flutter/src/widgets/framework.dart:4059:18)
#727    ComponentElement.performRebuild (package:flutter/src/widgets/framework.dart:5844:16)
#728    StatefulElement.performRebuild (package:flutter/src/widgets/framework.dart:5985:11)
#729    Element.rebuild (package:flutter/src/widgets/framework.dart:5532:7)
#730    ComponentElement._firstBuild (package:flutter/src/widgets/framework.dart:5802:5)
#731    StatefulElement._firstBuild (package:flutter/src/widgets/framework.dart:5976:11)
#732    ComponentElement.mount (package:flutter/src/widgets/framework.dart:5796:5)
#733    Element.inflateWidget (package:flutter/src/widgets/framework.dart:4590:20)
#734    Element.updateChild (package:flutter/src/widgets/framework.dart:4059:18)
#735    SingleChildRenderObjectElement.mount (package:flutter/src/widgets/framework.dart:7118:14)
#736    Element.inflateWidget (package:flutter/src/widgets/framework.dart:4590:20)
#737    Element.updateChild (package:flutter/src/widgets/framework.dart:4059:18)
#738    ComponentElement.performRebuild (package:flutter/src/widgets/framework.dart:5844:16)
#739    Element.rebuild (package:flutter/src/widgets/framework.dart:5532:7)
#740    ComponentElement._firstBuild (package:flutter/src/widgets/framework.dart:5802:5)
#741    ComponentElement.mount (package:flutter/src/widgets/framework.dart:5796:5)
#742    Element.inflateWidget (package:flutter/src/widgets/framework.dart:4590:20)
#743    Element.updateChild (package:flutter/src/widgets/framework.dart:4059:18)
#744    ComponentElement.performRebuild (package:flutter/src/widgets/framework.dart:5844:16)
#745    StatefulElement.performRebuild (package:flutter/src/widgets/framework.dart:5985:11)
#746    Element.rebuild (package:flutter/src/widgets/framework.dart:5532:7)
#747    ComponentElement._firstBuild (package:flutter/src/widgets/framework.dart:5802:5)
#748    StatefulElement._firstBuild (package:flutter/src/widgets/framework.dart:5976:11)
#749    ComponentElement.mount (package:flutter/src/widgets/framework.dart:5796:5)
#750    Element.inflateWidget (package:flutter/src/widgets/framework.dart:4590:20)
#751    Element.updateChild (package:flutter/src/widgets/framework.dart:4059:18)
#752    ComponentElement.performRebuild (package:flutter/src/widgets/framework.dart:5844:16)
#753    StatefulElement.performRebuild (package:flutter/src/widgets/framework.dart:5985:11)
#754    Element.rebuild (package:flutter/src/widgets/framework.dart:5532:7)
#755    ComponentElement._firstBuild (package:flutter/src/widgets/framework.dart:5802:5)
#756    StatefulElement._firstBuild (package:flutter/src/widgets/framework.dart:5976:11)
#757    ComponentElement.mount (package:flutter/src/widgets/framework.dart:5796:5)
#758    Element.inflateWidget (package:flutter/src/widgets/framework.dart:4590:20)
#759    Element.updateChild (package:flutter/src/widgets/framework.dart:4059:18)
#760    ComponentElement.performRebuild (package:flutter/src/widgets/framework.dart:5844:16)
#761    Element.rebuild (package:flutter/src/widgets/framework.dart:5532:7)
#762    ComponentElement._firstBuild (package:flutter/src/widgets/framework.dart:5802:5)
#763    ComponentElement.mount (package:flutter/src/widgets/framework.dart:5796:5)
#764    Element.inflateWidget (package:flutter/src/widgets/framework.dart:4590:20)
#765    Element.updateChild (package:flutter/src/widgets/framework.dart:4059:18)
#766    ComponentElement.performRebuild (package:flutter/src/widgets/framework.dart:5844:16)
#767    StatefulElement.performRebuild (package:flutter/src/widgets/framework.dart:5985:11)
#768    Element.rebuild (package:flutter/src/widgets/framework.dart:5532:7)
#769    ComponentElement._firstBuild (package:flutter/src/widgets/framework.dart:5802:5)
#770    StatefulElement._firstBuild (package:flutter/src/widgets/framework.dart:5976:11)
#771    ComponentElement.mount (package:flutter/src/widgets/framework.dart:5796:5)
#772    Element.inflateWidget (package:flutter/src/widgets/framework.dart:4590:20)
#773    Element.updateChild (package:flutter/src/widgets/framework.dart:4059:18)
#774    SingleChildRenderObjectElement.mount (package:flutter/src/widgets/framework.dart:7118:14)
#775    Element.inflateWidget (package:flutter/src/widgets/framework.dart:4590:20)
#776    Element.updateChild (package:flutter/src/widgets/framework.dart:4059:18)
#777    ComponentElement.performRebuild (package:flutter/src/widgets/framework.dart:5844:16)
#778    Element.rebuild (package:flutter/src/widgets/framework.dart:5532:7)
#779    ComponentElement._firstBuild (package:flutter/src/widgets/framework.dart:5802:5)
#780    ComponentElement.mount (package:flutter/src/widgets/framework.dart:5796:5)
#781    Element.inflateWidget (package:flutter/src/widgets/framework.dart:4590:20)
#782    Element.updateChild (package:flutter/src/widgets/framework.dart:4059:18)
#783    ComponentElement.performRebuild (package:flutter/src/widgets/framework.dart:5844:16)
#784    StatefulElement.performRebuild (package:flutter/src/widgets/framework.dart:5985:11)
#785    Element.rebuild (package:flutter/src/widgets/framework.dart:5532:7)
#786    ComponentElement._firstBuild (package:flutter/src/widgets/framework.dart:5802:5)
#787    StatefulElement._firstBuild (package:flutter/src/widgets/framework.dart:5976:11)
#788    ComponentElement.mount (package:flutter/src/widgets/framework.dart:5796:5)
#789    Element.inflateWidget (package:flutter/src/widgets/framework.dart:4590:20)
#790    Element.updateChild (package:flutter/src/widgets/framework.dart:4059:18)
#791    ComponentElement.performRebuild (package:flutter/src/widgets/framework.dart:5844:16)
#792    StatefulElement.performRebuild (package:flutter/src/widgets/framework.dart:5985:11)
#793    Element.rebuild (package:flutter/src/widgets/framework.dart:5532:7)
#794    ComponentElement._firstBuild (package:flutter/src/widgets/framework.dart:5802:5)
#795    StatefulElement._firstBuild (package:flutter/src/widgets/framework.dart:5976:11)
#796    ComponentElement.mount (package:flutter/src/widgets/framework.dart:5796:5)
#797    Element.inflateWidget (package:flutter/src/widgets/framework.dart:4590:20)
#798    Element.updateChild (package:flutter/src/widgets/framework.dart:4059:18)
#799    ComponentElement.performRebuild (package:flutter/src/widgets/framework.dart:5844:16)
#800    Element.rebuild (package:flutter/src/widgets/framework.dart:5532:7)
#801    ComponentElement._firstBuild (package:flutter/src/widgets/framework.dart:5802:5)
#802    ComponentElement.mount (package:flutter/src/widgets/framework.dart:5796:5)
#803    Element.inflateWidget (package:flutter/src/widgets/framework.dart:4590:20)
#804    Element.updateChild (package:flutter/src/widgets/framework.dart:4059:18)
#805    SingleChildRenderObjectElement.mount (package:flutter/src/widgets/framework.dart:7118:14)
#806    Element.inflateWidget (package:flutter/src/widgets/framework.dart:4590:20)
#807    Element.updateChild (package:flutter/src/widgets/framework.dart:4059:18)
#808    ComponentElement.performRebuild (package:flutter/src/widgets/framework.dart:5844:16)
#809    Element.rebuild (package:flutter/src/widgets/framework.dart:5532:7)
#810    ComponentElement._firstBuild (package:flutter/src/widgets/framework.dart:5802:5)
#811    ComponentElement.mount (package:flutter/src/widgets/framework.dart:5796:5)
#812    Element.inflateWidget (package:flutter/src/widgets/framework.dart:4590:20)
#813    Element.updateChild (package:flutter/src/widgets/framework.dart:4059:18)
#814    ComponentElement.performRebuild (package:flutter/src/widgets/framework.dart:5844:16)
#815    StatefulElement.performRebuild (package:flutter/src/widgets/framework.dart:5985:11)
#816    Element.rebuild (package:flutter/src/widgets/framework.dart:5532:7)
#817    ComponentElement._firstBuild (package:flutter/src/widgets/framework.dart:5802:5)
#818    StatefulElement._firstBuild (package:flutter/src/widgets/framework.dart:5976:11)
#819    ComponentElement.mount (package:flutter/src/widgets/framework.dart:5796:5)
#820    Element.inflateWidget (package:flutter/src/widgets/framework.dart:4590:20)
#821    Element.updateChild (package:flutter/src/widgets/framework.dart:4059:18)
#822    ComponentElement.performRebuild (package:flutter/src/widgets/framework.dart:5844:16)
#823    StatefulElement.performRebuild (package:flutter/src/widgets/framework.dart:5985:11)
#824    Element.rebuild (package:flutter/src/widgets/framework.dart:5532:7)
#825    ComponentElement._firstBuild (package:flutter/src/widgets/framework.dart:5802:5)
#826    StatefulElement._firstBuild (package:flutter/src/widgets/framework.dart:5976:11)
#827    ComponentElement.mount (package:flutter/src/widgets/framework.dart:5796:5)
#828    Element.inflateWidget (package:flutter/src/widgets/framework.dart:4590:20)
#829    Element.updateChild (package:flutter/src/widgets/framework.dart:4059:18)
#830    ComponentElement.performRebuild (package:flutter/src/widgets/framework.dart:5844:16)
#831    Element.rebuild (package:flutter/src/widgets/framework.dart:5532:7)
#832    ComponentElement._firstBuild (package:flutter/src/widgets/framework.dart:5802:5)
#833    ComponentElement.mount (package:flutter/src/widgets/framework.dart:5796:5)
#834    Element.inflateWidget (package:flutter/src/widgets/framework.dart:4590:20)
#835    Element.updateChild (package:flutter/src/widgets/framework.dart:4059:18)
#836    ComponentElement.performRebuild (package:flutter/src/widgets/framework.dart:5844:16)
#837    Element.rebuild (package:flutter/src/widgets/framework.dart:5532:7)
#838    ComponentElement._firstBuild (package:flutter/src/widgets/framework.dart:5802:5)
#839    ComponentElement.mount (package:flutter/src/widgets/framework.dart:5796:5)
#840    Element.inflateWidget (package:flutter/src/widgets/framework.dart:4590:20)
#841    Element.updateChild (package:flutter/src/widgets/framework.dart:4059:18)
#842    ComponentElement.performRebuild (package:flutter/src/widgets/framework.dart:5844:16)
#843    StatefulElement.performRebuild (package:flutter/src/widgets/framework.dart:5985:11)
#844    Element.rebuild (package:flutter/src/widgets/framework.dart:5532:7)
#845    ComponentElement._firstBuild (package:flutter/src/widgets/framework.dart:5802:5)
#846    StatefulElement._firstBuild (package:flutter/src/widgets/framework.dart:5976:11)
#847    ComponentElement.mount (package:flutter/src/widgets/framework.dart:5796:5)
#848    Element.inflateWidget (package:flutter/src/widgets/framework.dart:4590:20)
#849    Element.updateChild (package:flutter/src/widgets/framework.dart:4059:18)
#850    ComponentElement.performRebuild (package:flutter/src/widgets/framework.dart:5844:16)
#851    Element.rebuild (package:flutter/src/widgets/framework.dart:5532:7)
#852    ComponentElement._firstBuild (package:flutter/src/widgets/framework.dart:5802:5)
#853    ComponentElement.mount (package:flutter/src/widgets/framework.dart:5796:5)
#854    Element.inflateWidget (package:flutter/src/widgets/framework.dart:4590:20)
#855    Element.updateChild (package:flutter/src/widgets/framework.dart:4059:18)
#856    ComponentElement.performRebuild (package:flutter/src/widgets/framework.dart:5844:16)
#857    StatefulElement.performRebuild (package:flutter/src/widgets/framework.dart:5985:11)
#858    Element.rebuild (package:flutter/src/widgets/framework.dart:5532:7)
#859    ComponentElement._firstBuild (package:flutter/src/widgets/framework.dart:5802:5)
#860    StatefulElement._firstBuild (package:flutter/src/widgets/framework.dart:5976:11)
#861    ComponentElement.mount (package:flutter/src/widgets/framework.dart:5796:5)
#862    Element.inflateWidget (package:flutter/src/widgets/framework.dart:4590:20)
#863    Element.updateChild (package:flutter/src/widgets/framework.dart:4059:18)
#864    ComponentElement.performRebuild (package:flutter/src/widgets/framework.dart:5844:16)
#865    Element.rebuild (package:flutter/src/widgets/framework.dart:5532:7)
#866    ComponentElement._firstBuild (package:flutter/src/widgets/framework.dart:5802:5)
#867    ComponentElement.mount (package:flutter/src/widgets/framework.dart:5796:5)
#868    Element.inflateWidget (package:flutter/src/widgets/framework.dart:4590:20)
#869    Element.updateChild (package:flutter/src/widgets/framework.dart:4059:18)
#870    ComponentElement.performRebuild (package:flutter/src/widgets/framework.dart:5844:16)
#871    StatefulElement.performRebuild (package:flutter/src/widgets/framework.dart:5985:11)
#872    Element.rebuild (package:flutter/src/widgets/framework.dart:5532:7)
#873    ComponentElement._firstBuild (package:flutter/src/widgets/framework.dart:5802:5)
#874    StatefulElement._firstBuild (package:flutter/src/widgets/framework.dart:5976:11)
#875    ComponentElement.mount (package:flutter/src/widgets/framework.dart:5796:5)
#876    Element.inflateWidget (package:flutter/src/widgets/framework.dart:4590:20)
#877    Element.updateChild (package:flutter/src/widgets/framework.dart:4059:18)
#878    ComponentElement.performRebuild (package:flutter/src/widgets/framework.dart:5844:16)
#879    StatefulElement.performRebuild (package:flutter/src/widgets/framework.dart:5985:11)
#880    Element.rebuild (package:flutter/src/widgets/framework.dart:5532:7)
#881    ComponentElement._firstBuild (package:flutter/src/widgets/framework.dart:5802:5)
#882    StatefulElement._firstBuild (package:flutter/src/widgets/framework.dart:5976:11)
#883    ComponentElement.mount (package:flutter/src/widgets/framework.dart:5796:5)
#884    Element.inflateWidget (package:flutter/src/widgets/framework.dart:4590:20)
#885    Element.updateChild (package:flutter/src/widgets/framework.dart:4059:18)
#886    SingleChildRenderObjectElement.mount (package:flutter/src/widgets/framework.dart:7118:14)
#887    Element.inflateWidget (package:flutter/src/widgets/framework.dart:4590:20)
#888    Element.updateChild (package:flutter/src/widgets/framework.dart:4059:18)
#889    ComponentElement.performRebuild (package:flutter/src/widgets/framework.dart:5844:16)
#890    Element.rebuild (package:flutter/src/widgets/framework.dart:5532:7)
#891    ComponentElement._firstBuild (package:flutter/src/widgets/framework.dart:5802:5)
#892    ComponentElement.mount (package:flutter/src/widgets/framework.dart:5796:5)
#893    Element.inflateWidget (package:flutter/src/widgets/framework.dart:4590:20)
#894    Element.updateChild (package:flutter/src/widgets/framework.dart:4059:18)
#895    ComponentElement.performRebuild (package:flutter/src/widgets/framework.dart:5844:16)
#896    StatefulElement.performRebuild (package:flutter/src/widgets/framework.dart:5985:11)
#897    Element.rebuild (package:flutter/src/widgets/framework.dart:5532:7)
#898    ComponentElement._firstBuild (package:flutter/src/widgets/framework.dart:5802:5)
#899    StatefulElement._firstBuild (package:flutter/src/widgets/framework.dart:5976:11)
#900    ComponentElement.mount (package:flutter/src/widgets/framework.dart:5796:5)
#901    Element.inflateWidget (package:flutter/src/widgets/framework.dart:4590:20)
#902    Element.updateChild (package:flutter/src/widgets/framework.dart:4059:18)
#903    ComponentElement.performRebuild (package:flutter/src/widgets/framework.dart:5844:16)
#904    Element.rebuild (package:flutter/src/widgets/framework.dart:5532:7)
#905    ComponentElement._firstBuild (package:flutter/src/widgets/framework.dart:5802:5)
#906    ComponentElement.mount (package:flutter/src/widgets/framework.dart:5796:5)
#907    Element.inflateWidget (package:flutter/src/widgets/framework.dart:4590:20)
#908    Element.updateChild (package:flutter/src/widgets/framework.dart:4059:18)
#909    ComponentElement.performRebuild (package:flutter/src/widgets/framework.dart:5844:16)
#910    Element.rebuild (package:flutter/src/widgets/framework.dart:5532:7)
#911    ComponentElement._firstBuild (package:flutter/src/widgets/framework.dart:5802:5)
#912    ComponentElement.mount (package:flutter/src/widgets/framework.dart:5796:5)
#913    Element.inflateWidget (package:flutter/src/widgets/framework.dart:4590:20)
#914    Element.updateChild (package:flutter/src/widgets/framework.dart:4059:18)
#915    ComponentElement.performRebuild (package:flutter/src/widgets/framework.dart:5844:16)
#916    StatefulElement.performRebuild (package:flutter/src/widgets/framework.dart:5985:11)
#917    Element.rebuild (package:flutter/src/widgets/framework.dart:5532:7)
#918    ComponentElement._firstBuild (package:flutter/src/widgets/framework.dart:5802:5)
#919    StatefulElement._firstBuild (package:flutter/src/widgets/framework.dart:5976:11)
#920    ComponentElement.mount (package:flutter/src/widgets/framework.dart:5796:5)
#921    Element.inflateWidget (package:flutter/src/widgets/framework.dart:4590:20)
#922    Element.updateChild (package:flutter/src/widgets/framework.dart:4053:20)
#923    ComponentElement.performRebuild (package:flutter/src/widgets/framework.dart:5844:16)
#924    Element.rebuild (package:flutter/src/widgets/framework.dart:5532:7)
#925    ProxyElement.update (package:flutter/src/widgets/framework.dart:6152:5)
#926    _InheritedNotifierElement.update
(package:flutter/src/widgets/inherited_notifier.dart:108:11)
#927    Element.updateChild (package:flutter/src/widgets/framework.dart:4037:15)
#928    ComponentElement.performRebuild (package:flutter/src/widgets/framework.dart:5844:16)
#929    StatefulElement.performRebuild (package:flutter/src/widgets/framework.dart:5985:11)
#930    Element.rebuild (package:flutter/src/widgets/framework.dart:5532:7)
#931    StatefulElement.update (package:flutter/src/widgets/framework.dart:6010:5)
#932    Element.updateChild (package:flutter/src/widgets/framework.dart:4037:15)
#933    ComponentElement.performRebuild (package:flutter/src/widgets/framework.dart:5844:16)
#934    Element.rebuild (package:flutter/src/widgets/framework.dart:5532:7)
#935    ProxyElement.update (package:flutter/src/widgets/framework.dart:6152:5)
#936    _InheritedNotifierElement.update
(package:flutter/src/widgets/inherited_notifier.dart:108:11)
#937    Element.updateChild (package:flutter/src/widgets/framework.dart:4037:15)
#938    ComponentElement.performRebuild (package:flutter/src/widgets/framework.dart:5844:16)
#939    StatefulElement.performRebuild (package:flutter/src/widgets/framework.dart:5985:11)
#940    Element.rebuild (package:flutter/src/widgets/framework.dart:5532:7)
#941    StatefulElement.update (package:flutter/src/widgets/framework.dart:6010:5)
#942    Element.updateChild (package:flutter/src/widgets/framework.dart:4037:15)
#943    ComponentElement.performRebuild (package:flutter/src/widgets/framework.dart:5844:16)
#944    StatefulElement.performRebuild (package:flutter/src/widgets/framework.dart:5985:11)
#945    Element.rebuild (package:flutter/src/widgets/framework.dart:5532:7)
#946    StatefulElement.update (package:flutter/src/widgets/framework.dart:6010:5)
#947    Element.updateChild (package:flutter/src/widgets/framework.dart:4037:15)
#948    ComponentElement.performRebuild (package:flutter/src/widgets/framework.dart:5844:16)
#949    Element.rebuild (package:flutter/src/widgets/framework.dart:5532:7)
#950    ProxyElement.update (package:flutter/src/widgets/framework.dart:6152:5)
#951    Element.updateChild (package:flutter/src/widgets/framework.dart:4037:15)
#952    ComponentElement.performRebuild (package:flutter/src/widgets/framework.dart:5844:16)
#953    StatefulElement.performRebuild (package:flutter/src/widgets/framework.dart:5985:11)
#954    Element.rebuild (package:flutter/src/widgets/framework.dart:5532:7)
#955    StatefulElement.update (package:flutter/src/widgets/framework.dart:6010:5)
#956    Element.updateChild (package:flutter/src/widgets/framework.dart:4037:15)
#957    ComponentElement.performRebuild (package:flutter/src/widgets/framework.dart:5844:16)
#958    Element.rebuild (package:flutter/src/widgets/framework.dart:5532:7)
#959    ProxyElement.update (package:flutter/src/widgets/framework.dart:6152:5)
#960    Element.updateChild (package:flutter/src/widgets/framework.dart:4037:15)
#961    ComponentElement.performRebuild (package:flutter/src/widgets/framework.dart:5844:16)
#962    Element.rebuild (package:flutter/src/widgets/framework.dart:5532:7)
#963    ProxyElement.update (package:flutter/src/widgets/framework.dart:6152:5)
#964    Element.updateChild (package:flutter/src/widgets/framework.dart:4037:15)
#965    _RawViewElement._updateChild (package:flutter/src/widgets/view.dart:481:16)
#966    _RawViewElement.update (package:flutter/src/widgets/view.dart:568:5)
#967    Element.updateChild (package:flutter/src/widgets/framework.dart:4037:15)
#968    ComponentElement.performRebuild (package:flutter/src/widgets/framework.dart:5844:16)
#969    Element.rebuild (package:flutter/src/widgets/framework.dart:5532:7)
#970    StatelessElement.update (package:flutter/src/widgets/framework.dart:5898:5)
#971    Element.updateChild (package:flutter/src/widgets/framework.dart:4037:15)
#972    ComponentElement.performRebuild (package:flutter/src/widgets/framework.dart:5844:16)
#973    StatefulElement.performRebuild (package:flutter/src/widgets/framework.dart:5985:11)
#974    Element.rebuild (package:flutter/src/widgets/framework.dart:5532:7)
#975    StatefulElement.update (package:flutter/src/widgets/framework.dart:6010:5)
#976    Element.updateChild (package:flutter/src/widgets/framework.dart:4037:15)
#977    RootElement._rebuild (package:flutter/src/widgets/binding.dart:1782:16)
#978    RootElement.update (package:flutter/src/widgets/binding.dart:1760:5)
#979    RootElement.performRebuild (package:flutter/src/widgets/binding.dart:1774:7)
#980    Element.rebuild (package:flutter/src/widgets/framework.dart:5532:7)
#981    BuildScope._tryRebuild (package:flutter/src/widgets/framework.dart:2750:15)
#982    BuildScope._flushDirtyElements (package:flutter/src/widgets/framework.dart:2807:11)
#983    BuildOwner.buildScope (package:flutter/src/widgets/framework.dart:3111:18)
#984    AutomatedTestWidgetsFlutterBinding.drawFrame (package:flutter_test/src/binding.dart:1506:19)
#985    RendererBinding._handlePersistentFrameCallback
(package:flutter/src/rendering/binding.dart:495:5)
#986    SchedulerBinding._invokeFrameCallback (package:flutter/src/scheduler/binding.dart:1434:15)
#987    SchedulerBinding.handleDrawFrame (package:flutter/src/scheduler/binding.dart:1347:9)
#988    AutomatedTestWidgetsFlutterBinding.pump.<anonymous closure>
(package:flutter_test/src/binding.dart:1335:9)
#989    _rootRun (dart:async/zone.dart:1525:13)
#990    _CustomZone.run (dart:async/zone.dart:1422:19)
#991    TestAsyncUtils.guard (package:flutter_test/src/test_async_utils.dart:74:41)
#992    AutomatedTestWidgetsFlutterBinding.pump (package:flutter_test/src/binding.dart:1324:27)
#993    WidgetTester.pumpWidget.<anonymous closure>
(package:flutter_test/src/widget_tester.dart:598:22)
#994    _rootRun (dart:async/zone.dart:1525:13)
#995    _CustomZone.run (dart:async/zone.dart:1422:19)
#996    TestAsyncUtils.guard (package:flutter_test/src/test_async_utils.dart:74:41)
#997    WidgetTester.pumpWidget (package:flutter_test/src/widget_tester.dart:595:27)
#998    main.<anonymous closure>
(file:///C:/Users/Tayyub/StudioProjects/qudwa/test/widgets/ayah_card_test.dart:50:18)
#999    testWidgets.<anonymous closure>.<anonymous closure>
(package:flutter_test/src/widget_tester.dart:192:29)
<asynchronous suspension>
#1000   TestWidgetsFlutterBinding._runTestBody (package:flutter_test/src/binding.dart:1059:5)
<asynchronous suspension>
#1001   StackZoneSpecification._registerCallback.<anonymous closure>
(package:stack_trace/src/stack_zone_specification.dart:114:42)
<asynchronous suspension>


And rethrown at:
#0      throwProviderException (package:riverpod/src/common/stack_trace.dart:10:3)
#1      $ResultError.valueOrProviderException (package:riverpod/src/common/result.dart:108:7)
#2      ProviderContainer.read (package:riverpod/src/core/provider_container.dart:914:29)
#3      Ref.read (package:riverpod/src/core/ref.dart:524:30)
#4      AppConfigViewModel._prefs (package:qudwa/viewmodels/settings_viewmodel.dart:159:39)
#5      AppConfigViewModel.build (package:qudwa/viewmodels/settings_viewmodel.dart:163:15)
#6      Notifier.runBuild (package:riverpod/src/providers/notifier/orphan.dart:70:21)
#7      $ClassProviderElement.create
(package:riverpod/src/core/provider/notifier_provider.dart:561:26)
#8      ProviderElement.buildState (package:riverpod/src/core/element.dart:665:28)
#9      ProviderElement.mount (package:riverpod/src/core/element.dart:517:7)
#10     ProviderElement.flush (package:riverpod/src/core/element.dart:620:7)
#11     $ProviderBaseImpl._addListener (package:riverpod/src/core/provider/provider.dart:117:24)
#12     _ProviderSelector._addListener (package:riverpod/src/core/modifiers/select.dart:137:26)
#13     ProviderElement.listen (package:riverpod/src/core/element.dart:901:28)
#14     Ref.listen (package:riverpod/src/core/ref.dart:681:21)
#15     AudioControlNotifier.build (package:qudwa/viewmodels/audio_viewmodel.dart:90:9)
#16     Notifier.runBuild (package:riverpod/src/providers/notifier/orphan.dart:70:21)
#17     $ClassProviderElement.create
(package:riverpod/src/core/provider/notifier_provider.dart:561:26)
#18     ProviderElement.buildState (package:riverpod/src/core/element.dart:665:28)
#19     ProviderElement.mount (package:riverpod/src/core/element.dart:517:7)
#20     ProviderElement.flush (package:riverpod/src/core/element.dart:620:7)
#21     $ProviderBaseImpl._addListener (package:riverpod/src/core/provider/provider.dart:117:24)
#22     _ProviderSelector._addListener (package:riverpod/src/core/modifiers/select.dart:137:26)
#23     ProviderContainer.listen (package:riverpod/src/core/provider_container.dart:954:26)
#24     ConsumerStatefulElement.watch.<anonymous closure>
(package:flutter_riverpod/src/core/consumer.dart:451:37)
#25     _LinkedHashMapMixin.putIfAbsent (dart:_compact_hash:675:23)
#26     ConsumerStatefulElement.watch (package:flutter_riverpod/src/core/consumer.dart:444:14)
#27     _AyahRowState.build (package:qudwa/features/quran/widgets/ayah_card.dart:109:36)
#28     StatefulElement.build (package:flutter/src/widgets/framework.dart:5934:27)
#29     ConsumerStatefulElement.build (package:flutter_riverpod/src/core/consumer.dart:421:20)
#30     ComponentElement.performRebuild (package:flutter/src/widgets/framework.dart:5820:15)
#31     StatefulElement.performRebuild (package:flutter/src/widgets/framework.dart:5985:11)
#32     Element.rebuild (package:flutter/src/widgets/framework.dart:5532:7)
#33     ComponentElement._firstBuild (package:flutter/src/widgets/framework.dart:5802:5)
#34     StatefulElement._firstBuild (package:flutter/src/widgets/framework.dart:5976:11)
#35     ComponentElement.mount (package:flutter/src/widgets/framework.dart:5796:5)
#36     Element.inflateWidget (package:flutter/src/widgets/framework.dart:4590:20)
#37     Element.updateChild (package:flutter/src/widgets/framework.dart:4059:18)
#38     ComponentElement.performRebuild (package:flutter/src/widgets/framework.dart:5844:16)
#39     Element.rebuild (package:flutter/src/widgets/framework.dart:5532:7)
#40     ComponentElement._firstBuild (package:flutter/src/widgets/framework.dart:5802:5)
#41     ComponentElement.mount (package:flutter/src/widgets/framework.dart:5796:5)
#42     Element.inflateWidget (package:flutter/src/widgets/framework.dart:4590:20)
#43     Element.updateChild (package:flutter/src/widgets/framework.dart:4059:18)
#44     ComponentElement.performRebuild (package:flutter/src/widgets/framework.dart:5844:16)
#45     StatefulElement.performRebuild (package:flutter/src/widgets/framework.dart:5985:11)
#46     Element.rebuild (package:flutter/src/widgets/framework.dart:5532:7)
#47     ComponentElement._firstBuild (package:flutter/src/widgets/framework.dart:5802:5)
#48     StatefulElement._firstBuild (package:flutter/src/widgets/framework.dart:5976:11)
#49     ComponentElement.mount (package:flutter/src/widgets/framework.dart:5796:5)
#50     Element.inflateWidget (package:flutter/src/widgets/framework.dart:4590:20)
#51     Element.updateChild (package:flutter/src/widgets/framework.dart:4059:18)
#52     ComponentElement.performRebuild (package:flutter/src/widgets/framework.dart:5844:16)
#53     StatefulElement.performRebuild (package:flutter/src/widgets/framework.dart:5985:11)
#54     Element.rebuild (package:flutter/src/widgets/framework.dart:5532:7)
#55     ComponentElement._firstBuild (package:flutter/src/widgets/framework.dart:5802:5)
#56     StatefulElement._firstBuild (package:flutter/src/widgets/framework.dart:5976:11)
#57     ComponentElement.mount (package:flutter/src/widgets/framework.dart:5796:5)
#58     Element.inflateWidget (package:flutter/src/widgets/framework.dart:4590:20)
#59     Element.updateChild (package:flutter/src/widgets/framework.dart:4059:18)
#60     ComponentElement.performRebuild (package:flutter/src/widgets/framework.dart:5844:16)
#61     Element.rebuild (package:flutter/src/widgets/framework.dart:5532:7)
#62     ComponentElement._firstBuild (package:flutter/src/widgets/framework.dart:5802:5)
#63     ComponentElement.mount (package:flutter/src/widgets/framework.dart:5796:5)
#64     Element.inflateWidget (package:flutter/src/widgets/framework.dart:4590:20)
#65     Element.updateChild (package:flutter/src/widgets/framework.dart:4059:18)
#66     ComponentElement.performRebuild (package:flutter/src/widgets/framework.dart:5844:16)
#67     Element.rebuild (package:flutter/src/widgets/framework.dart:5532:7)
#68     ComponentElement._firstBuild (package:flutter/src/widgets/framework.dart:5802:5)
#69     ComponentElement.mount (package:flutter/src/widgets/framework.dart:5796:5)
#70     Element.inflateWidget (package:flutter/src/widgets/framework.dart:4590:20)
#71     Element.updateChild (package:flutter/src/widgets/framework.dart:4059:18)
#72     ComponentElement.performRebuild (package:flutter/src/widgets/framework.dart:5844:16)
#73     Element.rebuild (package:flutter/src/widgets/framework.dart:5532:7)
#74     ComponentElement._firstBuild (package:flutter/src/widgets/framework.dart:5802:5)
#75     ComponentElement.mount (package:flutter/src/widgets/framework.dart:5796:5)
#76     Element.inflateWidget (package:flutter/src/widgets/framework.dart:4590:20)
#77     Element.updateChild (package:flutter/src/widgets/framework.dart:4059:18)
#78     ComponentElement.performRebuild (package:flutter/src/widgets/framework.dart:5844:16)
#79     Element.rebuild (package:flutter/src/widgets/framework.dart:5532:7)
#80     ComponentElement._firstBuild (package:flutter/src/widgets/framework.dart:5802:5)
#81     ComponentElement.mount (package:flutter/src/widgets/framework.dart:5796:5)
#82     Element.inflateWidget (package:flutter/src/widgets/framework.dart:4590:20)
#83     MultiChildRenderObjectElement.inflateWidget
(package:flutter/src/widgets/framework.dart:7269:36)
#84     MultiChildRenderObjectElement.mount (package:flutter/src/widgets/framework.dart:7285:32)
#85     Element.inflateWidget (package:flutter/src/widgets/framework.dart:4590:20)
#86     Element.updateChild (package:flutter/src/widgets/framework.dart:4059:18)
#87     ComponentElement.performRebuild (package:flutter/src/widgets/framework.dart:5844:16)
#88     Element.rebuild (package:flutter/src/widgets/framework.dart:5532:7)
#89     ComponentElement._firstBuild (package:flutter/src/widgets/framework.dart:5802:5)
#90     ComponentElement.mount (package:flutter/src/widgets/framework.dart:5796:5)
#91     Element.inflateWidget (package:flutter/src/widgets/framework.dart:4590:20)
#92     Element.updateChild (package:flutter/src/widgets/framework.dart:4059:18)
#93     ComponentElement.performRebuild (package:flutter/src/widgets/framework.dart:5844:16)
#94     StatefulElement.performRebuild (package:flutter/src/widgets/framework.dart:5985:11)
#95     Element.rebuild (package:flutter/src/widgets/framework.dart:5532:7)
#96     ComponentElement._firstBuild (package:flutter/src/widgets/framework.dart:5802:5)
#97     StatefulElement._firstBuild (package:flutter/src/widgets/framework.dart:5976:11)
#98     ComponentElement.mount (package:flutter/src/widgets/framework.dart:5796:5)
#99     Element.inflateWidget (package:flutter/src/widgets/framework.dart:4590:20)
#100    Element.updateChild (package:flutter/src/widgets/framework.dart:4059:18)
#101    ComponentElement.performRebuild (package:flutter/src/widgets/framework.dart:5844:16)
#102    StatefulElement.performRebuild (package:flutter/src/widgets/framework.dart:5985:11)
#103    Element.rebuild (package:flutter/src/widgets/framework.dart:5532:7)
#104    ComponentElement._firstBuild (package:flutter/src/widgets/framework.dart:5802:5)
#105    StatefulElement._firstBuild (package:flutter/src/widgets/framework.dart:5976:11)
#106    ComponentElement.mount (package:flutter/src/widgets/framework.dart:5796:5)
#107    Element.inflateWidget (package:flutter/src/widgets/framework.dart:4590:20)
#108    Element.updateChild (package:flutter/src/widgets/framework.dart:4059:18)
#109    ComponentElement.performRebuild (package:flutter/src/widgets/framework.dart:5844:16)
#110    Element.rebuild (package:flutter/src/widgets/framework.dart:5532:7)
#111    ComponentElement._firstBuild (package:flutter/src/widgets/framework.dart:5802:5)
#112    ComponentElement.mount (package:flutter/src/widgets/framework.dart:5796:5)
#113    Element.inflateWidget (package:flutter/src/widgets/framework.dart:4590:20)
#114    Element.updateChild (package:flutter/src/widgets/framework.dart:4059:18)
#115    ComponentElement.performRebuild (package:flutter/src/widgets/framework.dart:5844:16)
#116    StatefulElement.performRebuild (package:flutter/src/widgets/framework.dart:5985:11)
#117    Element.rebuild (package:flutter/src/widgets/framework.dart:5532:7)
#118    ComponentElement._firstBuild (package:flutter/src/widgets/framework.dart:5802:5)
#119    StatefulElement._firstBuild (package:flutter/src/widgets/framework.dart:5976:11)
#120    ComponentElement.mount (package:flutter/src/widgets/framework.dart:5796:5)
#121    Element.inflateWidget (package:flutter/src/widgets/framework.dart:4590:20)
#122    Element.updateChild (package:flutter/src/widgets/framework.dart:4059:18)
#123    SingleChildRenderObjectElement.mount (package:flutter/src/widgets/framework.dart:7118:14)
#124    Element.inflateWidget (package:flutter/src/widgets/framework.dart:4590:20)
#125    Element.updateChild (package:flutter/src/widgets/framework.dart:4059:18)
#126    ComponentElement.performRebuild (package:flutter/src/widgets/framework.dart:5844:16)
#127    Element.rebuild (package:flutter/src/widgets/framework.dart:5532:7)
#128    ComponentElement._firstBuild (package:flutter/src/widgets/framework.dart:5802:5)
#129    ComponentElement.mount (package:flutter/src/widgets/framework.dart:5796:5)
#130    Element.inflateWidget (package:flutter/src/widgets/framework.dart:4590:20)
#131    Element.updateChild (package:flutter/src/widgets/framework.dart:4059:18)
#132    SingleChildRenderObjectElement.mount (package:flutter/src/widgets/framework.dart:7118:14)
#133    Element.inflateWidget (package:flutter/src/widgets/framework.dart:4590:20)
#134    Element.updateChild (package:flutter/src/widgets/framework.dart:4059:18)
#135    ComponentElement.performRebuild (package:flutter/src/widgets/framework.dart:5844:16)
#136    StatefulElement.performRebuild (package:flutter/src/widgets/framework.dart:5985:11)
#137    Element.rebuild (package:flutter/src/widgets/framework.dart:5532:7)
#138    ComponentElement._firstBuild (package:flutter/src/widgets/framework.dart:5802:5)
#139    StatefulElement._firstBuild (package:flutter/src/widgets/framework.dart:5976:11)
#140    ComponentElement.mount (package:flutter/src/widgets/framework.dart:5796:5)
#141    Element.inflateWidget (package:flutter/src/widgets/framework.dart:4590:20)
#142    Element.updateChild (package:flutter/src/widgets/framework.dart:4059:18)
#143    ComponentElement.performRebuild (package:flutter/src/widgets/framework.dart:5844:16)
#144    StatefulElement.performRebuild (package:flutter/src/widgets/framework.dart:5985:11)
#145    Element.rebuild (package:flutter/src/widgets/framework.dart:5532:7)
#146    ComponentElement._firstBuild (package:flutter/src/widgets/framework.dart:5802:5)
#147    StatefulElement._firstBuild (package:flutter/src/widgets/framework.dart:5976:11)
#148    ComponentElement.mount (package:flutter/src/widgets/framework.dart:5796:5)
#149    Element.inflateWidget (package:flutter/src/widgets/framework.dart:4590:20)
#150    Element.updateChild (package:flutter/src/widgets/framework.dart:4059:18)
#151    ComponentElement.performRebuild (package:flutter/src/widgets/framework.dart:5844:16)
#152    Element.rebuild (package:flutter/src/widgets/framework.dart:5532:7)
#153    ComponentElement._firstBuild (package:flutter/src/widgets/framework.dart:5802:5)
#154    ComponentElement.mount (package:flutter/src/widgets/framework.dart:5796:5)
#155    Element.inflateWidget (package:flutter/src/widgets/framework.dart:4590:20)
#156    Element.updateChild (package:flutter/src/widgets/framework.dart:4059:18)
#157    ComponentElement.performRebuild (package:flutter/src/widgets/framework.dart:5844:16)
#158    Element.rebuild (package:flutter/src/widgets/framework.dart:5532:7)
#159    ComponentElement._firstBuild (package:flutter/src/widgets/framework.dart:5802:5)
#160    ComponentElement.mount (package:flutter/src/widgets/framework.dart:5796:5)
#161    Element.inflateWidget (package:flutter/src/widgets/framework.dart:4590:20)
#162    Element.updateChild (package:flutter/src/widgets/framework.dart:4059:18)
#163    ComponentElement.performRebuild (package:flutter/src/widgets/framework.dart:5844:16)
#164    Element.rebuild (package:flutter/src/widgets/framework.dart:5532:7)
#165    ComponentElement._firstBuild (package:flutter/src/widgets/framework.dart:5802:5)
#166    ComponentElement.mount (package:flutter/src/widgets/framework.dart:5796:5)
#167    Element.inflateWidget (package:flutter/src/widgets/framework.dart:4590:20)
#168    Element.updateChild (package:flutter/src/widgets/framework.dart:4059:18)
#169    ComponentElement.performRebuild (package:flutter/src/widgets/framework.dart:5844:16)
#170    StatefulElement.performRebuild (package:flutter/src/widgets/framework.dart:5985:11)
#171    Element.rebuild (package:flutter/src/widgets/framework.dart:5532:7)
#172    ComponentElement._firstBuild (package:flutter/src/widgets/framework.dart:5802:5)
#173    StatefulElement._firstBuild (package:flutter/src/widgets/framework.dart:5976:11)
#174    ComponentElement.mount (package:flutter/src/widgets/framework.dart:5796:5)
#175    Element.inflateWidget (package:flutter/src/widgets/framework.dart:4590:20)
#176    Element.updateChild (package:flutter/src/widgets/framework.dart:4059:18)
#177    ComponentElement.performRebuild (package:flutter/src/widgets/framework.dart:5844:16)
#178    Element.rebuild (package:flutter/src/widgets/framework.dart:5532:7)
#179    ComponentElement._firstBuild (package:flutter/src/widgets/framework.dart:5802:5)
#180    ComponentElement.mount (package:flutter/src/widgets/framework.dart:5796:5)
#181    Element.inflateWidget (package:flutter/src/widgets/framework.dart:4590:20)
#182    Element.updateChild (package:flutter/src/widgets/framework.dart:4059:18)
#183    ComponentElement.performRebuild (package:flutter/src/widgets/framework.dart:5844:16)
#184    StatefulElement.performRebuild (package:flutter/src/widgets/framework.dart:5985:11)
#185    Element.rebuild (package:flutter/src/widgets/framework.dart:5532:7)
#186    ComponentElement._firstBuild (package:flutter/src/widgets/framework.dart:5802:5)
#187    StatefulElement._firstBuild (package:flutter/src/widgets/framework.dart:5976:11)
#188    ComponentElement.mount (package:flutter/src/widgets/framework.dart:5796:5)
#189    Element.inflateWidget (package:flutter/src/widgets/framework.dart:4590:20)
#190    Element.updateChild (package:flutter/src/widgets/framework.dart:4059:18)
#191    SingleChildRenderObjectElement.mount (package:flutter/src/widgets/framework.dart:7118:14)
#192    Element.inflateWidget (package:flutter/src/widgets/framework.dart:4590:20)
#193    Element.updateChild (package:flutter/src/widgets/framework.dart:4059:18)
#194    ComponentElement.performRebuild (package:flutter/src/widgets/framework.dart:5844:16)
#195    Element.rebuild (package:flutter/src/widgets/framework.dart:5532:7)
#196    ComponentElement._firstBuild (package:flutter/src/widgets/framework.dart:5802:5)
#197    ComponentElement.mount (package:flutter/src/widgets/framework.dart:5796:5)
#198    Element.inflateWidget (package:flutter/src/widgets/framework.dart:4590:20)
#199    Element.updateChild (package:flutter/src/widgets/framework.dart:4059:18)
#200    SingleChildRenderObjectElement.mount (package:flutter/src/widgets/framework.dart:7118:14)
#201    Element.inflateWidget (package:flutter/src/widgets/framework.dart:4590:20)
#202    Element.updateChild (package:flutter/src/widgets/framework.dart:4059:18)
#203    SingleChildRenderObjectElement.mount (package:flutter/src/widgets/framework.dart:7118:14)
#204    Element.inflateWidget (package:flutter/src/widgets/framework.dart:4590:20)
#205    Element.updateChild (package:flutter/src/widgets/framework.dart:4059:18)
#206    ComponentElement.performRebuild (package:flutter/src/widgets/framework.dart:5844:16)
#207    StatefulElement.performRebuild (package:flutter/src/widgets/framework.dart:5985:11)
#208    Element.rebuild (package:flutter/src/widgets/framework.dart:5532:7)
#209    ComponentElement._firstBuild (package:flutter/src/widgets/framework.dart:5802:5)
#210    StatefulElement._firstBuild (package:flutter/src/widgets/framework.dart:5976:11)
#211    ComponentElement.mount (package:flutter/src/widgets/framework.dart:5796:5)
#212    Element.inflateWidget (package:flutter/src/widgets/framework.dart:4590:20)
#213    Element.updateChild (package:flutter/src/widgets/framework.dart:4059:18)
#214    SingleChildRenderObjectElement.mount (package:flutter/src/widgets/framework.dart:7118:14)
#215    Element.inflateWidget (package:flutter/src/widgets/framework.dart:4590:20)
#216    Element.updateChild (package:flutter/src/widgets/framework.dart:4059:18)
#217    ComponentElement.performRebuild (package:flutter/src/widgets/framework.dart:5844:16)
#218    StatefulElement.performRebuild (package:flutter/src/widgets/framework.dart:5985:11)
#219    Element.rebuild (package:flutter/src/widgets/framework.dart:5532:7)
#220    ComponentElement._firstBuild (package:flutter/src/widgets/framework.dart:5802:5)
#221    StatefulElement._firstBuild (package:flutter/src/widgets/framework.dart:5976:11)
#222    ComponentElement.mount (package:flutter/src/widgets/framework.dart:5796:5)
#223    Element.inflateWidget (package:flutter/src/widgets/framework.dart:4590:20)
#224    Element.updateChild (package:flutter/src/widgets/framework.dart:4059:18)
#225    SingleChildRenderObjectElement.mount (package:flutter/src/widgets/framework.dart:7118:14)
#226    Element.inflateWidget (package:flutter/src/widgets/framework.dart:4590:20)
#227    Element.updateChild (package:flutter/src/widgets/framework.dart:4059:18)
#228    SingleChildRenderObjectElement.mount (package:flutter/src/widgets/framework.dart:7118:14)
#229    Element.inflateWidget (package:flutter/src/widgets/framework.dart:4590:20)
#230    Element.updateChild (package:flutter/src/widgets/framework.dart:4059:18)
#231    ComponentElement.performRebuild (package:flutter/src/widgets/framework.dart:5844:16)
#232    StatefulElement.performRebuild (package:flutter/src/widgets/framework.dart:5985:11)
#233    Element.rebuild (package:flutter/src/widgets/framework.dart:5532:7)
#234    ComponentElement._firstBuild (package:flutter/src/widgets/framework.dart:5802:5)
#235    StatefulElement._firstBuild (package:flutter/src/widgets/framework.dart:5976:11)
#236    ComponentElement.mount (package:flutter/src/widgets/framework.dart:5796:5)
#237    Element.inflateWidget (package:flutter/src/widgets/framework.dart:4590:20)
#238    Element.updateChild (package:flutter/src/widgets/framework.dart:4059:18)
#239    SingleChildRenderObjectElement.mount (package:flutter/src/widgets/framework.dart:7118:14)
#240    Element.inflateWidget (package:flutter/src/widgets/framework.dart:4590:20)
#241    Element.updateChild (package:flutter/src/widgets/framework.dart:4059:18)
#242    ComponentElement.performRebuild (package:flutter/src/widgets/framework.dart:5844:16)
#243    StatefulElement.performRebuild (package:flutter/src/widgets/framework.dart:5985:11)
#244    Element.rebuild (package:flutter/src/widgets/framework.dart:5532:7)
#245    ComponentElement._firstBuild (package:flutter/src/widgets/framework.dart:5802:5)
#246    StatefulElement._firstBuild (package:flutter/src/widgets/framework.dart:5976:11)
#247    ComponentElement.mount (package:flutter/src/widgets/framework.dart:5796:5)
#248    Element.inflateWidget (package:flutter/src/widgets/framework.dart:4590:20)
#249    Element.updateChild (package:flutter/src/widgets/framework.dart:4059:18)
#250    SingleChildRenderObjectElement.mount (package:flutter/src/widgets/framework.dart:7118:14)
#251    Element.inflateWidget (package:flutter/src/widgets/framework.dart:4590:20)
#252    Element.updateChild (package:flutter/src/widgets/framework.dart:4059:18)
#253    SingleChildRenderObjectElement.mount (package:flutter/src/widgets/framework.dart:7118:14)
#254    Element.inflateWidget (package:flutter/src/widgets/framework.dart:4590:20)
#255    Element.updateChild (package:flutter/src/widgets/framework.dart:4059:18)
#256    ComponentElement.performRebuild (package:flutter/src/widgets/framework.dart:5844:16)
#257    StatefulElement.performRebuild (package:flutter/src/widgets/framework.dart:5985:11)
#258    Element.rebuild (package:flutter/src/widgets/framework.dart:5532:7)
#259    ComponentElement._firstBuild (package:flutter/src/widgets/framework.dart:5802:5)
#260    StatefulElement._firstBuild (package:flutter/src/widgets/framework.dart:5976:11)
#261    ComponentElement.mount (package:flutter/src/widgets/framework.dart:5796:5)
#262    Element.inflateWidget (package:flutter/src/widgets/framework.dart:4590:20)
#263    Element.updateChild (package:flutter/src/widgets/framework.dart:4059:18)
#264    SingleChildRenderObjectElement.mount (package:flutter/src/widgets/framework.dart:7118:14)
#265    Element.inflateWidget (package:flutter/src/widgets/framework.dart:4590:20)
#266    Element.updateChild (package:flutter/src/widgets/framework.dart:4059:18)
#267    SingleChildRenderObjectElement.mount (package:flutter/src/widgets/framework.dart:7118:14)
#268    Element.inflateWidget (package:flutter/src/widgets/framework.dart:4590:20)
#269    Element.updateChild (package:flutter/src/widgets/framework.dart:4059:18)
#270    SingleChildRenderObjectElement.mount (package:flutter/src/widgets/framework.dart:7118:14)
#271    Element.inflateWidget (package:flutter/src/widgets/framework.dart:4590:20)
#272    Element.updateChild (package:flutter/src/widgets/framework.dart:4059:18)
#273    ComponentElement.performRebuild (package:flutter/src/widgets/framework.dart:5844:16)
#274    StatefulElement.performRebuild (package:flutter/src/widgets/framework.dart:5985:11)
#275    Element.rebuild (package:flutter/src/widgets/framework.dart:5532:7)
#276    ComponentElement._firstBuild (package:flutter/src/widgets/framework.dart:5802:5)
#277    StatefulElement._firstBuild (package:flutter/src/widgets/framework.dart:5976:11)
#278    ComponentElement.mount (package:flutter/src/widgets/framework.dart:5796:5)
#279    Element.inflateWidget (package:flutter/src/widgets/framework.dart:4590:20)
#280    Element.updateChild (package:flutter/src/widgets/framework.dart:4059:18)
#281    SingleChildRenderObjectElement.mount (package:flutter/src/widgets/framework.dart:7118:14)
#282    Element.inflateWidget (package:flutter/src/widgets/framework.dart:4590:20)
#283    Element.updateChild (package:flutter/src/widgets/framework.dart:4059:18)
#284    ComponentElement.performRebuild (package:flutter/src/widgets/framework.dart:5844:16)
#285    StatefulElement.performRebuild (package:flutter/src/widgets/framework.dart:5985:11)
#286    Element.rebuild (package:flutter/src/widgets/framework.dart:5532:7)
#287    ComponentElement._firstBuild (package:flutter/src/widgets/framework.dart:5802:5)
#288    StatefulElement._firstBuild (package:flutter/src/widgets/framework.dart:5976:11)
#289    ComponentElement.mount (package:flutter/src/widgets/framework.dart:5796:5)
#290    Element.inflateWidget (package:flutter/src/widgets/framework.dart:4590:20)
#291    Element.updateChild (package:flutter/src/widgets/framework.dart:4059:18)
#292    ComponentElement.performRebuild (package:flutter/src/widgets/framework.dart:5844:16)
#293    Element.rebuild (package:flutter/src/widgets/framework.dart:5532:7)
#294    ComponentElement._firstBuild (package:flutter/src/widgets/framework.dart:5802:5)
#295    ComponentElement.mount (package:flutter/src/widgets/framework.dart:5796:5)
#296    Element.inflateWidget (package:flutter/src/widgets/framework.dart:4590:20)
#297    Element.updateChild (package:flutter/src/widgets/framework.dart:4059:18)
#298    ComponentElement.performRebuild (package:flutter/src/widgets/framework.dart:5844:16)
#299    StatefulElement.performRebuild (package:flutter/src/widgets/framework.dart:5985:11)
#300    Element.rebuild (package:flutter/src/widgets/framework.dart:5532:7)
#301    ComponentElement._firstBuild (package:flutter/src/widgets/framework.dart:5802:5)
#302    StatefulElement._firstBuild (package:flutter/src/widgets/framework.dart:5976:11)
#303    ComponentElement.mount (package:flutter/src/widgets/framework.dart:5796:5)
#304    Element.inflateWidget (package:flutter/src/widgets/framework.dart:4590:20)
#305    Element.updateChild (package:flutter/src/widgets/framework.dart:4059:18)
#306    ComponentElement.performRebuild (package:flutter/src/widgets/framework.dart:5844:16)
#307    StatefulElement.performRebuild (package:flutter/src/widgets/framework.dart:5985:11)
#308    Element.rebuild (package:flutter/src/widgets/framework.dart:5532:7)
#309    ComponentElement._firstBuild (package:flutter/src/widgets/framework.dart:5802:5)
#310    StatefulElement._firstBuild (package:flutter/src/widgets/framework.dart:5976:11)
#311    ComponentElement.mount (package:flutter/src/widgets/framework.dart:5796:5)
#312    Element.inflateWidget (package:flutter/src/widgets/framework.dart:4590:20)
#313    Element.updateChild (package:flutter/src/widgets/framework.dart:4059:18)
#314    ComponentElement.performRebuild (package:flutter/src/widgets/framework.dart:5844:16)
#315    StatefulElement.performRebuild (package:flutter/src/widgets/framework.dart:5985:11)
#316    Element.rebuild (package:flutter/src/widgets/framework.dart:5532:7)
#317    ComponentElement._firstBuild (package:flutter/src/widgets/framework.dart:5802:5)
#318    StatefulElement._firstBuild (package:flutter/src/widgets/framework.dart:5976:11)
#319    ComponentElement.mount (package:flutter/src/widgets/framework.dart:5796:5)
#320    Element.inflateWidget (package:flutter/src/widgets/framework.dart:4590:20)
#321    Element.updateChild (package:flutter/src/widgets/framework.dart:4059:18)
#322    SingleChildRenderObjectElement.mount (package:flutter/src/widgets/framework.dart:7118:14)
#323    Element.inflateWidget (package:flutter/src/widgets/framework.dart:4590:20)
#324    Element.updateChild (package:flutter/src/widgets/framework.dart:4059:18)
#325    ComponentElement.performRebuild (package:flutter/src/widgets/framework.dart:5844:16)
#326    Element.rebuild (package:flutter/src/widgets/framework.dart:5532:7)
#327    ComponentElement._firstBuild (package:flutter/src/widgets/framework.dart:5802:5)
#328    ComponentElement.mount (package:flutter/src/widgets/framework.dart:5796:5)
#329    Element.inflateWidget (package:flutter/src/widgets/framework.dart:4590:20)
#330    Element.updateChild (package:flutter/src/widgets/framework.dart:4059:18)
#331    SingleChildRenderObjectElement.mount (package:flutter/src/widgets/framework.dart:7118:14)
#332    Element.inflateWidget (package:flutter/src/widgets/framework.dart:4590:20)
#333    Element.updateChild (package:flutter/src/widgets/framework.dart:4059:18)
#334    ComponentElement.performRebuild (package:flutter/src/widgets/framework.dart:5844:16)
#335    StatefulElement.performRebuild (package:flutter/src/widgets/framework.dart:5985:11)
#336    Element.rebuild (package:flutter/src/widgets/framework.dart:5532:7)
#337    ComponentElement._firstBuild (package:flutter/src/widgets/framework.dart:5802:5)
#338    StatefulElement._firstBuild (package:flutter/src/widgets/framework.dart:5976:11)
#339    ComponentElement.mount (package:flutter/src/widgets/framework.dart:5796:5)
#340    Element.inflateWidget (package:flutter/src/widgets/framework.dart:4590:20)
#341    Element.updateChild (package:flutter/src/widgets/framework.dart:4059:18)
#342    ComponentElement.performRebuild (package:flutter/src/widgets/framework.dart:5844:16)
#343    Element.rebuild (package:flutter/src/widgets/framework.dart:5532:7)
#344    ComponentElement._firstBuild (package:flutter/src/widgets/framework.dart:5802:5)
#345    ComponentElement.mount (package:flutter/src/widgets/framework.dart:5796:5)
#346    Element.inflateWidget (package:flutter/src/widgets/framework.dart:4590:20)
#347    Element.updateChild (package:flutter/src/widgets/framework.dart:4059:18)
#348    ComponentElement.performRebuild (package:flutter/src/widgets/framework.dart:5844:16)
#349    Element.rebuild (package:flutter/src/widgets/framework.dart:5532:7)
#350    ComponentElement._firstBuild (package:flutter/src/widgets/framework.dart:5802:5)
#351    ComponentElement.mount (package:flutter/src/widgets/framework.dart:5796:5)
#352    Element.inflateWidget (package:flutter/src/widgets/framework.dart:4590:20)
#353    Element.updateChild (package:flutter/src/widgets/framework.dart:4059:18)
#354    ComponentElement.performRebuild (package:flutter/src/widgets/framework.dart:5844:16)
#355    StatefulElement.performRebuild (package:flutter/src/widgets/framework.dart:5985:11)
#356    Element.rebuild (package:flutter/src/widgets/framework.dart:5532:7)
#357    ComponentElement._firstBuild (package:flutter/src/widgets/framework.dart:5802:5)
#358    StatefulElement._firstBuild (package:flutter/src/widgets/framework.dart:5976:11)
#359    ComponentElement.mount (package:flutter/src/widgets/framework.dart:5796:5)
#360    Element.inflateWidget (package:flutter/src/widgets/framework.dart:4590:20)
#361    Element.updateChild (package:flutter/src/widgets/framework.dart:4059:18)
#362    ComponentElement.performRebuild (package:flutter/src/widgets/framework.dart:5844:16)
#363    Element.rebuild (package:flutter/src/widgets/framework.dart:5532:7)
#364    ComponentElement._firstBuild (package:flutter/src/widgets/framework.dart:5802:5)
#365    ComponentElement.mount (package:flutter/src/widgets/framework.dart:5796:5)
#366    Element.inflateWidget (package:flutter/src/widgets/framework.dart:4590:20)
#367    Element.updateChild (package:flutter/src/widgets/framework.dart:4059:18)
#368    ComponentElement.performRebuild (package:flutter/src/widgets/framework.dart:5844:16)
#369    Element.rebuild (package:flutter/src/widgets/framework.dart:5532:7)
#370    ComponentElement._firstBuild (package:flutter/src/widgets/framework.dart:5802:5)
#371    ComponentElement.mount (package:flutter/src/widgets/framework.dart:5796:5)
#372    Element.inflateWidget (package:flutter/src/widgets/framework.dart:4590:20)
#373    Element.updateChild (package:flutter/src/widgets/framework.dart:4059:18)
#374    SingleChildRenderObjectElement.mount (package:flutter/src/widgets/framework.dart:7118:14)
#375    Element.inflateWidget (package:flutter/src/widgets/framework.dart:4590:20)
#376    Element.updateChild (package:flutter/src/widgets/framework.dart:4059:18)
#377    ComponentElement.performRebuild (package:flutter/src/widgets/framework.dart:5844:16)
#378    Element.rebuild (package:flutter/src/widgets/framework.dart:5532:7)
#379    ComponentElement._firstBuild (package:flutter/src/widgets/framework.dart:5802:5)
#380    ComponentElement.mount (package:flutter/src/widgets/framework.dart:5796:5)
#381    Element.inflateWidget (package:flutter/src/widgets/framework.dart:4590:20)
#382    Element.updateChild (package:flutter/src/widgets/framework.dart:4059:18)
#383    ComponentElement.performRebuild (package:flutter/src/widgets/framework.dart:5844:16)
#384    Element.rebuild (package:flutter/src/widgets/framework.dart:5532:7)
#385    ComponentElement._firstBuild (package:flutter/src/widgets/framework.dart:5802:5)
#386    ComponentElement.mount (package:flutter/src/widgets/framework.dart:5796:5)
#387    Element.inflateWidget (package:flutter/src/widgets/framework.dart:4590:20)
#388    Element.updateChild (package:flutter/src/widgets/framework.dart:4059:18)
#389    ComponentElement.performRebuild (package:flutter/src/widgets/framework.dart:5844:16)
#390    StatefulElement.performRebuild (package:flutter/src/widgets/framework.dart:5985:11)
#391    Element.rebuild (package:flutter/src/widgets/framework.dart:5532:7)
#392    ComponentElement._firstBuild (package:flutter/src/widgets/framework.dart:5802:5)
#393    StatefulElement._firstBuild (package:flutter/src/widgets/framework.dart:5976:11)
#394    ComponentElement.mount (package:flutter/src/widgets/framework.dart:5796:5)
#395    Element.inflateWidget (package:flutter/src/widgets/framework.dart:4590:20)
#396    Element.updateChild (package:flutter/src/widgets/framework.dart:4059:18)
#397    ComponentElement.performRebuild (package:flutter/src/widgets/framework.dart:5844:16)
#398    StatefulElement.performRebuild (package:flutter/src/widgets/framework.dart:5985:11)
#399    Element.rebuild (package:flutter/src/widgets/framework.dart:5532:7)
#400    ComponentElement._firstBuild (package:flutter/src/widgets/framework.dart:5802:5)
#401    StatefulElement._firstBuild (package:flutter/src/widgets/framework.dart:5976:11)
#402    ComponentElement.mount (package:flutter/src/widgets/framework.dart:5796:5)
#403    Element.inflateWidget (package:flutter/src/widgets/framework.dart:4590:20)
#404    Element.updateChild (package:flutter/src/widgets/framework.dart:4059:18)
#405    ComponentElement.performRebuild (package:flutter/src/widgets/framework.dart:5844:16)
#406    StatefulElement.performRebuild (package:flutter/src/widgets/framework.dart:5985:11)
#407    Element.rebuild (package:flutter/src/widgets/framework.dart:5532:7)
#408    ComponentElement._firstBuild (package:flutter/src/widgets/framework.dart:5802:5)
#409    StatefulElement._firstBuild (package:flutter/src/widgets/framework.dart:5976:11)
#410    ComponentElement.mount (package:flutter/src/widgets/framework.dart:5796:5)
#411    Element.inflateWidget (package:flutter/src/widgets/framework.dart:4590:20)
#412    Element.updateChild (package:flutter/src/widgets/framework.dart:4059:18)
#413    SingleChildRenderObjectElement.mount (package:flutter/src/widgets/framework.dart:7118:14)
#414    Element.inflateWidget (package:flutter/src/widgets/framework.dart:4590:20)
#415    Element.updateChild (package:flutter/src/widgets/framework.dart:4059:18)
#416    ComponentElement.performRebuild (package:flutter/src/widgets/framework.dart:5844:16)
#417    Element.rebuild (package:flutter/src/widgets/framework.dart:5532:7)
#418    ComponentElement._firstBuild (package:flutter/src/widgets/framework.dart:5802:5)
#419    ComponentElement.mount (package:flutter/src/widgets/framework.dart:5796:5)
#420    Element.inflateWidget (package:flutter/src/widgets/framework.dart:4590:20)
#421    Element.updateChild (package:flutter/src/widgets/framework.dart:4059:18)
#422    ComponentElement.performRebuild (package:flutter/src/widgets/framework.dart:5844:16)
#423    Element.rebuild (package:flutter/src/widgets/framework.dart:5532:7)
#424    ComponentElement._firstBuild (package:flutter/src/widgets/framework.dart:5802:5)
#425    ComponentElement.mount (package:flutter/src/widgets/framework.dart:5796:5)
#426    Element.inflateWidget (package:flutter/src/widgets/framework.dart:4590:20)
#427    Element.updateChild (package:flutter/src/widgets/framework.dart:4059:18)
#428    ComponentElement.performRebuild (package:flutter/src/widgets/framework.dart:5844:16)
#429    Element.rebuild (package:flutter/src/widgets/framework.dart:5532:7)
#430    ComponentElement._firstBuild (package:flutter/src/widgets/framework.dart:5802:5)
#431    ComponentElement.mount (package:flutter/src/widgets/framework.dart:5796:5)
#432    Element.inflateWidget (package:flutter/src/widgets/framework.dart:4590:20)
#433    Element.updateChild (package:flutter/src/widgets/framework.dart:4059:18)
#434    ComponentElement.performRebuild (package:flutter/src/widgets/framework.dart:5844:16)
#435    StatefulElement.performRebuild (package:flutter/src/widgets/framework.dart:5985:11)
#436    Element.rebuild (package:flutter/src/widgets/framework.dart:5532:7)
#437    ComponentElement._firstBuild (package:flutter/src/widgets/framework.dart:5802:5)
#438    StatefulElement._firstBuild (package:flutter/src/widgets/framework.dart:5976:11)
#439    ComponentElement.mount (package:flutter/src/widgets/framework.dart:5796:5)
#440    Element.inflateWidget (package:flutter/src/widgets/framework.dart:4590:20)
#441    Element.updateChild (package:flutter/src/widgets/framework.dart:4059:18)
#442    ComponentElement.performRebuild (package:flutter/src/widgets/framework.dart:5844:16)
#443    StatefulElement.performRebuild (package:flutter/src/widgets/framework.dart:5985:11)
#444    Element.rebuild (package:flutter/src/widgets/framework.dart:5532:7)
#445    ComponentElement._firstBuild (package:flutter/src/widgets/framework.dart:5802:5)
#446    StatefulElement._firstBuild (package:flutter/src/widgets/framework.dart:5976:11)
#447    ComponentElement.mount (package:flutter/src/widgets/framework.dart:5796:5)
#448    Element.inflateWidget (package:flutter/src/widgets/framework.dart:4590:20)
#449    MultiChildRenderObjectElement.inflateWidget
(package:flutter/src/widgets/framework.dart:7269:36)
#450    MultiChildRenderObjectElement.mount (package:flutter/src/widgets/framework.dart:7285:32)
#451    Element.inflateWidget (package:flutter/src/widgets/framework.dart:4590:20)
#452    Element.updateChild (package:flutter/src/widgets/framework.dart:4059:18)
#453    ComponentElement.performRebuild (package:flutter/src/widgets/framework.dart:5844:16)
#454    StatefulElement.performRebuild (package:flutter/src/widgets/framework.dart:5985:11)
#455    Element.rebuild (package:flutter/src/widgets/framework.dart:5532:7)
#456    ComponentElement._firstBuild (package:flutter/src/widgets/framework.dart:5802:5)
#457    StatefulElement._firstBuild (package:flutter/src/widgets/framework.dart:5976:11)
#458    ComponentElement.mount (package:flutter/src/widgets/framework.dart:5796:5)
#459    Element.inflateWidget (package:flutter/src/widgets/framework.dart:4590:20)
#460    Element.updateChild (package:flutter/src/widgets/framework.dart:4059:18)
#461    ComponentElement.performRebuild (package:flutter/src/widgets/framework.dart:5844:16)
#462    Element.rebuild (package:flutter/src/widgets/framework.dart:5532:7)
#463    ComponentElement._firstBuild (package:flutter/src/widgets/framework.dart:5802:5)
#464    ComponentElement.mount (package:flutter/src/widgets/framework.dart:5796:5)
#465    Element.inflateWidget (package:flutter/src/widgets/framework.dart:4590:20)
#466    Element.updateChild (package:flutter/src/widgets/framework.dart:4059:18)
#467    ComponentElement.performRebuild (package:flutter/src/widgets/framework.dart:5844:16)
#468    Element.rebuild (package:flutter/src/widgets/framework.dart:5532:7)
#469    ComponentElement._firstBuild (package:flutter/src/widgets/framework.dart:5802:5)
#470    ComponentElement.mount (package:flutter/src/widgets/framework.dart:5796:5)
#471    Element.inflateWidget (package:flutter/src/widgets/framework.dart:4590:20)
#472    Element.updateChild (package:flutter/src/widgets/framework.dart:4059:18)
#473    ComponentElement.performRebuild (package:flutter/src/widgets/framework.dart:5844:16)
#474    StatefulElement.performRebuild (package:flutter/src/widgets/framework.dart:5985:11)
#475    Element.rebuild (package:flutter/src/widgets/framework.dart:5532:7)
#476    ComponentElement._firstBuild (package:flutter/src/widgets/framework.dart:5802:5)
#477    StatefulElement._firstBuild (package:flutter/src/widgets/framework.dart:5976:11)
#478    ComponentElement.mount (package:flutter/src/widgets/framework.dart:5796:5)
#479    Element.inflateWidget (package:flutter/src/widgets/framework.dart:4590:20)
#480    Element.updateChild (package:flutter/src/widgets/framework.dart:4059:18)
#481    ComponentElement.performRebuild (package:flutter/src/widgets/framework.dart:5844:16)
#482    Element.rebuild (package:flutter/src/widgets/framework.dart:5532:7)
#483    ComponentElement._firstBuild (package:flutter/src/widgets/framework.dart:5802:5)
#484    ComponentElement.mount (package:flutter/src/widgets/framework.dart:5796:5)
#485    Element.inflateWidget (package:flutter/src/widgets/framework.dart:4590:20)
#486    Element.updateChild (package:flutter/src/widgets/framework.dart:4059:18)
#487    ComponentElement.performRebuild (package:flutter/src/widgets/framework.dart:5844:16)
#488    StatefulElement.performRebuild (package:flutter/src/widgets/framework.dart:5985:11)
#489    Element.rebuild (package:flutter/src/widgets/framework.dart:5532:7)
#490    ComponentElement._firstBuild (package:flutter/src/widgets/framework.dart:5802:5)
#491    StatefulElement._firstBuild (package:flutter/src/widgets/framework.dart:5976:11)
#492    ComponentElement.mount (package:flutter/src/widgets/framework.dart:5796:5)
#493    Element.inflateWidget (package:flutter/src/widgets/framework.dart:4590:20)
#494    Element.updateChild (package:flutter/src/widgets/framework.dart:4059:18)
#495    ComponentElement.performRebuild (package:flutter/src/widgets/framework.dart:5844:16)
#496    StatefulElement.performRebuild (package:flutter/src/widgets/framework.dart:5985:11)
#497    Element.rebuild (package:flutter/src/widgets/framework.dart:5532:7)
#498    ComponentElement._firstBuild (package:flutter/src/widgets/framework.dart:5802:5)
#499    StatefulElement._firstBuild (package:flutter/src/widgets/framework.dart:5976:11)
#500    ComponentElement.mount (package:flutter/src/widgets/framework.dart:5796:5)
#501    Element.inflateWidget (package:flutter/src/widgets/framework.dart:4590:20)
#502    Element.updateChild (package:flutter/src/widgets/framework.dart:4059:18)
#503    SingleChildRenderObjectElement.mount (package:flutter/src/widgets/framework.dart:7118:14)
#504    Element.inflateWidget (package:flutter/src/widgets/framework.dart:4590:20)
#505    Element.updateChild (package:flutter/src/widgets/framework.dart:4059:18)
#506    SingleChildRenderObjectElement.mount (package:flutter/src/widgets/framework.dart:7118:14)
#507    Element.inflateWidget (package:flutter/src/widgets/framework.dart:4590:20)
#508    Element.updateChild (package:flutter/src/widgets/framework.dart:4059:18)
#509    ComponentElement.performRebuild (package:flutter/src/widgets/framework.dart:5844:16)
#510    Element.rebuild (package:flutter/src/widgets/framework.dart:5532:7)
#511    ComponentElement._firstBuild (package:flutter/src/widgets/framework.dart:5802:5)
#512    ComponentElement.mount (package:flutter/src/widgets/framework.dart:5796:5)
#513    Element.inflateWidget (package:flutter/src/widgets/framework.dart:4590:20)
#514    Element.updateChild (package:flutter/src/widgets/framework.dart:4059:18)
#515    ComponentElement.performRebuild (package:flutter/src/widgets/framework.dart:5844:16)
#516    Element.rebuild (package:flutter/src/widgets/framework.dart:5532:7)
#517    ComponentElement._firstBuild (package:flutter/src/widgets/framework.dart:5802:5)
#518    ComponentElement.mount (package:flutter/src/widgets/framework.dart:5796:5)
#519    Element.inflateWidget (package:flutter/src/widgets/framework.dart:4590:20)
#520    Element.updateChild (package:flutter/src/widgets/framework.dart:4059:18)
#521    ComponentElement.performRebuild (package:flutter/src/widgets/framework.dart:5844:16)
#522    StatefulElement.performRebuild (package:flutter/src/widgets/framework.dart:5985:11)
#523    Element.rebuild (package:flutter/src/widgets/framework.dart:5532:7)
#524    ComponentElement._firstBuild (package:flutter/src/widgets/framework.dart:5802:5)
#525    StatefulElement._firstBuild (package:flutter/src/widgets/framework.dart:5976:11)
#526    ComponentElement.mount (package:flutter/src/widgets/framework.dart:5796:5)
#527    Element.inflateWidget (package:flutter/src/widgets/framework.dart:4590:20)
#528    Element.updateChild (package:flutter/src/widgets/framework.dart:4059:18)
#529    ComponentElement.performRebuild (package:flutter/src/widgets/framework.dart:5844:16)
#530    Element.rebuild (package:flutter/src/widgets/framework.dart:5532:7)
#531    ComponentElement._firstBuild (package:flutter/src/widgets/framework.dart:5802:5)
#532    ComponentElement.mount (package:flutter/src/widgets/framework.dart:5796:5)
#533    Element.inflateWidget (package:flutter/src/widgets/framework.dart:4590:20)
#534    Element.updateChild (package:flutter/src/widgets/framework.dart:4059:18)
#535    SingleChildRenderObjectElement.mount (package:flutter/src/widgets/framework.dart:7118:14)
#536    Element.inflateWidget (package:flutter/src/widgets/framework.dart:4590:20)
#537    Element.updateChild (package:flutter/src/widgets/framework.dart:4059:18)
#538    ComponentElement.performRebuild (package:flutter/src/widgets/framework.dart:5844:16)
#539    StatefulElement.performRebuild (package:flutter/src/widgets/framework.dart:5985:11)
#540    Element.rebuild (package:flutter/src/widgets/framework.dart:5532:7)
#541    ComponentElement._firstBuild (package:flutter/src/widgets/framework.dart:5802:5)
#542    StatefulElement._firstBuild (package:flutter/src/widgets/framework.dart:5976:11)
#543    ComponentElement.mount (package:flutter/src/widgets/framework.dart:5796:5)
#544    Element.inflateWidget (package:flutter/src/widgets/framework.dart:4590:20)
#545    Element.updateChild (package:flutter/src/widgets/framework.dart:4059:18)
#546    ComponentElement.performRebuild (package:flutter/src/widgets/framework.dart:5844:16)
#547    Element.rebuild (package:flutter/src/widgets/framework.dart:5532:7)
#548    ComponentElement._firstBuild (package:flutter/src/widgets/framework.dart:5802:5)
#549    ComponentElement.mount (package:flutter/src/widgets/framework.dart:5796:5)
#550    Element.inflateWidget (package:flutter/src/widgets/framework.dart:4590:20)
#551    Element.updateChild (package:flutter/src/widgets/framework.dart:4059:18)
#552    ComponentElement.performRebuild (package:flutter/src/widgets/framework.dart:5844:16)
#553    Element.rebuild (package:flutter/src/widgets/framework.dart:5532:7)
#554    ComponentElement._firstBuild (package:flutter/src/widgets/framework.dart:5802:5)
#555    ComponentElement.mount (package:flutter/src/widgets/framework.dart:5796:5)
#556    Element.inflateWidget (package:flutter/src/widgets/framework.dart:4590:20)
#557    Element.updateChild (package:flutter/src/widgets/framework.dart:4059:18)
#558    ComponentElement.performRebuild (package:flutter/src/widgets/framework.dart:5844:16)
#559    StatefulElement.performRebuild (package:flutter/src/widgets/framework.dart:5985:11)
#560    Element.rebuild (package:flutter/src/widgets/framework.dart:5532:7)
#561    ComponentElement._firstBuild (package:flutter/src/widgets/framework.dart:5802:5)
#562    StatefulElement._firstBuild (package:flutter/src/widgets/framework.dart:5976:11)
#563    ComponentElement.mount (package:flutter/src/widgets/framework.dart:5796:5)
#564    Element.inflateWidget (package:flutter/src/widgets/framework.dart:4590:20)
#565    Element.updateChild (package:flutter/src/widgets/framework.dart:4059:18)
#566    ComponentElement.performRebuild (package:flutter/src/widgets/framework.dart:5844:16)
#567    Element.rebuild (package:flutter/src/widgets/framework.dart:5532:7)
#568    ComponentElement._firstBuild (package:flutter/src/widgets/framework.dart:5802:5)
#569    ComponentElement.mount (package:flutter/src/widgets/framework.dart:5796:5)
#570    Element.inflateWidget (package:flutter/src/widgets/framework.dart:4590:20)
#571    Element.updateChild (package:flutter/src/widgets/framework.dart:4059:18)
#572    ComponentElement.performRebuild (package:flutter/src/widgets/framework.dart:5844:16)
#573    Element.rebuild (package:flutter/src/widgets/framework.dart:5532:7)
#574    ComponentElement._firstBuild (package:flutter/src/widgets/framework.dart:5802:5)
#575    ComponentElement.mount (package:flutter/src/widgets/framework.dart:5796:5)
#576    Element.inflateWidget (package:flutter/src/widgets/framework.dart:4590:20)
#577    Element.updateChild (package:flutter/src/widgets/framework.dart:4059:18)
#578    ComponentElement.performRebuild (package:flutter/src/widgets/framework.dart:5844:16)
#579    Element.rebuild (package:flutter/src/widgets/framework.dart:5532:7)
#580    ComponentElement._firstBuild (package:flutter/src/widgets/framework.dart:5802:5)
#581    ComponentElement.mount (package:flutter/src/widgets/framework.dart:5796:5)
#582    Element.inflateWidget (package:flutter/src/widgets/framework.dart:4590:20)
#583    Element.updateChild (package:flutter/src/widgets/framework.dart:4059:18)
#584    ComponentElement.performRebuild (package:flutter/src/widgets/framework.dart:5844:16)
#585    Element.rebuild (package:flutter/src/widgets/framework.dart:5532:7)
#586    ComponentElement._firstBuild (package:flutter/src/widgets/framework.dart:5802:5)
#587    ComponentElement.mount (package:flutter/src/widgets/framework.dart:5796:5)
#588    Element.inflateWidget (package:flutter/src/widgets/framework.dart:4590:20)
#589    Element.updateChild (package:flutter/src/widgets/framework.dart:4059:18)
#590    ComponentElement.performRebuild (package:flutter/src/widgets/framework.dart:5844:16)
#591    Element.rebuild (package:flutter/src/widgets/framework.dart:5532:7)
#592    ComponentElement._firstBuild (package:flutter/src/widgets/framework.dart:5802:5)
#593    ComponentElement.mount (package:flutter/src/widgets/framework.dart:5796:5)
#594    Element.inflateWidget (package:flutter/src/widgets/framework.dart:4590:20)
#595    Element.updateChild (package:flutter/src/widgets/framework.dart:4059:18)
#596    ComponentElement.performRebuild (package:flutter/src/widgets/framework.dart:5844:16)
#597    Element.rebuild (package:flutter/src/widgets/framework.dart:5532:7)
#598    ComponentElement._firstBuild (package:flutter/src/widgets/framework.dart:5802:5)
#599    ComponentElement.mount (package:flutter/src/widgets/framework.dart:5796:5)
#600    Element.inflateWidget (package:flutter/src/widgets/framework.dart:4590:20)
#601    Element.updateChild (package:flutter/src/widgets/framework.dart:4059:18)
#602    ComponentElement.performRebuild (package:flutter/src/widgets/framework.dart:5844:16)
#603    Element.rebuild (package:flutter/src/widgets/framework.dart:5532:7)
#604    ComponentElement._firstBuild (package:flutter/src/widgets/framework.dart:5802:5)
#605    ComponentElement.mount (package:flutter/src/widgets/framework.dart:5796:5)
#606    Element.inflateWidget (package:flutter/src/widgets/framework.dart:4590:20)
#607    Element.updateChild (package:flutter/src/widgets/framework.dart:4059:18)
#608    ComponentElement.performRebuild (package:flutter/src/widgets/framework.dart:5844:16)
#609    StatefulElement.performRebuild (package:flutter/src/widgets/framework.dart:5985:11)
#610    Element.rebuild (package:flutter/src/widgets/framework.dart:5532:7)
#611    ComponentElement._firstBuild (package:flutter/src/widgets/framework.dart:5802:5)
#612    StatefulElement._firstBuild (package:flutter/src/widgets/framework.dart:5976:11)
#613    ComponentElement.mount (package:flutter/src/widgets/framework.dart:5796:5)
#614    Element.inflateWidget (package:flutter/src/widgets/framework.dart:4590:20)
#615    Element.updateChild (package:flutter/src/widgets/framework.dart:4059:18)
#616    ComponentElement.performRebuild (package:flutter/src/widgets/framework.dart:5844:16)
#617    Element.rebuild (package:flutter/src/widgets/framework.dart:5532:7)
#618    ComponentElement._firstBuild (package:flutter/src/widgets/framework.dart:5802:5)
#619    ComponentElement.mount (package:flutter/src/widgets/framework.dart:5796:5)
#620    Element.inflateWidget (package:flutter/src/widgets/framework.dart:4590:20)
#621    Element.updateChild (package:flutter/src/widgets/framework.dart:4059:18)
#622    ComponentElement.performRebuild (package:flutter/src/widgets/framework.dart:5844:16)
#623    Element.rebuild (package:flutter/src/widgets/framework.dart:5532:7)
#624    ComponentElement._firstBuild (package:flutter/src/widgets/framework.dart:5802:5)
#625    ComponentElement.mount (package:flutter/src/widgets/framework.dart:5796:5)
#626    Element.inflateWidget (package:flutter/src/widgets/framework.dart:4590:20)
#627    Element.updateChild (package:flutter/src/widgets/framework.dart:4059:18)
#628    ComponentElement.performRebuild (package:flutter/src/widgets/framework.dart:5844:16)
#629    StatefulElement.performRebuild (package:flutter/src/widgets/framework.dart:5985:11)
#630    Element.rebuild (package:flutter/src/widgets/framework.dart:5532:7)
#631    ComponentElement._firstBuild (package:flutter/src/widgets/framework.dart:5802:5)
#632    StatefulElement._firstBuild (package:flutter/src/widgets/framework.dart:5976:11)
#633    ComponentElement.mount (package:flutter/src/widgets/framework.dart:5796:5)
#634    Element.inflateWidget (package:flutter/src/widgets/framework.dart:4590:20)
#635    Element.updateChild (package:flutter/src/widgets/framework.dart:4059:18)
#636    SingleChildRenderObjectElement.mount (package:flutter/src/widgets/framework.dart:7118:14)
#637    Element.inflateWidget (package:flutter/src/widgets/framework.dart:4590:20)
#638    Element.updateChild (package:flutter/src/widgets/framework.dart:4059:18)
#639    ComponentElement.performRebuild (package:flutter/src/widgets/framework.dart:5844:16)
#640    StatefulElement.performRebuild (package:flutter/src/widgets/framework.dart:5985:11)
#641    Element.rebuild (package:flutter/src/widgets/framework.dart:5532:7)
#642    ComponentElement._firstBuild (package:flutter/src/widgets/framework.dart:5802:5)
#643    StatefulElement._firstBuild (package:flutter/src/widgets/framework.dart:5976:11)
#644    ComponentElement.mount (package:flutter/src/widgets/framework.dart:5796:5)
#645    Element.inflateWidget (package:flutter/src/widgets/framework.dart:4590:20)
#646    Element.updateChild (package:flutter/src/widgets/framework.dart:4059:18)
#647    ComponentElement.performRebuild (package:flutter/src/widgets/framework.dart:5844:16)
#648    Element.rebuild (package:flutter/src/widgets/framework.dart:5532:7)
#649    ComponentElement._firstBuild (package:flutter/src/widgets/framework.dart:5802:5)
#650    ComponentElement.mount (package:flutter/src/widgets/framework.dart:5796:5)
#651    Element.inflateWidget (package:flutter/src/widgets/framework.dart:4590:20)
#652    Element.updateChild (package:flutter/src/widgets/framework.dart:4059:18)
#653    ComponentElement.performRebuild (package:flutter/src/widgets/framework.dart:5844:16)
#654    Element.rebuild (package:flutter/src/widgets/framework.dart:5532:7)
#655    ComponentElement._firstBuild (package:flutter/src/widgets/framework.dart:5802:5)
#656    ComponentElement.mount (package:flutter/src/widgets/framework.dart:5796:5)
#657    Element.inflateWidget (package:flutter/src/widgets/framework.dart:4590:20)
#658    Element.updateChild (package:flutter/src/widgets/framework.dart:4059:18)
#659    ComponentElement.performRebuild (package:flutter/src/widgets/framework.dart:5844:16)
#660    Element.rebuild (package:flutter/src/widgets/framework.dart:5532:7)
#661    ComponentElement._firstBuild (package:flutter/src/widgets/framework.dart:5802:5)
#662    ComponentElement.mount (package:flutter/src/widgets/framework.dart:5796:5)
#663    Element.inflateWidget (package:flutter/src/widgets/framework.dart:4590:20)
#664    Element.updateChild (package:flutter/src/widgets/framework.dart:4059:18)
#665    ComponentElement.performRebuild (package:flutter/src/widgets/framework.dart:5844:16)
#666    Element.rebuild (package:flutter/src/widgets/framework.dart:5532:7)
#667    ComponentElement._firstBuild (package:flutter/src/widgets/framework.dart:5802:5)
#668    ComponentElement.mount (package:flutter/src/widgets/framework.dart:5796:5)
#669    Element.inflateWidget (package:flutter/src/widgets/framework.dart:4590:20)
#670    Element.updateChild (package:flutter/src/widgets/framework.dart:4059:18)
#671    SingleChildRenderObjectElement.mount (package:flutter/src/widgets/framework.dart:7118:14)
#672    Element.inflateWidget (package:flutter/src/widgets/framework.dart:4590:20)
#673    Element.updateChild (package:flutter/src/widgets/framework.dart:4059:18)
#674    ComponentElement.performRebuild (package:flutter/src/widgets/framework.dart:5844:16)
#675    StatefulElement.performRebuild (package:flutter/src/widgets/framework.dart:5985:11)
#676    Element.rebuild (package:flutter/src/widgets/framework.dart:5532:7)
#677    ComponentElement._firstBuild (package:flutter/src/widgets/framework.dart:5802:5)
#678    StatefulElement._firstBuild (package:flutter/src/widgets/framework.dart:5976:11)
#679    ComponentElement.mount (package:flutter/src/widgets/framework.dart:5796:5)
#680    Element.inflateWidget (package:flutter/src/widgets/framework.dart:4590:20)
#681    Element.updateChild (package:flutter/src/widgets/framework.dart:4059:18)
#682    ComponentElement.performRebuild (package:flutter/src/widgets/framework.dart:5844:16)
#683    StatefulElement.performRebuild (package:flutter/src/widgets/framework.dart:5985:11)
#684    Element.rebuild (package:flutter/src/widgets/framework.dart:5532:7)
#685    ComponentElement._firstBuild (package:flutter/src/widgets/framework.dart:5802:5)
#686    StatefulElement._firstBuild (package:flutter/src/widgets/framework.dart:5976:11)
#687    ComponentElement.mount (package:flutter/src/widgets/framework.dart:5796:5)
#688    Element.inflateWidget (package:flutter/src/widgets/framework.dart:4590:20)
#689    Element.updateChild (package:flutter/src/widgets/framework.dart:4059:18)
#690    SingleChildRenderObjectElement.mount (package:flutter/src/widgets/framework.dart:7118:14)
#691    Element.inflateWidget (package:flutter/src/widgets/framework.dart:4590:20)
#692    Element.updateChild (package:flutter/src/widgets/framework.dart:4059:18)
#693    ComponentElement.performRebuild (package:flutter/src/widgets/framework.dart:5844:16)
#694    Element.rebuild (package:flutter/src/widgets/framework.dart:5532:7)
#695    ComponentElement._firstBuild (package:flutter/src/widgets/framework.dart:5802:5)
#696    ComponentElement.mount (package:flutter/src/widgets/framework.dart:5796:5)
#697    Element.inflateWidget (package:flutter/src/widgets/framework.dart:4590:20)
#698    Element.updateChild (package:flutter/src/widgets/framework.dart:4059:18)
#699    ComponentElement.performRebuild (package:flutter/src/widgets/framework.dart:5844:16)
#700    StatefulElement.performRebuild (package:flutter/src/widgets/framework.dart:5985:11)
#701    Element.rebuild (package:flutter/src/widgets/framework.dart:5532:7)
#702    ComponentElement._firstBuild (package:flutter/src/widgets/framework.dart:5802:5)
#703    StatefulElement._firstBuild (package:flutter/src/widgets/framework.dart:5976:11)
#704    ComponentElement.mount (package:flutter/src/widgets/framework.dart:5796:5)
#705    Element.inflateWidget (package:flutter/src/widgets/framework.dart:4590:20)
#706    Element.updateChild (package:flutter/src/widgets/framework.dart:4059:18)
#707    ComponentElement.performRebuild (package:flutter/src/widgets/framework.dart:5844:16)
#708    StatefulElement.performRebuild (package:flutter/src/widgets/framework.dart:5985:11)
#709    Element.rebuild (package:flutter/src/widgets/framework.dart:5532:7)
#710    ComponentElement._firstBuild (package:flutter/src/widgets/framework.dart:5802:5)
#711    StatefulElement._firstBuild (package:flutter/src/widgets/framework.dart:5976:11)
#712    ComponentElement.mount (package:flutter/src/widgets/framework.dart:5796:5)
#713    Element.inflateWidget (package:flutter/src/widgets/framework.dart:4590:20)
#714    Element.updateChild (package:flutter/src/widgets/framework.dart:4059:18)
#715    ComponentElement.performRebuild (package:flutter/src/widgets/framework.dart:5844:16)
#716    Element.rebuild (package:flutter/src/widgets/framework.dart:5532:7)
#717    ComponentElement._firstBuild (package:flutter/src/widgets/framework.dart:5802:5)
#718    ComponentElement.mount (package:flutter/src/widgets/framework.dart:5796:5)
#719    Element.inflateWidget (package:flutter/src/widgets/framework.dart:4590:20)
#720    Element.updateChild (package:flutter/src/widgets/framework.dart:4059:18)
#721    ComponentElement.performRebuild (package:flutter/src/widgets/framework.dart:5844:16)
#722    StatefulElement.performRebuild (package:flutter/src/widgets/framework.dart:5985:11)
#723    Element.rebuild (package:flutter/src/widgets/framework.dart:5532:7)
#724    ComponentElement._firstBuild (package:flutter/src/widgets/framework.dart:5802:5)
#725    StatefulElement._firstBuild (package:flutter/src/widgets/framework.dart:5976:11)
#726    ComponentElement.mount (package:flutter/src/widgets/framework.dart:5796:5)
#727    Element.inflateWidget (package:flutter/src/widgets/framework.dart:4590:20)
#728    Element.updateChild (package:flutter/src/widgets/framework.dart:4059:18)
#729    SingleChildRenderObjectElement.mount (package:flutter/src/widgets/framework.dart:7118:14)
#730    Element.inflateWidget (package:flutter/src/widgets/framework.dart:4590:20)
#731    Element.updateChild (package:flutter/src/widgets/framework.dart:4059:18)
#732    ComponentElement.performRebuild (package:flutter/src/widgets/framework.dart:5844:16)
#733    Element.rebuild (package:flutter/src/widgets/framework.dart:5532:7)
#734    ComponentElement._firstBuild (package:flutter/src/widgets/framework.dart:5802:5)
#735    ComponentElement.mount (package:flutter/src/widgets/framework.dart:5796:5)
#736    Element.inflateWidget (package:flutter/src/widgets/framework.dart:4590:20)
#737    Element.updateChild (package:flutter/src/widgets/framework.dart:4059:18)
#738    ComponentElement.performRebuild (package:flutter/src/widgets/framework.dart:5844:16)
#739    StatefulElement.performRebuild (package:flutter/src/widgets/framework.dart:5985:11)
#740    Element.rebuild (package:flutter/src/widgets/framework.dart:5532:7)
#741    ComponentElement._firstBuild (package:flutter/src/widgets/framework.dart:5802:5)
#742    StatefulElement._firstBuild (package:flutter/src/widgets/framework.dart:5976:11)
#743    ComponentElement.mount (package:flutter/src/widgets/framework.dart:5796:5)
#744    Element.inflateWidget (package:flutter/src/widgets/framework.dart:4590:20)
#745    Element.updateChild (package:flutter/src/widgets/framework.dart:4059:18)
#746    ComponentElement.performRebuild (package:flutter/src/widgets/framework.dart:5844:16)
#747    StatefulElement.performRebuild (package:flutter/src/widgets/framework.dart:5985:11)
#748    Element.rebuild (package:flutter/src/widgets/framework.dart:5532:7)
#749    ComponentElement._firstBuild (package:flutter/src/widgets/framework.dart:5802:5)
#750    StatefulElement._firstBuild (package:flutter/src/widgets/framework.dart:5976:11)
#751    ComponentElement.mount (package:flutter/src/widgets/framework.dart:5796:5)
#752    Element.inflateWidget (package:flutter/src/widgets/framework.dart:4590:20)
#753    Element.updateChild (package:flutter/src/widgets/framework.dart:4059:18)
#754    ComponentElement.performRebuild (package:flutter/src/widgets/framework.dart:5844:16)
#755    Element.rebuild (package:flutter/src/widgets/framework.dart:5532:7)
#756    ComponentElement._firstBuild (package:flutter/src/widgets/framework.dart:5802:5)
#757    ComponentElement.mount (package:flutter/src/widgets/framework.dart:5796:5)
#758    Element.inflateWidget (package:flutter/src/widgets/framework.dart:4590:20)
#759    Element.updateChild (package:flutter/src/widgets/framework.dart:4059:18)
#760    ComponentElement.performRebuild (package:flutter/src/widgets/framework.dart:5844:16)
#761    StatefulElement.performRebuild (package:flutter/src/widgets/framework.dart:5985:11)
#762    Element.rebuild (package:flutter/src/widgets/framework.dart:5532:7)
#763    ComponentElement._firstBuild (package:flutter/src/widgets/framework.dart:5802:5)
#764    StatefulElement._firstBuild (package:flutter/src/widgets/framework.dart:5976:11)
#765    ComponentElement.mount (package:flutter/src/widgets/framework.dart:5796:5)
#766    Element.inflateWidget (package:flutter/src/widgets/framework.dart:4590:20)
#767    Element.updateChild (package:flutter/src/widgets/framework.dart:4059:18)
#768    SingleChildRenderObjectElement.mount (package:flutter/src/widgets/framework.dart:7118:14)
#769    Element.inflateWidget (package:flutter/src/widgets/framework.dart:4590:20)
#770    Element.updateChild (package:flutter/src/widgets/framework.dart:4059:18)
#771    ComponentElement.performRebuild (package:flutter/src/widgets/framework.dart:5844:16)
#772    Element.rebuild (package:flutter/src/widgets/framework.dart:5532:7)
#773    ComponentElement._firstBuild (package:flutter/src/widgets/framework.dart:5802:5)
#774    ComponentElement.mount (package:flutter/src/widgets/framework.dart:5796:5)
#775    Element.inflateWidget (package:flutter/src/widgets/framework.dart:4590:20)
#776    Element.updateChild (package:flutter/src/widgets/framework.dart:4059:18)
#777    ComponentElement.performRebuild (package:flutter/src/widgets/framework.dart:5844:16)
#778    StatefulElement.performRebuild (package:flutter/src/widgets/framework.dart:5985:11)
#779    Element.rebuild (package:flutter/src/widgets/framework.dart:5532:7)
#780    ComponentElement._firstBuild (package:flutter/src/widgets/framework.dart:5802:5)
#781    StatefulElement._firstBuild (package:flutter/src/widgets/framework.dart:5976:11)
#782    ComponentElement.mount (package:flutter/src/widgets/framework.dart:5796:5)
#783    Element.inflateWidget (package:flutter/src/widgets/framework.dart:4590:20)
#784    Element.updateChild (package:flutter/src/widgets/framework.dart:4059:18)
#785    ComponentElement.performRebuild (package:flutter/src/widgets/framework.dart:5844:16)
#786    StatefulElement.performRebuild (package:flutter/src/widgets/framework.dart:5985:11)
#787    Element.rebuild (package:flutter/src/widgets/framework.dart:5532:7)
#788    ComponentElement._firstBuild (package:flutter/src/widgets/framework.dart:5802:5)
#789    StatefulElement._firstBuild (package:flutter/src/widgets/framework.dart:5976:11)
#790    ComponentElement.mount (package:flutter/src/widgets/framework.dart:5796:5)
#791    Element.inflateWidget (package:flutter/src/widgets/framework.dart:4590:20)
#792    Element.updateChild (package:flutter/src/widgets/framework.dart:4059:18)
#793    ComponentElement.performRebuild (package:flutter/src/widgets/framework.dart:5844:16)
#794    Element.rebuild (package:flutter/src/widgets/framework.dart:5532:7)
#795    ComponentElement._firstBuild (package:flutter/src/widgets/framework.dart:5802:5)
#796    ComponentElement.mount (package:flutter/src/widgets/framework.dart:5796:5)
#797    Element.inflateWidget (package:flutter/src/widgets/framework.dart:4590:20)
#798    Element.updateChild (package:flutter/src/widgets/framework.dart:4059:18)
#799    SingleChildRenderObjectElement.mount (package:flutter/src/widgets/framework.dart:7118:14)
#800    Element.inflateWidget (package:flutter/src/widgets/framework.dart:4590:20)
#801    Element.updateChild (package:flutter/src/widgets/framework.dart:4059:18)
#802    ComponentElement.performRebuild (package:flutter/src/widgets/framework.dart:5844:16)
#803    Element.rebuild (package:flutter/src/widgets/framework.dart:5532:7)
#804    ComponentElement._firstBuild (package:flutter/src/widgets/framework.dart:5802:5)
#805    ComponentElement.mount (package:flutter/src/widgets/framework.dart:5796:5)
#806    Element.inflateWidget (package:flutter/src/widgets/framework.dart:4590:20)
#807    Element.updateChild (package:flutter/src/widgets/framework.dart:4059:18)
#808    ComponentElement.performRebuild (package:flutter/src/widgets/framework.dart:5844:16)
#809    StatefulElement.performRebuild (package:flutter/src/widgets/framework.dart:5985:11)
#810    Element.rebuild (package:flutter/src/widgets/framework.dart:5532:7)
#811    ComponentElement._firstBuild (package:flutter/src/widgets/framework.dart:5802:5)
#812    StatefulElement._firstBuild (package:flutter/src/widgets/framework.dart:5976:11)
#813    ComponentElement.mount (package:flutter/src/widgets/framework.dart:5796:5)
#814    Element.inflateWidget (package:flutter/src/widgets/framework.dart:4590:20)
#815    Element.updateChild (package:flutter/src/widgets/framework.dart:4059:18)
#816    ComponentElement.performRebuild (package:flutter/src/widgets/framework.dart:5844:16)
#817    StatefulElement.performRebuild (package:flutter/src/widgets/framework.dart:5985:11)
#818    Element.rebuild (package:flutter/src/widgets/framework.dart:5532:7)
#819    ComponentElement._firstBuild (package:flutter/src/widgets/framework.dart:5802:5)
#820    StatefulElement._firstBuild (package:flutter/src/widgets/framework.dart:5976:11)
#821    ComponentElement.mount (package:flutter/src/widgets/framework.dart:5796:5)
#822    Element.inflateWidget (package:flutter/src/widgets/framework.dart:4590:20)
#823    Element.updateChild (package:flutter/src/widgets/framework.dart:4059:18)
#824    ComponentElement.performRebuild (package:flutter/src/widgets/framework.dart:5844:16)
#825    Element.rebuild (package:flutter/src/widgets/framework.dart:5532:7)
#826    ComponentElement._firstBuild (package:flutter/src/widgets/framework.dart:5802:5)
#827    ComponentElement.mount (package:flutter/src/widgets/framework.dart:5796:5)
#828    Element.inflateWidget (package:flutter/src/widgets/framework.dart:4590:20)
#829    Element.updateChild (package:flutter/src/widgets/framework.dart:4059:18)
#830    ComponentElement.performRebuild (package:flutter/src/widgets/framework.dart:5844:16)
#831    Element.rebuild (package:flutter/src/widgets/framework.dart:5532:7)
#832    ComponentElement._firstBuild (package:flutter/src/widgets/framework.dart:5802:5)
#833    ComponentElement.mount (package:flutter/src/widgets/framework.dart:5796:5)
#834    Element.inflateWidget (package:flutter/src/widgets/framework.dart:4590:20)
#835    Element.updateChild (package:flutter/src/widgets/framework.dart:4059:18)
#836    ComponentElement.performRebuild (package:flutter/src/widgets/framework.dart:5844:16)
#837    StatefulElement.performRebuild (package:flutter/src/widgets/framework.dart:5985:11)
#838    Element.rebuild (package:flutter/src/widgets/framework.dart:5532:7)
#839    ComponentElement._firstBuild (package:flutter/src/widgets/framework.dart:5802:5)
#840    StatefulElement._firstBuild (package:flutter/src/widgets/framework.dart:5976:11)
#841    ComponentElement.mount (package:flutter/src/widgets/framework.dart:5796:5)
#842    Element.inflateWidget (package:flutter/src/widgets/framework.dart:4590:20)
#843    Element.updateChild (package:flutter/src/widgets/framework.dart:4059:18)
#844    ComponentElement.performRebuild (package:flutter/src/widgets/framework.dart:5844:16)
#845    Element.rebuild (package:flutter/src/widgets/framework.dart:5532:7)
#846    ComponentElement._firstBuild (package:flutter/src/widgets/framework.dart:5802:5)
#847    ComponentElement.mount (package:flutter/src/widgets/framework.dart:5796:5)
#848    Element.inflateWidget (package:flutter/src/widgets/framework.dart:4590:20)
#849    Element.updateChild (package:flutter/src/widgets/framework.dart:4059:18)
#850    ComponentElement.performRebuild (package:flutter/src/widgets/framework.dart:5844:16)
#851    StatefulElement.performRebuild (package:flutter/src/widgets/framework.dart:5985:11)
#852    Element.rebuild (package:flutter/src/widgets/framework.dart:5532:7)
#853    ComponentElement._firstBuild (package:flutter/src/widgets/framework.dart:5802:5)
#854    StatefulElement._firstBuild (package:flutter/src/widgets/framework.dart:5976:11)
#855    ComponentElement.mount (package:flutter/src/widgets/framework.dart:5796:5)
#856    Element.inflateWidget (package:flutter/src/widgets/framework.dart:4590:20)
#857    Element.updateChild (package:flutter/src/widgets/framework.dart:4059:18)
#858    ComponentElement.performRebuild (package:flutter/src/widgets/framework.dart:5844:16)
#859    Element.rebuild (package:flutter/src/widgets/framework.dart:5532:7)
#860    ComponentElement._firstBuild (package:flutter/src/widgets/framework.dart:5802:5)
#861    ComponentElement.mount (package:flutter/src/widgets/framework.dart:5796:5)
#862    Element.inflateWidget (package:flutter/src/widgets/framework.dart:4590:20)
#863    Element.updateChild (package:flutter/src/widgets/framework.dart:4059:18)
#864    ComponentElement.performRebuild (package:flutter/src/widgets/framework.dart:5844:16)
#865    StatefulElement.performRebuild (package:flutter/src/widgets/framework.dart:5985:11)
#866    Element.rebuild (package:flutter/src/widgets/framework.dart:5532:7)
#867    ComponentElement._firstBuild (package:flutter/src/widgets/framework.dart:5802:5)
#868    StatefulElement._firstBuild (package:flutter/src/widgets/framework.dart:5976:11)
#869    ComponentElement.mount (package:flutter/src/widgets/framework.dart:5796:5)
#870    Element.inflateWidget (package:flutter/src/widgets/framework.dart:4590:20)
#871    Element.updateChild (package:flutter/src/widgets/framework.dart:4059:18)
#872    ComponentElement.performRebuild (package:flutter/src/widgets/framework.dart:5844:16)
#873    StatefulElement.performRebuild (package:flutter/src/widgets/framework.dart:5985:11)
#874    Element.rebuild (package:flutter/src/widgets/framework.dart:5532:7)
#875    ComponentElement._firstBuild (package:flutter/src/widgets/framework.dart:5802:5)
#876    StatefulElement._firstBuild (package:flutter/src/widgets/framework.dart:5976:11)
#877    ComponentElement.mount (package:flutter/src/widgets/framework.dart:5796:5)
#878    Element.inflateWidget (package:flutter/src/widgets/framework.dart:4590:20)
#879    Element.updateChild (package:flutter/src/widgets/framework.dart:4059:18)
#880    SingleChildRenderObjectElement.mount (package:flutter/src/widgets/framework.dart:7118:14)
#881    Element.inflateWidget (package:flutter/src/widgets/framework.dart:4590:20)
#882    Element.updateChild (package:flutter/src/widgets/framework.dart:4059:18)
#883    ComponentElement.performRebuild (package:flutter/src/widgets/framework.dart:5844:16)
#884    Element.rebuild (package:flutter/src/widgets/framework.dart:5532:7)
#885    ComponentElement._firstBuild (package:flutter/src/widgets/framework.dart:5802:5)
#886    ComponentElement.mount (package:flutter/src/widgets/framework.dart:5796:5)
#887    Element.inflateWidget (package:flutter/src/widgets/framework.dart:4590:20)
#888    Element.updateChild (package:flutter/src/widgets/framework.dart:4059:18)
#889    ComponentElement.performRebuild (package:flutter/src/widgets/framework.dart:5844:16)
#890    StatefulElement.performRebuild (package:flutter/src/widgets/framework.dart:5985:11)
#891    Element.rebuild (package:flutter/src/widgets/framework.dart:5532:7)
#892    ComponentElement._firstBuild (package:flutter/src/widgets/framework.dart:5802:5)
#893    StatefulElement._firstBuild (package:flutter/src/widgets/framework.dart:5976:11)
#894    ComponentElement.mount (package:flutter/src/widgets/framework.dart:5796:5)
#895    Element.inflateWidget (package:flutter/src/widgets/framework.dart:4590:20)
#896    Element.updateChild (package:flutter/src/widgets/framework.dart:4059:18)
#897    ComponentElement.performRebuild (package:flutter/src/widgets/framework.dart:5844:16)
#898    Element.rebuild (package:flutter/src/widgets/framework.dart:5532:7)
#899    ComponentElement._firstBuild (package:flutter/src/widgets/framework.dart:5802:5)
#900    ComponentElement.mount (package:flutter/src/widgets/framework.dart:5796:5)
#901    Element.inflateWidget (package:flutter/src/widgets/framework.dart:4590:20)
#902    Element.updateChild (package:flutter/src/widgets/framework.dart:4059:18)
#903    ComponentElement.performRebuild (package:flutter/src/widgets/framework.dart:5844:16)
#904    Element.rebuild (package:flutter/src/widgets/framework.dart:5532:7)
#905    ComponentElement._firstBuild (package:flutter/src/widgets/framework.dart:5802:5)
#906    ComponentElement.mount (package:flutter/src/widgets/framework.dart:5796:5)
#907    Element.inflateWidget (package:flutter/src/widgets/framework.dart:4590:20)
#908    Element.updateChild (package:flutter/src/widgets/framework.dart:4059:18)
#909    ComponentElement.performRebuild (package:flutter/src/widgets/framework.dart:5844:16)
#910    StatefulElement.performRebuild (package:flutter/src/widgets/framework.dart:5985:11)
#911    Element.rebuild (package:flutter/src/widgets/framework.dart:5532:7)
#912    ComponentElement._firstBuild (package:flutter/src/widgets/framework.dart:5802:5)
#913    StatefulElement._firstBuild (package:flutter/src/widgets/framework.dart:5976:11)
#914    ComponentElement.mount (package:flutter/src/widgets/framework.dart:5796:5)
#915    Element.inflateWidget (package:flutter/src/widgets/framework.dart:4590:20)
#916    Element.updateChild (package:flutter/src/widgets/framework.dart:4053:20)
#917    ComponentElement.performRebuild (package:flutter/src/widgets/framework.dart:5844:16)
#918    Element.rebuild (package:flutter/src/widgets/framework.dart:5532:7)
#919    ProxyElement.update (package:flutter/src/widgets/framework.dart:6152:5)
#920    _InheritedNotifierElement.update
(package:flutter/src/widgets/inherited_notifier.dart:108:11)
#921    Element.updateChild (package:flutter/src/widgets/framework.dart:4037:15)
#922    ComponentElement.performRebuild (package:flutter/src/widgets/framework.dart:5844:16)
#923    StatefulElement.performRebuild (package:flutter/src/widgets/framework.dart:5985:11)
#924    Element.rebuild (package:flutter/src/widgets/framework.dart:5532:7)
#925    StatefulElement.update (package:flutter/src/widgets/framework.dart:6010:5)
#926    Element.updateChild (package:flutter/src/widgets/framework.dart:4037:15)
#927    ComponentElement.performRebuild (package:flutter/src/widgets/framework.dart:5844:16)
#928    Element.rebuild (package:flutter/src/widgets/framework.dart:5532:7)
#929    ProxyElement.update (package:flutter/src/widgets/framework.dart:6152:5)
#930    _InheritedNotifierElement.update
(package:flutter/src/widgets/inherited_notifier.dart:108:11)
#931    Element.updateChild (package:flutter/src/widgets/framework.dart:4037:15)
#932    ComponentElement.performRebuild (package:flutter/src/widgets/framework.dart:5844:16)
#933    StatefulElement.performRebuild (package:flutter/src/widgets/framework.dart:5985:11)
#934    Element.rebuild (package:flutter/src/widgets/framework.dart:5532:7)
#935    StatefulElement.update (package:flutter/src/widgets/framework.dart:6010:5)
#936    Element.updateChild (package:flutter/src/widgets/framework.dart:4037:15)
#937    ComponentElement.performRebuild (package:flutter/src/widgets/framework.dart:5844:16)
#938    StatefulElement.performRebuild (package:flutter/src/widgets/framework.dart:5985:11)
#939    Element.rebuild (package:flutter/src/widgets/framework.dart:5532:7)
#940    StatefulElement.update (package:flutter/src/widgets/framework.dart:6010:5)
#941    Element.updateChild (package:flutter/src/widgets/framework.dart:4037:15)
#942    ComponentElement.performRebuild (package:flutter/src/widgets/framework.dart:5844:16)
#943    Element.rebuild (package:flutter/src/widgets/framework.dart:5532:7)
#944    ProxyElement.update (package:flutter/src/widgets/framework.dart:6152:5)
#945    Element.updateChild (package:flutter/src/widgets/framework.dart:4037:15)
#946    ComponentElement.performRebuild (package:flutter/src/widgets/framework.dart:5844:16)
#947    StatefulElement.performRebuild (package:flutter/src/widgets/framework.dart:5985:11)
#948    Element.rebuild (package:flutter/src/widgets/framework.dart:5532:7)
#949    StatefulElement.update (package:flutter/src/widgets/framework.dart:6010:5)
#950    Element.updateChild (package:flutter/src/widgets/framework.dart:4037:15)
#951    ComponentElement.performRebuild (package:flutter/src/widgets/framework.dart:5844:16)
#952    Element.rebuild (package:flutter/src/widgets/framework.dart:5532:7)
#953    ProxyElement.update (package:flutter/src/widgets/framework.dart:6152:5)
#954    Element.updateChild (package:flutter/src/widgets/framework.dart:4037:15)
#955    ComponentElement.performRebuild (package:flutter/src/widgets/framework.dart:5844:16)
#956    Element.rebuild (package:flutter/src/widgets/framework.dart:5532:7)
#957    ProxyElement.update (package:flutter/src/widgets/framework.dart:6152:5)
#958    Element.updateChild (package:flutter/src/widgets/framework.dart:4037:15)
#959    _RawViewElement._updateChild (package:flutter/src/widgets/view.dart:481:16)
#960    _RawViewElement.update (package:flutter/src/widgets/view.dart:568:5)
#961    Element.updateChild (package:flutter/src/widgets/framework.dart:4037:15)
#962    ComponentElement.performRebuild (package:flutter/src/widgets/framework.dart:5844:16)
#963    Element.rebuild (package:flutter/src/widgets/framework.dart:5532:7)
#964    StatelessElement.update (package:flutter/src/widgets/framework.dart:5898:5)
#965    Element.updateChild (package:flutter/src/widgets/framework.dart:4037:15)
#966    ComponentElement.performRebuild (package:flutter/src/widgets/framework.dart:5844:16)
#967    StatefulElement.performRebuild (package:flutter/src/widgets/framework.dart:5985:11)
#968    Element.rebuild (package:flutter/src/widgets/framework.dart:5532:7)
#969    StatefulElement.update (package:flutter/src/widgets/framework.dart:6010:5)
#970    Element.updateChild (package:flutter/src/widgets/framework.dart:4037:15)
#971    RootElement._rebuild (package:flutter/src/widgets/binding.dart:1782:16)
#972    RootElement.update (package:flutter/src/widgets/binding.dart:1760:5)
#973    RootElement.performRebuild (package:flutter/src/widgets/binding.dart:1774:7)
#974    Element.rebuild (package:flutter/src/widgets/framework.dart:5532:7)
#975    BuildScope._tryRebuild (package:flutter/src/widgets/framework.dart:2750:15)
#976    BuildScope._flushDirtyElements (package:flutter/src/widgets/framework.dart:2807:11)
#977    BuildOwner.buildScope (package:flutter/src/widgets/framework.dart:3111:18)
#978    AutomatedTestWidgetsFlutterBinding.drawFrame (package:flutter_test/src/binding.dart:1506:19)
#979    RendererBinding._handlePersistentFrameCallback
(package:flutter/src/rendering/binding.dart:495:5)
#980    SchedulerBinding._invokeFrameCallback (package:flutter/src/scheduler/binding.dart:1434:15)
#981    SchedulerBinding.handleDrawFrame (package:flutter/src/scheduler/binding.dart:1347:9)
#982    AutomatedTestWidgetsFlutterBinding.pump.<anonymous closure>
(package:flutter_test/src/binding.dart:1335:9)
#983    _rootRun (dart:async/zone.dart:1525:13)
#984    _CustomZone.run (dart:async/zone.dart:1422:19)
#985    TestAsyncUtils.guard (package:flutter_test/src/test_async_utils.dart:74:41)
#986    AutomatedTestWidgetsFlutterBinding.pump (package:flutter_test/src/binding.dart:1324:27)
#987    WidgetTester.pumpWidget.<anonymous closure>
(package:flutter_test/src/widget_tester.dart:598:22)
#988    _rootRun (dart:async/zone.dart:1525:13)
#989    _CustomZone.run (dart:async/zone.dart:1422:19)
#990    TestAsyncUtils.guard (package:flutter_test/src/test_async_utils.dart:74:41)
#991    WidgetTester.pumpWidget (package:flutter_test/src/widget_tester.dart:595:27)
#992    main.<anonymous closure>
(file:///C:/Users/Tayyub/StudioProjects/qudwa/test/widgets/ayah_card_test.dart:50:18)
#993    testWidgets.<anonymous closure>.<anonymous closure>
(package:flutter_test/src/widget_tester.dart:192:29)
<asynchronous suspension>
#994    TestWidgetsFlutterBinding._runTestBody (package:flutter_test/src/binding.dart:1059:5)
<asynchronous suspension>
#995    StackZoneSpecification._registerCallback.<anonymous closure>
(package:stack_trace/src/stack_zone_specification.dart:114:42)
<asynchronous suspension>

When the exception was thrown, this was the stack:
#0      throwProviderException (package:riverpod/src/common/stack_trace.dart:10:3)
#1      $ResultError.valueOrProviderException (package:riverpod/src/common/result.dart:108:7)
#2      ProviderContainer.read (package:riverpod/src/core/provider_container.dart:914:29)
#3      Ref.read (package:riverpod/src/core/ref.dart:524:30)
#4      AudioControlNotifier.build (package:qudwa/viewmodels/audio_viewmodel.dart:98:30)
#5      Notifier.runBuild (package:riverpod/src/providers/notifier/orphan.dart:70:21)
#6      $ClassProviderElement.create (package:riverpod/src/core/provider/notifier_provider.dart:561:26)
#7      ProviderElement.buildState (package:riverpod/src/core/element.dart:665:28)
#8      ProviderElement.mount (package:riverpod/src/core/element.dart:517:7)
#9      ProviderElement.flush (package:riverpod/src/core/element.dart:620:7)
#10     $ProviderBaseImpl._addListener (package:riverpod/src/core/provider/provider.dart:117:24)
#11     _ProviderSelector._addListener (package:riverpod/src/core/modifiers/select.dart:137:26)
#12     ProviderContainer.listen (package:riverpod/src/core/provider_container.dart:954:26)
#13     ConsumerStatefulElement.watch.<anonymous closure> (package:flutter_riverpod/src/core/consumer.dart:451:37)
#14     _LinkedHashMapMixin.putIfAbsent (dart:_compact_hash:675:23)
#15     ConsumerStatefulElement.watch (package:flutter_riverpod/src/core/consumer.dart:444:14)
#16     _AyahRowState.build (package:qudwa/features/quran/widgets/ayah_card.dart:109:36)
#17     StatefulElement.build (package:flutter/src/widgets/framework.dart:5934:27)
#18     ConsumerStatefulElement.build (package:flutter_riverpod/src/core/consumer.dart:421:20)
#19     ComponentElement.performRebuild (package:flutter/src/widgets/framework.dart:5820:15)
#20     StatefulElement.performRebuild (package:flutter/src/widgets/framework.dart:5985:11)
#21     Element.rebuild (package:flutter/src/widgets/framework.dart:5532:7)
#22     ComponentElement._firstBuild (package:flutter/src/widgets/framework.dart:5802:5)
#23     StatefulElement._firstBuild (package:flutter/src/widgets/framework.dart:5976:11)
#24     ComponentElement.mount (package:flutter/src/widgets/framework.dart:5796:5)
...     Normal element mounting (47 frames)
#71     Element.inflateWidget (package:flutter/src/widgets/framework.dart:4590:20)
#72     MultiChildRenderObjectElement.inflateWidget (package:flutter/src/widgets/framework.dart:7269:36)
#73     MultiChildRenderObjectElement.mount (package:flutter/src/widgets/framework.dart:7285:32)
...     Normal element mounting (364 frames)
#437    Element.inflateWidget (package:flutter/src/widgets/framework.dart:4590:20)
#438    MultiChildRenderObjectElement.inflateWidget (package:flutter/src/widgets/framework.dart:7269:36)
#439    MultiChildRenderObjectElement.mount (package:flutter/src/widgets/framework.dart:7285:32)
...     Normal element mounting (465 frames)
#904    Element.inflateWidget (package:flutter/src/widgets/framework.dart:4590:20)
#905    Element.updateChild (package:flutter/src/widgets/framework.dart:4053:20)
#906    ComponentElement.performRebuild (package:flutter/src/widgets/framework.dart:5844:16)
#907    Element.rebuild (package:flutter/src/widgets/framework.dart:5532:7)
#908    ProxyElement.update (package:flutter/src/widgets/framework.dart:6152:5)
#909    _InheritedNotifierElement.update (package:flutter/src/widgets/inherited_notifier.dart:108:11)
#910    Element.updateChild (package:flutter/src/widgets/framework.dart:4037:15)
#911    ComponentElement.performRebuild (package:flutter/src/widgets/framework.dart:5844:16)
#912    StatefulElement.performRebuild (package:flutter/src/widgets/framework.dart:5985:11)
#913    Element.rebuild (package:flutter/src/widgets/framework.dart:5532:7)
#914    StatefulElement.update (package:flutter/src/widgets/framework.dart:6010:5)
#915    Element.updateChild (package:flutter/src/widgets/framework.dart:4037:15)
#916    ComponentElement.performRebuild (package:flutter/src/widgets/framework.dart:5844:16)
#917    Element.rebuild (package:flutter/src/widgets/framework.dart:5532:7)
#918    ProxyElement.update (package:flutter/src/widgets/framework.dart:6152:5)
#919    _InheritedNotifierElement.update (package:flutter/src/widgets/inherited_notifier.dart:108:11)
#920    Element.updateChild (package:flutter/src/widgets/framework.dart:4037:15)
#921    ComponentElement.performRebuild (package:flutter/src/widgets/framework.dart:5844:16)
#922    StatefulElement.performRebuild (package:flutter/src/widgets/framework.dart:5985:11)
#923    Element.rebuild (package:flutter/src/widgets/framework.dart:5532:7)
#924    StatefulElement.update (package:flutter/src/widgets/framework.dart:6010:5)
#925    Element.updateChild (package:flutter/src/widgets/framework.dart:4037:15)
#926    ComponentElement.performRebuild (package:flutter/src/widgets/framework.dart:5844:16)
#927    StatefulElement.performRebuild (package:flutter/src/widgets/framework.dart:5985:11)
#928    Element.rebuild (package:flutter/src/widgets/framework.dart:5532:7)
#929    StatefulElement.update (package:flutter/src/widgets/framework.dart:6010:5)
#930    Element.updateChild (package:flutter/src/widgets/framework.dart:4037:15)
#931    ComponentElement.performRebuild (package:flutter/src/widgets/framework.dart:5844:16)
#932    Element.rebuild (package:flutter/src/widgets/framework.dart:5532:7)
#933    ProxyElement.update (package:flutter/src/widgets/framework.dart:6152:5)
#934    Element.updateChild (package:flutter/src/widgets/framework.dart:4037:15)
#935    ComponentElement.performRebuild (package:flutter/src/widgets/framework.dart:5844:16)
#936    StatefulElement.performRebuild (package:flutter/src/widgets/framework.dart:5985:11)
#937    Element.rebuild (package:flutter/src/widgets/framework.dart:5532:7)
#938    StatefulElement.update (package:flutter/src/widgets/framework.dart:6010:5)
#939    Element.updateChild (package:flutter/src/widgets/framework.dart:4037:15)
#940    ComponentElement.performRebuild (package:flutter/src/widgets/framework.dart:5844:16)
#941    Element.rebuild (package:flutter/src/widgets/framework.dart:5532:7)
#942    ProxyElement.update (package:flutter/src/widgets/framework.dart:6152:5)
#943    Element.updateChild (package:flutter/src/widgets/framework.dart:4037:15)
#944    ComponentElement.performRebuild (package:flutter/src/widgets/framework.dart:5844:16)
#945    Element.rebuild (package:flutter/src/widgets/framework.dart:5532:7)
#946    ProxyElement.update (package:flutter/src/widgets/framework.dart:6152:5)
#947    Element.updateChild (package:flutter/src/widgets/framework.dart:4037:15)
#948    _RawViewElement._updateChild (package:flutter/src/widgets/view.dart:481:16)
#949    _RawViewElement.update (package:flutter/src/widgets/view.dart:568:5)
#950    Element.updateChild (package:flutter/src/widgets/framework.dart:4037:15)
#951    ComponentElement.performRebuild (package:flutter/src/widgets/framework.dart:5844:16)
#952    Element.rebuild (package:flutter/src/widgets/framework.dart:5532:7)
#953    StatelessElement.update (package:flutter/src/widgets/framework.dart:5898:5)
#954    Element.updateChild (package:flutter/src/widgets/framework.dart:4037:15)
#955    ComponentElement.performRebuild (package:flutter/src/widgets/framework.dart:5844:16)
#956    StatefulElement.performRebuild (package:flutter/src/widgets/framework.dart:5985:11)
#957    Element.rebuild (package:flutter/src/widgets/framework.dart:5532:7)
#958    StatefulElement.update (package:flutter/src/widgets/framework.dart:6010:5)
#959    Element.updateChild (package:flutter/src/widgets/framework.dart:4037:15)
#960    RootElement._rebuild (package:flutter/src/widgets/binding.dart:1782:16)
#961    RootElement.update (package:flutter/src/widgets/binding.dart:1760:5)
#962    RootElement.performRebuild (package:flutter/src/widgets/binding.dart:1774:7)
#963    Element.rebuild (package:flutter/src/widgets/framework.dart:5532:7)
#964    BuildScope._tryRebuild (package:flutter/src/widgets/framework.dart:2750:15)
#965    BuildScope._flushDirtyElements (package:flutter/src/widgets/framework.dart:2807:11)
#966    BuildOwner.buildScope (package:flutter/src/widgets/framework.dart:3111:18)
#967    AutomatedTestWidgetsFlutterBinding.drawFrame (package:flutter_test/src/binding.dart:1506:19)
#968    RendererBinding._handlePersistentFrameCallback (package:flutter/src/rendering/binding.dart:495:5)
#969    SchedulerBinding._invokeFrameCallback (package:flutter/src/scheduler/binding.dart:1434:15)
#970    SchedulerBinding.handleDrawFrame (package:flutter/src/scheduler/binding.dart:1347:9)
#971    AutomatedTestWidgetsFlutterBinding.pump.<anonymous closure> (package:flutter_test/src/binding.dart:1335:9)
#974    TestAsyncUtils.guard (package:flutter_test/src/test_async_utils.dart:74:41)
#975    AutomatedTestWidgetsFlutterBinding.pump (package:flutter_test/src/binding.dart:1324:27)
#976    WidgetTester.pumpWidget.<anonymous closure> (package:flutter_test/src/widget_tester.dart:598:22)
#979    TestAsyncUtils.guard (package:flutter_test/src/test_async_utils.dart:74:41)
#980    WidgetTester.pumpWidget (package:flutter_test/src/widget_tester.dart:595:27)
#981    main.<anonymous closure> (file:///C:/Users/Tayyub/StudioProjects/qudwa/test/widgets/ayah_card_test.dart:50:18)
#982    testWidgets.<anonymous closure>.<anonymous closure> (package:flutter_test/src/widget_tester.dart:192:29)
<asynchronous suspension>
#983    TestWidgetsFlutterBinding._runTestBody (package:flutter_test/src/binding.dart:1059:5)
<asynchronous suspension>
<asynchronous suspension>
(elided 5 frames from dart:async and package:stack_trace)
ΓòÉΓòÉΓòÉΓòÉΓòÉΓòÉΓòÉΓòÉΓòÉΓòÉΓòÉΓòÉΓòÉΓòÉΓòÉΓòÉΓòÉΓòÉΓòÉΓòÉΓòÉΓòÉΓòÉΓòÉΓòÉΓòÉΓòÉΓòÉΓòÉΓòÉΓòÉΓòÉΓòÉΓòÉΓòÉΓòÉΓòÉΓòÉΓòÉΓòÉΓòÉΓòÉΓòÉΓòÉΓòÉΓòÉΓòÉΓòÉΓòÉΓòÉΓòÉΓòÉΓòÉΓòÉΓòÉΓòÉΓòÉΓòÉΓòÉΓòÉΓòÉΓòÉΓòÉΓòÉΓòÉΓòÉΓòÉΓòÉΓòÉΓòÉΓòÉΓòÉΓòÉΓòÉΓòÉΓòÉΓòÉΓòÉΓòÉΓòÉΓòÉΓòÉΓòÉΓòÉΓòÉΓòÉΓòÉΓòÉΓòÉΓòÉΓòÉΓòÉΓòÉΓòÉΓòÉΓòÉΓòÉΓòÉΓòÉΓòÉ
  Test failed. See exception logs above.
  The test description was: AyahRow should display Arabic text
  
ΓòÉΓòÉΓòí EXCEPTION CAUGHT BY FLUTTER TEST FRAMEWORK Γò₧ΓòÉΓòÉΓòÉΓòÉΓòÉΓòÉΓòÉΓòÉΓòÉΓòÉΓòÉΓòÉΓòÉΓòÉΓòÉΓòÉΓòÉΓòÉΓòÉΓòÉΓòÉΓòÉΓòÉΓòÉΓòÉΓòÉΓòÉΓòÉΓòÉΓòÉΓòÉΓòÉΓòÉΓòÉΓòÉΓòÉΓòÉΓòÉΓòÉΓòÉΓòÉΓòÉΓòÉΓòÉΓòÉΓòÉΓòÉΓòÉΓòÉΓòÉΓòÉΓòÉ
The following ProviderException was thrown running a test (but after the test had completed):
Tried to use a provider that is in error state.

A provider threw the following exception:
UnimplementedError

The stack trace of the exception:
#0      sharedPreferencesProvider.<anonymous closure>
(package:qudwa/data/repositories/quran_repository.dart:110:42)
#1      Provider.create (package:riverpod/src/providers/provider.dart:59:36)
#2      $ProviderElement.create (package:riverpod/src/providers/provider.dart:343:32)
#3      ProviderElement.buildState (package:riverpod/src/core/element.dart:665:28)
#4      ProviderElement.mount (package:riverpod/src/core/element.dart:517:7)
#5      ProviderElement.flush (package:riverpod/src/core/element.dart:620:7)
#6      $ProviderBaseImpl._addListener (package:riverpod/src/core/provider/provider.dart:117:24)
#7      ProviderContainer.listen (package:riverpod/src/core/provider_container.dart:954:26)
#8      ProviderContainer.read (package:riverpod/src/core/provider_container.dart:911:17)
#9      Ref.read (package:riverpod/src/core/ref.dart:524:30)
#10     AppConfigViewModel._prefs (package:qudwa/viewmodels/settings_viewmodel.dart:159:39)
#11     AppConfigViewModel.build (package:qudwa/viewmodels/settings_viewmodel.dart:163:15)
#12     Notifier.runBuild (package:riverpod/src/providers/notifier/orphan.dart:70:21)
#13     $ClassProviderElement.create
(package:riverpod/src/core/provider/notifier_provider.dart:561:26)
#14     ProviderElement.buildState (package:riverpod/src/core/element.dart:665:28)
#15     ProviderElement.mount (package:riverpod/src/core/element.dart:517:7)
#16     ProviderElement.flush (package:riverpod/src/core/element.dart:620:7)
#17     $ProviderBaseImpl._addListener (package:riverpod/src/core/provider/provider.dart:117:24)
#18     _ProviderSelector._addListener (package:riverpod/src/core/modifiers/select.dart:137:26)
#19     ProviderElement.listen (package:riverpod/src/core/element.dart:901:28)
#20     Ref.listen (package:riverpod/src/core/ref.dart:681:21)
#21     AudioControlNotifier.build (package:qudwa/viewmodels/audio_viewmodel.dart:90:9)
#22     Notifier.runBuild (package:riverpod/src/providers/notifier/orphan.dart:70:21)
#23     $ClassProviderElement.create
(package:riverpod/src/core/provider/notifier_provider.dart:561:26)
#24     ProviderElement.buildState (package:riverpod/src/core/element.dart:665:28)
#25     ProviderElement.mount (package:riverpod/src/core/element.dart:517:7)
#26     ProviderElement.flush (package:riverpod/src/core/element.dart:620:7)
#27     $ProviderBaseImpl._addListener (package:riverpod/src/core/provider/provider.dart:117:24)
#28     _ProviderSelector._addListener (package:riverpod/src/core/modifiers/select.dart:137:26)
#29     ProviderContainer.listen (package:riverpod/src/core/provider_container.dart:954:26)
#30     ConsumerStatefulElement.watch.<anonymous closure>
(package:flutter_riverpod/src/core/consumer.dart:451:37)
#31     _LinkedHashMapMixin.putIfAbsent (dart:_compact_hash:675:23)
#32     ConsumerStatefulElement.watch (package:flutter_riverpod/src/core/consumer.dart:444:14)
#33     _AyahRowState.build (package:qudwa/features/quran/widgets/ayah_card.dart:109:36)
#34     StatefulElement.build (package:flutter/src/widgets/framework.dart:5934:27)
#35     ConsumerStatefulElement.build (package:flutter_riverpod/src/core/consumer.dart:421:20)
#36     ComponentElement.performRebuild (package:flutter/src/widgets/framework.dart:5820:15)
#37     StatefulElement.performRebuild (package:flutter/src/widgets/framework.dart:5985:11)
#38     Element.rebuild (package:flutter/src/widgets/framework.dart:5532:7)
#39     ComponentElement._firstBuild (package:flutter/src/widgets/framework.dart:5802:5)
#40     StatefulElement._firstBuild (package:flutter/src/widgets/framework.dart:5976:11)
#41     ComponentElement.mount (package:flutter/src/widgets/framework.dart:5796:5)
#42     Element.inflateWidget (package:flutter/src/widgets/framework.dart:4590:20)
#43     Element.updateChild (package:flutter/src/widgets/framework.dart:4059:18)
#44     ComponentElement.performRebuild (package:flutter/src/widgets/framework.dart:5844:16)
#45     Element.rebuild (package:flutter/src/widgets/framework.dart:5532:7)
#46     ComponentElement._firstBuild (package:flutter/src/widgets/framework.dart:5802:5)
#47     ComponentElement.mount (package:flutter/src/widgets/framework.dart:5796:5)
#48     Element.inflateWidget (package:flutter/src/widgets/framework.dart:4590:20)
#49     Element.updateChild (package:flutter/src/widgets/framework.dart:4059:18)
#50     ComponentElement.performRebuild (package:flutter/src/widgets/framework.dart:5844:16)
#51     StatefulElement.performRebuild (package:flutter/src/widgets/framework.dart:5985:11)
#52     Element.rebuild (package:flutter/src/widgets/framework.dart:5532:7)
#53     ComponentElement._firstBuild (package:flutter/src/widgets/framework.dart:5802:5)
#54     StatefulElement._firstBuild (package:flutter/src/widgets/framework.dart:5976:11)
#55     ComponentElement.mount (package:flutter/src/widgets/framework.dart:5796:5)
#56     Element.inflateWidget (package:flutter/src/widgets/framework.dart:4590:20)
#57     Element.updateChild (package:flutter/src/widgets/framework.dart:4059:18)
#58     ComponentElement.performRebuild (package:flutter/src/widgets/framework.dart:5844:16)
#59     StatefulElement.performRebuild (package:flutter/src/widgets/framework.dart:5985:11)
#60     Element.rebuild (package:flutter/src/widgets/framework.dart:5532:7)
#61     ComponentElement._firstBuild (package:flutter/src/widgets/framework.dart:5802:5)
#62     StatefulElement._firstBuild (package:flutter/src/widgets/framework.dart:5976:11)
#63     ComponentElement.mount (package:flutter/src/widgets/framework.dart:5796:5)
#64     Element.inflateWidget (package:flutter/src/widgets/framework.dart:4590:20)
#65     Element.updateChild (package:flutter/src/widgets/framework.dart:4059:18)
#66     ComponentElement.performRebuild (package:flutter/src/widgets/framework.dart:5844:16)
#67     Element.rebuild (package:flutter/src/widgets/framework.dart:5532:7)
#68     ComponentElement._firstBuild (package:flutter/src/widgets/framework.dart:5802:5)
#69     ComponentElement.mount (package:flutter/src/widgets/framework.dart:5796:5)
#70     Element.inflateWidget (package:flutter/src/widgets/framework.dart:4590:20)
#71     Element.updateChild (package:flutter/src/widgets/framework.dart:4059:18)
#72     ComponentElement.performRebuild (package:flutter/src/widgets/framework.dart:5844:16)
#73     Element.rebuild (package:flutter/src/widgets/framework.dart:5532:7)
#74     ComponentElement._firstBuild (package:flutter/src/widgets/framework.dart:5802:5)
#75     ComponentElement.mount (package:flutter/src/widgets/framework.dart:5796:5)
#76     Element.inflateWidget (package:flutter/src/widgets/framework.dart:4590:20)
#77     Element.updateChild (package:flutter/src/widgets/framework.dart:4059:18)
#78     ComponentElement.performRebuild (package:flutter/src/widgets/framework.dart:5844:16)
#79     Element.rebuild (package:flutter/src/widgets/framework.dart:5532:7)
#80     ComponentElement._firstBuild (package:flutter/src/widgets/framework.dart:5802:5)
#81     ComponentElement.mount (package:flutter/src/widgets/framework.dart:5796:5)
#82     Element.inflateWidget (package:flutter/src/widgets/framework.dart:4590:20)
#83     Element.updateChild (package:flutter/src/widgets/framework.dart:4059:18)
#84     ComponentElement.performRebuild (package:flutter/src/widgets/framework.dart:5844:16)
#85     Element.rebuild (package:flutter/src/widgets/framework.dart:5532:7)
#86     ComponentElement._firstBuild (package:flutter/src/widgets/framework.dart:5802:5)
#87     ComponentElement.mount (package:flutter/src/widgets/framework.dart:5796:5)
#88     Element.inflateWidget (package:flutter/src/widgets/framework.dart:4590:20)
#89     MultiChildRenderObjectElement.inflateWidget
(package:flutter/src/widgets/framework.dart:7269:36)
#90     MultiChildRenderObjectElement.mount (package:flutter/src/widgets/framework.dart:7285:32)
#91     Element.inflateWidget (package:flutter/src/widgets/framework.dart:4590:20)
#92     Element.updateChild (package:flutter/src/widgets/framework.dart:4059:18)
#93     ComponentElement.performRebuild (package:flutter/src/widgets/framework.dart:5844:16)
#94     Element.rebuild (package:flutter/src/widgets/framework.dart:5532:7)
#95     ComponentElement._firstBuild (package:flutter/src/widgets/framework.dart:5802:5)
#96     ComponentElement.mount (package:flutter/src/widgets/framework.dart:5796:5)
#97     Element.inflateWidget (package:flutter/src/widgets/framework.dart:4590:20)
#98     Element.updateChild (package:flutter/src/widgets/framework.dart:4059:18)
#99     ComponentElement.performRebuild (package:flutter/src/widgets/framework.dart:5844:16)
#100    StatefulElement.performRebuild (package:flutter/src/widgets/framework.dart:5985:11)
#101    Element.rebuild (package:flutter/src/widgets/framework.dart:5532:7)
#102    ComponentElement._firstBuild (package:flutter/src/widgets/framework.dart:5802:5)
#103    StatefulElement._firstBuild (package:flutter/src/widgets/framework.dart:5976:11)
#104    ComponentElement.mount (package:flutter/src/widgets/framework.dart:5796:5)
#105    Element.inflateWidget (package:flutter/src/widgets/framework.dart:4590:20)
#106    Element.updateChild (package:flutter/src/widgets/framework.dart:4059:18)
#107    ComponentElement.performRebuild (package:flutter/src/widgets/framework.dart:5844:16)
#108    StatefulElement.performRebuild (package:flutter/src/widgets/framework.dart:5985:11)
#109    Element.rebuild (package:flutter/src/widgets/framework.dart:5532:7)
#110    ComponentElement._firstBuild (package:flutter/src/widgets/framework.dart:5802:5)
#111    StatefulElement._firstBuild (package:flutter/src/widgets/framework.dart:5976:11)
#112    ComponentElement.mount (package:flutter/src/widgets/framework.dart:5796:5)
#113    Element.inflateWidget (package:flutter/src/widgets/framework.dart:4590:20)
#114    Element.updateChild (package:flutter/src/widgets/framework.dart:4059:18)
#115    ComponentElement.performRebuild (package:flutter/src/widgets/framework.dart:5844:16)
#116    Element.rebuild (package:flutter/src/widgets/framework.dart:5532:7)
#117    ComponentElement._firstBuild (package:flutter/src/widgets/framework.dart:5802:5)
#118    ComponentElement.mount (package:flutter/src/widgets/framework.dart:5796:5)
#119    Element.inflateWidget (package:flutter/src/widgets/framework.dart:4590:20)
#120    Element.updateChild (package:flutter/src/widgets/framework.dart:4059:18)
#121    ComponentElement.performRebuild (package:flutter/src/widgets/framework.dart:5844:16)
#122    StatefulElement.performRebuild (package:flutter/src/widgets/framework.dart:5985:11)
#123    Element.rebuild (package:flutter/src/widgets/framework.dart:5532:7)
#124    ComponentElement._firstBuild (package:flutter/src/widgets/framework.dart:5802:5)
#125    StatefulElement._firstBuild (package:flutter/src/widgets/framework.dart:5976:11)
#126    ComponentElement.mount (package:flutter/src/widgets/framework.dart:5796:5)
#127    Element.inflateWidget (package:flutter/src/widgets/framework.dart:4590:20)
#128    Element.updateChild (package:flutter/src/widgets/framework.dart:4059:18)
#129    SingleChildRenderObjectElement.mount (package:flutter/src/widgets/framework.dart:7118:14)
#130    Element.inflateWidget (package:flutter/src/widgets/framework.dart:4590:20)
#131    Element.updateChild (package:flutter/src/widgets/framework.dart:4059:18)
#132    ComponentElement.performRebuild (package:flutter/src/widgets/framework.dart:5844:16)
#133    Element.rebuild (package:flutter/src/widgets/framework.dart:5532:7)
#134    ComponentElement._firstBuild (package:flutter/src/widgets/framework.dart:5802:5)
#135    ComponentElement.mount (package:flutter/src/widgets/framework.dart:5796:5)
#136    Element.inflateWidget (package:flutter/src/widgets/framework.dart:4590:20)
#137    Element.updateChild (package:flutter/src/widgets/framework.dart:4059:18)
#138    SingleChildRenderObjectElement.mount (package:flutter/src/widgets/framework.dart:7118:14)
#139    Element.inflateWidget (package:flutter/src/widgets/framework.dart:4590:20)
#140    Element.updateChild (package:flutter/src/widgets/framework.dart:4059:18)
#141    ComponentElement.performRebuild (package:flutter/src/widgets/framework.dart:5844:16)
#142    StatefulElement.performRebuild (package:flutter/src/widgets/framework.dart:5985:11)
#143    Element.rebuild (package:flutter/src/widgets/framework.dart:5532:7)
#144    ComponentElement._firstBuild (package:flutter/src/widgets/framework.dart:5802:5)
#145    StatefulElement._firstBuild (package:flutter/src/widgets/framework.dart:5976:11)
#146    ComponentElement.mount (package:flutter/src/widgets/framework.dart:5796:5)
#147    Element.inflateWidget (package:flutter/src/widgets/framework.dart:4590:20)
#148    Element.updateChild (package:flutter/src/widgets/framework.dart:4059:18)
#149    ComponentElement.performRebuild (package:flutter/src/widgets/framework.dart:5844:16)
#150    StatefulElement.performRebuild (package:flutter/src/widgets/framework.dart:5985:11)
#151    Element.rebuild (package:flutter/src/widgets/framework.dart:5532:7)
#152    ComponentElement._firstBuild (package:flutter/src/widgets/framework.dart:5802:5)
#153    StatefulElement._firstBuild (package:flutter/src/widgets/framework.dart:5976:11)
#154    ComponentElement.mount (package:flutter/src/widgets/framework.dart:5796:5)
#155    Element.inflateWidget (package:flutter/src/widgets/framework.dart:4590:20)
#156    Element.updateChild (package:flutter/src/widgets/framework.dart:4059:18)
#157    ComponentElement.performRebuild (package:flutter/src/widgets/framework.dart:5844:16)
#158    Element.rebuild (package:flutter/src/widgets/framework.dart:5532:7)
#159    ComponentElement._firstBuild (package:flutter/src/widgets/framework.dart:5802:5)
#160    ComponentElement.mount (package:flutter/src/widgets/framework.dart:5796:5)
#161    Element.inflateWidget (package:flutter/src/widgets/framework.dart:4590:20)
#162    Element.updateChild (package:flutter/src/widgets/framework.dart:4059:18)
#163    ComponentElement.performRebuild (package:flutter/src/widgets/framework.dart:5844:16)
#164    Element.rebuild (package:flutter/src/widgets/framework.dart:5532:7)
#165    ComponentElement._firstBuild (package:flutter/src/widgets/framework.dart:5802:5)
#166    ComponentElement.mount (package:flutter/src/widgets/framework.dart:5796:5)
#167    Element.inflateWidget (package:flutter/src/widgets/framework.dart:4590:20)
#168    Element.updateChild (package:flutter/src/widgets/framework.dart:4059:18)
#169    ComponentElement.performRebuild (package:flutter/src/widgets/framework.dart:5844:16)
#170    Element.rebuild (package:flutter/src/widgets/framework.dart:5532:7)
#171    ComponentElement._firstBuild (package:flutter/src/widgets/framework.dart:5802:5)
#172    ComponentElement.mount (package:flutter/src/widgets/framework.dart:5796:5)
#173    Element.inflateWidget (package:flutter/src/widgets/framework.dart:4590:20)
#174    Element.updateChild (package:flutter/src/widgets/framework.dart:4059:18)
#175    ComponentElement.performRebuild (package:flutter/src/widgets/framework.dart:5844:16)
#176    StatefulElement.performRebuild (package:flutter/src/widgets/framework.dart:5985:11)
#177    Element.rebuild (package:flutter/src/widgets/framework.dart:5532:7)
#178    ComponentElement._firstBuild (package:flutter/src/widgets/framework.dart:5802:5)
#179    StatefulElement._firstBuild (package:flutter/src/widgets/framework.dart:5976:11)
#180    ComponentElement.mount (package:flutter/src/widgets/framework.dart:5796:5)
#181    Element.inflateWidget (package:flutter/src/widgets/framework.dart:4590:20)
#182    Element.updateChild (package:flutter/src/widgets/framework.dart:4059:18)
#183    ComponentElement.performRebuild (package:flutter/src/widgets/framework.dart:5844:16)
#184    Element.rebuild (package:flutter/src/widgets/framework.dart:5532:7)
#185    ComponentElement._firstBuild (package:flutter/src/widgets/framework.dart:5802:5)
#186    ComponentElement.mount (package:flutter/src/widgets/framework.dart:5796:5)
#187    Element.inflateWidget (package:flutter/src/widgets/framework.dart:4590:20)
#188    Element.updateChild (package:flutter/src/widgets/framework.dart:4059:18)
#189    ComponentElement.performRebuild (package:flutter/src/widgets/framework.dart:5844:16)
#190    StatefulElement.performRebuild (package:flutter/src/widgets/framework.dart:5985:11)
#191    Element.rebuild (package:flutter/src/widgets/framework.dart:5532:7)
#192    ComponentElement._firstBuild (package:flutter/src/widgets/framework.dart:5802:5)
#193    StatefulElement._firstBuild (package:flutter/src/widgets/framework.dart:5976:11)
#194    ComponentElement.mount (package:flutter/src/widgets/framework.dart:5796:5)
#195    Element.inflateWidget (package:flutter/src/widgets/framework.dart:4590:20)
#196    Element.updateChild (package:flutter/src/widgets/framework.dart:4059:18)
#197    SingleChildRenderObjectElement.mount (package:flutter/src/widgets/framework.dart:7118:14)
#198    Element.inflateWidget (package:flutter/src/widgets/framework.dart:4590:20)
#199    Element.updateChild (package:flutter/src/widgets/framework.dart:4059:18)
#200    ComponentElement.performRebuild (package:flutter/src/widgets/framework.dart:5844:16)
#201    Element.rebuild (package:flutter/src/widgets/framework.dart:5532:7)
#202    ComponentElement._firstBuild (package:flutter/src/widgets/framework.dart:5802:5)
#203    ComponentElement.mount (package:flutter/src/widgets/framework.dart:5796:5)
#204    Element.inflateWidget (package:flutter/src/widgets/framework.dart:4590:20)
#205    Element.updateChild (package:flutter/src/widgets/framework.dart:4059:18)
#206    SingleChildRenderObjectElement.mount (package:flutter/src/widgets/framework.dart:7118:14)
#207    Element.inflateWidget (package:flutter/src/widgets/framework.dart:4590:20)
#208    Element.updateChild (package:flutter/src/widgets/framework.dart:4059:18)
#209    SingleChildRenderObjectElement.mount (package:flutter/src/widgets/framework.dart:7118:14)
#210    Element.inflateWidget (package:flutter/src/widgets/framework.dart:4590:20)
#211    Element.updateChild (package:flutter/src/widgets/framework.dart:4059:18)
#212    ComponentElement.performRebuild (package:flutter/src/widgets/framework.dart:5844:16)
#213    StatefulElement.performRebuild (package:flutter/src/widgets/framework.dart:5985:11)
#214    Element.rebuild (package:flutter/src/widgets/framework.dart:5532:7)
#215    ComponentElement._firstBuild (package:flutter/src/widgets/framework.dart:5802:5)
#216    StatefulElement._firstBuild (package:flutter/src/widgets/framework.dart:5976:11)
#217    ComponentElement.mount (package:flutter/src/widgets/framework.dart:5796:5)
#218    Element.inflateWidget (package:flutter/src/widgets/framework.dart:4590:20)
#219    Element.updateChild (package:flutter/src/widgets/framework.dart:4059:18)
#220    SingleChildRenderObjectElement.mount (package:flutter/src/widgets/framework.dart:7118:14)
#221    Element.inflateWidget (package:flutter/src/widgets/framework.dart:4590:20)
#222    Element.updateChild (package:flutter/src/widgets/framework.dart:4059:18)
#223    ComponentElement.performRebuild (package:flutter/src/widgets/framework.dart:5844:16)
#224    StatefulElement.performRebuild (package:flutter/src/widgets/framework.dart:5985:11)
#225    Element.rebuild (package:flutter/src/widgets/framework.dart:5532:7)
#226    ComponentElement._firstBuild (package:flutter/src/widgets/framework.dart:5802:5)
#227    StatefulElement._firstBuild (package:flutter/src/widgets/framework.dart:5976:11)
#228    ComponentElement.mount (package:flutter/src/widgets/framework.dart:5796:5)
#229    Element.inflateWidget (package:flutter/src/widgets/framework.dart:4590:20)
#230    Element.updateChild (package:flutter/src/widgets/framework.dart:4059:18)
#231    SingleChildRenderObjectElement.mount (package:flutter/src/widgets/framework.dart:7118:14)
#232    Element.inflateWidget (package:flutter/src/widgets/framework.dart:4590:20)
#233    Element.updateChild (package:flutter/src/widgets/framework.dart:4059:18)
#234    SingleChildRenderObjectElement.mount (package:flutter/src/widgets/framework.dart:7118:14)
#235    Element.inflateWidget (package:flutter/src/widgets/framework.dart:4590:20)
#236    Element.updateChild (package:flutter/src/widgets/framework.dart:4059:18)
#237    ComponentElement.performRebuild (package:flutter/src/widgets/framework.dart:5844:16)
#238    StatefulElement.performRebuild (package:flutter/src/widgets/framework.dart:5985:11)
#239    Element.rebuild (package:flutter/src/widgets/framework.dart:5532:7)
#240    ComponentElement._firstBuild (package:flutter/src/widgets/framework.dart:5802:5)
#241    StatefulElement._firstBuild (package:flutter/src/widgets/framework.dart:5976:11)
#242    ComponentElement.mount (package:flutter/src/widgets/framework.dart:5796:5)
#243    Element.inflateWidget (package:flutter/src/widgets/framework.dart:4590:20)
#244    Element.updateChild (package:flutter/src/widgets/framework.dart:4059:18)
#245    SingleChildRenderObjectElement.mount (package:flutter/src/widgets/framework.dart:7118:14)
#246    Element.inflateWidget (package:flutter/src/widgets/framework.dart:4590:20)
#247    Element.updateChild (package:flutter/src/widgets/framework.dart:4059:18)
#248    ComponentElement.performRebuild (package:flutter/src/widgets/framework.dart:5844:16)
#249    StatefulElement.performRebuild (package:flutter/src/widgets/framework.dart:5985:11)
#250    Element.rebuild (package:flutter/src/widgets/framework.dart:5532:7)
#251    ComponentElement._firstBuild (package:flutter/src/widgets/framework.dart:5802:5)
#252    StatefulElement._firstBuild (package:flutter/src/widgets/framework.dart:5976:11)
#253    ComponentElement.mount (package:flutter/src/widgets/framework.dart:5796:5)
#254    Element.inflateWidget (package:flutter/src/widgets/framework.dart:4590:20)
#255    Element.updateChild (package:flutter/src/widgets/framework.dart:4059:18)
#256    SingleChildRenderObjectElement.mount (package:flutter/src/widgets/framework.dart:7118:14)
#257    Element.inflateWidget (package:flutter/src/widgets/framework.dart:4590:20)
#258    Element.updateChild (package:flutter/src/widgets/framework.dart:4059:18)
#259    SingleChildRenderObjectElement.mount (package:flutter/src/widgets/framework.dart:7118:14)
#260    Element.inflateWidget (package:flutter/src/widgets/framework.dart:4590:20)
#261    Element.updateChild (package:flutter/src/widgets/framework.dart:4059:18)
#262    ComponentElement.performRebuild (package:flutter/src/widgets/framework.dart:5844:16)
#263    StatefulElement.performRebuild (package:flutter/src/widgets/framework.dart:5985:11)
#264    Element.rebuild (package:flutter/src/widgets/framework.dart:5532:7)
#265    ComponentElement._firstBuild (package:flutter/src/widgets/framework.dart:5802:5)
#266    StatefulElement._firstBuild (package:flutter/src/widgets/framework.dart:5976:11)
#267    ComponentElement.mount (package:flutter/src/widgets/framework.dart:5796:5)
#268    Element.inflateWidget (package:flutter/src/widgets/framework.dart:4590:20)
#269    Element.updateChild (package:flutter/src/widgets/framework.dart:4059:18)
#270    SingleChildRenderObjectElement.mount (package:flutter/src/widgets/framework.dart:7118:14)
#271    Element.inflateWidget (package:flutter/src/widgets/framework.dart:4590:20)
#272    Element.updateChild (package:flutter/src/widgets/framework.dart:4059:18)
#273    SingleChildRenderObjectElement.mount (package:flutter/src/widgets/framework.dart:7118:14)
#274    Element.inflateWidget (package:flutter/src/widgets/framework.dart:4590:20)
#275    Element.updateChild (package:flutter/src/widgets/framework.dart:4059:18)
#276    SingleChildRenderObjectElement.mount (package:flutter/src/widgets/framework.dart:7118:14)
#277    Element.inflateWidget (package:flutter/src/widgets/framework.dart:4590:20)
#278    Element.updateChild (package:flutter/src/widgets/framework.dart:4059:18)
#279    ComponentElement.performRebuild (package:flutter/src/widgets/framework.dart:5844:16)
#280    StatefulElement.performRebuild (package:flutter/src/widgets/framework.dart:5985:11)
#281    Element.rebuild (package:flutter/src/widgets/framework.dart:5532:7)
#282    ComponentElement._firstBuild (package:flutter/src/widgets/framework.dart:5802:5)
#283    StatefulElement._firstBuild (package:flutter/src/widgets/framework.dart:5976:11)
#284    ComponentElement.mount (package:flutter/src/widgets/framework.dart:5796:5)
#285    Element.inflateWidget (package:flutter/src/widgets/framework.dart:4590:20)
#286    Element.updateChild (package:flutter/src/widgets/framework.dart:4059:18)
#287    SingleChildRenderObjectElement.mount (package:flutter/src/widgets/framework.dart:7118:14)
#288    Element.inflateWidget (package:flutter/src/widgets/framework.dart:4590:20)
#289    Element.updateChild (package:flutter/src/widgets/framework.dart:4059:18)
#290    ComponentElement.performRebuild (package:flutter/src/widgets/framework.dart:5844:16)
#291    StatefulElement.performRebuild (package:flutter/src/widgets/framework.dart:5985:11)
#292    Element.rebuild (package:flutter/src/widgets/framework.dart:5532:7)
#293    ComponentElement._firstBuild (package:flutter/src/widgets/framework.dart:5802:5)
#294    StatefulElement._firstBuild (package:flutter/src/widgets/framework.dart:5976:11)
#295    ComponentElement.mount (package:flutter/src/widgets/framework.dart:5796:5)
#296    Element.inflateWidget (package:flutter/src/widgets/framework.dart:4590:20)
#297    Element.updateChild (package:flutter/src/widgets/framework.dart:4059:18)
#298    ComponentElement.performRebuild (package:flutter/src/widgets/framework.dart:5844:16)
#299    Element.rebuild (package:flutter/src/widgets/framework.dart:5532:7)
#300    ComponentElement._firstBuild (package:flutter/src/widgets/framework.dart:5802:5)
#301    ComponentElement.mount (package:flutter/src/widgets/framework.dart:5796:5)
#302    Element.inflateWidget (package:flutter/src/widgets/framework.dart:4590:20)
#303    Element.updateChild (package:flutter/src/widgets/framework.dart:4059:18)
#304    ComponentElement.performRebuild (package:flutter/src/widgets/framework.dart:5844:16)
#305    StatefulElement.performRebuild (package:flutter/src/widgets/framework.dart:5985:11)
#306    Element.rebuild (package:flutter/src/widgets/framework.dart:5532:7)
#307    ComponentElement._firstBuild (package:flutter/src/widgets/framework.dart:5802:5)
#308    StatefulElement._firstBuild (package:flutter/src/widgets/framework.dart:5976:11)
#309    ComponentElement.mount (package:flutter/src/widgets/framework.dart:5796:5)
#310    Element.inflateWidget (package:flutter/src/widgets/framework.dart:4590:20)
#311    Element.updateChild (package:flutter/src/widgets/framework.dart:4059:18)
#312    ComponentElement.performRebuild (package:flutter/src/widgets/framework.dart:5844:16)
#313    StatefulElement.performRebuild (package:flutter/src/widgets/framework.dart:5985:11)
#314    Element.rebuild (package:flutter/src/widgets/framework.dart:5532:7)
#315    ComponentElement._firstBuild (package:flutter/src/widgets/framework.dart:5802:5)
#316    StatefulElement._firstBuild (package:flutter/src/widgets/framework.dart:5976:11)
#317    ComponentElement.mount (package:flutter/src/widgets/framework.dart:5796:5)
#318    Element.inflateWidget (package:flutter/src/widgets/framework.dart:4590:20)
#319    Element.updateChild (package:flutter/src/widgets/framework.dart:4059:18)
#320    ComponentElement.performRebuild (package:flutter/src/widgets/framework.dart:5844:16)
#321    StatefulElement.performRebuild (package:flutter/src/widgets/framework.dart:5985:11)
#322    Element.rebuild (package:flutter/src/widgets/framework.dart:5532:7)
#323    ComponentElement._firstBuild (package:flutter/src/widgets/framework.dart:5802:5)
#324    StatefulElement._firstBuild (package:flutter/src/widgets/framework.dart:5976:11)
#325    ComponentElement.mount (package:flutter/src/widgets/framework.dart:5796:5)
#326    Element.inflateWidget (package:flutter/src/widgets/framework.dart:4590:20)
#327    Element.updateChild (package:flutter/src/widgets/framework.dart:4059:18)
#328    SingleChildRenderObjectElement.mount (package:flutter/src/widgets/framework.dart:7118:14)
#329    Element.inflateWidget (package:flutter/src/widgets/framework.dart:4590:20)
#330    Element.updateChild (package:flutter/src/widgets/framework.dart:4059:18)
#331    ComponentElement.performRebuild (package:flutter/src/widgets/framework.dart:5844:16)
#332    Element.rebuild (package:flutter/src/widgets/framework.dart:5532:7)
#333    ComponentElement._firstBuild (package:flutter/src/widgets/framework.dart:5802:5)
#334    ComponentElement.mount (package:flutter/src/widgets/framework.dart:5796:5)
#335    Element.inflateWidget (package:flutter/src/widgets/framework.dart:4590:20)
#336    Element.updateChild (package:flutter/src/widgets/framework.dart:4059:18)
#337    SingleChildRenderObjectElement.mount (package:flutter/src/widgets/framework.dart:7118:14)
#338    Element.inflateWidget (package:flutter/src/widgets/framework.dart:4590:20)
#339    Element.updateChild (package:flutter/src/widgets/framework.dart:4059:18)
#340    ComponentElement.performRebuild (package:flutter/src/widgets/framework.dart:5844:16)
#341    StatefulElement.performRebuild (package:flutter/src/widgets/framework.dart:5985:11)
#342    Element.rebuild (package:flutter/src/widgets/framework.dart:5532:7)
#343    ComponentElement._firstBuild (package:flutter/src/widgets/framework.dart:5802:5)
#344    StatefulElement._firstBuild (package:flutter/src/widgets/framework.dart:5976:11)
#345    ComponentElement.mount (package:flutter/src/widgets/framework.dart:5796:5)
#346    Element.inflateWidget (package:flutter/src/widgets/framework.dart:4590:20)
#347    Element.updateChild (package:flutter/src/widgets/framework.dart:4059:18)
#348    ComponentElement.performRebuild (package:flutter/src/widgets/framework.dart:5844:16)
#349    Element.rebuild (package:flutter/src/widgets/framework.dart:5532:7)
#350    ComponentElement._firstBuild (package:flutter/src/widgets/framework.dart:5802:5)
#351    ComponentElement.mount (package:flutter/src/widgets/framework.dart:5796:5)
#352    Element.inflateWidget (package:flutter/src/widgets/framework.dart:4590:20)
#353    Element.updateChild (package:flutter/src/widgets/framework.dart:4059:18)
#354    ComponentElement.performRebuild (package:flutter/src/widgets/framework.dart:5844:16)
#355    Element.rebuild (package:flutter/src/widgets/framework.dart:5532:7)
#356    ComponentElement._firstBuild (package:flutter/src/widgets/framework.dart:5802:5)
#357    ComponentElement.mount (package:flutter/src/widgets/framework.dart:5796:5)
#358    Element.inflateWidget (package:flutter/src/widgets/framework.dart:4590:20)
#359    Element.updateChild (package:flutter/src/widgets/framework.dart:4059:18)
#360    ComponentElement.performRebuild (package:flutter/src/widgets/framework.dart:5844:16)
#361    StatefulElement.performRebuild (package:flutter/src/widgets/framework.dart:5985:11)
#362    Element.rebuild (package:flutter/src/widgets/framework.dart:5532:7)
#363    ComponentElement._firstBuild (package:flutter/src/widgets/framework.dart:5802:5)
#364    StatefulElement._firstBuild (package:flutter/src/widgets/framework.dart:5976:11)
#365    ComponentElement.mount (package:flutter/src/widgets/framework.dart:5796:5)
#366    Element.inflateWidget (package:flutter/src/widgets/framework.dart:4590:20)
#367    Element.updateChild (package:flutter/src/widgets/framework.dart:4059:18)
#368    ComponentElement.performRebuild (package:flutter/src/widgets/framework.dart:5844:16)
#369    Element.rebuild (package:flutter/src/widgets/framework.dart:5532:7)
#370    ComponentElement._firstBuild (package:flutter/src/widgets/framework.dart:5802:5)
#371    ComponentElement.mount (package:flutter/src/widgets/framework.dart:5796:5)
#372    Element.inflateWidget (package:flutter/src/widgets/framework.dart:4590:20)
#373    Element.updateChild (package:flutter/src/widgets/framework.dart:4059:18)
#374    ComponentElement.performRebuild (package:flutter/src/widgets/framework.dart:5844:16)
#375    Element.rebuild (package:flutter/src/widgets/framework.dart:5532:7)
#376    ComponentElement._firstBuild (package:flutter/src/widgets/framework.dart:5802:5)
#377    ComponentElement.mount (package:flutter/src/widgets/framework.dart:5796:5)
#378    Element.inflateWidget (package:flutter/src/widgets/framework.dart:4590:20)
#379    Element.updateChild (package:flutter/src/widgets/framework.dart:4059:18)
#380    SingleChildRenderObjectElement.mount (package:flutter/src/widgets/framework.dart:7118:14)
#381    Element.inflateWidget (package:flutter/src/widgets/framework.dart:4590:20)
#382    Element.updateChild (package:flutter/src/widgets/framework.dart:4059:18)
#383    ComponentElement.performRebuild (package:flutter/src/widgets/framework.dart:5844:16)
#384    Element.rebuild (package:flutter/src/widgets/framework.dart:5532:7)
#385    ComponentElement._firstBuild (package:flutter/src/widgets/framework.dart:5802:5)
#386    ComponentElement.mount (package:flutter/src/widgets/framework.dart:5796:5)
#387    Element.inflateWidget (package:flutter/src/widgets/framework.dart:4590:20)
#388    Element.updateChild (package:flutter/src/widgets/framework.dart:4059:18)
#389    ComponentElement.performRebuild (package:flutter/src/widgets/framework.dart:5844:16)
#390    Element.rebuild (package:flutter/src/widgets/framework.dart:5532:7)
#391    ComponentElement._firstBuild (package:flutter/src/widgets/framework.dart:5802:5)
#392    ComponentElement.mount (package:flutter/src/widgets/framework.dart:5796:5)
#393    Element.inflateWidget (package:flutter/src/widgets/framework.dart:4590:20)
#394    Element.updateChild (package:flutter/src/widgets/framework.dart:4059:18)
#395    ComponentElement.performRebuild (package:flutter/src/widgets/framework.dart:5844:16)
#396    StatefulElement.performRebuild (package:flutter/src/widgets/framework.dart:5985:11)
#397    Element.rebuild (package:flutter/src/widgets/framework.dart:5532:7)
#398    ComponentElement._firstBuild (package:flutter/src/widgets/framework.dart:5802:5)
#399    StatefulElement._firstBuild (package:flutter/src/widgets/framework.dart:5976:11)
#400    ComponentElement.mount (package:flutter/src/widgets/framework.dart:5796:5)
#401    Element.inflateWidget (package:flutter/src/widgets/framework.dart:4590:20)
#402    Element.updateChild (package:flutter/src/widgets/framework.dart:4059:18)
#403    ComponentElement.performRebuild (package:flutter/src/widgets/framework.dart:5844:16)
#404    StatefulElement.performRebuild (package:flutter/src/widgets/framework.dart:5985:11)
#405    Element.rebuild (package:flutter/src/widgets/framework.dart:5532:7)
#406    ComponentElement._firstBuild (package:flutter/src/widgets/framework.dart:5802:5)
#407    StatefulElement._firstBuild (package:flutter/src/widgets/framework.dart:5976:11)
#408    ComponentElement.mount (package:flutter/src/widgets/framework.dart:5796:5)
#409    Element.inflateWidget (package:flutter/src/widgets/framework.dart:4590:20)
#410    Element.updateChild (package:flutter/src/widgets/framework.dart:4059:18)
#411    ComponentElement.performRebuild (package:flutter/src/widgets/framework.dart:5844:16)
#412    StatefulElement.performRebuild (package:flutter/src/widgets/framework.dart:5985:11)
#413    Element.rebuild (package:flutter/src/widgets/framework.dart:5532:7)
#414    ComponentElement._firstBuild (package:flutter/src/widgets/framework.dart:5802:5)
#415    StatefulElement._firstBuild (package:flutter/src/widgets/framework.dart:5976:11)
#416    ComponentElement.mount (package:flutter/src/widgets/framework.dart:5796:5)
#417    Element.inflateWidget (package:flutter/src/widgets/framework.dart:4590:20)
#418    Element.updateChild (package:flutter/src/widgets/framework.dart:4059:18)
#419    SingleChildRenderObjectElement.mount (package:flutter/src/widgets/framework.dart:7118:14)
#420    Element.inflateWidget (package:flutter/src/widgets/framework.dart:4590:20)
#421    Element.updateChild (package:flutter/src/widgets/framework.dart:4059:18)
#422    ComponentElement.performRebuild (package:flutter/src/widgets/framework.dart:5844:16)
#423    Element.rebuild (package:flutter/src/widgets/framework.dart:5532:7)
#424    ComponentElement._firstBuild (package:flutter/src/widgets/framework.dart:5802:5)
#425    ComponentElement.mount (package:flutter/src/widgets/framework.dart:5796:5)
#426    Element.inflateWidget (package:flutter/src/widgets/framework.dart:4590:20)
#427    Element.updateChild (package:flutter/src/widgets/framework.dart:4059:18)
#428    ComponentElement.performRebuild (package:flutter/src/widgets/framework.dart:5844:16)
#429    Element.rebuild (package:flutter/src/widgets/framework.dart:5532:7)
#430    ComponentElement._firstBuild (package:flutter/src/widgets/framework.dart:5802:5)
#431    ComponentElement.mount (package:flutter/src/widgets/framework.dart:5796:5)
#432    Element.inflateWidget (package:flutter/src/widgets/framework.dart:4590:20)
#433    Element.updateChild (package:flutter/src/widgets/framework.dart:4059:18)
#434    ComponentElement.performRebuild (package:flutter/src/widgets/framework.dart:5844:16)
#435    Element.rebuild (package:flutter/src/widgets/framework.dart:5532:7)
#436    ComponentElement._firstBuild (package:flutter/src/widgets/framework.dart:5802:5)
#437    ComponentElement.mount (package:flutter/src/widgets/framework.dart:5796:5)
#438    Element.inflateWidget (package:flutter/src/widgets/framework.dart:4590:20)
#439    Element.updateChild (package:flutter/src/widgets/framework.dart:4059:18)
#440    ComponentElement.performRebuild (package:flutter/src/widgets/framework.dart:5844:16)
#441    StatefulElement.performRebuild (package:flutter/src/widgets/framework.dart:5985:11)
#442    Element.rebuild (package:flutter/src/widgets/framework.dart:5532:7)
#443    ComponentElement._firstBuild (package:flutter/src/widgets/framework.dart:5802:5)
#444    StatefulElement._firstBuild (package:flutter/src/widgets/framework.dart:5976:11)
#445    ComponentElement.mount (package:flutter/src/widgets/framework.dart:5796:5)
#446    Element.inflateWidget (package:flutter/src/widgets/framework.dart:4590:20)
#447    Element.updateChild (package:flutter/src/widgets/framework.dart:4059:18)
#448    ComponentElement.performRebuild (package:flutter/src/widgets/framework.dart:5844:16)
#449    StatefulElement.performRebuild (package:flutter/src/widgets/framework.dart:5985:11)
#450    Element.rebuild (package:flutter/src/widgets/framework.dart:5532:7)
#451    ComponentElement._firstBuild (package:flutter/src/widgets/framework.dart:5802:5)
#452    StatefulElement._firstBuild (package:flutter/src/widgets/framework.dart:5976:11)
#453    ComponentElement.mount (package:flutter/src/widgets/framework.dart:5796:5)
#454    Element.inflateWidget (package:flutter/src/widgets/framework.dart:4590:20)
#455    MultiChildRenderObjectElement.inflateWidget
(package:flutter/src/widgets/framework.dart:7269:36)
#456    MultiChildRenderObjectElement.mount (package:flutter/src/widgets/framework.dart:7285:32)
#457    Element.inflateWidget (package:flutter/src/widgets/framework.dart:4590:20)
#458    Element.updateChild (package:flutter/src/widgets/framework.dart:4059:18)
#459    ComponentElement.performRebuild (package:flutter/src/widgets/framework.dart:5844:16)
#460    StatefulElement.performRebuild (package:flutter/src/widgets/framework.dart:5985:11)
#461    Element.rebuild (package:flutter/src/widgets/framework.dart:5532:7)
#462    ComponentElement._firstBuild (package:flutter/src/widgets/framework.dart:5802:5)
#463    StatefulElement._firstBuild (package:flutter/src/widgets/framework.dart:5976:11)
#464    ComponentElement.mount (package:flutter/src/widgets/framework.dart:5796:5)
#465    Element.inflateWidget (package:flutter/src/widgets/framework.dart:4590:20)
#466    Element.updateChild (package:flutter/src/widgets/framework.dart:4059:18)
#467    ComponentElement.performRebuild (package:flutter/src/widgets/framework.dart:5844:16)
#468    Element.rebuild (package:flutter/src/widgets/framework.dart:5532:7)
#469    ComponentElement._firstBuild (package:flutter/src/widgets/framework.dart:5802:5)
#470    ComponentElement.mount (package:flutter/src/widgets/framework.dart:5796:5)
#471    Element.inflateWidget (package:flutter/src/widgets/framework.dart:4590:20)
#472    Element.updateChild (package:flutter/src/widgets/framework.dart:4059:18)
#473    ComponentElement.performRebuild (package:flutter/src/widgets/framework.dart:5844:16)
#474    Element.rebuild (package:flutter/src/widgets/framework.dart:5532:7)
#475    ComponentElement._firstBuild (package:flutter/src/widgets/framework.dart:5802:5)
#476    ComponentElement.mount (package:flutter/src/widgets/framework.dart:5796:5)
#477    Element.inflateWidget (package:flutter/src/widgets/framework.dart:4590:20)
#478    Element.updateChild (package:flutter/src/widgets/framework.dart:4059:18)
#479    ComponentElement.performRebuild (package:flutter/src/widgets/framework.dart:5844:16)
#480    StatefulElement.performRebuild (package:flutter/src/widgets/framework.dart:5985:11)
#481    Element.rebuild (package:flutter/src/widgets/framework.dart:5532:7)
#482    ComponentElement._firstBuild (package:flutter/src/widgets/framework.dart:5802:5)
#483    StatefulElement._firstBuild (package:flutter/src/widgets/framework.dart:5976:11)
#484    ComponentElement.mount (package:flutter/src/widgets/framework.dart:5796:5)
#485    Element.inflateWidget (package:flutter/src/widgets/framework.dart:4590:20)
#486    Element.updateChild (package:flutter/src/widgets/framework.dart:4059:18)
#487    ComponentElement.performRebuild (package:flutter/src/widgets/framework.dart:5844:16)
#488    Element.rebuild (package:flutter/src/widgets/framework.dart:5532:7)
#489    ComponentElement._firstBuild (package:flutter/src/widgets/framework.dart:5802:5)
#490    ComponentElement.mount (package:flutter/src/widgets/framework.dart:5796:5)
#491    Element.inflateWidget (package:flutter/src/widgets/framework.dart:4590:20)
#492    Element.updateChild (package:flutter/src/widgets/framework.dart:4059:18)
#493    ComponentElement.performRebuild (package:flutter/src/widgets/framework.dart:5844:16)
#494    StatefulElement.performRebuild (package:flutter/src/widgets/framework.dart:5985:11)
#495    Element.rebuild (package:flutter/src/widgets/framework.dart:5532:7)
#496    ComponentElement._firstBuild (package:flutter/src/widgets/framework.dart:5802:5)
#497    StatefulElement._firstBuild (package:flutter/src/widgets/framework.dart:5976:11)
#498    ComponentElement.mount (package:flutter/src/widgets/framework.dart:5796:5)
#499    Element.inflateWidget (package:flutter/src/widgets/framework.dart:4590:20)
#500    Element.updateChild (package:flutter/src/widgets/framework.dart:4059:18)
#501    ComponentElement.performRebuild (package:flutter/src/widgets/framework.dart:5844:16)
#502    StatefulElement.performRebuild (package:flutter/src/widgets/framework.dart:5985:11)
#503    Element.rebuild (package:flutter/src/widgets/framework.dart:5532:7)
#504    ComponentElement._firstBuild (package:flutter/src/widgets/framework.dart:5802:5)
#505    StatefulElement._firstBuild (package:flutter/src/widgets/framework.dart:5976:11)
#506    ComponentElement.mount (package:flutter/src/widgets/framework.dart:5796:5)
#507    Element.inflateWidget (package:flutter/src/widgets/framework.dart:4590:20)
#508    Element.updateChild (package:flutter/src/widgets/framework.dart:4059:18)
#509    SingleChildRenderObjectElement.mount (package:flutter/src/widgets/framework.dart:7118:14)
#510    Element.inflateWidget (package:flutter/src/widgets/framework.dart:4590:20)
#511    Element.updateChild (package:flutter/src/widgets/framework.dart:4059:18)
#512    SingleChildRenderObjectElement.mount (package:flutter/src/widgets/framework.dart:7118:14)
#513    Element.inflateWidget (package:flutter/src/widgets/framework.dart:4590:20)
#514    Element.updateChild (package:flutter/src/widgets/framework.dart:4059:18)
#515    ComponentElement.performRebuild (package:flutter/src/widgets/framework.dart:5844:16)
#516    Element.rebuild (package:flutter/src/widgets/framework.dart:5532:7)
#517    ComponentElement._firstBuild (package:flutter/src/widgets/framework.dart:5802:5)
#518    ComponentElement.mount (package:flutter/src/widgets/framework.dart:5796:5)
#519    Element.inflateWidget (package:flutter/src/widgets/framework.dart:4590:20)
#520    Element.updateChild (package:flutter/src/widgets/framework.dart:4059:18)
#521    ComponentElement.performRebuild (package:flutter/src/widgets/framework.dart:5844:16)
#522    Element.rebuild (package:flutter/src/widgets/framework.dart:5532:7)
#523    ComponentElement._firstBuild (package:flutter/src/widgets/framework.dart:5802:5)
#524    ComponentElement.mount (package:flutter/src/widgets/framework.dart:5796:5)
#525    Element.inflateWidget (package:flutter/src/widgets/framework.dart:4590:20)
#526    Element.updateChild (package:flutter/src/widgets/framework.dart:4059:18)
#527    ComponentElement.performRebuild (package:flutter/src/widgets/framework.dart:5844:16)
#528    StatefulElement.performRebuild (package:flutter/src/widgets/framework.dart:5985:11)
#529    Element.rebuild (package:flutter/src/widgets/framework.dart:5532:7)
#530    ComponentElement._firstBuild (package:flutter/src/widgets/framework.dart:5802:5)
#531    StatefulElement._firstBuild (package:flutter/src/widgets/framework.dart:5976:11)
#532    ComponentElement.mount (package:flutter/src/widgets/framework.dart:5796:5)
#533    Element.inflateWidget (package:flutter/src/widgets/framework.dart:4590:20)
#534    Element.updateChild (package:flutter/src/widgets/framework.dart:4059:18)
#535    ComponentElement.performRebuild (package:flutter/src/widgets/framework.dart:5844:16)
#536    Element.rebuild (package:flutter/src/widgets/framework.dart:5532:7)
#537    ComponentElement._firstBuild (package:flutter/src/widgets/framework.dart:5802:5)
#538    ComponentElement.mount (package:flutter/src/widgets/framework.dart:5796:5)
#539    Element.inflateWidget (package:flutter/src/widgets/framework.dart:4590:20)
#540    Element.updateChild (package:flutter/src/widgets/framework.dart:4059:18)
#541    SingleChildRenderObjectElement.mount (package:flutter/src/widgets/framework.dart:7118:14)
#542    Element.inflateWidget (package:flutter/src/widgets/framework.dart:4590:20)
#543    Element.updateChild (package:flutter/src/widgets/framework.dart:4059:18)
#544    ComponentElement.performRebuild (package:flutter/src/widgets/framework.dart:5844:16)
#545    StatefulElement.performRebuild (package:flutter/src/widgets/framework.dart:5985:11)
#546    Element.rebuild (package:flutter/src/widgets/framework.dart:5532:7)
#547    ComponentElement._firstBuild (package:flutter/src/widgets/framework.dart:5802:5)
#548    StatefulElement._firstBuild (package:flutter/src/widgets/framework.dart:5976:11)
#549    ComponentElement.mount (package:flutter/src/widgets/framework.dart:5796:5)
#550    Element.inflateWidget (package:flutter/src/widgets/framework.dart:4590:20)
#551    Element.updateChild (package:flutter/src/widgets/framework.dart:4059:18)
#552    ComponentElement.performRebuild (package:flutter/src/widgets/framework.dart:5844:16)
#553    Element.rebuild (package:flutter/src/widgets/framework.dart:5532:7)
#554    ComponentElement._firstBuild (package:flutter/src/widgets/framework.dart:5802:5)
#555    ComponentElement.mount (package:flutter/src/widgets/framework.dart:5796:5)
#556    Element.inflateWidget (package:flutter/src/widgets/framework.dart:4590:20)
#557    Element.updateChild (package:flutter/src/widgets/framework.dart:4059:18)
#558    ComponentElement.performRebuild (package:flutter/src/widgets/framework.dart:5844:16)
#559    Element.rebuild (package:flutter/src/widgets/framework.dart:5532:7)
#560    ComponentElement._firstBuild (package:flutter/src/widgets/framework.dart:5802:5)
#561    ComponentElement.mount (package:flutter/src/widgets/framework.dart:5796:5)
#562    Element.inflateWidget (package:flutter/src/widgets/framework.dart:4590:20)
#563    Element.updateChild (package:flutter/src/widgets/framework.dart:4059:18)
#564    ComponentElement.performRebuild (package:flutter/src/widgets/framework.dart:5844:16)
#565    StatefulElement.performRebuild (package:flutter/src/widgets/framework.dart:5985:11)
#566    Element.rebuild (package:flutter/src/widgets/framework.dart:5532:7)
#567    ComponentElement._firstBuild (package:flutter/src/widgets/framework.dart:5802:5)
#568    StatefulElement._firstBuild (package:flutter/src/widgets/framework.dart:5976:11)
#569    ComponentElement.mount (package:flutter/src/widgets/framework.dart:5796:5)
#570    Element.inflateWidget (package:flutter/src/widgets/framework.dart:4590:20)
#571    Element.updateChild (package:flutter/src/widgets/framework.dart:4059:18)
#572    ComponentElement.performRebuild (package:flutter/src/widgets/framework.dart:5844:16)
#573    Element.rebuild (package:flutter/src/widgets/framework.dart:5532:7)
#574    ComponentElement._firstBuild (package:flutter/src/widgets/framework.dart:5802:5)
#575    ComponentElement.mount (package:flutter/src/widgets/framework.dart:5796:5)
#576    Element.inflateWidget (package:flutter/src/widgets/framework.dart:4590:20)
#577    Element.updateChild (package:flutter/src/widgets/framework.dart:4059:18)
#578    ComponentElement.performRebuild (package:flutter/src/widgets/framework.dart:5844:16)
#579    Element.rebuild (package:flutter/src/widgets/framework.dart:5532:7)
#580    ComponentElement._firstBuild (package:flutter/src/widgets/framework.dart:5802:5)
#581    ComponentElement.mount (package:flutter/src/widgets/framework.dart:5796:5)
#582    Element.inflateWidget (package:flutter/src/widgets/framework.dart:4590:20)
#583    Element.updateChild (package:flutter/src/widgets/framework.dart:4059:18)
#584    ComponentElement.performRebuild (package:flutter/src/widgets/framework.dart:5844:16)
#585    Element.rebuild (package:flutter/src/widgets/framework.dart:5532:7)
#586    ComponentElement._firstBuild (package:flutter/src/widgets/framework.dart:5802:5)
#587    ComponentElement.mount (package:flutter/src/widgets/framework.dart:5796:5)
#588    Element.inflateWidget (package:flutter/src/widgets/framework.dart:4590:20)
#589    Element.updateChild (package:flutter/src/widgets/framework.dart:4059:18)
#590    ComponentElement.performRebuild (package:flutter/src/widgets/framework.dart:5844:16)
#591    Element.rebuild (package:flutter/src/widgets/framework.dart:5532:7)
#592    ComponentElement._firstBuild (package:flutter/src/widgets/framework.dart:5802:5)
#593    ComponentElement.mount (package:flutter/src/widgets/framework.dart:5796:5)
#594    Element.inflateWidget (package:flutter/src/widgets/framework.dart:4590:20)
#595    Element.updateChild (package:flutter/src/widgets/framework.dart:4059:18)
#596    ComponentElement.performRebuild (package:flutter/src/widgets/framework.dart:5844:16)
#597    Element.rebuild (package:flutter/src/widgets/framework.dart:5532:7)
#598    ComponentElement._firstBuild (package:flutter/src/widgets/framework.dart:5802:5)
#599    ComponentElement.mount (package:flutter/src/widgets/framework.dart:5796:5)
#600    Element.inflateWidget (package:flutter/src/widgets/framework.dart:4590:20)
#601    Element.updateChild (package:flutter/src/widgets/framework.dart:4059:18)
#602    ComponentElement.performRebuild (package:flutter/src/widgets/framework.dart:5844:16)
#603    Element.rebuild (package:flutter/src/widgets/framework.dart:5532:7)
#604    ComponentElement._firstBuild (package:flutter/src/widgets/framework.dart:5802:5)
#605    ComponentElement.mount (package:flutter/src/widgets/framework.dart:5796:5)
#606    Element.inflateWidget (package:flutter/src/widgets/framework.dart:4590:20)
#607    Element.updateChild (package:flutter/src/widgets/framework.dart:4059:18)
#608    ComponentElement.performRebuild (package:flutter/src/widgets/framework.dart:5844:16)
#609    Element.rebuild (package:flutter/src/widgets/framework.dart:5532:7)
#610    ComponentElement._firstBuild (package:flutter/src/widgets/framework.dart:5802:5)
#611    ComponentElement.mount (package:flutter/src/widgets/framework.dart:5796:5)
#612    Element.inflateWidget (package:flutter/src/widgets/framework.dart:4590:20)
#613    Element.updateChild (package:flutter/src/widgets/framework.dart:4059:18)
#614    ComponentElement.performRebuild (package:flutter/src/widgets/framework.dart:5844:16)
#615    StatefulElement.performRebuild (package:flutter/src/widgets/framework.dart:5985:11)
#616    Element.rebuild (package:flutter/src/widgets/framework.dart:5532:7)
#617    ComponentElement._firstBuild (package:flutter/src/widgets/framework.dart:5802:5)
#618    StatefulElement._firstBuild (package:flutter/src/widgets/framework.dart:5976:11)
#619    ComponentElement.mount (package:flutter/src/widgets/framework.dart:5796:5)
#620    Element.inflateWidget (package:flutter/src/widgets/framework.dart:4590:20)
#621    Element.updateChild (package:flutter/src/widgets/framework.dart:4059:18)
#622    ComponentElement.performRebuild (package:flutter/src/widgets/framework.dart:5844:16)
#623    Element.rebuild (package:flutter/src/widgets/framework.dart:5532:7)
#624    ComponentElement._firstBuild (package:flutter/src/widgets/framework.dart:5802:5)
#625    ComponentElement.mount (package:flutter/src/widgets/framework.dart:5796:5)
#626    Element.inflateWidget (package:flutter/src/widgets/framework.dart:4590:20)
#627    Element.updateChild (package:flutter/src/widgets/framework.dart:4059:18)
#628    ComponentElement.performRebuild (package:flutter/src/widgets/framework.dart:5844:16)
#629    Element.rebuild (package:flutter/src/widgets/framework.dart:5532:7)
#630    ComponentElement._firstBuild (package:flutter/src/widgets/framework.dart:5802:5)
#631    ComponentElement.mount (package:flutter/src/widgets/framework.dart:5796:5)
#632    Element.inflateWidget (package:flutter/src/widgets/framework.dart:4590:20)
#633    Element.updateChild (package:flutter/src/widgets/framework.dart:4059:18)
#634    ComponentElement.performRebuild (package:flutter/src/widgets/framework.dart:5844:16)
#635    StatefulElement.performRebuild (package:flutter/src/widgets/framework.dart:5985:11)
#636    Element.rebuild (package:flutter/src/widgets/framework.dart:5532:7)
#637    ComponentElement._firstBuild (package:flutter/src/widgets/framework.dart:5802:5)
#638    StatefulElement._firstBuild (package:flutter/src/widgets/framework.dart:5976:11)
#639    ComponentElement.mount (package:flutter/src/widgets/framework.dart:5796:5)
#640    Element.inflateWidget (package:flutter/src/widgets/framework.dart:4590:20)
#641    Element.updateChild (package:flutter/src/widgets/framework.dart:4059:18)
#642    SingleChildRenderObjectElement.mount (package:flutter/src/widgets/framework.dart:7118:14)
#643    Element.inflateWidget (package:flutter/src/widgets/framework.dart:4590:20)
#644    Element.updateChild (package:flutter/src/widgets/framework.dart:4059:18)
#645    ComponentElement.performRebuild (package:flutter/src/widgets/framework.dart:5844:16)
#646    StatefulElement.performRebuild (package:flutter/src/widgets/framework.dart:5985:11)
#647    Element.rebuild (package:flutter/src/widgets/framework.dart:5532:7)
#648    ComponentElement._firstBuild (package:flutter/src/widgets/framework.dart:5802:5)
#649    StatefulElement._firstBuild (package:flutter/src/widgets/framework.dart:5976:11)
#650    ComponentElement.mount (package:flutter/src/widgets/framework.dart:5796:5)
#651    Element.inflateWidget (package:flutter/src/widgets/framework.dart:4590:20)
#652    Element.updateChild (package:flutter/src/widgets/framework.dart:4059:18)
#653    ComponentElement.performRebuild (package:flutter/src/widgets/framework.dart:5844:16)
#654    Element.rebuild (package:flutter/src/widgets/framework.dart:5532:7)
#655    ComponentElement._firstBuild (package:flutter/src/widgets/framework.dart:5802:5)
#656    ComponentElement.mount (package:flutter/src/widgets/framework.dart:5796:5)
#657    Element.inflateWidget (package:flutter/src/widgets/framework.dart:4590:20)
#658    Element.updateChild (package:flutter/src/widgets/framework.dart:4059:18)
#659    ComponentElement.performRebuild (package:flutter/src/widgets/framework.dart:5844:16)
#660    Element.rebuild (package:flutter/src/widgets/framework.dart:5532:7)
#661    ComponentElement._firstBuild (package:flutter/src/widgets/framework.dart:5802:5)
#662    ComponentElement.mount (package:flutter/src/widgets/framework.dart:5796:5)
#663    Element.inflateWidget (package:flutter/src/widgets/framework.dart:4590:20)
#664    Element.updateChild (package:flutter/src/widgets/framework.dart:4059:18)
#665    ComponentElement.performRebuild (package:flutter/src/widgets/framework.dart:5844:16)
#666    Element.rebuild (package:flutter/src/widgets/framework.dart:5532:7)
#667    ComponentElement._firstBuild (package:flutter/src/widgets/framework.dart:5802:5)
#668    ComponentElement.mount (package:flutter/src/widgets/framework.dart:5796:5)
#669    Element.inflateWidget (package:flutter/src/widgets/framework.dart:4590:20)
#670    Element.updateChild (package:flutter/src/widgets/framework.dart:4059:18)
#671    ComponentElement.performRebuild (package:flutter/src/widgets/framework.dart:5844:16)
#672    Element.rebuild (package:flutter/src/widgets/framework.dart:5532:7)
#673    ComponentElement._firstBuild (package:flutter/src/widgets/framework.dart:5802:5)
#674    ComponentElement.mount (package:flutter/src/widgets/framework.dart:5796:5)
#675    Element.inflateWidget (package:flutter/src/widgets/framework.dart:4590:20)
#676    Element.updateChild (package:flutter/src/widgets/framework.dart:4059:18)
#677    SingleChildRenderObjectElement.mount (package:flutter/src/widgets/framework.dart:7118:14)
#678    Element.inflateWidget (package:flutter/src/widgets/framework.dart:4590:20)
#679    Element.updateChild (package:flutter/src/widgets/framework.dart:4059:18)
#680    ComponentElement.performRebuild (package:flutter/src/widgets/framework.dart:5844:16)
#681    StatefulElement.performRebuild (package:flutter/src/widgets/framework.dart:5985:11)
#682    Element.rebuild (package:flutter/src/widgets/framework.dart:5532:7)
#683    ComponentElement._firstBuild (package:flutter/src/widgets/framework.dart:5802:5)
#684    StatefulElement._firstBuild (package:flutter/src/widgets/framework.dart:5976:11)
#685    ComponentElement.mount (package:flutter/src/widgets/framework.dart:5796:5)
#686    Element.inflateWidget (package:flutter/src/widgets/framework.dart:4590:20)
#687    Element.updateChild (package:flutter/src/widgets/framework.dart:4059:18)
#688    ComponentElement.performRebuild (package:flutter/src/widgets/framework.dart:5844:16)
#689    StatefulElement.performRebuild (package:flutter/src/widgets/framework.dart:5985:11)
#690    Element.rebuild (package:flutter/src/widgets/framework.dart:5532:7)
#691    ComponentElement._firstBuild (package:flutter/src/widgets/framework.dart:5802:5)
#692    StatefulElement._firstBuild (package:flutter/src/widgets/framework.dart:5976:11)
#693    ComponentElement.mount (package:flutter/src/widgets/framework.dart:5796:5)
#694    Element.inflateWidget (package:flutter/src/widgets/framework.dart:4590:20)
#695    Element.updateChild (package:flutter/src/widgets/framework.dart:4059:18)
#696    SingleChildRenderObjectElement.mount (package:flutter/src/widgets/framework.dart:7118:14)
#697    Element.inflateWidget (package:flutter/src/widgets/framework.dart:4590:20)
#698    Element.updateChild (package:flutter/src/widgets/framework.dart:4059:18)
#699    ComponentElement.performRebuild (package:flutter/src/widgets/framework.dart:5844:16)
#700    Element.rebuild (package:flutter/src/widgets/framework.dart:5532:7)
#701    ComponentElement._firstBuild (package:flutter/src/widgets/framework.dart:5802:5)
#702    ComponentElement.mount (package:flutter/src/widgets/framework.dart:5796:5)
#703    Element.inflateWidget (package:flutter/src/widgets/framework.dart:4590:20)
#704    Element.updateChild (package:flutter/src/widgets/framework.dart:4059:18)
#705    ComponentElement.performRebuild (package:flutter/src/widgets/framework.dart:5844:16)
#706    StatefulElement.performRebuild (package:flutter/src/widgets/framework.dart:5985:11)
#707    Element.rebuild (package:flutter/src/widgets/framework.dart:5532:7)
#708    ComponentElement._firstBuild (package:flutter/src/widgets/framework.dart:5802:5)
#709    StatefulElement._firstBuild (package:flutter/src/widgets/framework.dart:5976:11)
#710    ComponentElement.mount (package:flutter/src/widgets/framework.dart:5796:5)
#711    Element.inflateWidget (package:flutter/src/widgets/framework.dart:4590:20)
#712    Element.updateChild (package:flutter/src/widgets/framework.dart:4059:18)
#713    ComponentElement.performRebuild (package:flutter/src/widgets/framework.dart:5844:16)
#714    StatefulElement.performRebuild (package:flutter/src/widgets/framework.dart:5985:11)
#715    Element.rebuild (package:flutter/src/widgets/framework.dart:5532:7)
#716    ComponentElement._firstBuild (package:flutter/src/widgets/framework.dart:5802:5)
#717    StatefulElement._firstBuild (package:flutter/src/widgets/framework.dart:5976:11)
#718    ComponentElement.mount (package:flutter/src/widgets/framework.dart:5796:5)
#719    Element.inflateWidget (package:flutter/src/widgets/framework.dart:4590:20)
#720    Element.updateChild (package:flutter/src/widgets/framework.dart:4059:18)
#721    ComponentElement.performRebuild (package:flutter/src/widgets/framework.dart:5844:16)
#722    Element.rebuild (package:flutter/src/widgets/framework.dart:5532:7)
#723    ComponentElement._firstBuild (package:flutter/src/widgets/framework.dart:5802:5)
#724    ComponentElement.mount (package:flutter/src/widgets/framework.dart:5796:5)
#725    Element.inflateWidget (package:flutter/src/widgets/framework.dart:4590:20)
#726    Element.updateChild (package:flutter/src/widgets/framework.dart:4059:18)
#727    ComponentElement.performRebuild (package:flutter/src/widgets/framework.dart:5844:16)
#728    StatefulElement.performRebuild (package:flutter/src/widgets/framework.dart:5985:11)
#729    Element.rebuild (package:flutter/src/widgets/framework.dart:5532:7)
#730    ComponentElement._firstBuild (package:flutter/src/widgets/framework.dart:5802:5)
#731    StatefulElement._firstBuild (package:flutter/src/widgets/framework.dart:5976:11)
#732    ComponentElement.mount (package:flutter/src/widgets/framework.dart:5796:5)
#733    Element.inflateWidget (package:flutter/src/widgets/framework.dart:4590:20)
#734    Element.updateChild (package:flutter/src/widgets/framework.dart:4059:18)
#735    SingleChildRenderObjectElement.mount (package:flutter/src/widgets/framework.dart:7118:14)
#736    Element.inflateWidget (package:flutter/src/widgets/framework.dart:4590:20)
#737    Element.updateChild (package:flutter/src/widgets/framework.dart:4059:18)
#738    ComponentElement.performRebuild (package:flutter/src/widgets/framework.dart:5844:16)
#739    Element.rebuild (package:flutter/src/widgets/framework.dart:5532:7)
#740    ComponentElement._firstBuild (package:flutter/src/widgets/framework.dart:5802:5)
#741    ComponentElement.mount (package:flutter/src/widgets/framework.dart:5796:5)
#742    Element.inflateWidget (package:flutter/src/widgets/framework.dart:4590:20)
#743    Element.updateChild (package:flutter/src/widgets/framework.dart:4059:18)
#744    ComponentElement.performRebuild (package:flutter/src/widgets/framework.dart:5844:16)
#745    StatefulElement.performRebuild (package:flutter/src/widgets/framework.dart:5985:11)
#746    Element.rebuild (package:flutter/src/widgets/framework.dart:5532:7)
#747    ComponentElement._firstBuild (package:flutter/src/widgets/framework.dart:5802:5)
#748    StatefulElement._firstBuild (package:flutter/src/widgets/framework.dart:5976:11)
#749    ComponentElement.mount (package:flutter/src/widgets/framework.dart:5796:5)
#750    Element.inflateWidget (package:flutter/src/widgets/framework.dart:4590:20)
#751    Element.updateChild (package:flutter/src/widgets/framework.dart:4059:18)
#752    ComponentElement.performRebuild (package:flutter/src/widgets/framework.dart:5844:16)
#753    StatefulElement.performRebuild (package:flutter/src/widgets/framework.dart:5985:11)
#754    Element.rebuild (package:flutter/src/widgets/framework.dart:5532:7)
#755    ComponentElement._firstBuild (package:flutter/src/widgets/framework.dart:5802:5)
#756    StatefulElement._firstBuild (package:flutter/src/widgets/framework.dart:5976:11)
#757    ComponentElement.mount (package:flutter/src/widgets/framework.dart:5796:5)
#758    Element.inflateWidget (package:flutter/src/widgets/framework.dart:4590:20)
#759    Element.updateChild (package:flutter/src/widgets/framework.dart:4059:18)
#760    ComponentElement.performRebuild (package:flutter/src/widgets/framework.dart:5844:16)
#761    Element.rebuild (package:flutter/src/widgets/framework.dart:5532:7)
#762    ComponentElement._firstBuild (package:flutter/src/widgets/framework.dart:5802:5)
#763    ComponentElement.mount (package:flutter/src/widgets/framework.dart:5796:5)
#764    Element.inflateWidget (package:flutter/src/widgets/framework.dart:4590:20)
#765    Element.updateChild (package:flutter/src/widgets/framework.dart:4059:18)
#766    ComponentElement.performRebuild (package:flutter/src/widgets/framework.dart:5844:16)
#767    StatefulElement.performRebuild (package:flutter/src/widgets/framework.dart:5985:11)
#768    Element.rebuild (package:flutter/src/widgets/framework.dart:5532:7)
#769    ComponentElement._firstBuild (package:flutter/src/widgets/framework.dart:5802:5)
#770    StatefulElement._firstBuild (package:flutter/src/widgets/framework.dart:5976:11)
#771    ComponentElement.mount (package:flutter/src/widgets/framework.dart:5796:5)
#772    Element.inflateWidget (package:flutter/src/widgets/framework.dart:4590:20)
#773    Element.updateChild (package:flutter/src/widgets/framework.dart:4059:18)
#774    SingleChildRenderObjectElement.mount (package:flutter/src/widgets/framework.dart:7118:14)
#775    Element.inflateWidget (package:flutter/src/widgets/framework.dart:4590:20)
#776    Element.updateChild (package:flutter/src/widgets/framework.dart:4059:18)
#777    ComponentElement.performRebuild (package:flutter/src/widgets/framework.dart:5844:16)
#778    Element.rebuild (package:flutter/src/widgets/framework.dart:5532:7)
#779    ComponentElement._firstBuild (package:flutter/src/widgets/framework.dart:5802:5)
#780    ComponentElement.mount (package:flutter/src/widgets/framework.dart:5796:5)
#781    Element.inflateWidget (package:flutter/src/widgets/framework.dart:4590:20)
#782    Element.updateChild (package:flutter/src/widgets/framework.dart:4059:18)
#783    ComponentElement.performRebuild (package:flutter/src/widgets/framework.dart:5844:16)
#784    StatefulElement.performRebuild (package:flutter/src/widgets/framework.dart:5985:11)
#785    Element.rebuild (package:flutter/src/widgets/framework.dart:5532:7)
#786    ComponentElement._firstBuild (package:flutter/src/widgets/framework.dart:5802:5)
#787    StatefulElement._firstBuild (package:flutter/src/widgets/framework.dart:5976:11)
#788    ComponentElement.mount (package:flutter/src/widgets/framework.dart:5796:5)
#789    Element.inflateWidget (package:flutter/src/widgets/framework.dart:4590:20)
#790    Element.updateChild (package:flutter/src/widgets/framework.dart:4059:18)
#791    ComponentElement.performRebuild (package:flutter/src/widgets/framework.dart:5844:16)
#792    StatefulElement.performRebuild (package:flutter/src/widgets/framework.dart:5985:11)
#793    Element.rebuild (package:flutter/src/widgets/framework.dart:5532:7)
#794    ComponentElement._firstBuild (package:flutter/src/widgets/framework.dart:5802:5)
#795    StatefulElement._firstBuild (package:flutter/src/widgets/framework.dart:5976:11)
#796    ComponentElement.mount (package:flutter/src/widgets/framework.dart:5796:5)
#797    Element.inflateWidget (package:flutter/src/widgets/framework.dart:4590:20)
#798    Element.updateChild (package:flutter/src/widgets/framework.dart:4059:18)
#799    ComponentElement.performRebuild (package:flutter/src/widgets/framework.dart:5844:16)
#800    Element.rebuild (package:flutter/src/widgets/framework.dart:5532:7)
#801    ComponentElement._firstBuild (package:flutter/src/widgets/framework.dart:5802:5)
#802    ComponentElement.mount (package:flutter/src/widgets/framework.dart:5796:5)
#803    Element.inflateWidget (package:flutter/src/widgets/framework.dart:4590:20)
#804    Element.updateChild (package:flutter/src/widgets/framework.dart:4059:18)
#805    SingleChildRenderObjectElement.mount (package:flutter/src/widgets/framework.dart:7118:14)
#806    Element.inflateWidget (package:flutter/src/widgets/framework.dart:4590:20)
#807    Element.updateChild (package:flutter/src/widgets/framework.dart:4059:18)
#808    ComponentElement.performRebuild (package:flutter/src/widgets/framework.dart:5844:16)
#809    Element.rebuild (package:flutter/src/widgets/framework.dart:5532:7)
#810    ComponentElement._firstBuild (package:flutter/src/widgets/framework.dart:5802:5)
#811    ComponentElement.mount (package:flutter/src/widgets/framework.dart:5796:5)
#812    Element.inflateWidget (package:flutter/src/widgets/framework.dart:4590:20)
#813    Element.updateChild (package:flutter/src/widgets/framework.dart:4059:18)
#814    ComponentElement.performRebuild (package:flutter/src/widgets/framework.dart:5844:16)
#815    StatefulElement.performRebuild (package:flutter/src/widgets/framework.dart:5985:11)
#816    Element.rebuild (package:flutter/src/widgets/framework.dart:5532:7)
#817    ComponentElement._firstBuild (package:flutter/src/widgets/framework.dart:5802:5)
#818    StatefulElement._firstBuild (package:flutter/src/widgets/framework.dart:5976:11)
#819    ComponentElement.mount (package:flutter/src/widgets/framework.dart:5796:5)
#820    Element.inflateWidget (package:flutter/src/widgets/framework.dart:4590:20)
#821    Element.updateChild (package:flutter/src/widgets/framework.dart:4059:18)
#822    ComponentElement.performRebuild (package:flutter/src/widgets/framework.dart:5844:16)
#823    StatefulElement.performRebuild (package:flutter/src/widgets/framework.dart:5985:11)
#824    Element.rebuild (package:flutter/src/widgets/framework.dart:5532:7)
#825    ComponentElement._firstBuild (package:flutter/src/widgets/framework.dart:5802:5)
#826    StatefulElement._firstBuild (package:flutter/src/widgets/framework.dart:5976:11)
#827    ComponentElement.mount (package:flutter/src/widgets/framework.dart:5796:5)
#828    Element.inflateWidget (package:flutter/src/widgets/framework.dart:4590:20)
#829    Element.updateChild (package:flutter/src/widgets/framework.dart:4059:18)
#830    ComponentElement.performRebuild (package:flutter/src/widgets/framework.dart:5844:16)
#831    Element.rebuild (package:flutter/src/widgets/framework.dart:5532:7)
#832    ComponentElement._firstBuild (package:flutter/src/widgets/framework.dart:5802:5)
#833    ComponentElement.mount (package:flutter/src/widgets/framework.dart:5796:5)
#834    Element.inflateWidget (package:flutter/src/widgets/framework.dart:4590:20)
#835    Element.updateChild (package:flutter/src/widgets/framework.dart:4059:18)
#836    ComponentElement.performRebuild (package:flutter/src/widgets/framework.dart:5844:16)
#837    Element.rebuild (package:flutter/src/widgets/framework.dart:5532:7)
#838    ComponentElement._firstBuild (package:flutter/src/widgets/framework.dart:5802:5)
#839    ComponentElement.mount (package:flutter/src/widgets/framework.dart:5796:5)
#840    Element.inflateWidget (package:flutter/src/widgets/framework.dart:4590:20)
#841    Element.updateChild (package:flutter/src/widgets/framework.dart:4059:18)
#842    ComponentElement.performRebuild (package:flutter/src/widgets/framework.dart:5844:16)
#843    StatefulElement.performRebuild (package:flutter/src/widgets/framework.dart:5985:11)
#844    Element.rebuild (package:flutter/src/widgets/framework.dart:5532:7)
#845    ComponentElement._firstBuild (package:flutter/src/widgets/framework.dart:5802:5)
#846    StatefulElement._firstBuild (package:flutter/src/widgets/framework.dart:5976:11)
#847    ComponentElement.mount (package:flutter/src/widgets/framework.dart:5796:5)
#848    Element.inflateWidget (package:flutter/src/widgets/framework.dart:4590:20)
#849    Element.updateChild (package:flutter/src/widgets/framework.dart:4059:18)
#850    ComponentElement.performRebuild (package:flutter/src/widgets/framework.dart:5844:16)
#851    Element.rebuild (package:flutter/src/widgets/framework.dart:5532:7)
#852    ComponentElement._firstBuild (package:flutter/src/widgets/framework.dart:5802:5)
#853    ComponentElement.mount (package:flutter/src/widgets/framework.dart:5796:5)
#854    Element.inflateWidget (package:flutter/src/widgets/framework.dart:4590:20)
#855    Element.updateChild (package:flutter/src/widgets/framework.dart:4059:18)
#856    ComponentElement.performRebuild (package:flutter/src/widgets/framework.dart:5844:16)
#857    StatefulElement.performRebuild (package:flutter/src/widgets/framework.dart:5985:11)
#858    Element.rebuild (package:flutter/src/widgets/framework.dart:5532:7)
#859    ComponentElement._firstBuild (package:flutter/src/widgets/framework.dart:5802:5)
#860    StatefulElement._firstBuild (package:flutter/src/widgets/framework.dart:5976:11)
#861    ComponentElement.mount (package:flutter/src/widgets/framework.dart:5796:5)
#862    Element.inflateWidget (package:flutter/src/widgets/framework.dart:4590:20)
#863    Element.updateChild (package:flutter/src/widgets/framework.dart:4059:18)
#864    ComponentElement.performRebuild (package:flutter/src/widgets/framework.dart:5844:16)
#865    Element.rebuild (package:flutter/src/widgets/framework.dart:5532:7)
#866    ComponentElement._firstBuild (package:flutter/src/widgets/framework.dart:5802:5)
#867    ComponentElement.mount (package:flutter/src/widgets/framework.dart:5796:5)
#868    Element.inflateWidget (package:flutter/src/widgets/framework.dart:4590:20)
#869    Element.updateChild (package:flutter/src/widgets/framework.dart:4059:18)
#870    ComponentElement.performRebuild (package:flutter/src/widgets/framework.dart:5844:16)
#871    StatefulElement.performRebuild (package:flutter/src/widgets/framework.dart:5985:11)
#872    Element.rebuild (package:flutter/src/widgets/framework.dart:5532:7)
#873    ComponentElement._firstBuild (package:flutter/src/widgets/framework.dart:5802:5)
#874    StatefulElement._firstBuild (package:flutter/src/widgets/framework.dart:5976:11)
#875    ComponentElement.mount (package:flutter/src/widgets/framework.dart:5796:5)
#876    Element.inflateWidget (package:flutter/src/widgets/framework.dart:4590:20)
#877    Element.updateChild (package:flutter/src/widgets/framework.dart:4059:18)
#878    ComponentElement.performRebuild (package:flutter/src/widgets/framework.dart:5844:16)
#879    StatefulElement.performRebuild (package:flutter/src/widgets/framework.dart:5985:11)
#880    Element.rebuild (package:flutter/src/widgets/framework.dart:5532:7)
#881    ComponentElement._firstBuild (package:flutter/src/widgets/framework.dart:5802:5)
#882    StatefulElement._firstBuild (package:flutter/src/widgets/framework.dart:5976:11)
#883    ComponentElement.mount (package:flutter/src/widgets/framework.dart:5796:5)
#884    Element.inflateWidget (package:flutter/src/widgets/framework.dart:4590:20)
#885    Element.updateChild (package:flutter/src/widgets/framework.dart:4059:18)
#886    SingleChildRenderObjectElement.mount (package:flutter/src/widgets/framework.dart:7118:14)
#887    Element.inflateWidget (package:flutter/src/widgets/framework.dart:4590:20)
#888    Element.updateChild (package:flutter/src/widgets/framework.dart:4059:18)
#889    ComponentElement.performRebuild (package:flutter/src/widgets/framework.dart:5844:16)
#890    Element.rebuild (package:flutter/src/widgets/framework.dart:5532:7)
#891    ComponentElement._firstBuild (package:flutter/src/widgets/framework.dart:5802:5)
#892    ComponentElement.mount (package:flutter/src/widgets/framework.dart:5796:5)
#893    Element.inflateWidget (package:flutter/src/widgets/framework.dart:4590:20)
#894    Element.updateChild (package:flutter/src/widgets/framework.dart:4059:18)
#895    ComponentElement.performRebuild (package:flutter/src/widgets/framework.dart:5844:16)
#896    StatefulElement.performRebuild (package:flutter/src/widgets/framework.dart:5985:11)
#897    Element.rebuild (package:flutter/src/widgets/framework.dart:5532:7)
#898    ComponentElement._firstBuild (package:flutter/src/widgets/framework.dart:5802:5)
#899    StatefulElement._firstBuild (package:flutter/src/widgets/framework.dart:5976:11)
#900    ComponentElement.mount (package:flutter/src/widgets/framework.dart:5796:5)
#901    Element.inflateWidget (package:flutter/src/widgets/framework.dart:4590:20)
#902    Element.updateChild (package:flutter/src/widgets/framework.dart:4059:18)
#903    ComponentElement.performRebuild (package:flutter/src/widgets/framework.dart:5844:16)
#904    Element.rebuild (package:flutter/src/widgets/framework.dart:5532:7)
#905    ComponentElement._firstBuild (package:flutter/src/widgets/framework.dart:5802:5)
#906    ComponentElement.mount (package:flutter/src/widgets/framework.dart:5796:5)
#907    Element.inflateWidget (package:flutter/src/widgets/framework.dart:4590:20)
#908    Element.updateChild (package:flutter/src/widgets/framework.dart:4059:18)
#909    ComponentElement.performRebuild (package:flutter/src/widgets/framework.dart:5844:16)
#910    Element.rebuild (package:flutter/src/widgets/framework.dart:5532:7)
#911    ComponentElement._firstBuild (package:flutter/src/widgets/framework.dart:5802:5)
#912    ComponentElement.mount (package:flutter/src/widgets/framework.dart:5796:5)
#913    Element.inflateWidget (package:flutter/src/widgets/framework.dart:4590:20)
#914    Element.updateChild (package:flutter/src/widgets/framework.dart:4059:18)
#915    ComponentElement.performRebuild (package:flutter/src/widgets/framework.dart:5844:16)
#916    StatefulElement.performRebuild (package:flutter/src/widgets/framework.dart:5985:11)
#917    Element.rebuild (package:flutter/src/widgets/framework.dart:5532:7)
#918    ComponentElement._firstBuild (package:flutter/src/widgets/framework.dart:5802:5)
#919    StatefulElement._firstBuild (package:flutter/src/widgets/framework.dart:5976:11)
#920    ComponentElement.mount (package:flutter/src/widgets/framework.dart:5796:5)
#921    Element.inflateWidget (package:flutter/src/widgets/framework.dart:4590:20)
#922    Element.updateChild (package:flutter/src/widgets/framework.dart:4053:20)
#923    ComponentElement.performRebuild (package:flutter/src/widgets/framework.dart:5844:16)
#924    Element.rebuild (package:flutter/src/widgets/framework.dart:5532:7)
#925    ProxyElement.update (package:flutter/src/widgets/framework.dart:6152:5)
#926    _InheritedNotifierElement.update
(package:flutter/src/widgets/inherited_notifier.dart:108:11)
#927    Element.updateChild (package:flutter/src/widgets/framework.dart:4037:15)
#928    ComponentElement.performRebuild (package:flutter/src/widgets/framework.dart:5844:16)
#929    StatefulElement.performRebuild (package:flutter/src/widgets/framework.dart:5985:11)
#930    Element.rebuild (package:flutter/src/widgets/framework.dart:5532:7)
#931    StatefulElement.update (package:flutter/src/widgets/framework.dart:6010:5)
#932    Element.updateChild (package:flutter/src/widgets/framework.dart:4037:15)
#933    ComponentElement.performRebuild (package:flutter/src/widgets/framework.dart:5844:16)
#934    Element.rebuild (package:flutter/src/widgets/framework.dart:5532:7)
#935    ProxyElement.update (package:flutter/src/widgets/framework.dart:6152:5)
#936    _InheritedNotifierElement.update
(package:flutter/src/widgets/inherited_notifier.dart:108:11)
#937    Element.updateChild (package:flutter/src/widgets/framework.dart:4037:15)
#938    ComponentElement.performRebuild (package:flutter/src/widgets/framework.dart:5844:16)
#939    StatefulElement.performRebuild (package:flutter/src/widgets/framework.dart:5985:11)
#940    Element.rebuild (package:flutter/src/widgets/framework.dart:5532:7)
#941    StatefulElement.update (package:flutter/src/widgets/framework.dart:6010:5)
#942    Element.updateChild (package:flutter/src/widgets/framework.dart:4037:15)
#943    ComponentElement.performRebuild (package:flutter/src/widgets/framework.dart:5844:16)
#944    StatefulElement.performRebuild (package:flutter/src/widgets/framework.dart:5985:11)
#945    Element.rebuild (package:flutter/src/widgets/framework.dart:5532:7)
#946    StatefulElement.update (package:flutter/src/widgets/framework.dart:6010:5)
#947    Element.updateChild (package:flutter/src/widgets/framework.dart:4037:15)
#948    ComponentElement.performRebuild (package:flutter/src/widgets/framework.dart:5844:16)
#949    Element.rebuild (package:flutter/src/widgets/framework.dart:5532:7)
#950    ProxyElement.update (package:flutter/src/widgets/framework.dart:6152:5)
#951    Element.updateChild (package:flutter/src/widgets/framework.dart:4037:15)
#952    ComponentElement.performRebuild (package:flutter/src/widgets/framework.dart:5844:16)
#953    StatefulElement.performRebuild (package:flutter/src/widgets/framework.dart:5985:11)
#954    Element.rebuild (package:flutter/src/widgets/framework.dart:5532:7)
#955    StatefulElement.update (package:flutter/src/widgets/framework.dart:6010:5)
#956    Element.updateChild (package:flutter/src/widgets/framework.dart:4037:15)
#957    ComponentElement.performRebuild (package:flutter/src/widgets/framework.dart:5844:16)
#958    Element.rebuild (package:flutter/src/widgets/framework.dart:5532:7)
#959    ProxyElement.update (package:flutter/src/widgets/framework.dart:6152:5)
#960    Element.updateChild (package:flutter/src/widgets/framework.dart:4037:15)
#961    ComponentElement.performRebuild (package:flutter/src/widgets/framework.dart:5844:16)
#962    Element.rebuild (package:flutter/src/widgets/framework.dart:5532:7)
#963    ProxyElement.update (package:flutter/src/widgets/framework.dart:6152:5)
#964    Element.updateChild (package:flutter/src/widgets/framework.dart:4037:15)
#965    _RawViewElement._updateChild (package:flutter/src/widgets/view.dart:481:16)
#966    _RawViewElement.update (package:flutter/src/widgets/view.dart:568:5)
#967    Element.updateChild (package:flutter/src/widgets/framework.dart:4037:15)
#968    ComponentElement.performRebuild (package:flutter/src/widgets/framework.dart:5844:16)
#969    Element.rebuild (package:flutter/src/widgets/framework.dart:5532:7)
#970    StatelessElement.update (package:flutter/src/widgets/framework.dart:5898:5)
#971    Element.updateChild (package:flutter/src/widgets/framework.dart:4037:15)
#972    ComponentElement.performRebuild (package:flutter/src/widgets/framework.dart:5844:16)
#973    StatefulElement.performRebuild (package:flutter/src/widgets/framework.dart:5985:11)
#974    Element.rebuild (package:flutter/src/widgets/framework.dart:5532:7)
#975    StatefulElement.update (package:flutter/src/widgets/framework.dart:6010:5)
#976    Element.updateChild (package:flutter/src/widgets/framework.dart:4037:15)
#977    RootElement._rebuild (package:flutter/src/widgets/binding.dart:1782:16)
#978    RootElement.update (package:flutter/src/widgets/binding.dart:1760:5)
#979    RootElement.performRebuild (package:flutter/src/widgets/binding.dart:1774:7)
#980    Element.rebuild (package:flutter/src/widgets/framework.dart:5532:7)
#981    BuildScope._tryRebuild (package:flutter/src/widgets/framework.dart:2750:15)
#982    BuildScope._flushDirtyElements (package:flutter/src/widgets/framework.dart:2807:11)
#983    BuildOwner.buildScope (package:flutter/src/widgets/framework.dart:3111:18)
#984    AutomatedTestWidgetsFlutterBinding.drawFrame (package:flutter_test/src/binding.dart:1506:19)
#985    RendererBinding._handlePersistentFrameCallback
(package:flutter/src/rendering/binding.dart:495:5)
#986    SchedulerBinding._invokeFrameCallback (package:flutter/src/scheduler/binding.dart:1434:15)
#987    SchedulerBinding.handleDrawFrame (package:flutter/src/scheduler/binding.dart:1347:9)
#988    AutomatedTestWidgetsFlutterBinding.pump.<anonymous closure>
(package:flutter_test/src/binding.dart:1335:9)
#989    _rootRun (dart:async/zone.dart:1525:13)
#990    _CustomZone.run (dart:async/zone.dart:1422:19)
#991    TestAsyncUtils.guard (package:flutter_test/src/test_async_utils.dart:74:41)
#992    AutomatedTestWidgetsFlutterBinding.pump (package:flutter_test/src/binding.dart:1324:27)
#993    WidgetTester.pumpWidget.<anonymous closure>
(package:flutter_test/src/widget_tester.dart:598:22)
#994    _rootRun (dart:async/zone.dart:1525:13)
#995    _CustomZone.run (dart:async/zone.dart:1422:19)
#996    TestAsyncUtils.guard (package:flutter_test/src/test_async_utils.dart:74:41)
#997    WidgetTester.pumpWidget (package:flutter_test/src/widget_tester.dart:595:27)
#998    main.<anonymous closure>
(file:///C:/Users/Tayyub/StudioProjects/qudwa/test/widgets/ayah_card_test.dart:50:18)
#999    testWidgets.<anonymous closure>.<anonymous closure>
(package:flutter_test/src/widget_tester.dart:192:29)
<asynchronous suspension>
#1000   TestWidgetsFlutterBinding._runTestBody (package:flutter_test/src/binding.dart:1059:5)
<asynchronous suspension>
#1001   StackZoneSpecification._registerCallback.<anonymous closure>
(package:stack_trace/src/stack_zone_specification.dart:114:42)
<asynchronous suspension>


And rethrown at:
#0      throwProviderException (package:riverpod/src/common/stack_trace.dart:10:3)
#1      $ResultError.valueOrProviderException (package:riverpod/src/common/result.dart:108:7)
#2      ProviderContainer.read (package:riverpod/src/core/provider_container.dart:914:29)
#3      Ref.read (package:riverpod/src/core/ref.dart:524:30)
#4      AppConfigViewModel._prefs (package:qudwa/viewmodels/settings_viewmodel.dart:159:39)
#5      AppConfigViewModel.build (package:qudwa/viewmodels/settings_viewmodel.dart:163:15)
#6      Notifier.runBuild (package:riverpod/src/providers/notifier/orphan.dart:70:21)
#7      $ClassProviderElement.create
(package:riverpod/src/core/provider/notifier_provider.dart:561:26)
#8      ProviderElement.buildState (package:riverpod/src/core/element.dart:665:28)
#9      ProviderElement.mount (package:riverpod/src/core/element.dart:517:7)
#10     ProviderElement.flush (package:riverpod/src/core/element.dart:620:7)
#11     $ProviderBaseImpl._addListener (package:riverpod/src/core/provider/provider.dart:117:24)
#12     _ProviderSelector._addListener (package:riverpod/src/core/modifiers/select.dart:137:26)
#13     ProviderElement.listen (package:riverpod/src/core/element.dart:901:28)
#14     Ref.listen (package:riverpod/src/core/ref.dart:681:21)
#15     AudioControlNotifier.build (package:qudwa/viewmodels/audio_viewmodel.dart:90:9)
#16     Notifier.runBuild (package:riverpod/src/providers/notifier/orphan.dart:70:21)
#17     $ClassProviderElement.create
(package:riverpod/src/core/provider/notifier_provider.dart:561:26)
#18     ProviderElement.buildState (package:riverpod/src/core/element.dart:665:28)
#19     ProviderElement.mount (package:riverpod/src/core/element.dart:517:7)
#20     ProviderElement.flush (package:riverpod/src/core/element.dart:620:7)
#21     $ProviderBaseImpl._addListener (package:riverpod/src/core/provider/provider.dart:117:24)
#22     _ProviderSelector._addListener (package:riverpod/src/core/modifiers/select.dart:137:26)
#23     ProviderContainer.listen (package:riverpod/src/core/provider_container.dart:954:26)
#24     ConsumerStatefulElement.watch.<anonymous closure>
(package:flutter_riverpod/src/core/consumer.dart:451:37)
#25     _LinkedHashMapMixin.putIfAbsent (dart:_compact_hash:675:23)
#26     ConsumerStatefulElement.watch (package:flutter_riverpod/src/core/consumer.dart:444:14)
#27     _AyahRowState.build (package:qudwa/features/quran/widgets/ayah_card.dart:109:36)
#28     StatefulElement.build (package:flutter/src/widgets/framework.dart:5934:27)
#29     ConsumerStatefulElement.build (package:flutter_riverpod/src/core/consumer.dart:421:20)
#30     ComponentElement.performRebuild (package:flutter/src/widgets/framework.dart:5820:15)
#31     StatefulElement.performRebuild (package:flutter/src/widgets/framework.dart:5985:11)
#32     Element.rebuild (package:flutter/src/widgets/framework.dart:5532:7)
#33     ComponentElement._firstBuild (package:flutter/src/widgets/framework.dart:5802:5)
#34     StatefulElement._firstBuild (package:flutter/src/widgets/framework.dart:5976:11)
#35     ComponentElement.mount (package:flutter/src/widgets/framework.dart:5796:5)
#36     Element.inflateWidget (package:flutter/src/widgets/framework.dart:4590:20)
#37     Element.updateChild (package:flutter/src/widgets/framework.dart:4059:18)
#38     ComponentElement.performRebuild (package:flutter/src/widgets/framework.dart:5844:16)
#39     Element.rebuild (package:flutter/src/widgets/framework.dart:5532:7)
#40     ComponentElement._firstBuild (package:flutter/src/widgets/framework.dart:5802:5)
#41     ComponentElement.mount (package:flutter/src/widgets/framework.dart:5796:5)
#42     Element.inflateWidget (package:flutter/src/widgets/framework.dart:4590:20)
#43     Element.updateChild (package:flutter/src/widgets/framework.dart:4059:18)
#44     ComponentElement.performRebuild (package:flutter/src/widgets/framework.dart:5844:16)
#45     StatefulElement.performRebuild (package:flutter/src/widgets/framework.dart:5985:11)
#46     Element.rebuild (package:flutter/src/widgets/framework.dart:5532:7)
#47     ComponentElement._firstBuild (package:flutter/src/widgets/framework.dart:5802:5)
#48     StatefulElement._firstBuild (package:flutter/src/widgets/framework.dart:5976:11)
#49     ComponentElement.mount (package:flutter/src/widgets/framework.dart:5796:5)
#50     Element.inflateWidget (package:flutter/src/widgets/framework.dart:4590:20)
#51     Element.updateChild (package:flutter/src/widgets/framework.dart:4059:18)
#52     ComponentElement.performRebuild (package:flutter/src/widgets/framework.dart:5844:16)
#53     StatefulElement.performRebuild (package:flutter/src/widgets/framework.dart:5985:11)
#54     Element.rebuild (package:flutter/src/widgets/framework.dart:5532:7)
#55     ComponentElement._firstBuild (package:flutter/src/widgets/framework.dart:5802:5)
#56     StatefulElement._firstBuild (package:flutter/src/widgets/framework.dart:5976:11)
#57     ComponentElement.mount (package:flutter/src/widgets/framework.dart:5796:5)
#58     Element.inflateWidget (package:flutter/src/widgets/framework.dart:4590:20)
#59     Element.updateChild (package:flutter/src/widgets/framework.dart:4059:18)
#60     ComponentElement.performRebuild (package:flutter/src/widgets/framework.dart:5844:16)
#61     Element.rebuild (package:flutter/src/widgets/framework.dart:5532:7)
#62     ComponentElement._firstBuild (package:flutter/src/widgets/framework.dart:5802:5)
#63     ComponentElement.mount (package:flutter/src/widgets/framework.dart:5796:5)
#64     Element.inflateWidget (package:flutter/src/widgets/framework.dart:4590:20)
#65     Element.updateChild (package:flutter/src/widgets/framework.dart:4059:18)
#66     ComponentElement.performRebuild (package:flutter/src/widgets/framework.dart:5844:16)
#67     Element.rebuild (package:flutter/src/widgets/framework.dart:5532:7)
#68     ComponentElement._firstBuild (package:flutter/src/widgets/framework.dart:5802:5)
#69     ComponentElement.mount (package:flutter/src/widgets/framework.dart:5796:5)
#70     Element.inflateWidget (package:flutter/src/widgets/framework.dart:4590:20)
#71     Element.updateChild (package:flutter/src/widgets/framework.dart:4059:18)
#72     ComponentElement.performRebuild (package:flutter/src/widgets/framework.dart:5844:16)
#73     Element.rebuild (package:flutter/src/widgets/framework.dart:5532:7)
#74     ComponentElement._firstBuild (package:flutter/src/widgets/framework.dart:5802:5)
#75     ComponentElement.mount (package:flutter/src/widgets/framework.dart:5796:5)
#76     Element.inflateWidget (package:flutter/src/widgets/framework.dart:4590:20)
#77     Element.updateChild (package:flutter/src/widgets/framework.dart:4059:18)
#78     ComponentElement.performRebuild (package:flutter/src/widgets/framework.dart:5844:16)
#79     Element.rebuild (package:flutter/src/widgets/framework.dart:5532:7)
#80     ComponentElement._firstBuild (package:flutter/src/widgets/framework.dart:5802:5)
#81     ComponentElement.mount (package:flutter/src/widgets/framework.dart:5796:5)
#82     Element.inflateWidget (package:flutter/src/widgets/framework.dart:4590:20)
#83     MultiChildRenderObjectElement.inflateWidget
(package:flutter/src/widgets/framework.dart:7269:36)
#84     MultiChildRenderObjectElement.mount (package:flutter/src/widgets/framework.dart:7285:32)
#85     Element.inflateWidget (package:flutter/src/widgets/framework.dart:4590:20)
#86     Element.updateChild (package:flutter/src/widgets/framework.dart:4059:18)
#87     ComponentElement.performRebuild (package:flutter/src/widgets/framework.dart:5844:16)
#88     Element.rebuild (package:flutter/src/widgets/framework.dart:5532:7)
#89     ComponentElement._firstBuild (package:flutter/src/widgets/framework.dart:5802:5)
#90     ComponentElement.mount (package:flutter/src/widgets/framework.dart:5796:5)
#91     Element.inflateWidget (package:flutter/src/widgets/framework.dart:4590:20)
#92     Element.updateChild (package:flutter/src/widgets/framework.dart:4059:18)
#93     ComponentElement.performRebuild (package:flutter/src/widgets/framework.dart:5844:16)
#94     StatefulElement.performRebuild (package:flutter/src/widgets/framework.dart:5985:11)
#95     Element.rebuild (package:flutter/src/widgets/framework.dart:5532:7)
#96     ComponentElement._firstBuild (package:flutter/src/widgets/framework.dart:5802:5)
#97     StatefulElement._firstBuild (package:flutter/src/widgets/framework.dart:5976:11)
#98     ComponentElement.mount (package:flutter/src/widgets/framework.dart:5796:5)
#99     Element.inflateWidget (package:flutter/src/widgets/framework.dart:4590:20)
#100    Element.updateChild (package:flutter/src/widgets/framework.dart:4059:18)
#101    ComponentElement.performRebuild (package:flutter/src/widgets/framework.dart:5844:16)
#102    StatefulElement.performRebuild (package:flutter/src/widgets/framework.dart:5985:11)
#103    Element.rebuild (package:flutter/src/widgets/framework.dart:5532:7)
#104    ComponentElement._firstBuild (package:flutter/src/widgets/framework.dart:5802:5)
#105    StatefulElement._firstBuild (package:flutter/src/widgets/framework.dart:5976:11)
#106    ComponentElement.mount (package:flutter/src/widgets/framework.dart:5796:5)
#107    Element.inflateWidget (package:flutter/src/widgets/framework.dart:4590:20)
#108    Element.updateChild (package:flutter/src/widgets/framework.dart:4059:18)
#109    ComponentElement.performRebuild (package:flutter/src/widgets/framework.dart:5844:16)
#110    Element.rebuild (package:flutter/src/widgets/framework.dart:5532:7)
#111    ComponentElement._firstBuild (package:flutter/src/widgets/framework.dart:5802:5)
#112    ComponentElement.mount (package:flutter/src/widgets/framework.dart:5796:5)
#113    Element.inflateWidget (package:flutter/src/widgets/framework.dart:4590:20)
#114    Element.updateChild (package:flutter/src/widgets/framework.dart:4059:18)
#115    ComponentElement.performRebuild (package:flutter/src/widgets/framework.dart:5844:16)
#116    StatefulElement.performRebuild (package:flutter/src/widgets/framework.dart:5985:11)
#117    Element.rebuild (package:flutter/src/widgets/framework.dart:5532:7)
#118    ComponentElement._firstBuild (package:flutter/src/widgets/framework.dart:5802:5)
#119    StatefulElement._firstBuild (package:flutter/src/widgets/framework.dart:5976:11)
#120    ComponentElement.mount (package:flutter/src/widgets/framework.dart:5796:5)
#121    Element.inflateWidget (package:flutter/src/widgets/framework.dart:4590:20)
#122    Element.updateChild (package:flutter/src/widgets/framework.dart:4059:18)
#123    SingleChildRenderObjectElement.mount (package:flutter/src/widgets/framework.dart:7118:14)
#124    Element.inflateWidget (package:flutter/src/widgets/framework.dart:4590:20)
#125    Element.updateChild (package:flutter/src/widgets/framework.dart:4059:18)
#126    ComponentElement.performRebuild (package:flutter/src/widgets/framework.dart:5844:16)
#127    Element.rebuild (package:flutter/src/widgets/framework.dart:5532:7)
#128    ComponentElement._firstBuild (package:flutter/src/widgets/framework.dart:5802:5)
#129    ComponentElement.mount (package:flutter/src/widgets/framework.dart:5796:5)
#130    Element.inflateWidget (package:flutter/src/widgets/framework.dart:4590:20)
#131    Element.updateChild (package:flutter/src/widgets/framework.dart:4059:18)
#132    SingleChildRenderObjectElement.mount (package:flutter/src/widgets/framework.dart:7118:14)
#133    Element.inflateWidget (package:flutter/src/widgets/framework.dart:4590:20)
#134    Element.updateChild (package:flutter/src/widgets/framework.dart:4059:18)
#135    ComponentElement.performRebuild (package:flutter/src/widgets/framework.dart:5844:16)
#136    StatefulElement.performRebuild (package:flutter/src/widgets/framework.dart:5985:11)
#137    Element.rebuild (package:flutter/src/widgets/framework.dart:5532:7)
#138    ComponentElement._firstBuild (package:flutter/src/widgets/framework.dart:5802:5)
#139    StatefulElement._firstBuild (package:flutter/src/widgets/framework.dart:5976:11)
#140    ComponentElement.mount (package:flutter/src/widgets/framework.dart:5796:5)
#141    Element.inflateWidget (package:flutter/src/widgets/framework.dart:4590:20)
#142    Element.updateChild (package:flutter/src/widgets/framework.dart:4059:18)
#143    ComponentElement.performRebuild (package:flutter/src/widgets/framework.dart:5844:16)
#144    StatefulElement.performRebuild (package:flutter/src/widgets/framework.dart:5985:11)
#145    Element.rebuild (package:flutter/src/widgets/framework.dart:5532:7)
#146    ComponentElement._firstBuild (package:flutter/src/widgets/framework.dart:5802:5)
#147    StatefulElement._firstBuild (package:flutter/src/widgets/framework.dart:5976:11)
#148    ComponentElement.mount (package:flutter/src/widgets/framework.dart:5796:5)
#149    Element.inflateWidget (package:flutter/src/widgets/framework.dart:4590:20)
#150    Element.updateChild (package:flutter/src/widgets/framework.dart:4059:18)
#151    ComponentElement.performRebuild (package:flutter/src/widgets/framework.dart:5844:16)
#152    Element.rebuild (package:flutter/src/widgets/framework.dart:5532:7)
#153    ComponentElement._firstBuild (package:flutter/src/widgets/framework.dart:5802:5)
#154    ComponentElement.mount (package:flutter/src/widgets/framework.dart:5796:5)
#155    Element.inflateWidget (package:flutter/src/widgets/framework.dart:4590:20)
#156    Element.updateChild (package:flutter/src/widgets/framework.dart:4059:18)
#157    ComponentElement.performRebuild (package:flutter/src/widgets/framework.dart:5844:16)
#158    Element.rebuild (package:flutter/src/widgets/framework.dart:5532:7)
#159    ComponentElement._firstBuild (package:flutter/src/widgets/framework.dart:5802:5)
#160    ComponentElement.mount (package:flutter/src/widgets/framework.dart:5796:5)
#161    Element.inflateWidget (package:flutter/src/widgets/framework.dart:4590:20)
#162    Element.updateChild (package:flutter/src/widgets/framework.dart:4059:18)
#163    ComponentElement.performRebuild (package:flutter/src/widgets/framework.dart:5844:16)
#164    Element.rebuild (package:flutter/src/widgets/framework.dart:5532:7)
#165    ComponentElement._firstBuild (package:flutter/src/widgets/framework.dart:5802:5)
#166    ComponentElement.mount (package:flutter/src/widgets/framework.dart:5796:5)
#167    Element.inflateWidget (package:flutter/src/widgets/framework.dart:4590:20)
#168    Element.updateChild (package:flutter/src/widgets/framework.dart:4059:18)
#169    ComponentElement.performRebuild (package:flutter/src/widgets/framework.dart:5844:16)
#170    StatefulElement.performRebuild (package:flutter/src/widgets/framework.dart:5985:11)
#171    Element.rebuild (package:flutter/src/widgets/framework.dart:5532:7)
#172    ComponentElement._firstBuild (package:flutter/src/widgets/framework.dart:5802:5)
#173    StatefulElement._firstBuild (package:flutter/src/widgets/framework.dart:5976:11)
#174    ComponentElement.mount (package:flutter/src/widgets/framework.dart:5796:5)
#175    Element.inflateWidget (package:flutter/src/widgets/framework.dart:4590:20)
#176    Element.updateChild (package:flutter/src/widgets/framework.dart:4059:18)
#177    ComponentElement.performRebuild (package:flutter/src/widgets/framework.dart:5844:16)
#178    Element.rebuild (package:flutter/src/widgets/framework.dart:5532:7)
#179    ComponentElement._firstBuild (package:flutter/src/widgets/framework.dart:5802:5)
#180    ComponentElement.mount (package:flutter/src/widgets/framework.dart:5796:5)
#181    Element.inflateWidget (package:flutter/src/widgets/framework.dart:4590:20)
#182    Element.updateChild (package:flutter/src/widgets/framework.dart:4059:18)
#183    ComponentElement.performRebuild (package:flutter/src/widgets/framework.dart:5844:16)
#184    StatefulElement.performRebuild (package:flutter/src/widgets/framework.dart:5985:11)
#185    Element.rebuild (package:flutter/src/widgets/framework.dart:5532:7)
#186    ComponentElement._firstBuild (package:flutter/src/widgets/framework.dart:5802:5)
#187    StatefulElement._firstBuild (package:flutter/src/widgets/framework.dart:5976:11)
#188    ComponentElement.mount (package:flutter/src/widgets/framework.dart:5796:5)
#189    Element.inflateWidget (package:flutter/src/widgets/framework.dart:4590:20)
#190    Element.updateChild (package:flutter/src/widgets/framework.dart:4059:18)
#191    SingleChildRenderObjectElement.mount (package:flutter/src/widgets/framework.dart:7118:14)
#192    Element.inflateWidget (package:flutter/src/widgets/framework.dart:4590:20)
#193    Element.updateChild (package:flutter/src/widgets/framework.dart:4059:18)
#194    ComponentElement.performRebuild (package:flutter/src/widgets/framework.dart:5844:16)
#195    Element.rebuild (package:flutter/src/widgets/framework.dart:5532:7)
#196    ComponentElement._firstBuild (package:flutter/src/widgets/framework.dart:5802:5)
#197    ComponentElement.mount (package:flutter/src/widgets/framework.dart:5796:5)
#198    Element.inflateWidget (package:flutter/src/widgets/framework.dart:4590:20)
#199    Element.updateChild (package:flutter/src/widgets/framework.dart:4059:18)
#200    SingleChildRenderObjectElement.mount (package:flutter/src/widgets/framework.dart:7118:14)
#201    Element.inflateWidget (package:flutter/src/widgets/framework.dart:4590:20)
#202    Element.updateChild (package:flutter/src/widgets/framework.dart:4059:18)
#203    SingleChildRenderObjectElement.mount (package:flutter/src/widgets/framework.dart:7118:14)
#204    Element.inflateWidget (package:flutter/src/widgets/framework.dart:4590:20)
#205    Element.updateChild (package:flutter/src/widgets/framework.dart:4059:18)
#206    ComponentElement.performRebuild (package:flutter/src/widgets/framework.dart:5844:16)
#207    StatefulElement.performRebuild (package:flutter/src/widgets/framework.dart:5985:11)
#208    Element.rebuild (package:flutter/src/widgets/framework.dart:5532:7)
#209    ComponentElement._firstBuild (package:flutter/src/widgets/framework.dart:5802:5)
#210    StatefulElement._firstBuild (package:flutter/src/widgets/framework.dart:5976:11)
#211    ComponentElement.mount (package:flutter/src/widgets/framework.dart:5796:5)
#212    Element.inflateWidget (package:flutter/src/widgets/framework.dart:4590:20)
#213    Element.updateChild (package:flutter/src/widgets/framework.dart:4059:18)
#214    SingleChildRenderObjectElement.mount (package:flutter/src/widgets/framework.dart:7118:14)
#215    Element.inflateWidget (package:flutter/src/widgets/framework.dart:4590:20)
#216    Element.updateChild (package:flutter/src/widgets/framework.dart:4059:18)
#217    ComponentElement.performRebuild (package:flutter/src/widgets/framework.dart:5844:16)
#218    StatefulElement.performRebuild (package:flutter/src/widgets/framework.dart:5985:11)
#219    Element.rebuild (package:flutter/src/widgets/framework.dart:5532:7)
#220    ComponentElement._firstBuild (package:flutter/src/widgets/framework.dart:5802:5)
#221    StatefulElement._firstBuild (package:flutter/src/widgets/framework.dart:5976:11)
#222    ComponentElement.mount (package:flutter/src/widgets/framework.dart:5796:5)
#223    Element.inflateWidget (package:flutter/src/widgets/framework.dart:4590:20)
#224    Element.updateChild (package:flutter/src/widgets/framework.dart:4059:18)
#225    SingleChildRenderObjectElement.mount (package:flutter/src/widgets/framework.dart:7118:14)
#226    Element.inflateWidget (package:flutter/src/widgets/framework.dart:4590:20)
#227    Element.updateChild (package:flutter/src/widgets/framework.dart:4059:18)
#228    SingleChildRenderObjectElement.mount (package:flutter/src/widgets/framework.dart:7118:14)
#229    Element.inflateWidget (package:flutter/src/widgets/framework.dart:4590:20)
#230    Element.updateChild (package:flutter/src/widgets/framework.dart:4059:18)
#231    ComponentElement.performRebuild (package:flutter/src/widgets/framework.dart:5844:16)
#232    StatefulElement.performRebuild (package:flutter/src/widgets/framework.dart:5985:11)
#233    Element.rebuild (package:flutter/src/widgets/framework.dart:5532:7)
#234    ComponentElement._firstBuild (package:flutter/src/widgets/framework.dart:5802:5)
#235    StatefulElement._firstBuild (package:flutter/src/widgets/framework.dart:5976:11)
#236    ComponentElement.mount (package:flutter/src/widgets/framework.dart:5796:5)
#237    Element.inflateWidget (package:flutter/src/widgets/framework.dart:4590:20)
#238    Element.updateChild (package:flutter/src/widgets/framework.dart:4059:18)
#239    SingleChildRenderObjectElement.mount (package:flutter/src/widgets/framework.dart:7118:14)
#240    Element.inflateWidget (package:flutter/src/widgets/framework.dart:4590:20)
#241    Element.updateChild (package:flutter/src/widgets/framework.dart:4059:18)
#242    ComponentElement.performRebuild (package:flutter/src/widgets/framework.dart:5844:16)
#243    StatefulElement.performRebuild (package:flutter/src/widgets/framework.dart:5985:11)
#244    Element.rebuild (package:flutter/src/widgets/framework.dart:5532:7)
#245    ComponentElement._firstBuild (package:flutter/src/widgets/framework.dart:5802:5)
#246    StatefulElement._firstBuild (package:flutter/src/widgets/framework.dart:5976:11)
#247    ComponentElement.mount (package:flutter/src/widgets/framework.dart:5796:5)
#248    Element.inflateWidget (package:flutter/src/widgets/framework.dart:4590:20)
#249    Element.updateChild (package:flutter/src/widgets/framework.dart:4059:18)
#250    SingleChildRenderObjectElement.mount (package:flutter/src/widgets/framework.dart:7118:14)
#251    Element.inflateWidget (package:flutter/src/widgets/framework.dart:4590:20)
#252    Element.updateChild (package:flutter/src/widgets/framework.dart:4059:18)
#253    SingleChildRenderObjectElement.mount (package:flutter/src/widgets/framework.dart:7118:14)
#254    Element.inflateWidget (package:flutter/src/widgets/framework.dart:4590:20)
#255    Element.updateChild (package:flutter/src/widgets/framework.dart:4059:18)
#256    ComponentElement.performRebuild (package:flutter/src/widgets/framework.dart:5844:16)
#257    StatefulElement.performRebuild (package:flutter/src/widgets/framework.dart:5985:11)
#258    Element.rebuild (package:flutter/src/widgets/framework.dart:5532:7)
#259    ComponentElement._firstBuild (package:flutter/src/widgets/framework.dart:5802:5)
#260    StatefulElement._firstBuild (package:flutter/src/widgets/framework.dart:5976:11)
#261    ComponentElement.mount (package:flutter/src/widgets/framework.dart:5796:5)
#262    Element.inflateWidget (package:flutter/src/widgets/framework.dart:4590:20)
#263    Element.updateChild (package:flutter/src/widgets/framework.dart:4059:18)
#264    SingleChildRenderObjectElement.mount (package:flutter/src/widgets/framework.dart:7118:14)
#265    Element.inflateWidget (package:flutter/src/widgets/framework.dart:4590:20)
#266    Element.updateChild (package:flutter/src/widgets/framework.dart:4059:18)
#267    SingleChildRenderObjectElement.mount (package:flutter/src/widgets/framework.dart:7118:14)
#268    Element.inflateWidget (package:flutter/src/widgets/framework.dart:4590:20)
#269    Element.updateChild (package:flutter/src/widgets/framework.dart:4059:18)
#270    SingleChildRenderObjectElement.mount (package:flutter/src/widgets/framework.dart:7118:14)
#271    Element.inflateWidget (package:flutter/src/widgets/framework.dart:4590:20)
#272    Element.updateChild (package:flutter/src/widgets/framework.dart:4059:18)
#273    ComponentElement.performRebuild (package:flutter/src/widgets/framework.dart:5844:16)
#274    StatefulElement.performRebuild (package:flutter/src/widgets/framework.dart:5985:11)
#275    Element.rebuild (package:flutter/src/widgets/framework.dart:5532:7)
#276    ComponentElement._firstBuild (package:flutter/src/widgets/framework.dart:5802:5)
#277    StatefulElement._firstBuild (package:flutter/src/widgets/framework.dart:5976:11)
#278    ComponentElement.mount (package:flutter/src/widgets/framework.dart:5796:5)
#279    Element.inflateWidget (package:flutter/src/widgets/framework.dart:4590:20)
#280    Element.updateChild (package:flutter/src/widgets/framework.dart:4059:18)
#281    SingleChildRenderObjectElement.mount (package:flutter/src/widgets/framework.dart:7118:14)
#282    Element.inflateWidget (package:flutter/src/widgets/framework.dart:4590:20)
#283    Element.updateChild (package:flutter/src/widgets/framework.dart:4059:18)
#284    ComponentElement.performRebuild (package:flutter/src/widgets/framework.dart:5844:16)
#285    StatefulElement.performRebuild (package:flutter/src/widgets/framework.dart:5985:11)
#286    Element.rebuild (package:flutter/src/widgets/framework.dart:5532:7)
#287    ComponentElement._firstBuild (package:flutter/src/widgets/framework.dart:5802:5)
#288    StatefulElement._firstBuild (package:flutter/src/widgets/framework.dart:5976:11)
#289    ComponentElement.mount (package:flutter/src/widgets/framework.dart:5796:5)
#290    Element.inflateWidget (package:flutter/src/widgets/framework.dart:4590:20)
#291    Element.updateChild (package:flutter/src/widgets/framework.dart:4059:18)
#292    ComponentElement.performRebuild (package:flutter/src/widgets/framework.dart:5844:16)
#293    Element.rebuild (package:flutter/src/widgets/framework.dart:5532:7)
#294    ComponentElement._firstBuild (package:flutter/src/widgets/framework.dart:5802:5)
#295    ComponentElement.mount (package:flutter/src/widgets/framework.dart:5796:5)
#296    Element.inflateWidget (package:flutter/src/widgets/framework.dart:4590:20)
#297    Element.updateChild (package:flutter/src/widgets/framework.dart:4059:18)
#298    ComponentElement.performRebuild (package:flutter/src/widgets/framework.dart:5844:16)
#299    StatefulElement.performRebuild (package:flutter/src/widgets/framework.dart:5985:11)
#300    Element.rebuild (package:flutter/src/widgets/framework.dart:5532:7)
#301    ComponentElement._firstBuild (package:flutter/src/widgets/framework.dart:5802:5)
#302    StatefulElement._firstBuild (package:flutter/src/widgets/framework.dart:5976:11)
#303    ComponentElement.mount (package:flutter/src/widgets/framework.dart:5796:5)
#304    Element.inflateWidget (package:flutter/src/widgets/framework.dart:4590:20)
#305    Element.updateChild (package:flutter/src/widgets/framework.dart:4059:18)
#306    ComponentElement.performRebuild (package:flutter/src/widgets/framework.dart:5844:16)
#307    StatefulElement.performRebuild (package:flutter/src/widgets/framework.dart:5985:11)
#308    Element.rebuild (package:flutter/src/widgets/framework.dart:5532:7)
#309    ComponentElement._firstBuild (package:flutter/src/widgets/framework.dart:5802:5)
#310    StatefulElement._firstBuild (package:flutter/src/widgets/framework.dart:5976:11)
#311    ComponentElement.mount (package:flutter/src/widgets/framework.dart:5796:5)
#312    Element.inflateWidget (package:flutter/src/widgets/framework.dart:4590:20)
#313    Element.updateChild (package:flutter/src/widgets/framework.dart:4059:18)
#314    ComponentElement.performRebuild (package:flutter/src/widgets/framework.dart:5844:16)
#315    StatefulElement.performRebuild (package:flutter/src/widgets/framework.dart:5985:11)
#316    Element.rebuild (package:flutter/src/widgets/framework.dart:5532:7)
#317    ComponentElement._firstBuild (package:flutter/src/widgets/framework.dart:5802:5)
#318    StatefulElement._firstBuild (package:flutter/src/widgets/framework.dart:5976:11)
#319    ComponentElement.mount (package:flutter/src/widgets/framework.dart:5796:5)
#320    Element.inflateWidget (package:flutter/src/widgets/framework.dart:4590:20)
#321    Element.updateChild (package:flutter/src/widgets/framework.dart:4059:18)
#322    SingleChildRenderObjectElement.mount (package:flutter/src/widgets/framework.dart:7118:14)
#323    Element.inflateWidget (package:flutter/src/widgets/framework.dart:4590:20)
#324    Element.updateChild (package:flutter/src/widgets/framework.dart:4059:18)
#325    ComponentElement.performRebuild (package:flutter/src/widgets/framework.dart:5844:16)
#326    Element.rebuild (package:flutter/src/widgets/framework.dart:5532:7)
#327    ComponentElement._firstBuild (package:flutter/src/widgets/framework.dart:5802:5)
#328    ComponentElement.mount (package:flutter/src/widgets/framework.dart:5796:5)
#329    Element.inflateWidget (package:flutter/src/widgets/framework.dart:4590:20)
#330    Element.updateChild (package:flutter/src/widgets/framework.dart:4059:18)
#331    SingleChildRenderObjectElement.mount (package:flutter/src/widgets/framework.dart:7118:14)
#332    Element.inflateWidget (package:flutter/src/widgets/framework.dart:4590:20)
#333    Element.updateChild (package:flutter/src/widgets/framework.dart:4059:18)
#334    ComponentElement.performRebuild (package:flutter/src/widgets/framework.dart:5844:16)
#335    StatefulElement.performRebuild (package:flutter/src/widgets/framework.dart:5985:11)
#336    Element.rebuild (package:flutter/src/widgets/framework.dart:5532:7)
#337    ComponentElement._firstBuild (package:flutter/src/widgets/framework.dart:5802:5)
#338    StatefulElement._firstBuild (package:flutter/src/widgets/framework.dart:5976:11)
#339    ComponentElement.mount (package:flutter/src/widgets/framework.dart:5796:5)
#340    Element.inflateWidget (package:flutter/src/widgets/framework.dart:4590:20)
#341    Element.updateChild (package:flutter/src/widgets/framework.dart:4059:18)
#342    ComponentElement.performRebuild (package:flutter/src/widgets/framework.dart:5844:16)
#343    Element.rebuild (package:flutter/src/widgets/framework.dart:5532:7)
#344    ComponentElement._firstBuild (package:flutter/src/widgets/framework.dart:5802:5)
#345    ComponentElement.mount (package:flutter/src/widgets/framework.dart:5796:5)
#346    Element.inflateWidget (package:flutter/src/widgets/framework.dart:4590:20)
#347    Element.updateChild (package:flutter/src/widgets/framework.dart:4059:18)
#348    ComponentElement.performRebuild (package:flutter/src/widgets/framework.dart:5844:16)
#349    Element.rebuild (package:flutter/src/widgets/framework.dart:5532:7)
#350    ComponentElement._firstBuild (package:flutter/src/widgets/framework.dart:5802:5)
#351    ComponentElement.mount (package:flutter/src/widgets/framework.dart:5796:5)
#352    Element.inflateWidget (package:flutter/src/widgets/framework.dart:4590:20)
#353    Element.updateChild (package:flutter/src/widgets/framework.dart:4059:18)
#354    ComponentElement.performRebuild (package:flutter/src/widgets/framework.dart:5844:16)
#355    StatefulElement.performRebuild (package:flutter/src/widgets/framework.dart:5985:11)
#356    Element.rebuild (package:flutter/src/widgets/framework.dart:5532:7)
#357    ComponentElement._firstBuild (package:flutter/src/widgets/framework.dart:5802:5)
#358    StatefulElement._firstBuild (package:flutter/src/widgets/framework.dart:5976:11)
#359    ComponentElement.mount (package:flutter/src/widgets/framework.dart:5796:5)
#360    Element.inflateWidget (package:flutter/src/widgets/framework.dart:4590:20)
#361    Element.updateChild (package:flutter/src/widgets/framework.dart:4059:18)
#362    ComponentElement.performRebuild (package:flutter/src/widgets/framework.dart:5844:16)
#363    Element.rebuild (package:flutter/src/widgets/framework.dart:5532:7)
#364    ComponentElement._firstBuild (package:flutter/src/widgets/framework.dart:5802:5)
#365    ComponentElement.mount (package:flutter/src/widgets/framework.dart:5796:5)
#366    Element.inflateWidget (package:flutter/src/widgets/framework.dart:4590:20)
#367    Element.updateChild (package:flutter/src/widgets/framework.dart:4059:18)
#368    ComponentElement.performRebuild (package:flutter/src/widgets/framework.dart:5844:16)
#369    Element.rebuild (package:flutter/src/widgets/framework.dart:5532:7)
#370    ComponentElement._firstBuild (package:flutter/src/widgets/framework.dart:5802:5)
#371    ComponentElement.mount (package:flutter/src/widgets/framework.dart:5796:5)
#372    Element.inflateWidget (package:flutter/src/widgets/framework.dart:4590:20)
#373    Element.updateChild (package:flutter/src/widgets/framework.dart:4059:18)
#374    SingleChildRenderObjectElement.mount (package:flutter/src/widgets/framework.dart:7118:14)
#375    Element.inflateWidget (package:flutter/src/widgets/framework.dart:4590:20)
#376    Element.updateChild (package:flutter/src/widgets/framework.dart:4059:18)
#377    ComponentElement.performRebuild (package:flutter/src/widgets/framework.dart:5844:16)
#378    Element.rebuild (package:flutter/src/widgets/framework.dart:5532:7)
#379    ComponentElement._firstBuild (package:flutter/src/widgets/framework.dart:5802:5)
#380    ComponentElement.mount (package:flutter/src/widgets/framework.dart:5796:5)
#381    Element.inflateWidget (package:flutter/src/widgets/framework.dart:4590:20)
#382    Element.updateChild (package:flutter/src/widgets/framework.dart:4059:18)
#383    ComponentElement.performRebuild (package:flutter/src/widgets/framework.dart:5844:16)
#384    Element.rebuild (package:flutter/src/widgets/framework.dart:5532:7)
#385    ComponentElement._firstBuild (package:flutter/src/widgets/framework.dart:5802:5)
#386    ComponentElement.mount (package:flutter/src/widgets/framework.dart:5796:5)
#387    Element.inflateWidget (package:flutter/src/widgets/framework.dart:4590:20)
#388    Element.updateChild (package:flutter/src/widgets/framework.dart:4059:18)
#389    ComponentElement.performRebuild (package:flutter/src/widgets/framework.dart:5844:16)
#390    StatefulElement.performRebuild (package:flutter/src/widgets/framework.dart:5985:11)
#391    Element.rebuild (package:flutter/src/widgets/framework.dart:5532:7)
#392    ComponentElement._firstBuild (package:flutter/src/widgets/framework.dart:5802:5)
#393    StatefulElement._firstBuild (package:flutter/src/widgets/framework.dart:5976:11)
#394    ComponentElement.mount (package:flutter/src/widgets/framework.dart:5796:5)
#395    Element.inflateWidget (package:flutter/src/widgets/framework.dart:4590:20)
#396    Element.updateChild (package:flutter/src/widgets/framework.dart:4059:18)
#397    ComponentElement.performRebuild (package:flutter/src/widgets/framework.dart:5844:16)
#398    StatefulElement.performRebuild (package:flutter/src/widgets/framework.dart:5985:11)
#399    Element.rebuild (package:flutter/src/widgets/framework.dart:5532:7)
#400    ComponentElement._firstBuild (package:flutter/src/widgets/framework.dart:5802:5)
#401    StatefulElement._firstBuild (package:flutter/src/widgets/framework.dart:5976:11)
#402    ComponentElement.mount (package:flutter/src/widgets/framework.dart:5796:5)
#403    Element.inflateWidget (package:flutter/src/widgets/framework.dart:4590:20)
#404    Element.updateChild (package:flutter/src/widgets/framework.dart:4059:18)
#405    ComponentElement.performRebuild (package:flutter/src/widgets/framework.dart:5844:16)
#406    StatefulElement.performRebuild (package:flutter/src/widgets/framework.dart:5985:11)
#407    Element.rebuild (package:flutter/src/widgets/framework.dart:5532:7)
#408    ComponentElement._firstBuild (package:flutter/src/widgets/framework.dart:5802:5)
#409    StatefulElement._firstBuild (package:flutter/src/widgets/framework.dart:5976:11)
#410    ComponentElement.mount (package:flutter/src/widgets/framework.dart:5796:5)
#411    Element.inflateWidget (package:flutter/src/widgets/framework.dart:4590:20)
#412    Element.updateChild (package:flutter/src/widgets/framework.dart:4059:18)
#413    SingleChildRenderObjectElement.mount (package:flutter/src/widgets/framework.dart:7118:14)
#414    Element.inflateWidget (package:flutter/src/widgets/framework.dart:4590:20)
#415    Element.updateChild (package:flutter/src/widgets/framework.dart:4059:18)
#416    ComponentElement.performRebuild (package:flutter/src/widgets/framework.dart:5844:16)
#417    Element.rebuild (package:flutter/src/widgets/framework.dart:5532:7)
#418    ComponentElement._firstBuild (package:flutter/src/widgets/framework.dart:5802:5)
#419    ComponentElement.mount (package:flutter/src/widgets/framework.dart:5796:5)
#420    Element.inflateWidget (package:flutter/src/widgets/framework.dart:4590:20)
#421    Element.updateChild (package:flutter/src/widgets/framework.dart:4059:18)
#422    ComponentElement.performRebuild (package:flutter/src/widgets/framework.dart:5844:16)
#423    Element.rebuild (package:flutter/src/widgets/framework.dart:5532:7)
#424    ComponentElement._firstBuild (package:flutter/src/widgets/framework.dart:5802:5)
#425    ComponentElement.mount (package:flutter/src/widgets/framework.dart:5796:5)
#426    Element.inflateWidget (package:flutter/src/widgets/framework.dart:4590:20)
#427    Element.updateChild (package:flutter/src/widgets/framework.dart:4059:18)
#428    ComponentElement.performRebuild (package:flutter/src/widgets/framework.dart:5844:16)
#429    Element.rebuild (package:flutter/src/widgets/framework.dart:5532:7)
#430    ComponentElement._firstBuild (package:flutter/src/widgets/framework.dart:5802:5)
#431    ComponentElement.mount (package:flutter/src/widgets/framework.dart:5796:5)
#432    Element.inflateWidget (package:flutter/src/widgets/framework.dart:4590:20)
#433    Element.updateChild (package:flutter/src/widgets/framework.dart:4059:18)
#434    ComponentElement.performRebuild (package:flutter/src/widgets/framework.dart:5844:16)
#435    StatefulElement.performRebuild (package:flutter/src/widgets/framework.dart:5985:11)
#436    Element.rebuild (package:flutter/src/widgets/framework.dart:5532:7)
#437    ComponentElement._firstBuild (package:flutter/src/widgets/framework.dart:5802:5)
#438    StatefulElement._firstBuild (package:flutter/src/widgets/framework.dart:5976:11)
#439    ComponentElement.mount (package:flutter/src/widgets/framework.dart:5796:5)
#440    Element.inflateWidget (package:flutter/src/widgets/framework.dart:4590:20)
#441    Element.updateChild (package:flutter/src/widgets/framework.dart:4059:18)
#442    ComponentElement.performRebuild (package:flutter/src/widgets/framework.dart:5844:16)
#443    StatefulElement.performRebuild (package:flutter/src/widgets/framework.dart:5985:11)
#444    Element.rebuild (package:flutter/src/widgets/framework.dart:5532:7)
#445    ComponentElement._firstBuild (package:flutter/src/widgets/framework.dart:5802:5)
#446    StatefulElement._firstBuild (package:flutter/src/widgets/framework.dart:5976:11)
#447    ComponentElement.mount (package:flutter/src/widgets/framework.dart:5796:5)
#448    Element.inflateWidget (package:flutter/src/widgets/framework.dart:4590:20)
#449    MultiChildRenderObjectElement.inflateWidget
(package:flutter/src/widgets/framework.dart:7269:36)
#450    MultiChildRenderObjectElement.mount (package:flutter/src/widgets/framework.dart:7285:32)
#451    Element.inflateWidget (package:flutter/src/widgets/framework.dart:4590:20)
#452    Element.updateChild (package:flutter/src/widgets/framework.dart:4059:18)
#453    ComponentElement.performRebuild (package:flutter/src/widgets/framework.dart:5844:16)
#454    StatefulElement.performRebuild (package:flutter/src/widgets/framework.dart:5985:11)
#455    Element.rebuild (package:flutter/src/widgets/framework.dart:5532:7)
#456    ComponentElement._firstBuild (package:flutter/src/widgets/framework.dart:5802:5)
#457    StatefulElement._firstBuild (package:flutter/src/widgets/framework.dart:5976:11)
#458    ComponentElement.mount (package:flutter/src/widgets/framework.dart:5796:5)
#459    Element.inflateWidget (package:flutter/src/widgets/framework.dart:4590:20)
#460    Element.updateChild (package:flutter/src/widgets/framework.dart:4059:18)
#461    ComponentElement.performRebuild (package:flutter/src/widgets/framework.dart:5844:16)
#462    Element.rebuild (package:flutter/src/widgets/framework.dart:5532:7)
#463    ComponentElement._firstBuild (package:flutter/src/widgets/framework.dart:5802:5)
#464    ComponentElement.mount (package:flutter/src/widgets/framework.dart:5796:5)
#465    Element.inflateWidget (package:flutter/src/widgets/framework.dart:4590:20)
#466    Element.updateChild (package:flutter/src/widgets/framework.dart:4059:18)
#467    ComponentElement.performRebuild (package:flutter/src/widgets/framework.dart:5844:16)
#468    Element.rebuild (package:flutter/src/widgets/framework.dart:5532:7)
#469    ComponentElement._firstBuild (package:flutter/src/widgets/framework.dart:5802:5)
#470    ComponentElement.mount (package:flutter/src/widgets/framework.dart:5796:5)
#471    Element.inflateWidget (package:flutter/src/widgets/framework.dart:4590:20)
#472    Element.updateChild (package:flutter/src/widgets/framework.dart:4059:18)
#473    ComponentElement.performRebuild (package:flutter/src/widgets/framework.dart:5844:16)
#474    StatefulElement.performRebuild (package:flutter/src/widgets/framework.dart:5985:11)
#475    Element.rebuild (package:flutter/src/widgets/framework.dart:5532:7)
#476    ComponentElement._firstBuild (package:flutter/src/widgets/framework.dart:5802:5)
#477    StatefulElement._firstBuild (package:flutter/src/widgets/framework.dart:5976:11)
#478    ComponentElement.mount (package:flutter/src/widgets/framework.dart:5796:5)
#479    Element.inflateWidget (package:flutter/src/widgets/framework.dart:4590:20)
#480    Element.updateChild (package:flutter/src/widgets/framework.dart:4059:18)
#481    ComponentElement.performRebuild (package:flutter/src/widgets/framework.dart:5844:16)
#482    Element.rebuild (package:flutter/src/widgets/framework.dart:5532:7)
#483    ComponentElement._firstBuild (package:flutter/src/widgets/framework.dart:5802:5)
#484    ComponentElement.mount (package:flutter/src/widgets/framework.dart:5796:5)
#485    Element.inflateWidget (package:flutter/src/widgets/framework.dart:4590:20)
#486    Element.updateChild (package:flutter/src/widgets/framework.dart:4059:18)
#487    ComponentElement.performRebuild (package:flutter/src/widgets/framework.dart:5844:16)
#488    StatefulElement.performRebuild (package:flutter/src/widgets/framework.dart:5985:11)
#489    Element.rebuild (package:flutter/src/widgets/framework.dart:5532:7)
#490    ComponentElement._firstBuild (package:flutter/src/widgets/framework.dart:5802:5)
#491    StatefulElement._firstBuild (package:flutter/src/widgets/framework.dart:5976:11)
#492    ComponentElement.mount (package:flutter/src/widgets/framework.dart:5796:5)
#493    Element.inflateWidget (package:flutter/src/widgets/framework.dart:4590:20)
#494    Element.updateChild (package:flutter/src/widgets/framework.dart:4059:18)
#495    ComponentElement.performRebuild (package:flutter/src/widgets/framework.dart:5844:16)
#496    StatefulElement.performRebuild (package:flutter/src/widgets/framework.dart:5985:11)
#497    Element.rebuild (package:flutter/src/widgets/framework.dart:5532:7)
#498    ComponentElement._firstBuild (package:flutter/src/widgets/framework.dart:5802:5)
#499    StatefulElement._firstBuild (package:flutter/src/widgets/framework.dart:5976:11)
#500    ComponentElement.mount (package:flutter/src/widgets/framework.dart:5796:5)
#501    Element.inflateWidget (package:flutter/src/widgets/framework.dart:4590:20)
#502    Element.updateChild (package:flutter/src/widgets/framework.dart:4059:18)
#503    SingleChildRenderObjectElement.mount (package:flutter/src/widgets/framework.dart:7118:14)
#504    Element.inflateWidget (package:flutter/src/widgets/framework.dart:4590:20)
#505    Element.updateChild (package:flutter/src/widgets/framework.dart:4059:18)
#506    SingleChildRenderObjectElement.mount (package:flutter/src/widgets/framework.dart:7118:14)
#507    Element.inflateWidget (package:flutter/src/widgets/framework.dart:4590:20)
#508    Element.updateChild (package:flutter/src/widgets/framework.dart:4059:18)
#509    ComponentElement.performRebuild (package:flutter/src/widgets/framework.dart:5844:16)
#510    Element.rebuild (package:flutter/src/widgets/framework.dart:5532:7)
#511    ComponentElement._firstBuild (package:flutter/src/widgets/framework.dart:5802:5)
#512    ComponentElement.mount (package:flutter/src/widgets/framework.dart:5796:5)
#513    Element.inflateWidget (package:flutter/src/widgets/framework.dart:4590:20)
#514    Element.updateChild (package:flutter/src/widgets/framework.dart:4059:18)
#515    ComponentElement.performRebuild (package:flutter/src/widgets/framework.dart:5844:16)
#516    Element.rebuild (package:flutter/src/widgets/framework.dart:5532:7)
#517    ComponentElement._firstBuild (package:flutter/src/widgets/framework.dart:5802:5)
#518    ComponentElement.mount (package:flutter/src/widgets/framework.dart:5796:5)
#519    Element.inflateWidget (package:flutter/src/widgets/framework.dart:4590:20)
#520    Element.updateChild (package:flutter/src/widgets/framework.dart:4059:18)
#521    ComponentElement.performRebuild (package:flutter/src/widgets/framework.dart:5844:16)
#522    StatefulElement.performRebuild (package:flutter/src/widgets/framework.dart:5985:11)
#523    Element.rebuild (package:flutter/src/widgets/framework.dart:5532:7)
#524    ComponentElement._firstBuild (package:flutter/src/widgets/framework.dart:5802:5)
#525    StatefulElement._firstBuild (package:flutter/src/widgets/framework.dart:5976:11)
#526    ComponentElement.mount (package:flutter/src/widgets/framework.dart:5796:5)
#527    Element.inflateWidget (package:flutter/src/widgets/framework.dart:4590:20)
#528    Element.updateChild (package:flutter/src/widgets/framework.dart:4059:18)
#529    ComponentElement.performRebuild (package:flutter/src/widgets/framework.dart:5844:16)
#530    Element.rebuild (package:flutter/src/widgets/framework.dart:5532:7)
#531    ComponentElement._firstBuild (package:flutter/src/widgets/framework.dart:5802:5)
#532    ComponentElement.mount (package:flutter/src/widgets/framework.dart:5796:5)
#533    Element.inflateWidget (package:flutter/src/widgets/framework.dart:4590:20)
#534    Element.updateChild (package:flutter/src/widgets/framework.dart:4059:18)
#535    SingleChildRenderObjectElement.mount (package:flutter/src/widgets/framework.dart:7118:14)
#536    Element.inflateWidget (package:flutter/src/widgets/framework.dart:4590:20)
#537    Element.updateChild (package:flutter/src/widgets/framework.dart:4059:18)
#538    ComponentElement.performRebuild (package:flutter/src/widgets/framework.dart:5844:16)
#539    StatefulElement.performRebuild (package:flutter/src/widgets/framework.dart:5985:11)
#540    Element.rebuild (package:flutter/src/widgets/framework.dart:5532:7)
#541    ComponentElement._firstBuild (package:flutter/src/widgets/framework.dart:5802:5)
#542    StatefulElement._firstBuild (package:flutter/src/widgets/framework.dart:5976:11)
#543    ComponentElement.mount (package:flutter/src/widgets/framework.dart:5796:5)
#544    Element.inflateWidget (package:flutter/src/widgets/framework.dart:4590:20)
#545    Element.updateChild (package:flutter/src/widgets/framework.dart:4059:18)
#546    ComponentElement.performRebuild (package:flutter/src/widgets/framework.dart:5844:16)
#547    Element.rebuild (package:flutter/src/widgets/framework.dart:5532:7)
#548    ComponentElement._firstBuild (package:flutter/src/widgets/framework.dart:5802:5)
#549    ComponentElement.mount (package:flutter/src/widgets/framework.dart:5796:5)
#550    Element.inflateWidget (package:flutter/src/widgets/framework.dart:4590:20)
#551    Element.updateChild (package:flutter/src/widgets/framework.dart:4059:18)
#552    ComponentElement.performRebuild (package:flutter/src/widgets/framework.dart:5844:16)
#553    Element.rebuild (package:flutter/src/widgets/framework.dart:5532:7)
#554    ComponentElement._firstBuild (package:flutter/src/widgets/framework.dart:5802:5)
#555    ComponentElement.mount (package:flutter/src/widgets/framework.dart:5796:5)
#556    Element.inflateWidget (package:flutter/src/widgets/framework.dart:4590:20)
#557    Element.updateChild (package:flutter/src/widgets/framework.dart:4059:18)
#558    ComponentElement.performRebuild (package:flutter/src/widgets/framework.dart:5844:16)
#559    StatefulElement.performRebuild (package:flutter/src/widgets/framework.dart:5985:11)
#560    Element.rebuild (package:flutter/src/widgets/framework.dart:5532:7)
#561    ComponentElement._firstBuild (package:flutter/src/widgets/framework.dart:5802:5)
#562    StatefulElement._firstBuild (package:flutter/src/widgets/framework.dart:5976:11)
#563    ComponentElement.mount (package:flutter/src/widgets/framework.dart:5796:5)
#564    Element.inflateWidget (package:flutter/src/widgets/framework.dart:4590:20)
#565    Element.updateChild (package:flutter/src/widgets/framework.dart:4059:18)
#566    ComponentElement.performRebuild (package:flutter/src/widgets/framework.dart:5844:16)
#567    Element.rebuild (package:flutter/src/widgets/framework.dart:5532:7)
#568    ComponentElement._firstBuild (package:flutter/src/widgets/framework.dart:5802:5)
#569    ComponentElement.mount (package:flutter/src/widgets/framework.dart:5796:5)
#570    Element.inflateWidget (package:flutter/src/widgets/framework.dart:4590:20)
#571    Element.updateChild (package:flutter/src/widgets/framework.dart:4059:18)
#572    ComponentElement.performRebuild (package:flutter/src/widgets/framework.dart:5844:16)
#573    Element.rebuild (package:flutter/src/widgets/framework.dart:5532:7)
#574    ComponentElement._firstBuild (package:flutter/src/widgets/framework.dart:5802:5)
#575    ComponentElement.mount (package:flutter/src/widgets/framework.dart:5796:5)
#576    Element.inflateWidget (package:flutter/src/widgets/framework.dart:4590:20)
#577    Element.updateChild (package:flutter/src/widgets/framework.dart:4059:18)
#578    ComponentElement.performRebuild (package:flutter/src/widgets/framework.dart:5844:16)
#579    Element.rebuild (package:flutter/src/widgets/framework.dart:5532:7)
#580    ComponentElement._firstBuild (package:flutter/src/widgets/framework.dart:5802:5)
#581    ComponentElement.mount (package:flutter/src/widgets/framework.dart:5796:5)
#582    Element.inflateWidget (package:flutter/src/widgets/framework.dart:4590:20)
#583    Element.updateChild (package:flutter/src/widgets/framework.dart:4059:18)
#584    ComponentElement.performRebuild (package:flutter/src/widgets/framework.dart:5844:16)
#585    Element.rebuild (package:flutter/src/widgets/framework.dart:5532:7)
#586    ComponentElement._firstBuild (package:flutter/src/widgets/framework.dart:5802:5)
#587    ComponentElement.mount (package:flutter/src/widgets/framework.dart:5796:5)
#588    Element.inflateWidget (package:flutter/src/widgets/framework.dart:4590:20)
#589    Element.updateChild (package:flutter/src/widgets/framework.dart:4059:18)
#590    ComponentElement.performRebuild (package:flutter/src/widgets/framework.dart:5844:16)
#591    Element.rebuild (package:flutter/src/widgets/framework.dart:5532:7)
#592    ComponentElement._firstBuild (package:flutter/src/widgets/framework.dart:5802:5)
#593    ComponentElement.mount (package:flutter/src/widgets/framework.dart:5796:5)
#594    Element.inflateWidget (package:flutter/src/widgets/framework.dart:4590:20)
#595    Element.updateChild (package:flutter/src/widgets/framework.dart:4059:18)
#596    ComponentElement.performRebuild (package:flutter/src/widgets/framework.dart:5844:16)
#597    Element.rebuild (package:flutter/src/widgets/framework.dart:5532:7)
#598    ComponentElement._firstBuild (package:flutter/src/widgets/framework.dart:5802:5)
#599    ComponentElement.mount (package:flutter/src/widgets/framework.dart:5796:5)
#600    Element.inflateWidget (package:flutter/src/widgets/framework.dart:4590:20)
#601    Element.updateChild (package:flutter/src/widgets/framework.dart:4059:18)
#602    ComponentElement.performRebuild (package:flutter/src/widgets/framework.dart:5844:16)
#603    Element.rebuild (package:flutter/src/widgets/framework.dart:5532:7)
#604    ComponentElement._firstBuild (package:flutter/src/widgets/framework.dart:5802:5)
#605    ComponentElement.mount (package:flutter/src/widgets/framework.dart:5796:5)
#606    Element.inflateWidget (package:flutter/src/widgets/framework.dart:4590:20)
#607    Element.updateChild (package:flutter/src/widgets/framework.dart:4059:18)
#608    ComponentElement.performRebuild (package:flutter/src/widgets/framework.dart:5844:16)
#609    StatefulElement.performRebuild (package:flutter/src/widgets/framework.dart:5985:11)
#610    Element.rebuild (package:flutter/src/widgets/framework.dart:5532:7)
#611    ComponentElement._firstBuild (package:flutter/src/widgets/framework.dart:5802:5)
#612    StatefulElement._firstBuild (package:flutter/src/widgets/framework.dart:5976:11)
#613    ComponentElement.mount (package:flutter/src/widgets/framework.dart:5796:5)
#614    Element.inflateWidget (package:flutter/src/widgets/framework.dart:4590:20)
#615    Element.updateChild (package:flutter/src/widgets/framework.dart:4059:18)
#616    ComponentElement.performRebuild (package:flutter/src/widgets/framework.dart:5844:16)
#617    Element.rebuild (package:flutter/src/widgets/framework.dart:5532:7)
#618    ComponentElement._firstBuild (package:flutter/src/widgets/framework.dart:5802:5)
#619    ComponentElement.mount (package:flutter/src/widgets/framework.dart:5796:5)
#620    Element.inflateWidget (package:flutter/src/widgets/framework.dart:4590:20)
#621    Element.updateChild (package:flutter/src/widgets/framework.dart:4059:18)
#622    ComponentElement.performRebuild (package:flutter/src/widgets/framework.dart:5844:16)
#623    Element.rebuild (package:flutter/src/widgets/framework.dart:5532:7)
#624    ComponentElement._firstBuild (package:flutter/src/widgets/framework.dart:5802:5)
#625    ComponentElement.mount (package:flutter/src/widgets/framework.dart:5796:5)
#626    Element.inflateWidget (package:flutter/src/widgets/framework.dart:4590:20)
#627    Element.updateChild (package:flutter/src/widgets/framework.dart:4059:18)
#628    ComponentElement.performRebuild (package:flutter/src/widgets/framework.dart:5844:16)
#629    StatefulElement.performRebuild (package:flutter/src/widgets/framework.dart:5985:11)
#630    Element.rebuild (package:flutter/src/widgets/framework.dart:5532:7)
#631    ComponentElement._firstBuild (package:flutter/src/widgets/framework.dart:5802:5)
#632    StatefulElement._firstBuild (package:flutter/src/widgets/framework.dart:5976:11)
#633    ComponentElement.mount (package:flutter/src/widgets/framework.dart:5796:5)
#634    Element.inflateWidget (package:flutter/src/widgets/framework.dart:4590:20)
#635    Element.updateChild (package:flutter/src/widgets/framework.dart:4059:18)
#636    SingleChildRenderObjectElement.mount (package:flutter/src/widgets/framework.dart:7118:14)
#637    Element.inflateWidget (package:flutter/src/widgets/framework.dart:4590:20)
#638    Element.updateChild (package:flutter/src/widgets/framework.dart:4059:18)
#639    ComponentElement.performRebuild (package:flutter/src/widgets/framework.dart:5844:16)
#640    StatefulElement.performRebuild (package:flutter/src/widgets/framework.dart:5985:11)
#641    Element.rebuild (package:flutter/src/widgets/framework.dart:5532:7)
#642    ComponentElement._firstBuild (package:flutter/src/widgets/framework.dart:5802:5)
#643    StatefulElement._firstBuild (package:flutter/src/widgets/framework.dart:5976:11)
#644    ComponentElement.mount (package:flutter/src/widgets/framework.dart:5796:5)
#645    Element.inflateWidget (package:flutter/src/widgets/framework.dart:4590:20)
#646    Element.updateChild (package:flutter/src/widgets/framework.dart:4059:18)
#647    ComponentElement.performRebuild (package:flutter/src/widgets/framework.dart:5844:16)
#648    Element.rebuild (package:flutter/src/widgets/framework.dart:5532:7)
#649    ComponentElement._firstBuild (package:flutter/src/widgets/framework.dart:5802:5)
#650    ComponentElement.mount (package:flutter/src/widgets/framework.dart:5796:5)
#651    Element.inflateWidget (package:flutter/src/widgets/framework.dart:4590:20)
#652    Element.updateChild (package:flutter/src/widgets/framework.dart:4059:18)
#653    ComponentElement.performRebuild (package:flutter/src/widgets/framework.dart:5844:16)
#654    Element.rebuild (package:flutter/src/widgets/framework.dart:5532:7)
#655    ComponentElement._firstBuild (package:flutter/src/widgets/framework.dart:5802:5)
#656    ComponentElement.mount (package:flutter/src/widgets/framework.dart:5796:5)
#657    Element.inflateWidget (package:flutter/src/widgets/framework.dart:4590:20)
#658    Element.updateChild (package:flutter/src/widgets/framework.dart:4059:18)
#659    ComponentElement.performRebuild (package:flutter/src/widgets/framework.dart:5844:16)
#660    Element.rebuild (package:flutter/src/widgets/framework.dart:5532:7)
#661    ComponentElement._firstBuild (package:flutter/src/widgets/framework.dart:5802:5)
#662    ComponentElement.mount (package:flutter/src/widgets/framework.dart:5796:5)
#663    Element.inflateWidget (package:flutter/src/widgets/framework.dart:4590:20)
#664    Element.updateChild (package:flutter/src/widgets/framework.dart:4059:18)
#665    ComponentElement.performRebuild (package:flutter/src/widgets/framework.dart:5844:16)
#666    Element.rebuild (package:flutter/src/widgets/framework.dart:5532:7)
#667    ComponentElement._firstBuild (package:flutter/src/widgets/framework.dart:5802:5)
#668    ComponentElement.mount (package:flutter/src/widgets/framework.dart:5796:5)
#669    Element.inflateWidget (package:flutter/src/widgets/framework.dart:4590:20)
#670    Element.updateChild (package:flutter/src/widgets/framework.dart:4059:18)
#671    SingleChildRenderObjectElement.mount (package:flutter/src/widgets/framework.dart:7118:14)
#672    Element.inflateWidget (package:flutter/src/widgets/framework.dart:4590:20)
#673    Element.updateChild (package:flutter/src/widgets/framework.dart:4059:18)
#674    ComponentElement.performRebuild (package:flutter/src/widgets/framework.dart:5844:16)
#675    StatefulElement.performRebuild (package:flutter/src/widgets/framework.dart:5985:11)
#676    Element.rebuild (package:flutter/src/widgets/framework.dart:5532:7)
#677    ComponentElement._firstBuild (package:flutter/src/widgets/framework.dart:5802:5)
#678    StatefulElement._firstBuild (package:flutter/src/widgets/framework.dart:5976:11)
#679    ComponentElement.mount (package:flutter/src/widgets/framework.dart:5796:5)
#680    Element.inflateWidget (package:flutter/src/widgets/framework.dart:4590:20)
#681    Element.updateChild (package:flutter/src/widgets/framework.dart:4059:18)
#682    ComponentElement.performRebuild (package:flutter/src/widgets/framework.dart:5844:16)
#683    StatefulElement.performRebuild (package:flutter/src/widgets/framework.dart:5985:11)
#684    Element.rebuild (package:flutter/src/widgets/framework.dart:5532:7)
#685    ComponentElement._firstBuild (package:flutter/src/widgets/framework.dart:5802:5)
#686    StatefulElement._firstBuild (package:flutter/src/widgets/framework.dart:5976:11)
#687    ComponentElement.mount (package:flutter/src/widgets/framework.dart:5796:5)
#688    Element.inflateWidget (package:flutter/src/widgets/framework.dart:4590:20)
#689    Element.updateChild (package:flutter/src/widgets/framework.dart:4059:18)
#690    SingleChildRenderObjectElement.mount (package:flutter/src/widgets/framework.dart:7118:14)
#691    Element.inflateWidget (package:flutter/src/widgets/framework.dart:4590:20)
#692    Element.updateChild (package:flutter/src/widgets/framework.dart:4059:18)
#693    ComponentElement.performRebuild (package:flutter/src/widgets/framework.dart:5844:16)
#694    Element.rebuild (package:flutter/src/widgets/framework.dart:5532:7)
#695    ComponentElement._firstBuild (package:flutter/src/widgets/framework.dart:5802:5)
#696    ComponentElement.mount (package:flutter/src/widgets/framework.dart:5796:5)
#697    Element.inflateWidget (package:flutter/src/widgets/framework.dart:4590:20)
#698    Element.updateChild (package:flutter/src/widgets/framework.dart:4059:18)
#699    ComponentElement.performRebuild (package:flutter/src/widgets/framework.dart:5844:16)
#700    StatefulElement.performRebuild (package:flutter/src/widgets/framework.dart:5985:11)
#701    Element.rebuild (package:flutter/src/widgets/framework.dart:5532:7)
#702    ComponentElement._firstBuild (package:flutter/src/widgets/framework.dart:5802:5)
#703    StatefulElement._firstBuild (package:flutter/src/widgets/framework.dart:5976:11)
#704    ComponentElement.mount (package:flutter/src/widgets/framework.dart:5796:5)
#705    Element.inflateWidget (package:flutter/src/widgets/framework.dart:4590:20)
#706    Element.updateChild (package:flutter/src/widgets/framework.dart:4059:18)
#707    ComponentElement.performRebuild (package:flutter/src/widgets/framework.dart:5844:16)
#708    StatefulElement.performRebuild (package:flutter/src/widgets/framework.dart:5985:11)
#709    Element.rebuild (package:flutter/src/widgets/framework.dart:5532:7)
#710    ComponentElement._firstBuild (package:flutter/src/widgets/framework.dart:5802:5)
#711    StatefulElement._firstBuild (package:flutter/src/widgets/framework.dart:5976:11)
#712    ComponentElement.mount (package:flutter/src/widgets/framework.dart:5796:5)
#713    Element.inflateWidget (package:flutter/src/widgets/framework.dart:4590:20)
#714    Element.updateChild (package:flutter/src/widgets/framework.dart:4059:18)
#715    ComponentElement.performRebuild (package:flutter/src/widgets/framework.dart:5844:16)
#716    Element.rebuild (package:flutter/src/widgets/framework.dart:5532:7)
#717    ComponentElement._firstBuild (package:flutter/src/widgets/framework.dart:5802:5)
#718    ComponentElement.mount (package:flutter/src/widgets/framework.dart:5796:5)
#719    Element.inflateWidget (package:flutter/src/widgets/framework.dart:4590:20)
#720    Element.updateChild (package:flutter/src/widgets/framework.dart:4059:18)
#721    ComponentElement.performRebuild (package:flutter/src/widgets/framework.dart:5844:16)
#722    StatefulElement.performRebuild (package:flutter/src/widgets/framework.dart:5985:11)
#723    Element.rebuild (package:flutter/src/widgets/framework.dart:5532:7)
#724    ComponentElement._firstBuild (package:flutter/src/widgets/framework.dart:5802:5)
#725    StatefulElement._firstBuild (package:flutter/src/widgets/framework.dart:5976:11)
#726    ComponentElement.mount (package:flutter/src/widgets/framework.dart:5796:5)
#727    Element.inflateWidget (package:flutter/src/widgets/framework.dart:4590:20)
#728    Element.updateChild (package:flutter/src/widgets/framework.dart:4059:18)
#729    SingleChildRenderObjectElement.mount (package:flutter/src/widgets/framework.dart:7118:14)
#730    Element.inflateWidget (package:flutter/src/widgets/framework.dart:4590:20)
#731    Element.updateChild (package:flutter/src/widgets/framework.dart:4059:18)
#732    ComponentElement.performRebuild (package:flutter/src/widgets/framework.dart:5844:16)
#733    Element.rebuild (package:flutter/src/widgets/framework.dart:5532:7)
#734    ComponentElement._firstBuild (package:flutter/src/widgets/framework.dart:5802:5)
#735    ComponentElement.mount (package:flutter/src/widgets/framework.dart:5796:5)
#736    Element.inflateWidget (package:flutter/src/widgets/framework.dart:4590:20)
#737    Element.updateChild (package:flutter/src/widgets/framework.dart:4059:18)
#738    ComponentElement.performRebuild (package:flutter/src/widgets/framework.dart:5844:16)
#739    StatefulElement.performRebuild (package:flutter/src/widgets/framework.dart:5985:11)
#740    Element.rebuild (package:flutter/src/widgets/framework.dart:5532:7)
#741    ComponentElement._firstBuild (package:flutter/src/widgets/framework.dart:5802:5)
#742    StatefulElement._firstBuild (package:flutter/src/widgets/framework.dart:5976:11)
#743    ComponentElement.mount (package:flutter/src/widgets/framework.dart:5796:5)
#744    Element.inflateWidget (package:flutter/src/widgets/framework.dart:4590:20)
#745    Element.updateChild (package:flutter/src/widgets/framework.dart:4059:18)
#746    ComponentElement.performRebuild (package:flutter/src/widgets/framework.dart:5844:16)
#747    StatefulElement.performRebuild (package:flutter/src/widgets/framework.dart:5985:11)
#748    Element.rebuild (package:flutter/src/widgets/framework.dart:5532:7)
#749    ComponentElement._firstBuild (package:flutter/src/widgets/framework.dart:5802:5)
#750    StatefulElement._firstBuild (package:flutter/src/widgets/framework.dart:5976:11)
#751    ComponentElement.mount (package:flutter/src/widgets/framework.dart:5796:5)
#752    Element.inflateWidget (package:flutter/src/widgets/framework.dart:4590:20)
#753    Element.updateChild (package:flutter/src/widgets/framework.dart:4059:18)
#754    ComponentElement.performRebuild (package:flutter/src/widgets/framework.dart:5844:16)
#755    Element.rebuild (package:flutter/src/widgets/framework.dart:5532:7)
#756    ComponentElement._firstBuild (package:flutter/src/widgets/framework.dart:5802:5)
#757    ComponentElement.mount (package:flutter/src/widgets/framework.dart:5796:5)
#758    Element.inflateWidget (package:flutter/src/widgets/framework.dart:4590:20)
#759    Element.updateChild (package:flutter/src/widgets/framework.dart:4059:18)
#760    ComponentElement.performRebuild (package:flutter/src/widgets/framework.dart:5844:16)
#761    StatefulElement.performRebuild (package:flutter/src/widgets/framework.dart:5985:11)
#762    Element.rebuild (package:flutter/src/widgets/framework.dart:5532:7)
#763    ComponentElement._firstBuild (package:flutter/src/widgets/framework.dart:5802:5)
#764    StatefulElement._firstBuild (package:flutter/src/widgets/framework.dart:5976:11)
#765    ComponentElement.mount (package:flutter/src/widgets/framework.dart:5796:5)
#766    Element.inflateWidget (package:flutter/src/widgets/framework.dart:4590:20)
#767    Element.updateChild (package:flutter/src/widgets/framework.dart:4059:18)
#768    SingleChildRenderObjectElement.mount (package:flutter/src/widgets/framework.dart:7118:14)
#769    Element.inflateWidget (package:flutter/src/widgets/framework.dart:4590:20)
#770    Element.updateChild (package:flutter/src/widgets/framework.dart:4059:18)
#771    ComponentElement.performRebuild (package:flutter/src/widgets/framework.dart:5844:16)
#772    Element.rebuild (package:flutter/src/widgets/framework.dart:5532:7)
#773    ComponentElement._firstBuild (package:flutter/src/widgets/framework.dart:5802:5)
#774    ComponentElement.mount (package:flutter/src/widgets/framework.dart:5796:5)
#775    Element.inflateWidget (package:flutter/src/widgets/framework.dart:4590:20)
#776    Element.updateChild (package:flutter/src/widgets/framework.dart:4059:18)
#777    ComponentElement.performRebuild (package:flutter/src/widgets/framework.dart:5844:16)
#778    StatefulElement.performRebuild (package:flutter/src/widgets/framework.dart:5985:11)
#779    Element.rebuild (package:flutter/src/widgets/framework.dart:5532:7)
#780    ComponentElement._firstBuild (package:flutter/src/widgets/framework.dart:5802:5)
#781    StatefulElement._firstBuild (package:flutter/src/widgets/framework.dart:5976:11)
#782    ComponentElement.mount (package:flutter/src/widgets/framework.dart:5796:5)
#783    Element.inflateWidget (package:flutter/src/widgets/framework.dart:4590:20)
#784    Element.updateChild (package:flutter/src/widgets/framework.dart:4059:18)
#785    ComponentElement.performRebuild (package:flutter/src/widgets/framework.dart:5844:16)
#786    StatefulElement.performRebuild (package:flutter/src/widgets/framework.dart:5985:11)
#787    Element.rebuild (package:flutter/src/widgets/framework.dart:5532:7)
#788    ComponentElement._firstBuild (package:flutter/src/widgets/framework.dart:5802:5)
#789    StatefulElement._firstBuild (package:flutter/src/widgets/framework.dart:5976:11)
#790    ComponentElement.mount (package:flutter/src/widgets/framework.dart:5796:5)
#791    Element.inflateWidget (package:flutter/src/widgets/framework.dart:4590:20)
#792    Element.updateChild (package:flutter/src/widgets/framework.dart:4059:18)
#793    ComponentElement.performRebuild (package:flutter/src/widgets/framework.dart:5844:16)
#794    Element.rebuild (package:flutter/src/widgets/framework.dart:5532:7)
#795    ComponentElement._firstBuild (package:flutter/src/widgets/framework.dart:5802:5)
#796    ComponentElement.mount (package:flutter/src/widgets/framework.dart:5796:5)
#797    Element.inflateWidget (package:flutter/src/widgets/framework.dart:4590:20)
#798    Element.updateChild (package:flutter/src/widgets/framework.dart:4059:18)
#799    SingleChildRenderObjectElement.mount (package:flutter/src/widgets/framework.dart:7118:14)
#800    Element.inflateWidget (package:flutter/src/widgets/framework.dart:4590:20)
#801    Element.updateChild (package:flutter/src/widgets/framework.dart:4059:18)
#802    ComponentElement.performRebuild (package:flutter/src/widgets/framework.dart:5844:16)
#803    Element.rebuild (package:flutter/src/widgets/framework.dart:5532:7)
#804    ComponentElement._firstBuild (package:flutter/src/widgets/framework.dart:5802:5)
#805    ComponentElement.mount (package:flutter/src/widgets/framework.dart:5796:5)
#806    Element.inflateWidget (package:flutter/src/widgets/framework.dart:4590:20)
#807    Element.updateChild (package:flutter/src/widgets/framework.dart:4059:18)
#808    ComponentElement.performRebuild (package:flutter/src/widgets/framework.dart:5844:16)
#809    StatefulElement.performRebuild (package:flutter/src/widgets/framework.dart:5985:11)
#810    Element.rebuild (package:flutter/src/widgets/framework.dart:5532:7)
#811    ComponentElement._firstBuild (package:flutter/src/widgets/framework.dart:5802:5)
#812    StatefulElement._firstBuild (package:flutter/src/widgets/framework.dart:5976:11)
#813    ComponentElement.mount (package:flutter/src/widgets/framework.dart:5796:5)
#814    Element.inflateWidget (package:flutter/src/widgets/framework.dart:4590:20)
#815    Element.updateChild (package:flutter/src/widgets/framework.dart:4059:18)
#816    ComponentElement.performRebuild (package:flutter/src/widgets/framework.dart:5844:16)
#817    StatefulElement.performRebuild (package:flutter/src/widgets/framework.dart:5985:11)
#818    Element.rebuild (package:flutter/src/widgets/framework.dart:5532:7)
#819    ComponentElement._firstBuild (package:flutter/src/widgets/framework.dart:5802:5)
#820    StatefulElement._firstBuild (package:flutter/src/widgets/framework.dart:5976:11)
#821    ComponentElement.mount (package:flutter/src/widgets/framework.dart:5796:5)
#822    Element.inflateWidget (package:flutter/src/widgets/framework.dart:4590:20)
#823    Element.updateChild (package:flutter/src/widgets/framework.dart:4059:18)
#824    ComponentElement.performRebuild (package:flutter/src/widgets/framework.dart:5844:16)
#825    Element.rebuild (package:flutter/src/widgets/framework.dart:5532:7)
#826    ComponentElement._firstBuild (package:flutter/src/widgets/framework.dart:5802:5)
#827    ComponentElement.mount (package:flutter/src/widgets/framework.dart:5796:5)
#828    Element.inflateWidget (package:flutter/src/widgets/framework.dart:4590:20)
#829    Element.updateChild (package:flutter/src/widgets/framework.dart:4059:18)
#830    ComponentElement.performRebuild (package:flutter/src/widgets/framework.dart:5844:16)
#831    Element.rebuild (package:flutter/src/widgets/framework.dart:5532:7)
#832    ComponentElement._firstBuild (package:flutter/src/widgets/framework.dart:5802:5)
#833    ComponentElement.mount (package:flutter/src/widgets/framework.dart:5796:5)
#834    Element.inflateWidget (package:flutter/src/widgets/framework.dart:4590:20)
#835    Element.updateChild (package:flutter/src/widgets/framework.dart:4059:18)
#836    ComponentElement.performRebuild (package:flutter/src/widgets/framework.dart:5844:16)
#837    StatefulElement.performRebuild (package:flutter/src/widgets/framework.dart:5985:11)
#838    Element.rebuild (package:flutter/src/widgets/framework.dart:5532:7)
#839    ComponentElement._firstBuild (package:flutter/src/widgets/framework.dart:5802:5)
#840    StatefulElement._firstBuild (package:flutter/src/widgets/framework.dart:5976:11)
#841    ComponentElement.mount (package:flutter/src/widgets/framework.dart:5796:5)
#842    Element.inflateWidget (package:flutter/src/widgets/framework.dart:4590:20)
#843    Element.updateChild (package:flutter/src/widgets/framework.dart:4059:18)
#844    ComponentElement.performRebuild (package:flutter/src/widgets/framework.dart:5844:16)
#845    Element.rebuild (package:flutter/src/widgets/framework.dart:5532:7)
#846    ComponentElement._firstBuild (package:flutter/src/widgets/framework.dart:5802:5)
#847    ComponentElement.mount (package:flutter/src/widgets/framework.dart:5796:5)
#848    Element.inflateWidget (package:flutter/src/widgets/framework.dart:4590:20)
#849    Element.updateChild (package:flutter/src/widgets/framework.dart:4059:18)
#850    ComponentElement.performRebuild (package:flutter/src/widgets/framework.dart:5844:16)
#851    StatefulElement.performRebuild (package:flutter/src/widgets/framework.dart:5985:11)
#852    Element.rebuild (package:flutter/src/widgets/framework.dart:5532:7)
#853    ComponentElement._firstBuild (package:flutter/src/widgets/framework.dart:5802:5)
#854    StatefulElement._firstBuild (package:flutter/src/widgets/framework.dart:5976:11)
#855    ComponentElement.mount (package:flutter/src/widgets/framework.dart:5796:5)
#856    Element.inflateWidget (package:flutter/src/widgets/framework.dart:4590:20)
#857    Element.updateChild (package:flutter/src/widgets/framework.dart:4059:18)
#858    ComponentElement.performRebuild (package:flutter/src/widgets/framework.dart:5844:16)
#859    Element.rebuild (package:flutter/src/widgets/framework.dart:5532:7)
#860    ComponentElement._firstBuild (package:flutter/src/widgets/framework.dart:5802:5)
#861    ComponentElement.mount (package:flutter/src/widgets/framework.dart:5796:5)
#862    Element.inflateWidget (package:flutter/src/widgets/framework.dart:4590:20)
#863    Element.updateChild (package:flutter/src/widgets/framework.dart:4059:18)
#864    ComponentElement.performRebuild (package:flutter/src/widgets/framework.dart:5844:16)
#865    StatefulElement.performRebuild (package:flutter/src/widgets/framework.dart:5985:11)
#866    Element.rebuild (package:flutter/src/widgets/framework.dart:5532:7)
#867    ComponentElement._firstBuild (package:flutter/src/widgets/framework.dart:5802:5)
#868    StatefulElement._firstBuild (package:flutter/src/widgets/framework.dart:5976:11)
#869    ComponentElement.mount (package:flutter/src/widgets/framework.dart:5796:5)
#870    Element.inflateWidget (package:flutter/src/widgets/framework.dart:4590:20)
#871    Element.updateChild (package:flutter/src/widgets/framework.dart:4059:18)
#872    ComponentElement.performRebuild (package:flutter/src/widgets/framework.dart:5844:16)
#873    StatefulElement.performRebuild (package:flutter/src/widgets/framework.dart:5985:11)
#874    Element.rebuild (package:flutter/src/widgets/framework.dart:5532:7)
#875    ComponentElement._firstBuild (package:flutter/src/widgets/framework.dart:5802:5)
#876    StatefulElement._firstBuild (package:flutter/src/widgets/framework.dart:5976:11)
#877    ComponentElement.mount (package:flutter/src/widgets/framework.dart:5796:5)
#878    Element.inflateWidget (package:flutter/src/widgets/framework.dart:4590:20)
#879    Element.updateChild (package:flutter/src/widgets/framework.dart:4059:18)
#880    SingleChildRenderObjectElement.mount (package:flutter/src/widgets/framework.dart:7118:14)
#881    Element.inflateWidget (package:flutter/src/widgets/framework.dart:4590:20)
#882    Element.updateChild (package:flutter/src/widgets/framework.dart:4059:18)
#883    ComponentElement.performRebuild (package:flutter/src/widgets/framework.dart:5844:16)
#884    Element.rebuild (package:flutter/src/widgets/framework.dart:5532:7)
#885    ComponentElement._firstBuild (package:flutter/src/widgets/framework.dart:5802:5)
#886    ComponentElement.mount (package:flutter/src/widgets/framework.dart:5796:5)
#887    Element.inflateWidget (package:flutter/src/widgets/framework.dart:4590:20)
#888    Element.updateChild (package:flutter/src/widgets/framework.dart:4059:18)
#889    ComponentElement.performRebuild (package:flutter/src/widgets/framework.dart:5844:16)
#890    StatefulElement.performRebuild (package:flutter/src/widgets/framework.dart:5985:11)
#891    Element.rebuild (package:flutter/src/widgets/framework.dart:5532:7)
#892    ComponentElement._firstBuild (package:flutter/src/widgets/framework.dart:5802:5)
#893    StatefulElement._firstBuild (package:flutter/src/widgets/framework.dart:5976:11)
#894    ComponentElement.mount (package:flutter/src/widgets/framework.dart:5796:5)
#895    Element.inflateWidget (package:flutter/src/widgets/framework.dart:4590:20)
#896    Element.updateChild (package:flutter/src/widgets/framework.dart:4059:18)
#897    ComponentElement.performRebuild (package:flutter/src/widgets/framework.dart:5844:16)
#898    Element.rebuild (package:flutter/src/widgets/framework.dart:5532:7)
#899    ComponentElement._firstBuild (package:flutter/src/widgets/framework.dart:5802:5)
#900    ComponentElement.mount (package:flutter/src/widgets/framework.dart:5796:5)
#901    Element.inflateWidget (package:flutter/src/widgets/framework.dart:4590:20)
#902    Element.updateChild (package:flutter/src/widgets/framework.dart:4059:18)
#903    ComponentElement.performRebuild (package:flutter/src/widgets/framework.dart:5844:16)
#904    Element.rebuild (package:flutter/src/widgets/framework.dart:5532:7)
#905    ComponentElement._firstBuild (package:flutter/src/widgets/framework.dart:5802:5)
#906    ComponentElement.mount (package:flutter/src/widgets/framework.dart:5796:5)
#907    Element.inflateWidget (package:flutter/src/widgets/framework.dart:4590:20)
#908    Element.updateChild (package:flutter/src/widgets/framework.dart:4059:18)
#909    ComponentElement.performRebuild (package:flutter/src/widgets/framework.dart:5844:16)
#910    StatefulElement.performRebuild (package:flutter/src/widgets/framework.dart:5985:11)
#911    Element.rebuild (package:flutter/src/widgets/framework.dart:5532:7)
#912    ComponentElement._firstBuild (package:flutter/src/widgets/framework.dart:5802:5)
#913    StatefulElement._firstBuild (package:flutter/src/widgets/framework.dart:5976:11)
#914    ComponentElement.mount (package:flutter/src/widgets/framework.dart:5796:5)
#915    Element.inflateWidget (package:flutter/src/widgets/framework.dart:4590:20)
#916    Element.updateChild (package:flutter/src/widgets/framework.dart:4053:20)
#917    ComponentElement.performRebuild (package:flutter/src/widgets/framework.dart:5844:16)
#918    Element.rebuild (package:flutter/src/widgets/framework.dart:5532:7)
#919    ProxyElement.update (package:flutter/src/widgets/framework.dart:6152:5)
#920    _InheritedNotifierElement.update
(package:flutter/src/widgets/inherited_notifier.dart:108:11)
#921    Element.updateChild (package:flutter/src/widgets/framework.dart:4037:15)
#922    ComponentElement.performRebuild (package:flutter/src/widgets/framework.dart:5844:16)
#923    StatefulElement.performRebuild (package:flutter/src/widgets/framework.dart:5985:11)
#924    Element.rebuild (package:flutter/src/widgets/framework.dart:5532:7)
#925    StatefulElement.update (package:flutter/src/widgets/framework.dart:6010:5)
#926    Element.updateChild (package:flutter/src/widgets/framework.dart:4037:15)
#927    ComponentElement.performRebuild (package:flutter/src/widgets/framework.dart:5844:16)
#928    Element.rebuild (package:flutter/src/widgets/framework.dart:5532:7)
#929    ProxyElement.update (package:flutter/src/widgets/framework.dart:6152:5)
#930    _InheritedNotifierElement.update
(package:flutter/src/widgets/inherited_notifier.dart:108:11)
#931    Element.updateChild (package:flutter/src/widgets/framework.dart:4037:15)
#932    ComponentElement.performRebuild (package:flutter/src/widgets/framework.dart:5844:16)
#933    StatefulElement.performRebuild (package:flutter/src/widgets/framework.dart:5985:11)
#934    Element.rebuild (package:flutter/src/widgets/framework.dart:5532:7)
#935    StatefulElement.update (package:flutter/src/widgets/framework.dart:6010:5)
#936    Element.updateChild (package:flutter/src/widgets/framework.dart:4037:15)
#937    ComponentElement.performRebuild (package:flutter/src/widgets/framework.dart:5844:16)
#938    StatefulElement.performRebuild (package:flutter/src/widgets/framework.dart:5985:11)
#939    Element.rebuild (package:flutter/src/widgets/framework.dart:5532:7)
#940    StatefulElement.update (package:flutter/src/widgets/framework.dart:6010:5)
#941    Element.updateChild (package:flutter/src/widgets/framework.dart:4037:15)
#942    ComponentElement.performRebuild (package:flutter/src/widgets/framework.dart:5844:16)
#943    Element.rebuild (package:flutter/src/widgets/framework.dart:5532:7)
#944    ProxyElement.update (package:flutter/src/widgets/framework.dart:6152:5)
#945    Element.updateChild (package:flutter/src/widgets/framework.dart:4037:15)
#946    ComponentElement.performRebuild (package:flutter/src/widgets/framework.dart:5844:16)
#947    StatefulElement.performRebuild (package:flutter/src/widgets/framework.dart:5985:11)
#948    Element.rebuild (package:flutter/src/widgets/framework.dart:5532:7)
#949    StatefulElement.update (package:flutter/src/widgets/framework.dart:6010:5)
#950    Element.updateChild (package:flutter/src/widgets/framework.dart:4037:15)
#951    ComponentElement.performRebuild (package:flutter/src/widgets/framework.dart:5844:16)
#952    Element.rebuild (package:flutter/src/widgets/framework.dart:5532:7)
#953    ProxyElement.update (package:flutter/src/widgets/framework.dart:6152:5)
#954    Element.updateChild (package:flutter/src/widgets/framework.dart:4037:15)
#955    ComponentElement.performRebuild (package:flutter/src/widgets/framework.dart:5844:16)
#956    Element.rebuild (package:flutter/src/widgets/framework.dart:5532:7)
#957    ProxyElement.update (package:flutter/src/widgets/framework.dart:6152:5)
#958    Element.updateChild (package:flutter/src/widgets/framework.dart:4037:15)
#959    _RawViewElement._updateChild (package:flutter/src/widgets/view.dart:481:16)
#960    _RawViewElement.update (package:flutter/src/widgets/view.dart:568:5)
#961    Element.updateChild (package:flutter/src/widgets/framework.dart:4037:15)
#962    ComponentElement.performRebuild (package:flutter/src/widgets/framework.dart:5844:16)
#963    Element.rebuild (package:flutter/src/widgets/framework.dart:5532:7)
#964    StatelessElement.update (package:flutter/src/widgets/framework.dart:5898:5)
#965    Element.updateChild (package:flutter/src/widgets/framework.dart:4037:15)
#966    ComponentElement.performRebuild (package:flutter/src/widgets/framework.dart:5844:16)
#967    StatefulElement.performRebuild (package:flutter/src/widgets/framework.dart:5985:11)
#968    Element.rebuild (package:flutter/src/widgets/framework.dart:5532:7)
#969    StatefulElement.update (package:flutter/src/widgets/framework.dart:6010:5)
#970    Element.updateChild (package:flutter/src/widgets/framework.dart:4037:15)
#971    RootElement._rebuild (package:flutter/src/widgets/binding.dart:1782:16)
#972    RootElement.update (package:flutter/src/widgets/binding.dart:1760:5)
#973    RootElement.performRebuild (package:flutter/src/widgets/binding.dart:1774:7)
#974    Element.rebuild (package:flutter/src/widgets/framework.dart:5532:7)
#975    BuildScope._tryRebuild (package:flutter/src/widgets/framework.dart:2750:15)
#976    BuildScope._flushDirtyElements (package:flutter/src/widgets/framework.dart:2807:11)
#977    BuildOwner.buildScope (package:flutter/src/widgets/framework.dart:3111:18)
#978    AutomatedTestWidgetsFlutterBinding.drawFrame (package:flutter_test/src/binding.dart:1506:19)
#979    RendererBinding._handlePersistentFrameCallback
(package:flutter/src/rendering/binding.dart:495:5)
#980    SchedulerBinding._invokeFrameCallback (package:flutter/src/scheduler/binding.dart:1434:15)
#981    SchedulerBinding.handleDrawFrame (package:flutter/src/scheduler/binding.dart:1347:9)
#982    AutomatedTestWidgetsFlutterBinding.pump.<anonymous closure>
(package:flutter_test/src/binding.dart:1335:9)
#983    _rootRun (dart:async/zone.dart:1525:13)
#984    _CustomZone.run (dart:async/zone.dart:1422:19)
#985    TestAsyncUtils.guard (package:flutter_test/src/test_async_utils.dart:74:41)
#986    AutomatedTestWidgetsFlutterBinding.pump (package:flutter_test/src/binding.dart:1324:27)
#987    WidgetTester.pumpWidget.<anonymous closure>
(package:flutter_test/src/widget_tester.dart:598:22)
#988    _rootRun (dart:async/zone.dart:1525:13)
#989    _CustomZone.run (dart:async/zone.dart:1422:19)
#990    TestAsyncUtils.guard (package:flutter_test/src/test_async_utils.dart:74:41)
#991    WidgetTester.pumpWidget (package:flutter_test/src/widget_tester.dart:595:27)
#992    main.<anonymous closure>
(file:///C:/Users/Tayyub/StudioProjects/qudwa/test/widgets/ayah_card_test.dart:50:18)
#993    testWidgets.<anonymous closure>.<anonymous closure>
(package:flutter_test/src/widget_tester.dart:192:29)
<asynchronous suspension>
#994    TestWidgetsFlutterBinding._runTestBody (package:flutter_test/src/binding.dart:1059:5)
<asynchronous suspension>
#995    StackZoneSpecification._registerCallback.<anonymous closure>
(package:stack_trace/src/stack_zone_specification.dart:114:42)
<asynchronous suspension>

When the exception was thrown, this was the stack:
#0      throwProviderException (package:riverpod/src/common/stack_trace.dart:10:3)
#1      $ResultError.valueOrProviderException (package:riverpod/src/common/result.dart:108:7)
#2      ProviderContainer.read (package:riverpod/src/core/provider_container.dart:914:29)
#3      Ref.read (package:riverpod/src/core/ref.dart:524:30)
#4      AudioControlNotifier.build (package:qudwa/viewmodels/audio_viewmodel.dart:98:30)
#5      Notifier.runBuild (package:riverpod/src/providers/notifier/orphan.dart:70:21)
#6      $ClassProviderElement.create (package:riverpod/src/core/provider/notifier_provider.dart:561:26)
#7      ProviderElement.buildState (package:riverpod/src/core/element.dart:665:28)
#8      ProviderElement.mount (package:riverpod/src/core/element.dart:517:7)
#9      ProviderElement.flush (package:riverpod/src/core/element.dart:620:7)
#10     $ProviderBaseImpl._addListener (package:riverpod/src/core/provider/provider.dart:117:24)
#11     _ProviderSelector._addListener (package:riverpod/src/core/modifiers/select.dart:137:26)
#12     ProviderContainer.listen (package:riverpod/src/core/provider_container.dart:954:26)
#13     ConsumerStatefulElement.watch.<anonymous closure> (package:flutter_riverpod/src/core/consumer.dart:451:37)
#14     _LinkedHashMapMixin.putIfAbsent (dart:_compact_hash:675:23)
#15     ConsumerStatefulElement.watch (package:flutter_riverpod/src/core/consumer.dart:444:14)
#16     _AyahRowState.build (package:qudwa/features/quran/widgets/ayah_card.dart:109:36)
#17     StatefulElement.build (package:flutter/src/widgets/framework.dart:5934:27)
#18     ConsumerStatefulElement.build (package:flutter_riverpod/src/core/consumer.dart:421:20)
#19     ComponentElement.performRebuild (package:flutter/src/widgets/framework.dart:5820:15)
#20     StatefulElement.performRebuild (package:flutter/src/widgets/framework.dart:5985:11)
#21     Element.rebuild (package:flutter/src/widgets/framework.dart:5532:7)
#22     ComponentElement._firstBuild (package:flutter/src/widgets/framework.dart:5802:5)
#23     StatefulElement._firstBuild (package:flutter/src/widgets/framework.dart:5976:11)
#24     ComponentElement.mount (package:flutter/src/widgets/framework.dart:5796:5)
...     Normal element mounting (47 frames)
#71     Element.inflateWidget (package:flutter/src/widgets/framework.dart:4590:20)
#72     MultiChildRenderObjectElement.inflateWidget (package:flutter/src/widgets/framework.dart:7269:36)
#73     MultiChildRenderObjectElement.mount (package:flutter/src/widgets/framework.dart:7285:32)
...     Normal element mounting (364 frames)
#437    Element.inflateWidget (package:flutter/src/widgets/framework.dart:4590:20)
#438    MultiChildRenderObjectElement.inflateWidget (package:flutter/src/widgets/framework.dart:7269:36)
#439    MultiChildRenderObjectElement.mount (package:flutter/src/widgets/framework.dart:7285:32)
...     Normal element mounting (465 frames)
#904    Element.inflateWidget (package:flutter/src/widgets/framework.dart:4590:20)
#905    Element.updateChild (package:flutter/src/widgets/framework.dart:4053:20)
#906    ComponentElement.performRebuild (package:flutter/src/widgets/framework.dart:5844:16)
#907    Element.rebuild (package:flutter/src/widgets/framework.dart:5532:7)
#908    ProxyElement.update (package:flutter/src/widgets/framework.dart:6152:5)
#909    _InheritedNotifierElement.update (package:flutter/src/widgets/inherited_notifier.dart:108:11)
#910    Element.updateChild (package:flutter/src/widgets/framework.dart:4037:15)
#911    ComponentElement.performRebuild (package:flutter/src/widgets/framework.dart:5844:16)
#912    StatefulElement.performRebuild (package:flutter/src/widgets/framework.dart:5985:11)
#913    Element.rebuild (package:flutter/src/widgets/framework.dart:5532:7)
#914    StatefulElement.update (package:flutter/src/widgets/framework.dart:6010:5)
#915    Element.updateChild (package:flutter/src/widgets/framework.dart:4037:15)
#916    ComponentElement.performRebuild (package:flutter/src/widgets/framework.dart:5844:16)
#917    Element.rebuild (package:flutter/src/widgets/framework.dart:5532:7)
#918    ProxyElement.update (package:flutter/src/widgets/framework.dart:6152:5)
#919    _InheritedNotifierElement.update (package:flutter/src/widgets/inherited_notifier.dart:108:11)
#920    Element.updateChild (package:flutter/src/widgets/framework.dart:4037:15)
#921    ComponentElement.performRebuild (package:flutter/src/widgets/framework.dart:5844:16)
#922    StatefulElement.performRebuild (package:flutter/src/widgets/framework.dart:5985:11)
#923    Element.rebuild (package:flutter/src/widgets/framework.dart:5532:7)
#924    StatefulElement.update (package:flutter/src/widgets/framework.dart:6010:5)
#925    Element.updateChild (package:flutter/src/widgets/framework.dart:4037:15)
#926    ComponentElement.performRebuild (package:flutter/src/widgets/framework.dart:5844:16)
#927    StatefulElement.performRebuild (package:flutter/src/widgets/framework.dart:5985:11)
#928    Element.rebuild (package:flutter/src/widgets/framework.dart:5532:7)
#929    StatefulElement.update (package:flutter/src/widgets/framework.dart:6010:5)
#930    Element.updateChild (package:flutter/src/widgets/framework.dart:4037:15)
#931    ComponentElement.performRebuild (package:flutter/src/widgets/framework.dart:5844:16)
#932    Element.rebuild (package:flutter/src/widgets/framework.dart:5532:7)
#933    ProxyElement.update (package:flutter/src/widgets/framework.dart:6152:5)
#934    Element.updateChild (package:flutter/src/widgets/framework.dart:4037:15)
#935    ComponentElement.performRebuild (package:flutter/src/widgets/framework.dart:5844:16)
#936    StatefulElement.performRebuild (package:flutter/src/widgets/framework.dart:5985:11)
#937    Element.rebuild (package:flutter/src/widgets/framework.dart:5532:7)
#938    StatefulElement.update (package:flutter/src/widgets/framework.dart:6010:5)
#939    Element.updateChild (package:flutter/src/widgets/framework.dart:4037:15)
#940    ComponentElement.performRebuild (package:flutter/src/widgets/framework.dart:5844:16)
#941    Element.rebuild (package:flutter/src/widgets/framework.dart:5532:7)
#942    ProxyElement.update (package:flutter/src/widgets/framework.dart:6152:5)
#943    Element.updateChild (package:flutter/src/widgets/framework.dart:4037:15)
#944    ComponentElement.performRebuild (package:flutter/src/widgets/framework.dart:5844:16)
#945    Element.rebuild (package:flutter/src/widgets/framework.dart:5532:7)
#946    ProxyElement.update (package:flutter/src/widgets/framework.dart:6152:5)
#947    Element.updateChild (package:flutter/src/widgets/framework.dart:4037:15)
#948    _RawViewElement._updateChild (package:flutter/src/widgets/view.dart:481:16)
#949    _RawViewElement.update (package:flutter/src/widgets/view.dart:568:5)
#950    Element.updateChild (package:flutter/src/widgets/framework.dart:4037:15)
#951    ComponentElement.performRebuild (package:flutter/src/widgets/framework.dart:5844:16)
#952    Element.rebuild (package:flutter/src/widgets/framework.dart:5532:7)
#953    StatelessElement.update (package:flutter/src/widgets/framework.dart:5898:5)
#954    Element.updateChild (package:flutter/src/widgets/framework.dart:4037:15)
#955    ComponentElement.performRebuild (package:flutter/src/widgets/framework.dart:5844:16)
#956    StatefulElement.performRebuild (package:flutter/src/widgets/framework.dart:5985:11)
#957    Element.rebuild (package:flutter/src/widgets/framework.dart:5532:7)
#958    StatefulElement.update (package:flutter/src/widgets/framework.dart:6010:5)
#959    Element.updateChild (package:flutter/src/widgets/framework.dart:4037:15)
#960    RootElement._rebuild (package:flutter/src/widgets/binding.dart:1782:16)
#961    RootElement.update (package:flutter/src/widgets/binding.dart:1760:5)
#962    RootElement.performRebuild (package:flutter/src/widgets/binding.dart:1774:7)
#963    Element.rebuild (package:flutter/src/widgets/framework.dart:5532:7)
#964    BuildScope._tryRebuild (package:flutter/src/widgets/framework.dart:2750:15)
#965    BuildScope._flushDirtyElements (package:flutter/src/widgets/framework.dart:2807:11)
#966    BuildOwner.buildScope (package:flutter/src/widgets/framework.dart:3111:18)
#967    AutomatedTestWidgetsFlutterBinding.drawFrame (package:flutter_test/src/binding.dart:1506:19)
#968    RendererBinding._handlePersistentFrameCallback (package:flutter/src/rendering/binding.dart:495:5)
#969    SchedulerBinding._invokeFrameCallback (package:flutter/src/scheduler/binding.dart:1434:15)
#970    SchedulerBinding.handleDrawFrame (package:flutter/src/scheduler/binding.dart:1347:9)
#971    AutomatedTestWidgetsFlutterBinding.pump.<anonymous closure> (package:flutter_test/src/binding.dart:1335:9)
#974    TestAsyncUtils.guard (package:flutter_test/src/test_async_utils.dart:74:41)
#975    AutomatedTestWidgetsFlutterBinding.pump (package:flutter_test/src/binding.dart:1324:27)
#976    WidgetTester.pumpWidget.<anonymous closure> (package:flutter_test/src/widget_tester.dart:598:22)
#979    TestAsyncUtils.guard (package:flutter_test/src/test_async_utils.dart:74:41)
#980    WidgetTester.pumpWidget (package:flutter_test/src/widget_tester.dart:595:27)
#981    main.<anonymous closure> (file:///C:/Users/Tayyub/StudioProjects/qudwa/test/widgets/ayah_card_test.dart:50:18)
#982    testWidgets.<anonymous closure>.<anonymous closure> (package:flutter_test/src/widget_tester.dart:192:29)
<asynchronous suspension>
#983    TestWidgetsFlutterBinding._runTestBody (package:flutter_test/src/binding.dart:1059:5)
<asynchronous suspension>
<asynchronous suspension>
(elided 5 frames from dart:async and package:stack_trace)
ΓòÉΓòÉΓòÉΓòÉΓòÉΓòÉΓòÉΓòÉΓòÉΓòÉΓòÉΓòÉΓòÉΓòÉΓòÉΓòÉΓòÉΓòÉΓòÉΓòÉΓòÉΓòÉΓòÉΓòÉΓòÉΓòÉΓòÉΓòÉΓòÉΓòÉΓòÉΓòÉΓòÉΓòÉΓòÉΓòÉΓòÉΓòÉΓòÉΓòÉΓòÉΓòÉΓòÉΓòÉΓòÉΓòÉΓòÉΓòÉΓòÉΓòÉΓòÉΓòÉΓòÉΓòÉΓòÉΓòÉΓòÉΓòÉΓòÉΓòÉΓòÉΓòÉΓòÉΓòÉΓòÉΓòÉΓòÉΓòÉΓòÉΓòÉΓòÉΓòÉΓòÉΓòÉΓòÉΓòÉΓòÉΓòÉΓòÉΓòÉΓòÉΓòÉΓòÉΓòÉΓòÉΓòÉΓòÉΓòÉΓòÉΓòÉΓòÉΓòÉΓòÉΓòÉΓòÉΓòÉΓòÉΓòÉΓòÉΓòÉ
  Test failed. See exception logs above.
  The test description was: AyahRow should display Arabic text
  
ΓòÉΓòÉΓòí EXCEPTION CAUGHT BY FLUTTER TEST FRAMEWORK Γò₧ΓòÉΓòÉΓòÉΓòÉΓòÉΓòÉΓòÉΓòÉΓòÉΓòÉΓòÉΓòÉΓòÉΓòÉΓòÉΓòÉΓòÉΓòÉΓòÉΓòÉΓòÉΓòÉΓòÉΓòÉΓòÉΓòÉΓòÉΓòÉΓòÉΓòÉΓòÉΓòÉΓòÉΓòÉΓòÉΓòÉΓòÉΓòÉΓòÉΓòÉΓòÉΓòÉΓòÉΓòÉΓòÉΓòÉΓòÉΓòÉΓòÉΓòÉΓòÉΓòÉ
The following TestFailure was thrown running a test (but after the test had completed):
Expected: exactly one matching candidate
  Actual: _TextWidgetFinder:<Found 0 widgets with text "╪¿┘É╪│┘Æ┘à┘É ╪º┘ä┘ä┘æ┘Ä┘ç┘É": []>
   Which: means none were found but one was expected

When the exception was thrown, this was the stack:
#0      fail (package:matcher/src/expect/expect.dart:149:31)
#1      _expect (package:matcher/src/expect/expect.dart:144:3)
#2      expect (package:matcher/src/expect/expect.dart:56:3)
#3      expect (package:flutter_test/src/widget_tester.dart:473:18)
#4      main.<anonymous closure> (file:///C:/Users/Tayyub/StudioProjects/qudwa/test/widgets/ayah_card_test.dart:67:5)
<asynchronous suspension>
#5      testWidgets.<anonymous closure>.<anonymous closure> (package:flutter_test/src/widget_tester.dart:192:15)
<asynchronous suspension>
#6      TestWidgetsFlutterBinding._runTestBody (package:flutter_test/src/binding.dart:1059:5)
<asynchronous suspension>
<asynchronous suspension>
(elided one frame from package:stack_trace)
ΓòÉΓòÉΓòÉΓòÉΓòÉΓòÉΓòÉΓòÉΓòÉΓòÉΓòÉΓòÉΓòÉΓòÉΓòÉΓòÉΓòÉΓòÉΓòÉΓòÉΓòÉΓòÉΓòÉΓòÉΓòÉΓòÉΓòÉΓòÉΓòÉΓòÉΓòÉΓòÉΓòÉΓòÉΓòÉΓòÉΓòÉΓòÉΓòÉΓòÉΓòÉΓòÉΓòÉΓòÉΓòÉΓòÉΓòÉΓòÉΓòÉΓòÉΓòÉΓòÉΓòÉΓòÉΓòÉΓòÉΓòÉΓòÉΓòÉΓòÉΓòÉΓòÉΓòÉΓòÉΓòÉΓòÉΓòÉΓòÉΓòÉΓòÉΓòÉΓòÉΓòÉΓòÉΓòÉΓòÉΓòÉΓòÉΓòÉΓòÉΓòÉΓòÉΓòÉΓòÉΓòÉΓòÉΓòÉΓòÉΓòÉΓòÉΓòÉΓòÉΓòÉΓòÉΓòÉΓòÉΓòÉΓòÉΓòÉΓòÉ
  Test failed. See exception logs above.
  The test description was: AyahRow should display Arabic text
  
00:02 +0 -1: Some tests failed.
